[2023-06-09T01:26:37.511+0100][gc,heap] Heap region size: 1M
[2023-06-09T01:26:37.528+0100][gc     ] Using G1
[2023-06-09T01:26:37.528+0100][gc,heap,coops] Heap address: 0x00000000c0000000, size: 1024 MB, Compressed Oops mode: 32-bit
[2023-06-09T01:26:37.528+0100][gc,cds       ] Mark closed archive regions in map: [0x00000000fff00000, 0x00000000fff6aff8]
[2023-06-09T01:26:37.528+0100][gc,cds       ] Mark open archive regions in map: [0x00000000ffe00000, 0x00000000ffe46ff8]
[2023-06-09T01:26:39.608+0100][gc,start     ] GC(0) Pause Young (Normal) (G1 Evacuation Pause)
[2023-06-09T01:26:39.608+0100][gc,task      ] GC(0) Using 4 workers of 4 for evacuation
[2023-06-09T01:26:39.623+0100][gc,phases    ] GC(0)   Pre Evacuate Collection Set: 0.1ms
[2023-06-09T01:26:39.623+0100][gc,phases    ] GC(0)   Evacuate Collection Set: 13.2ms
[2023-06-09T01:26:39.623+0100][gc,phases    ] GC(0)   Post Evacuate Collection Set: 0.9ms
[2023-06-09T01:26:39.623+0100][gc,phases    ] GC(0)   Other: 0.7ms
[2023-06-09T01:26:39.623+0100][gc,heap      ] GC(0) Eden regions: 51->0(44)
[2023-06-09T01:26:39.623+0100][gc,heap      ] GC(0) Survivor regions: 0->7(7)
[2023-06-09T01:26:39.623+0100][gc,heap      ] GC(0) Old regions: 2->2
[2023-06-09T01:26:39.623+0100][gc,heap      ] GC(0) Humongous regions: 0->0
[2023-06-09T01:26:39.623+0100][gc,metaspace ] GC(0) Metaspace: 14422K(15104K)->14422K(15104K) NonClass: 12414K(12800K)->12414K(12800K) Class: 2007K(2304K)->2007K(2304K)
[2023-06-09T01:26:39.623+0100][gc           ] GC(0) Pause Young (Normal) (G1 Evacuation Pause) 51M->7M(1024M) 15.036ms
[2023-06-09T01:26:39.623+0100][gc,cpu       ] GC(0) User=0.03s Sys=0.01s Real=0.02s
[2023-06-09T01:26:40.883+0100][gc,start     ] GC(1) Pause Young (Concurrent Start) (Metadata GC Threshold)
[2023-06-09T01:26:40.883+0100][gc,task      ] GC(1) Using 4 workers of 4 for evacuation
[2023-06-09T01:26:40.896+0100][gc,phases    ] GC(1)   Pre Evacuate Collection Set: 0.1ms
[2023-06-09T01:26:40.896+0100][gc,phases    ] GC(1)   Evacuate Collection Set: 12.3ms
[2023-06-09T01:26:40.896+0100][gc,phases    ] GC(1)   Post Evacuate Collection Set: 0.8ms
[2023-06-09T01:26:40.896+0100][gc,phases    ] GC(1)   Other: 0.4ms
[2023-06-09T01:26:40.896+0100][gc,heap      ] GC(1) Eden regions: 26->0(49)
[2023-06-09T01:26:40.896+0100][gc,heap      ] GC(1) Survivor regions: 7->2(7)
[2023-06-09T01:26:40.896+0100][gc,heap      ] GC(1) Old regions: 2->9
[2023-06-09T01:26:40.896+0100][gc,heap      ] GC(1) Humongous regions: 0->0
[2023-06-09T01:26:40.896+0100][gc,metaspace ] GC(1) Metaspace: 20574K(21248K)->20574K(21248K) NonClass: 17814K(18176K)->17814K(18176K) Class: 2760K(3072K)->2760K(3072K)
[2023-06-09T01:26:40.897+0100][gc           ] GC(1) Pause Young (Concurrent Start) (Metadata GC Threshold) 33M->8M(1024M) 13.707ms
[2023-06-09T01:26:40.897+0100][gc,cpu       ] GC(1) User=0.04s Sys=0.00s Real=0.01s
[2023-06-09T01:26:40.897+0100][gc           ] GC(2) Concurrent Cycle
[2023-06-09T01:26:40.897+0100][gc,marking   ] GC(2) Concurrent Clear Claimed Marks
[2023-06-09T01:26:40.897+0100][gc,marking   ] GC(2) Concurrent Clear Claimed Marks 0.093ms
[2023-06-09T01:26:40.897+0100][gc,marking   ] GC(2) Concurrent Scan Root Regions
[2023-06-09T01:26:40.898+0100][gc,marking   ] GC(2) Concurrent Scan Root Regions 1.318ms
[2023-06-09T01:26:40.898+0100][gc,marking   ] GC(2) Concurrent Mark (3.392s)
[2023-06-09T01:26:40.898+0100][gc,marking   ] GC(2) Concurrent Mark From Roots
[2023-06-09T01:26:40.898+0100][gc,task      ] GC(2) Using 1 workers of 1 for marking
[2023-06-09T01:26:40.917+0100][gc,marking   ] GC(2) Concurrent Mark From Roots 18.631ms
[2023-06-09T01:26:40.917+0100][gc,marking   ] GC(2) Concurrent Preclean
[2023-06-09T01:26:40.917+0100][gc,marking   ] GC(2) Concurrent Preclean 0.122ms
[2023-06-09T01:26:40.917+0100][gc,marking   ] GC(2) Concurrent Mark (3.392s, 3.411s) 18.830ms
[2023-06-09T01:26:40.917+0100][gc,start     ] GC(2) Pause Remark
[2023-06-09T01:26:40.922+0100][gc,stringtable] GC(2) Cleaned string and symbol table, strings: 5078 processed, 0 removed, symbols: 52296 processed, 60 removed
[2023-06-09T01:26:40.922+0100][gc            ] GC(2) Pause Remark 9M->9M(1024M) 4.838ms
[2023-06-09T01:26:40.922+0100][gc,cpu        ] GC(2) User=0.01s Sys=0.01s Real=0.01s
[2023-06-09T01:26:40.922+0100][gc,marking    ] GC(2) Concurrent Rebuild Remembered Sets
[2023-06-09T01:26:40.930+0100][gc,marking    ] GC(2) Concurrent Rebuild Remembered Sets 7.524ms
[2023-06-09T01:26:40.930+0100][gc,start      ] GC(2) Pause Cleanup
[2023-06-09T01:26:40.930+0100][gc            ] GC(2) Pause Cleanup 9M->9M(1024M) 0.405ms
[2023-06-09T01:26:40.930+0100][gc,cpu        ] GC(2) User=0.00s Sys=0.00s Real=0.00s
[2023-06-09T01:26:40.930+0100][gc,marking    ] GC(2) Concurrent Cleanup for Next Mark
[2023-06-09T01:26:40.944+0100][gc,marking    ] GC(2) Concurrent Cleanup for Next Mark 13.996ms
[2023-06-09T01:26:40.944+0100][gc            ] GC(2) Concurrent Cycle 47.817ms
[2023-06-09T01:26:42.143+0100][gc,start      ] GC(3) Pause Young (Normal) (G1 Evacuation Pause)
[2023-06-09T01:26:42.143+0100][gc,task       ] GC(3) Using 4 workers of 4 for evacuation
[2023-06-09T01:26:42.152+0100][gc,phases     ] GC(3)   Pre Evacuate Collection Set: 0.1ms
[2023-06-09T01:26:42.152+0100][gc,phases     ] GC(3)   Evacuate Collection Set: 7.6ms
[2023-06-09T01:26:42.152+0100][gc,phases     ] GC(3)   Post Evacuate Collection Set: 1.0ms
[2023-06-09T01:26:42.152+0100][gc,phases     ] GC(3)   Other: 0.3ms
[2023-06-09T01:26:42.152+0100][gc,heap       ] GC(3) Eden regions: 49->0(46)
[2023-06-09T01:26:42.152+0100][gc,heap       ] GC(3) Survivor regions: 2->5(7)
[2023-06-09T01:26:42.152+0100][gc,heap       ] GC(3) Old regions: 9->9
[2023-06-09T01:26:42.152+0100][gc,heap       ] GC(3) Humongous regions: 129->129
[2023-06-09T01:26:42.152+0100][gc,metaspace  ] GC(3) Metaspace: 28781K(30080K)->28781K(30080K) NonClass: 25077K(25856K)->25077K(25856K) Class: 3703K(4224K)->3703K(4224K)
[2023-06-09T01:26:42.152+0100][gc            ] GC(3) Pause Young (Normal) (G1 Evacuation Pause) 186M->140M(1024M) 8.996ms
[2023-06-09T01:26:42.152+0100][gc,cpu        ] GC(3) User=0.03s Sys=0.00s Real=0.00s
[2023-06-09T01:26:43.140+0100][gc,start      ] GC(4) Pause Young (Concurrent Start) (Metadata GC Threshold)
[2023-06-09T01:26:43.140+0100][gc,task       ] GC(4) Using 4 workers of 4 for evacuation
[2023-06-09T01:26:43.163+0100][gc,mmu        ] GC(4) MMU target violated: 21.0ms (20.0ms/21.0ms)
[2023-06-09T01:26:43.163+0100][gc,phases     ] GC(4)   Pre Evacuate Collection Set: 0.2ms
[2023-06-09T01:26:43.163+0100][gc,phases     ] GC(4)   Evacuate Collection Set: 21.6ms
[2023-06-09T01:26:43.163+0100][gc,phases     ] GC(4)   Post Evacuate Collection Set: 1.0ms
[2023-06-09T01:26:43.163+0100][gc,phases     ] GC(4)   Other: 0.5ms
[2023-06-09T01:26:43.163+0100][gc,heap       ] GC(4) Eden regions: 29->0(45)
[2023-06-09T01:26:43.163+0100][gc,heap       ] GC(4) Survivor regions: 5->6(7)
[2023-06-09T01:26:43.163+0100][gc,heap       ] GC(4) Old regions: 9->10
[2023-06-09T01:26:43.163+0100][gc,heap       ] GC(4) Humongous regions: 129->129
[2023-06-09T01:26:43.163+0100][gc,metaspace  ] GC(4) Metaspace: 34409K(35840K)->34409K(35840K) NonClass: 30028K(30720K)->30028K(30720K) Class: 4381K(5120K)->4381K(5120K)
[2023-06-09T01:26:43.163+0100][gc            ] GC(4) Pause Young (Concurrent Start) (Metadata GC Threshold) 169M->142M(1024M) 23.458ms
[2023-06-09T01:26:43.163+0100][gc,cpu        ] GC(4) User=0.04s Sys=0.00s Real=0.03s
[2023-06-09T01:26:43.163+0100][gc            ] GC(5) Concurrent Cycle
[2023-06-09T01:26:43.163+0100][gc,marking    ] GC(5) Concurrent Clear Claimed Marks
[2023-06-09T01:26:43.164+0100][gc,marking    ] GC(5) Concurrent Clear Claimed Marks 0.205ms
[2023-06-09T01:26:43.164+0100][gc,marking    ] GC(5) Concurrent Scan Root Regions
[2023-06-09T01:26:43.169+0100][gc,marking    ] GC(5) Concurrent Scan Root Regions 5.533ms
[2023-06-09T01:26:43.169+0100][gc,marking    ] GC(5) Concurrent Mark (5.663s)
[2023-06-09T01:26:43.169+0100][gc,marking    ] GC(5) Concurrent Mark From Roots
[2023-06-09T01:26:43.169+0100][gc,task       ] GC(5) Using 1 workers of 1 for marking
[2023-06-09T01:26:43.200+0100][gc,marking    ] GC(5) Concurrent Mark From Roots 31.061ms
[2023-06-09T01:26:43.200+0100][gc,marking    ] GC(5) Concurrent Preclean
[2023-06-09T01:26:43.201+0100][gc,marking    ] GC(5) Concurrent Preclean 0.137ms
[2023-06-09T01:26:43.201+0100][gc,marking    ] GC(5) Concurrent Mark (5.663s, 5.694s) 31.364ms
[2023-06-09T01:26:43.201+0100][gc,start      ] GC(5) Pause Remark
[2023-06-09T01:26:43.209+0100][gc,stringtable] GC(5) Cleaned string and symbol table, strings: 10323 processed, 14 removed, symbols: 84122 processed, 15 removed
[2023-06-09T01:26:43.210+0100][gc            ] GC(5) Pause Remark 143M->143M(1024M) 8.662ms
[2023-06-09T01:26:43.210+0100][gc,cpu        ] GC(5) User=0.02s Sys=0.00s Real=0.01s
[2023-06-09T01:26:43.210+0100][gc,marking    ] GC(5) Concurrent Rebuild Remembered Sets
[2023-06-09T01:26:43.220+0100][gc,marking    ] GC(5) Concurrent Rebuild Remembered Sets 10.578ms
[2023-06-09T01:26:43.222+0100][gc,start      ] GC(5) Pause Cleanup
[2023-06-09T01:26:43.223+0100][gc            ] GC(5) Pause Cleanup 144M->144M(1024M) 0.577ms
[2023-06-09T01:26:43.223+0100][gc,cpu        ] GC(5) User=0.00s Sys=0.00s Real=0.00s
[2023-06-09T01:26:43.223+0100][gc,marking    ] GC(5) Concurrent Cleanup for Next Mark
[2023-06-09T01:26:43.256+0100][gc,marking    ] GC(5) Concurrent Cleanup for Next Mark 33.622ms
[2023-06-09T01:26:43.256+0100][gc            ] GC(5) Concurrent Cycle 93.025ms
[2023-06-09T01:31:11.477+0100][gc,start      ] GC(6) Pause Young (Normal) (G1 Evacuation Pause)
[2023-06-09T01:31:14.305+0100][gc,task       ] GC(6) Using 4 workers of 4 for evacuation
[2023-06-09T01:31:22.736+0100][gc,mmu        ] GC(6) MMU target violated: 21.0ms (20.0ms/21.0ms)
[2023-06-09T01:31:22.747+0100][gc,phases     ] GC(6)   Pre Evacuate Collection Set: 966.5ms
[2023-06-09T01:31:22.747+0100][gc,phases     ] GC(6)   Evacuate Collection Set: 3517.6ms
[2023-06-09T01:31:22.747+0100][gc,phases     ] GC(6)   Post Evacuate Collection Set: 629.9ms
[2023-06-09T01:31:23.048+0100][gc,phases     ] GC(6)   Other: 9161.9ms
[2023-06-09T01:31:23.061+0100][gc,heap       ] GC(6) Eden regions: 45->0(48)
[2023-06-09T01:31:23.061+0100][gc,heap       ] GC(6) Survivor regions: 6->3(7)
[2023-06-09T01:31:23.061+0100][gc,heap       ] GC(6) Old regions: 10->13
[2023-06-09T01:31:23.061+0100][gc,heap       ] GC(6) Humongous regions: 129->129
[2023-06-09T01:31:23.080+0100][gc,metaspace  ] GC(6) Metaspace: 36125K(37760K)->36125K(37760K) NonClass: 31553K(32512K)->31553K(32512K) Class: 4571K(5248K)->4571K(5248K)
[2023-06-09T01:31:23.152+0100][gc            ] GC(6) Pause Young (Normal) (G1 Evacuation Pause) 187M->142M(1024M) 13927.109ms
[2023-06-09T01:31:23.152+0100][gc,cpu        ] GC(6) User=0.13s Sys=0.02s Real=13.96s
[2023-06-09T01:37:47.323+0100][gc,start      ] GC(7) Pause Young (Normal) (G1 Evacuation Pause)
[2023-06-09T01:37:47.341+0100][gc,task       ] GC(7) Using 4 workers of 4 for evacuation
[2023-06-09T01:37:47.415+0100][gc,mmu        ] GC(7) MMU target violated: 21.0ms (20.0ms/21.0ms)
[2023-06-09T01:37:47.415+0100][gc,phases     ] GC(7)   Pre Evacuate Collection Set: 0.2ms
[2023-06-09T01:37:47.415+0100][gc,phases     ] GC(7)   Evacuate Collection Set: 13.8ms
[2023-06-09T01:37:47.415+0100][gc,phases     ] GC(7)   Post Evacuate Collection Set: 1.8ms
[2023-06-09T01:37:47.415+0100][gc,phases     ] GC(7)   Other: 79.8ms
[2023-06-09T01:37:47.415+0100][gc,heap       ] GC(7) Eden regions: 48->0(48)
[2023-06-09T01:37:47.415+0100][gc,heap       ] GC(7) Survivor regions: 3->3(7)
[2023-06-09T01:37:47.415+0100][gc,heap       ] GC(7) Old regions: 13->13
[2023-06-09T01:37:47.415+0100][gc,heap       ] GC(7) Humongous regions: 129->129
[2023-06-09T01:37:47.415+0100][gc,metaspace  ] GC(7) Metaspace: 36319K(37888K)->36319K(37888K) NonClass: 31717K(32512K)->31717K(32512K) Class: 4601K(5376K)->4601K(5376K)
[2023-06-09T01:37:47.416+0100][gc            ] GC(7) Pause Young (Normal) (G1 Evacuation Pause) 190M->142M(1024M) 93.020ms
[2023-06-09T01:37:47.416+0100][gc,cpu        ] GC(7) User=0.02s Sys=0.00s Real=0.09s
[2023-06-09T01:41:48.485+0100][gc,start      ] GC(8) Pause Young (Normal) (G1 Evacuation Pause)
[2023-06-09T01:41:48.494+0100][gc,task       ] GC(8) Using 4 workers of 4 for evacuation
[2023-06-09T01:41:48.543+0100][gc,mmu        ] GC(8) MMU target violated: 21.0ms (20.0ms/21.0ms)
[2023-06-09T01:41:48.543+0100][gc,phases     ] GC(8)   Pre Evacuate Collection Set: 0.1ms
[2023-06-09T01:41:48.543+0100][gc,phases     ] GC(8)   Evacuate Collection Set: 48.3ms
[2023-06-09T01:41:48.543+0100][gc,phases     ] GC(8)   Post Evacuate Collection Set: 0.9ms
[2023-06-09T01:41:48.568+0100][gc,phases     ] GC(8)   Other: 9.3ms
[2023-06-09T01:41:48.568+0100][gc,heap       ] GC(8) Eden regions: 48->0(48)
[2023-06-09T01:41:48.568+0100][gc,heap       ] GC(8) Survivor regions: 3->3(7)
[2023-06-09T01:41:48.568+0100][gc,heap       ] GC(8) Old regions: 13->13
[2023-06-09T01:41:48.568+0100][gc,heap       ] GC(8) Humongous regions: 129->129
[2023-06-09T01:41:48.568+0100][gc,metaspace  ] GC(8) Metaspace: 36368K(38144K)->36368K(38144K) NonClass: 31766K(32768K)->31766K(32768K) Class: 4601K(5376K)->4601K(5376K)
[2023-06-09T01:41:48.570+0100][gc            ] GC(8) Pause Young (Normal) (G1 Evacuation Pause) 190M->142M(1024M) 83.034ms
[2023-06-09T01:41:48.570+0100][gc,cpu        ] GC(8) User=0.06s Sys=0.00s Real=0.08s
[2023-06-09T01:47:51.744+0100][gc,start      ] GC(9) Pause Young (Normal) (G1 Evacuation Pause)
[2023-06-09T01:47:51.744+0100][gc,task       ] GC(9) Using 4 workers of 4 for evacuation
[2023-06-09T01:47:51.823+0100][gc,mmu        ] GC(9) MMU target violated: 21.0ms (20.0ms/21.0ms)
[2023-06-09T01:47:51.823+0100][gc,phases     ] GC(9)   Pre Evacuate Collection Set: 0.1ms
[2023-06-09T01:47:51.823+0100][gc,phases     ] GC(9)   Evacuate Collection Set: 77.6ms
[2023-06-09T01:47:51.823+0100][gc,phases     ] GC(9)   Post Evacuate Collection Set: 1.3ms
[2023-06-09T01:47:51.823+0100][gc,phases     ] GC(9)   Other: 0.5ms
[2023-06-09T01:47:51.823+0100][gc,heap       ] GC(9) Eden regions: 48->0(48)
[2023-06-09T01:47:51.823+0100][gc,heap       ] GC(9) Survivor regions: 3->3(7)
[2023-06-09T01:47:51.823+0100][gc,heap       ] GC(9) Old regions: 13->13
[2023-06-09T01:47:51.823+0100][gc,heap       ] GC(9) Humongous regions: 129->129
[2023-06-09T01:47:51.823+0100][gc,metaspace  ] GC(9) Metaspace: 36400K(38144K)->36400K(38144K) NonClass: 31798K(32768K)->31798K(32768K) Class: 4601K(5376K)->4601K(5376K)
[2023-06-09T01:47:51.823+0100][gc            ] GC(9) Pause Young (Normal) (G1 Evacuation Pause) 190M->142M(1024M) 79.761ms
[2023-06-09T01:47:51.823+0100][gc,cpu        ] GC(9) User=0.09s Sys=0.01s Real=0.08s
[2023-06-09T01:54:14.887+0100][gc,start      ] GC(10) Pause Young (Normal) (G1 Evacuation Pause)
[2023-06-09T01:54:14.887+0100][gc,task       ] GC(10) Using 4 workers of 4 for evacuation
[2023-06-09T01:54:15.010+0100][gc,mmu        ] GC(10) MMU target violated: 21.0ms (20.0ms/21.0ms)
[2023-06-09T01:54:15.010+0100][gc,phases     ] GC(10)   Pre Evacuate Collection Set: 0.1ms
[2023-06-09T01:54:15.010+0100][gc,phases     ] GC(10)   Evacuate Collection Set: 121.4ms
[2023-06-09T01:54:15.010+0100][gc,phases     ] GC(10)   Post Evacuate Collection Set: 1.0ms
[2023-06-09T01:54:15.010+0100][gc,phases     ] GC(10)   Other: 0.6ms
[2023-06-09T01:54:15.010+0100][gc,heap       ] GC(10) Eden regions: 48->0(48)
[2023-06-09T01:54:15.010+0100][gc,heap       ] GC(10) Survivor regions: 3->3(7)
[2023-06-09T01:54:15.010+0100][gc,heap       ] GC(10) Old regions: 13->13
[2023-06-09T01:54:15.010+0100][gc,heap       ] GC(10) Humongous regions: 129->129
[2023-06-09T01:54:15.010+0100][gc,metaspace  ] GC(10) Metaspace: 36418K(38144K)->36418K(38144K) NonClass: 31816K(32768K)->31816K(32768K) Class: 4601K(5376K)->4601K(5376K)
[2023-06-09T01:54:15.010+0100][gc            ] GC(10) Pause Young (Normal) (G1 Evacuation Pause) 190M->142M(1024M) 123.180ms
[2023-06-09T01:54:15.010+0100][gc,cpu        ] GC(10) User=0.27s Sys=0.00s Real=0.12s
[2023-06-09T02:00:59.822+0100][gc,start      ] GC(11) Pause Young (Normal) (G1 Evacuation Pause)
[2023-06-09T02:00:59.822+0100][gc,task       ] GC(11) Using 4 workers of 4 for evacuation
[2023-06-09T02:00:59.950+0100][gc,mmu        ] GC(11) MMU target violated: 21.0ms (20.0ms/21.0ms)
[2023-06-09T02:00:59.950+0100][gc,phases     ] GC(11)   Pre Evacuate Collection Set: 0.1ms
[2023-06-09T02:00:59.950+0100][gc,phases     ] GC(11)   Evacuate Collection Set: 120.6ms
[2023-06-09T02:00:59.950+0100][gc,phases     ] GC(11)   Post Evacuate Collection Set: 7.0ms
[2023-06-09T02:00:59.950+0100][gc,phases     ] GC(11)   Other: 0.4ms
[2023-06-09T02:00:59.950+0100][gc,heap       ] GC(11) Eden regions: 48->0(49)
[2023-06-09T02:00:59.950+0100][gc,heap       ] GC(11) Survivor regions: 3->2(7)
[2023-06-09T02:00:59.950+0100][gc,heap       ] GC(11) Old regions: 13->13
[2023-06-09T02:00:59.950+0100][gc,heap       ] GC(11) Humongous regions: 129->129
[2023-06-09T02:00:59.950+0100][gc,metaspace  ] GC(11) Metaspace: 36435K(38144K)->36435K(38144K) NonClass: 31833K(32768K)->31833K(32768K) Class: 4601K(5376K)->4601K(5376K)
[2023-06-09T02:00:59.950+0100][gc            ] GC(11) Pause Young (Normal) (G1 Evacuation Pause) 190M->142M(1024M) 128.229ms
[2023-06-09T02:00:59.950+0100][gc,cpu        ] GC(11) User=0.17s Sys=0.00s Real=0.13s
[2023-06-09T02:07:13.822+0100][gc,start      ] GC(12) Pause Young (Normal) (G1 Evacuation Pause)
[2023-06-09T02:07:13.822+0100][gc,task       ] GC(12) Using 4 workers of 4 for evacuation
[2023-06-09T02:07:14.063+0100][gc,mmu        ] GC(12) MMU target violated: 21.0ms (20.0ms/21.0ms)
[2023-06-09T02:07:14.063+0100][gc,phases     ] GC(12)   Pre Evacuate Collection Set: 0.1ms
[2023-06-09T02:07:14.063+0100][gc,phases     ] GC(12)   Evacuate Collection Set: 239.2ms
[2023-06-09T02:07:14.063+0100][gc,phases     ] GC(12)   Post Evacuate Collection Set: 0.7ms
[2023-06-09T02:07:14.063+0100][gc,phases     ] GC(12)   Other: 0.4ms
[2023-06-09T02:07:14.063+0100][gc,heap       ] GC(12) Eden regions: 49->0(48)
[2023-06-09T02:07:14.063+0100][gc,heap       ] GC(12) Survivor regions: 2->3(7)
[2023-06-09T02:07:14.063+0100][gc,heap       ] GC(12) Old regions: 13->13
[2023-06-09T02:07:14.063+0100][gc,heap       ] GC(12) Humongous regions: 129->129
[2023-06-09T02:07:14.063+0100][gc,metaspace  ] GC(12) Metaspace: 36446K(38144K)->36446K(38144K) NonClass: 31843K(32768K)->31843K(32768K) Class: 4602K(5376K)->4602K(5376K)
[2023-06-09T02:07:14.163+0100][gc            ] GC(12) Pause Young (Normal) (G1 Evacuation Pause) 191M->142M(1024M) 259.803ms
[2023-06-09T02:07:14.163+0100][gc,cpu        ] GC(12) User=0.35s Sys=0.00s Real=0.34s
[2023-06-09T02:13:43.142+0100][gc,start      ] GC(13) Pause Young (Normal) (G1 Evacuation Pause)
[2023-06-09T02:13:43.238+0100][gc,task       ] GC(13) Using 4 workers of 4 for evacuation
[2023-06-09T02:13:43.254+0100][gc,phases     ] GC(13)   Pre Evacuate Collection Set: 0.1ms
[2023-06-09T02:13:43.254+0100][gc,phases     ] GC(13)   Evacuate Collection Set: 14.3ms
[2023-06-09T02:13:43.254+0100][gc,phases     ] GC(13)   Post Evacuate Collection Set: 1.2ms
[2023-06-09T02:13:43.254+0100][gc,phases     ] GC(13)   Other: 96.2ms
[2023-06-09T02:13:43.254+0100][gc,heap       ] GC(13) Eden regions: 48->0(49)
[2023-06-09T02:13:43.254+0100][gc,heap       ] GC(13) Survivor regions: 3->2(7)
[2023-06-09T02:13:43.254+0100][gc,heap       ] GC(13) Old regions: 13->13
[2023-06-09T02:13:43.254+0100][gc,heap       ] GC(13) Humongous regions: 129->129
[2023-06-09T02:13:43.254+0100][gc,metaspace  ] GC(13) Metaspace: 36495K(38144K)->36495K(38144K) NonClass: 31891K(32768K)->31891K(32768K) Class: 4603K(5376K)->4603K(5376K)
[2023-06-09T02:13:43.254+0100][gc            ] GC(13) Pause Young (Normal) (G1 Evacuation Pause) 190M->142M(1024M) 112.119ms
[2023-06-09T02:13:43.254+0100][gc,cpu        ] GC(13) User=0.05s Sys=0.01s Real=0.11s
[2023-06-09T02:20:19.325+0100][gc,start      ] GC(14) Pause Young (Normal) (G1 Evacuation Pause)
[2023-06-09T02:20:19.465+0100][gc,task       ] GC(14) Using 4 workers of 4 for evacuation
[2023-06-09T02:20:20.517+0100][gc,mmu        ] GC(14) MMU target violated: 21.0ms (20.0ms/21.0ms)
[2023-06-09T02:20:20.676+0100][gc,phases     ] GC(14)   Pre Evacuate Collection Set: 78.7ms
[2023-06-09T02:20:20.677+0100][gc,phases     ] GC(14)   Evacuate Collection Set: 157.6ms
[2023-06-09T02:20:20.677+0100][gc,phases     ] GC(14)   Post Evacuate Collection Set: 300.7ms
[2023-06-09T02:20:20.677+0100][gc,phases     ] GC(14)   Other: 849.3ms
[2023-06-09T02:20:20.845+0100][gc,heap       ] GC(14) Eden regions: 49->0(48)
[2023-06-09T02:20:20.845+0100][gc,heap       ] GC(14) Survivor regions: 2->3(7)
[2023-06-09T02:20:20.845+0100][gc,heap       ] GC(14) Old regions: 13->13
[2023-06-09T02:20:20.845+0100][gc,heap       ] GC(14) Humongous regions: 129->129
[2023-06-09T02:20:20.926+0100][gc,metaspace  ] GC(14) Metaspace: 36507K(38144K)->36507K(38144K) NonClass: 31903K(32768K)->31903K(32768K) Class: 4603K(5376K)->4603K(5376K)
[2023-06-09T02:20:21.017+0100][gc            ] GC(14) Pause Young (Normal) (G1 Evacuation Pause) 191M->142M(1024M) 1838.676ms
[2023-06-09T02:20:21.017+0100][gc,cpu        ] GC(14) User=0.01s Sys=0.01s Real=1.84s
[2023-06-09T02:26:25.332+0100][gc,start      ] GC(15) Pause Young (Normal) (G1 Evacuation Pause)
[2023-06-09T02:26:25.366+0100][gc,task       ] GC(15) Using 4 workers of 4 for evacuation
[2023-06-09T02:26:25.405+0100][gc,mmu        ] GC(15) MMU target violated: 21.0ms (20.0ms/21.0ms)
[2023-06-09T02:26:25.405+0100][gc,phases     ] GC(15)   Pre Evacuate Collection Set: 0.1ms
[2023-06-09T02:26:25.405+0100][gc,phases     ] GC(15)   Evacuate Collection Set: 37.5ms
[2023-06-09T02:26:25.405+0100][gc,phases     ] GC(15)   Post Evacuate Collection Set: 0.8ms
[2023-06-09T02:26:25.405+0100][gc,phases     ] GC(15)   Other: 34.1ms
[2023-06-09T02:26:25.405+0100][gc,heap       ] GC(15) Eden regions: 48->0(48)
[2023-06-09T02:26:25.405+0100][gc,heap       ] GC(15) Survivor regions: 3->3(7)
[2023-06-09T02:26:25.405+0100][gc,heap       ] GC(15) Old regions: 13->13
[2023-06-09T02:26:25.405+0100][gc,heap       ] GC(15) Humongous regions: 129->129
[2023-06-09T02:26:25.405+0100][gc,metaspace  ] GC(15) Metaspace: 36523K(38144K)->36523K(38144K) NonClass: 31919K(32768K)->31919K(32768K) Class: 4603K(5376K)->4603K(5376K)
[2023-06-09T02:26:25.405+0100][gc            ] GC(15) Pause Young (Normal) (G1 Evacuation Pause) 190M->142M(1024M) 72.550ms
[2023-06-09T02:26:25.405+0100][gc,cpu        ] GC(15) User=0.05s Sys=0.00s Real=0.08s
[2023-06-09T02:31:19.603+0100][gc,start      ] GC(16) Pause Young (Normal) (G1 Evacuation Pause)
[2023-06-09T02:31:19.614+0100][gc,task       ] GC(16) Using 4 workers of 4 for evacuation
[2023-06-09T02:31:20.073+0100][gc,mmu        ] GC(16) MMU target violated: 21.0ms (20.0ms/21.0ms)
[2023-06-09T02:31:20.074+0100][gc,phases     ] GC(16)   Pre Evacuate Collection Set: 0.1ms
[2023-06-09T02:31:20.074+0100][gc,phases     ] GC(16)   Evacuate Collection Set: 457.9ms
[2023-06-09T02:31:20.074+0100][gc,phases     ] GC(16)   Post Evacuate Collection Set: 1.1ms
[2023-06-09T02:31:20.074+0100][gc,phases     ] GC(16)   Other: 11.9ms
[2023-06-09T02:31:20.074+0100][gc,heap       ] GC(16) Eden regions: 48->0(48)
[2023-06-09T02:31:20.074+0100][gc,heap       ] GC(16) Survivor regions: 3->3(7)
[2023-06-09T02:31:20.074+0100][gc,heap       ] GC(16) Old regions: 13->13
[2023-06-09T02:31:20.074+0100][gc,heap       ] GC(16) Humongous regions: 129->129
[2023-06-09T02:31:20.074+0100][gc,metaspace  ] GC(16) Metaspace: 37984K(39552K)->37984K(39552K) NonClass: 33189K(34048K)->33189K(34048K) Class: 4795K(5504K)->4795K(5504K)
[2023-06-09T02:31:20.074+0100][gc            ] GC(16) Pause Young (Normal) (G1 Evacuation Pause) 190M->142M(1024M) 471.060ms
[2023-06-09T02:31:20.074+0100][gc,cpu        ] GC(16) User=0.45s Sys=0.00s Real=0.46s
[2023-06-09T02:32:06.530+0100][gc,heap,exit  ] Heap
[2023-06-09T02:32:06.531+0100][gc,heap,exit  ]  garbage-first heap   total 1048576K, used 159616K [0x00000000c0000000, 0x0000000100000000)
[2023-06-09T02:32:06.531+0100][gc,heap,exit  ]   region size 1024K, 17 young (17408K), 3 survivors (3072K)
[2023-06-09T02:32:06.531+0100][gc,heap,exit  ]  Metaspace       used 38658K, capacity 40346K, committed 40704K, reserved 1083392K
[2023-06-09T02:32:06.531+0100][gc,heap,exit  ]   class space    used 4965K, capacity 5768K, committed 5888K, reserved 1048576K
