[2023-06-09T02:32:40.734+0100][gc,heap] Heap region size: 1M
[2023-06-09T02:32:40.749+0100][gc     ] Using G1
[2023-06-09T02:32:40.749+0100][gc,heap,coops] Heap address: 0x00000000c0000000, size: 1024 MB, Compressed Oops mode: 32-bit
[2023-06-09T02:32:40.750+0100][gc,cds       ] Mark closed archive regions in map: [0x00000000fff00000, 0x00000000fff6aff8]
[2023-06-09T02:32:40.750+0100][gc,cds       ] Mark open archive regions in map: [0x00000000ffe00000, 0x00000000ffe46ff8]
[2023-06-09T02:32:42.430+0100][gc,start     ] GC(0) Pause Young (Normal) (G1 Evacuation Pause)
[2023-06-09T02:32:42.431+0100][gc,task      ] GC(0) Using 4 workers of 4 for evacuation
[2023-06-09T02:32:42.444+0100][gc,phases    ] GC(0)   Pre Evacuate Collection Set: 0.1ms
[2023-06-09T02:32:42.444+0100][gc,phases    ] GC(0)   Evacuate Collection Set: 12.3ms
[2023-06-09T02:32:42.444+0100][gc,phases    ] GC(0)   Post Evacuate Collection Set: 0.9ms
[2023-06-09T02:32:42.444+0100][gc,phases    ] GC(0)   Other: 0.7ms
[2023-06-09T02:32:42.444+0100][gc,heap      ] GC(0) Eden regions: 51->0(44)
[2023-06-09T02:32:42.444+0100][gc,heap      ] GC(0) Survivor regions: 0->7(7)
[2023-06-09T02:32:42.444+0100][gc,heap      ] GC(0) Old regions: 2->2
[2023-06-09T02:32:42.444+0100][gc,heap      ] GC(0) Humongous regions: 0->0
[2023-06-09T02:32:42.444+0100][gc,metaspace ] GC(0) Metaspace: 14366K(15104K)->14366K(15104K) NonClass: 12360K(12800K)->12360K(12800K) Class: 2006K(2304K)->2006K(2304K)
[2023-06-09T02:32:42.445+0100][gc           ] GC(0) Pause Young (Normal) (G1 Evacuation Pause) 51M->7M(1024M) 14.083ms
[2023-06-09T02:32:42.445+0100][gc,cpu       ] GC(0) User=0.04s Sys=0.01s Real=0.02s
[2023-06-09T02:32:43.619+0100][gc,start     ] GC(1) Pause Young (Concurrent Start) (Metadata GC Threshold)
[2023-06-09T02:32:43.619+0100][gc,task      ] GC(1) Using 4 workers of 4 for evacuation
[2023-06-09T02:32:43.633+0100][gc,phases    ] GC(1)   Pre Evacuate Collection Set: 0.1ms
[2023-06-09T02:32:43.633+0100][gc,phases    ] GC(1)   Evacuate Collection Set: 12.6ms
[2023-06-09T02:32:43.633+0100][gc,phases    ] GC(1)   Post Evacuate Collection Set: 0.7ms
[2023-06-09T02:32:43.633+0100][gc,phases    ] GC(1)   Other: 0.4ms
[2023-06-09T02:32:43.633+0100][gc,heap      ] GC(1) Eden regions: 26->0(50)
[2023-06-09T02:32:43.633+0100][gc,heap      ] GC(1) Survivor regions: 7->1(7)
[2023-06-09T02:32:43.633+0100][gc,heap      ] GC(1) Old regions: 2->9
[2023-06-09T02:32:43.633+0100][gc,heap      ] GC(1) Humongous regions: 0->0
[2023-06-09T02:32:43.633+0100][gc,metaspace ] GC(1) Metaspace: 20575K(21248K)->20575K(21248K) NonClass: 17817K(18176K)->17817K(18176K) Class: 2758K(3072K)->2758K(3072K)
[2023-06-09T02:32:43.633+0100][gc           ] GC(1) Pause Young (Concurrent Start) (Metadata GC Threshold) 32M->8M(1024M) 13.968ms
[2023-06-09T02:32:43.633+0100][gc,cpu       ] GC(1) User=0.03s Sys=0.01s Real=0.01s
[2023-06-09T02:32:43.633+0100][gc           ] GC(2) Concurrent Cycle
[2023-06-09T02:32:43.633+0100][gc,marking   ] GC(2) Concurrent Clear Claimed Marks
[2023-06-09T02:32:43.633+0100][gc,marking   ] GC(2) Concurrent Clear Claimed Marks 0.084ms
[2023-06-09T02:32:43.633+0100][gc,marking   ] GC(2) Concurrent Scan Root Regions
[2023-06-09T02:32:43.635+0100][gc,marking   ] GC(2) Concurrent Scan Root Regions 1.306ms
[2023-06-09T02:32:43.635+0100][gc,marking   ] GC(2) Concurrent Mark (2.905s)
[2023-06-09T02:32:43.635+0100][gc,marking   ] GC(2) Concurrent Mark From Roots
[2023-06-09T02:32:43.635+0100][gc,task      ] GC(2) Using 1 workers of 1 for marking
[2023-06-09T02:32:43.647+0100][gc,marking   ] GC(2) Concurrent Mark From Roots 12.782ms
[2023-06-09T02:32:43.647+0100][gc,marking   ] GC(2) Concurrent Preclean
[2023-06-09T02:32:43.648+0100][gc,marking   ] GC(2) Concurrent Preclean 0.644ms
[2023-06-09T02:32:43.648+0100][gc,marking   ] GC(2) Concurrent Mark (2.905s, 2.918s) 13.517ms
[2023-06-09T02:32:43.648+0100][gc,start     ] GC(2) Pause Remark
[2023-06-09T02:32:43.653+0100][gc,stringtable] GC(2) Cleaned string and symbol table, strings: 5084 processed, 0 removed, symbols: 52337 processed, 59 removed
[2023-06-09T02:32:43.653+0100][gc            ] GC(2) Pause Remark 9M->9M(1024M) 4.468ms
[2023-06-09T02:32:43.653+0100][gc,cpu        ] GC(2) User=0.01s Sys=0.00s Real=0.00s
[2023-06-09T02:32:43.653+0100][gc,marking    ] GC(2) Concurrent Rebuild Remembered Sets
[2023-06-09T02:32:43.660+0100][gc,marking    ] GC(2) Concurrent Rebuild Remembered Sets 7.373ms
[2023-06-09T02:32:43.661+0100][gc,start      ] GC(2) Pause Cleanup
[2023-06-09T02:32:43.661+0100][gc            ] GC(2) Pause Cleanup 10M->10M(1024M) 0.382ms
[2023-06-09T02:32:43.661+0100][gc,cpu        ] GC(2) User=0.00s Sys=0.00s Real=0.00s
[2023-06-09T02:32:43.661+0100][gc,marking    ] GC(2) Concurrent Cleanup for Next Mark
[2023-06-09T02:32:43.678+0100][gc,marking    ] GC(2) Concurrent Cleanup for Next Mark 17.001ms
[2023-06-09T02:32:43.678+0100][gc            ] GC(2) Concurrent Cycle 45.000ms
[2023-06-09T02:32:46.363+0100][gc,start      ] GC(3) Pause Young (Normal) (G1 Evacuation Pause)
[2023-06-09T02:32:46.363+0100][gc,task       ] GC(3) Using 4 workers of 4 for evacuation
[2023-06-09T02:32:46.369+0100][gc,phases     ] GC(3)   Pre Evacuate Collection Set: 0.1ms
[2023-06-09T02:32:46.369+0100][gc,phases     ] GC(3)   Evacuate Collection Set: 4.9ms
[2023-06-09T02:32:46.369+0100][gc,phases     ] GC(3)   Post Evacuate Collection Set: 0.9ms
[2023-06-09T02:32:46.369+0100][gc,phases     ] GC(3)   Other: 0.3ms
[2023-06-09T02:32:46.369+0100][gc,heap       ] GC(3) Eden regions: 50->0(46)
[2023-06-09T02:32:46.369+0100][gc,heap       ] GC(3) Survivor regions: 1->5(7)
[2023-06-09T02:32:46.369+0100][gc,heap       ] GC(3) Old regions: 9->9
[2023-06-09T02:32:46.369+0100][gc,heap       ] GC(3) Humongous regions: 129->129
[2023-06-09T02:32:46.369+0100][gc,metaspace  ] GC(3) Metaspace: 29216K(30336K)->29216K(30336K) NonClass: 25485K(26112K)->25485K(26112K) Class: 3730K(4224K)->3730K(4224K)
[2023-06-09T02:32:46.369+0100][gc            ] GC(3) Pause Young (Normal) (G1 Evacuation Pause) 187M->140M(1024M) 6.225ms
[2023-06-09T02:32:46.369+0100][gc,cpu        ] GC(3) User=0.02s Sys=0.00s Real=0.00s
[2023-06-09T02:32:48.055+0100][gc,start      ] GC(4) Pause Young (Concurrent Start) (Metadata GC Threshold)
[2023-06-09T02:32:48.055+0100][gc,task       ] GC(4) Using 4 workers of 4 for evacuation
[2023-06-09T02:32:48.078+0100][gc,mmu        ] GC(4) MMU target violated: 21.0ms (20.0ms/21.0ms)
[2023-06-09T02:32:48.078+0100][gc,phases     ] GC(4)   Pre Evacuate Collection Set: 0.3ms
[2023-06-09T02:32:48.078+0100][gc,phases     ] GC(4)   Evacuate Collection Set: 21.1ms
[2023-06-09T02:32:48.078+0100][gc,phases     ] GC(4)   Post Evacuate Collection Set: 1.0ms
[2023-06-09T02:32:48.078+0100][gc,phases     ] GC(4)   Other: 0.9ms
[2023-06-09T02:32:48.078+0100][gc,heap       ] GC(4) Eden regions: 28->0(45)
[2023-06-09T02:32:48.078+0100][gc,heap       ] GC(4) Survivor regions: 5->6(7)
[2023-06-09T02:32:48.078+0100][gc,heap       ] GC(4) Old regions: 9->10
[2023-06-09T02:32:48.078+0100][gc,heap       ] GC(4) Humongous regions: 129->129
[2023-06-09T02:32:48.078+0100][gc,metaspace  ] GC(4) Metaspace: 34575K(35840K)->34575K(35840K) NonClass: 30193K(30848K)->30193K(30848K) Class: 4382K(4992K)->4382K(4992K)
[2023-06-09T02:32:48.078+0100][gc            ] GC(4) Pause Young (Concurrent Start) (Metadata GC Threshold) 167M->142M(1024M) 23.447ms
[2023-06-09T02:32:48.078+0100][gc,cpu        ] GC(4) User=0.06s Sys=0.00s Real=0.02s
[2023-06-09T02:32:48.078+0100][gc            ] GC(5) Concurrent Cycle
[2023-06-09T02:32:48.078+0100][gc,marking    ] GC(5) Concurrent Clear Claimed Marks
[2023-06-09T02:32:48.079+0100][gc,marking    ] GC(5) Concurrent Clear Claimed Marks 0.330ms
[2023-06-09T02:32:48.079+0100][gc,marking    ] GC(5) Concurrent Scan Root Regions
[2023-06-09T02:32:48.085+0100][gc,marking    ] GC(5) Concurrent Scan Root Regions 6.262ms
[2023-06-09T02:32:48.085+0100][gc,marking    ] GC(5) Concurrent Mark (7.355s)
[2023-06-09T02:32:48.085+0100][gc,marking    ] GC(5) Concurrent Mark From Roots
[2023-06-09T02:32:48.085+0100][gc,task       ] GC(5) Using 1 workers of 1 for marking
[2023-06-09T02:32:48.135+0100][gc,marking    ] GC(5) Concurrent Mark From Roots 49.714ms
[2023-06-09T02:32:48.135+0100][gc,marking    ] GC(5) Concurrent Preclean
[2023-06-09T02:32:48.135+0100][gc,marking    ] GC(5) Concurrent Preclean 0.142ms
[2023-06-09T02:32:48.135+0100][gc,marking    ] GC(5) Concurrent Mark (7.355s, 7.405s) 50.133ms
[2023-06-09T02:32:48.137+0100][gc,start      ] GC(5) Pause Remark
[2023-06-09T02:32:48.157+0100][gc,stringtable] GC(5) Cleaned string and symbol table, strings: 10512 processed, 13 removed, symbols: 84957 processed, 15 removed
[2023-06-09T02:32:48.157+0100][gc,mmu        ] GC(5) MMU target violated: 20.1ms (20.0ms/21.0ms)
[2023-06-09T02:32:48.157+0100][gc            ] GC(5) Pause Remark 145M->145M(1024M) 20.246ms
[2023-06-09T02:32:48.157+0100][gc,cpu        ] GC(5) User=0.05s Sys=0.00s Real=0.02s
[2023-06-09T02:32:48.158+0100][gc,marking    ] GC(5) Concurrent Rebuild Remembered Sets
[2023-06-09T02:32:48.166+0100][gc,marking    ] GC(5) Concurrent Rebuild Remembered Sets 8.329ms
[2023-06-09T02:32:48.166+0100][gc,start      ] GC(5) Pause Cleanup
[2023-06-09T02:32:48.167+0100][gc            ] GC(5) Pause Cleanup 146M->146M(1024M) 0.499ms
[2023-06-09T02:32:48.167+0100][gc,cpu        ] GC(5) User=0.00s Sys=0.00s Real=0.00s
[2023-06-09T02:32:48.167+0100][gc,marking    ] GC(5) Concurrent Cleanup for Next Mark
[2023-06-09T02:32:48.209+0100][gc,marking    ] GC(5) Concurrent Cleanup for Next Mark 42.241ms
[2023-06-09T02:32:48.209+0100][gc            ] GC(5) Concurrent Cycle 130.839ms
[2023-06-09T02:49:27.903+0100][gc,start      ] GC(6) Pause Young (Concurrent Start) (G1 Evacuation Pause)
[2023-06-09T02:49:27.911+0100][gc,task       ] GC(6) Using 4 workers of 4 for evacuation
[2023-06-09T02:49:27.927+0100][gc,phases     ] GC(6)   Pre Evacuate Collection Set: 0.3ms
[2023-06-09T02:49:27.927+0100][gc,phases     ] GC(6)   Evacuate Collection Set: 13.8ms
[2023-06-09T02:49:27.927+0100][gc,phases     ] GC(6)   Post Evacuate Collection Set: 1.2ms
[2023-06-09T02:49:27.927+0100][gc,phases     ] GC(6)   Other: 9.1ms
[2023-06-09T02:49:27.927+0100][gc,heap       ] GC(6) Eden regions: 45->0(47)
[2023-06-09T02:49:27.927+0100][gc,heap       ] GC(6) Survivor regions: 6->4(7)
[2023-06-09T02:49:27.927+0100][gc,heap       ] GC(6) Old regions: 10->13
[2023-06-09T02:49:27.927+0100][gc,heap       ] GC(6) Humongous regions: 129->129
[2023-06-09T02:49:27.927+0100][gc,metaspace  ] GC(6) Metaspace: 41503K(44108K)->41503K(44108K) NonClass: 35730K(37120K)->35730K(37120K) Class: 5773K(6988K)->5773K(6988K)
[2023-06-09T02:49:27.927+0100][gc            ] GC(6) Pause Young (Concurrent Start) (G1 Evacuation Pause) 187M->143M(1024M) 24.583ms
[2023-06-09T02:49:27.927+0100][gc,cpu        ] GC(6) User=0.04s Sys=0.00s Real=0.02s
[2023-06-09T02:49:27.927+0100][gc            ] GC(7) Concurrent Cycle
[2023-06-09T02:49:27.927+0100][gc,marking    ] GC(7) Concurrent Clear Claimed Marks
[2023-06-09T02:49:27.928+0100][gc,marking    ] GC(7) Concurrent Clear Claimed Marks 0.324ms
[2023-06-09T02:49:27.928+0100][gc,marking    ] GC(7) Concurrent Scan Root Regions
[2023-06-09T02:49:27.933+0100][gc,marking    ] GC(7) Concurrent Scan Root Regions 5.366ms
[2023-06-09T02:49:27.933+0100][gc,marking    ] GC(7) Concurrent Mark (1007.203s)
[2023-06-09T02:49:27.933+0100][gc,marking    ] GC(7) Concurrent Mark From Roots
[2023-06-09T02:49:27.933+0100][gc,task       ] GC(7) Using 1 workers of 1 for marking
[2023-06-09T02:49:27.954+0100][gc,marking    ] GC(7) Concurrent Mark From Roots 20.228ms
[2023-06-09T02:49:27.954+0100][gc,marking    ] GC(7) Concurrent Preclean
[2023-06-09T02:49:27.954+0100][gc,marking    ] GC(7) Concurrent Preclean 0.516ms
[2023-06-09T02:49:27.954+0100][gc,marking    ] GC(7) Concurrent Mark (1007.203s, 1007.224s) 20.859ms
[2023-06-09T02:49:27.954+0100][gc,start      ] GC(7) Pause Remark
[2023-06-09T02:49:27.987+0100][gc,stringtable] GC(7) Cleaned string and symbol table, strings: 11382 processed, 216 removed, symbols: 92611 processed, 4 removed
[2023-06-09T02:49:27.988+0100][gc,mmu        ] GC(7) MMU target violated: 21.0ms (20.0ms/21.0ms)
[2023-06-09T02:49:27.988+0100][gc            ] GC(7) Pause Remark 144M->144M(1024M) 33.466ms
[2023-06-09T02:49:27.988+0100][gc,cpu        ] GC(7) User=0.04s Sys=0.00s Real=0.03s
[2023-06-09T02:49:27.988+0100][gc,marking    ] GC(7) Concurrent Rebuild Remembered Sets
[2023-06-09T02:49:27.998+0100][gc,marking    ] GC(7) Concurrent Rebuild Remembered Sets 10.313ms
[2023-06-09T02:49:27.999+0100][gc,start      ] GC(7) Pause Cleanup
[2023-06-09T02:49:27.999+0100][gc            ] GC(7) Pause Cleanup 144M->144M(1024M) 0.252ms
[2023-06-09T02:49:27.999+0100][gc,cpu        ] GC(7) User=0.00s Sys=0.00s Real=0.00s
[2023-06-09T02:49:27.999+0100][gc,marking    ] GC(7) Concurrent Cleanup for Next Mark
[2023-06-09T02:49:30.010+0100][gc,marking    ] GC(7) Concurrent Cleanup for Next Mark 2010.739ms
[2023-06-09T02:49:30.010+0100][gc            ] GC(7) Concurrent Cycle 2082.250ms
[2023-06-09T02:51:42.207+0100][gc,start      ] GC(8) Pause Young (Normal) (G1 Evacuation Pause)
[2023-06-09T02:51:42.207+0100][gc,task       ] GC(8) Using 4 workers of 4 for evacuation
[2023-06-09T02:51:42.505+0100][gc,mmu        ] GC(8) MMU target violated: 21.0ms (20.0ms/21.0ms)
[2023-06-09T02:51:42.505+0100][gc,phases     ] GC(8)   Pre Evacuate Collection Set: 0.1ms
[2023-06-09T02:51:42.505+0100][gc,phases     ] GC(8)   Evacuate Collection Set: 295.0ms
[2023-06-09T02:51:42.505+0100][gc,phases     ] GC(8)   Post Evacuate Collection Set: 2.3ms
[2023-06-09T02:51:42.505+0100][gc,phases     ] GC(8)   Other: 0.4ms
[2023-06-09T02:51:42.505+0100][gc,heap       ] GC(8) Eden regions: 47->0(44)
[2023-06-09T02:51:42.505+0100][gc,heap       ] GC(8) Survivor regions: 4->7(7)
[2023-06-09T02:51:42.505+0100][gc,heap       ] GC(8) Old regions: 13->13
[2023-06-09T02:51:42.505+0100][gc,heap       ] GC(8) Humongous regions: 129->129
[2023-06-09T02:51:42.505+0100][gc,metaspace  ] GC(8) Metaspace: 44578K(47436K)->44578K(47436K) NonClass: 38442K(39936K)->38442K(39936K) Class: 6136K(7500K)->6136K(7500K)
[2023-06-09T02:51:42.505+0100][gc            ] GC(8) Pause Young (Normal) (G1 Evacuation Pause) 190M->146M(1024M) 297.858ms
[2023-06-09T02:51:42.505+0100][gc,cpu        ] GC(8) User=0.15s Sys=0.00s Real=0.30s
[2023-06-09T03:06:17.384+0100][gc,start      ] GC(9) Pause Young (Normal) (G1 Evacuation Pause)
[2023-06-09T03:06:18.222+0100][gc,task       ] GC(9) Using 4 workers of 4 for evacuation
[2023-06-09T03:06:19.849+0100][gc,mmu        ] GC(9) MMU target violated: 21.0ms (20.0ms/21.0ms)
[2023-06-09T03:06:19.862+0100][gc,phases     ] GC(9)   Pre Evacuate Collection Set: 11.7ms
[2023-06-09T03:06:19.862+0100][gc,phases     ] GC(9)   Evacuate Collection Set: 343.1ms
[2023-06-09T03:06:19.862+0100][gc,phases     ] GC(9)   Post Evacuate Collection Set: 630.8ms
[2023-06-09T03:06:19.862+0100][gc,phases     ] GC(9)   Other: 1521.2ms
[2023-06-09T03:06:19.874+0100][gc,heap       ] GC(9) Eden regions: 44->0(45)
[2023-06-09T03:06:19.874+0100][gc,heap       ] GC(9) Survivor regions: 7->6(7)
[2023-06-09T03:06:19.874+0100][gc,heap       ] GC(9) Old regions: 13->16
[2023-06-09T03:06:19.874+0100][gc,heap       ] GC(9) Humongous regions: 129->129
[2023-06-09T03:06:19.887+0100][gc,metaspace  ] GC(9) Metaspace: 45124K(47948K)->45124K(47948K) NonClass: 38961K(40448K)->38961K(40448K) Class: 6162K(7500K)->6162K(7500K)
[2023-06-09T03:06:19.887+0100][gc            ] GC(9) Pause Young (Normal) (G1 Evacuation Pause) 190M->148M(1024M) 2503.390ms
[2023-06-09T03:06:19.887+0100][gc,cpu        ] GC(9) User=0.03s Sys=0.02s Real=2.50s
[2023-06-09T03:20:41.736+0100][gc,start      ] GC(10) Pause Young (Normal) (G1 Evacuation Pause)
[2023-06-09T03:20:41.838+0100][gc,task       ] GC(10) Using 4 workers of 4 for evacuation
[2023-06-09T03:20:41.870+0100][gc,mmu        ] GC(10) MMU target violated: 21.0ms (20.0ms/21.0ms)
[2023-06-09T03:20:41.870+0100][gc,phases     ] GC(10)   Pre Evacuate Collection Set: 0.1ms
[2023-06-09T03:20:41.870+0100][gc,phases     ] GC(10)   Evacuate Collection Set: 31.0ms
[2023-06-09T03:20:41.870+0100][gc,phases     ] GC(10)   Post Evacuate Collection Set: 0.9ms
[2023-06-09T03:20:41.871+0100][gc,phases     ] GC(10)   Other: 102.6ms
[2023-06-09T03:20:41.871+0100][gc,heap       ] GC(10) Eden regions: 45->0(48)
[2023-06-09T03:20:41.871+0100][gc,heap       ] GC(10) Survivor regions: 6->3(7)
[2023-06-09T03:20:41.871+0100][gc,heap       ] GC(10) Old regions: 16->19
[2023-06-09T03:20:41.871+0100][gc,heap       ] GC(10) Humongous regions: 129->129
[2023-06-09T03:20:41.871+0100][gc,metaspace  ] GC(10) Metaspace: 45244K(48204K)->45244K(48204K) NonClass: 39081K(40704K)->39081K(40704K) Class: 6162K(7500K)->6162K(7500K)
[2023-06-09T03:20:41.871+0100][gc            ] GC(10) Pause Young (Normal) (G1 Evacuation Pause) 193M->148M(1024M) 134.637ms
[2023-06-09T03:20:41.871+0100][gc,cpu        ] GC(10) User=0.03s Sys=0.00s Real=0.13s
[2023-06-09T03:35:42.330+0100][gc,start      ] GC(11) Pause Young (Normal) (G1 Evacuation Pause)
[2023-06-09T03:35:42.388+0100][gc,task       ] GC(11) Using 4 workers of 4 for evacuation
[2023-06-09T03:35:42.579+0100][gc,mmu        ] GC(11) MMU target violated: 21.0ms (20.0ms/21.0ms)
[2023-06-09T03:35:42.605+0100][gc,phases     ] GC(11)   Pre Evacuate Collection Set: 0.1ms
[2023-06-09T03:35:42.605+0100][gc,phases     ] GC(11)   Evacuate Collection Set: 188.8ms
[2023-06-09T03:35:42.605+0100][gc,phases     ] GC(11)   Post Evacuate Collection Set: 1.7ms
[2023-06-09T03:35:42.605+0100][gc,phases     ] GC(11)   Other: 58.5ms
[2023-06-09T03:35:42.605+0100][gc,heap       ] GC(11) Eden regions: 48->0(47)
[2023-06-09T03:35:42.605+0100][gc,heap       ] GC(11) Survivor regions: 3->4(7)
[2023-06-09T03:35:42.605+0100][gc,heap       ] GC(11) Old regions: 19->19
[2023-06-09T03:35:42.605+0100][gc,heap       ] GC(11) Humongous regions: 129->129
[2023-06-09T03:35:42.606+0100][gc,metaspace  ] GC(11) Metaspace: 45333K(48204K)->45333K(48204K) NonClass: 39164K(40704K)->39164K(40704K) Class: 6168K(7500K)->6168K(7500K)
[2023-06-09T03:35:42.610+0100][gc            ] GC(11) Pause Young (Normal) (G1 Evacuation Pause) 196M->149M(1024M) 275.975ms
[2023-06-09T03:35:42.610+0100][gc,cpu        ] GC(11) User=0.08s Sys=0.00s Real=0.28s
[2023-06-09T03:51:51.641+0100][gc,start      ] GC(12) Pause Young (Normal) (G1 Evacuation Pause)
[2023-06-09T03:51:51.730+0100][gc,task       ] GC(12) Using 4 workers of 4 for evacuation
[2023-06-09T03:51:52.000+0100][gc,mmu        ] GC(12) MMU target violated: 21.0ms (20.0ms/21.0ms)
[2023-06-09T03:51:52.000+0100][gc,phases     ] GC(12)   Pre Evacuate Collection Set: 43.9ms
[2023-06-09T03:51:52.000+0100][gc,phases     ] GC(12)   Evacuate Collection Set: 153.8ms
[2023-06-09T03:51:52.000+0100][gc,phases     ] GC(12)   Post Evacuate Collection Set: 71.3ms
[2023-06-09T03:51:52.000+0100][gc,phases     ] GC(12)   Other: 239.0ms
[2023-06-09T03:51:52.000+0100][gc,heap       ] GC(12) Eden regions: 47->0(47)
[2023-06-09T03:51:52.000+0100][gc,heap       ] GC(12) Survivor regions: 4->4(7)
[2023-06-09T03:51:52.000+0100][gc,heap       ] GC(12) Old regions: 19->19
[2023-06-09T03:51:52.000+0100][gc,heap       ] GC(12) Humongous regions: 129->129
[2023-06-09T03:51:52.000+0100][gc,metaspace  ] GC(12) Metaspace: 45393K(48204K)->45393K(48204K) NonClass: 39223K(40704K)->39223K(40704K) Class: 6169K(7500K)->6169K(7500K)
[2023-06-09T03:51:52.025+0100][gc            ] GC(12) Pause Young (Normal) (G1 Evacuation Pause) 196M->150M(1024M) 412.698ms
[2023-06-09T03:51:52.025+0100][gc,cpu        ] GC(12) User=0.14s Sys=0.00s Real=0.44s
[2023-06-09T04:08:03.511+0100][gc,start      ] GC(13) Pause Young (Normal) (G1 Evacuation Pause)
[2023-06-09T04:08:03.562+0100][gc,task       ] GC(13) Using 4 workers of 4 for evacuation
[2023-06-09T04:08:03.686+0100][gc,mmu        ] GC(13) MMU target violated: 21.0ms (20.0ms/21.0ms)
[2023-06-09T04:08:03.686+0100][gc,phases     ] GC(13)   Pre Evacuate Collection Set: 0.4ms
[2023-06-09T04:08:03.686+0100][gc,phases     ] GC(13)   Evacuate Collection Set: 70.0ms
[2023-06-09T04:08:03.686+0100][gc,phases     ] GC(13)   Post Evacuate Collection Set: 20.3ms
[2023-06-09T04:08:03.695+0100][gc,phases     ] GC(13)   Other: 112.3ms
[2023-06-09T04:08:03.695+0100][gc,heap       ] GC(13) Eden regions: 47->0(47)
[2023-06-09T04:08:03.695+0100][gc,heap       ] GC(13) Survivor regions: 4->4(7)
[2023-06-09T04:08:03.695+0100][gc,heap       ] GC(13) Old regions: 19->19
[2023-06-09T04:08:03.695+0100][gc,heap       ] GC(13) Humongous regions: 129->129
[2023-06-09T04:08:03.696+0100][gc,metaspace  ] GC(13) Metaspace: 45424K(48204K)->45424K(48204K) NonClass: 39255K(40704K)->39255K(40704K) Class: 6169K(7500K)->6169K(7500K)
[2023-06-09T04:08:03.707+0100][gc            ] GC(13) Pause Young (Normal) (G1 Evacuation Pause) 197M->150M(1024M) 206.040ms
[2023-06-09T04:08:03.707+0100][gc,cpu        ] GC(13) User=0.12s Sys=0.00s Real=0.21s
[2023-06-09T04:24:42.477+0100][gc,start      ] GC(14) Pause Young (Normal) (G1 Evacuation Pause)
[2023-06-09T04:24:42.923+0100][gc,task       ] GC(14) Using 4 workers of 4 for evacuation
[2023-06-09T04:24:44.815+0100][gc,mmu        ] GC(14) MMU target violated: 21.0ms (20.0ms/21.0ms)
[2023-06-09T04:24:44.969+0100][gc,phases     ] GC(14)   Pre Evacuate Collection Set: 116.5ms
[2023-06-09T04:24:44.969+0100][gc,phases     ] GC(14)   Evacuate Collection Set: 968.9ms
[2023-06-09T04:24:44.969+0100][gc,phases     ] GC(14)   Post Evacuate Collection Set: 334.2ms
[2023-06-09T04:24:44.969+0100][gc,phases     ] GC(14)   Other: 1098.0ms
[2023-06-09T04:24:44.969+0100][gc,heap       ] GC(14) Eden regions: 47->0(47)
[2023-06-09T04:24:44.969+0100][gc,heap       ] GC(14) Survivor regions: 4->4(7)
[2023-06-09T04:24:44.969+0100][gc,heap       ] GC(14) Old regions: 19->19
[2023-06-09T04:24:44.969+0100][gc,heap       ] GC(14) Humongous regions: 129->129
[2023-06-09T04:24:45.152+0100][gc,metaspace  ] GC(14) Metaspace: 45430K(48204K)->45430K(48204K) NonClass: 39261K(40704K)->39261K(40704K) Class: 6169K(7500K)->6169K(7500K)
[2023-06-09T04:24:45.153+0100][gc            ] GC(14) Pause Young (Normal) (G1 Evacuation Pause) 197M->150M(1024M) 2747.602ms
[2023-06-09T04:24:45.153+0100][gc,cpu        ] GC(14) User=0.21s Sys=0.01s Real=2.74s
[2023-06-09T04:40:16.373+0100][gc,start      ] GC(15) Pause Young (Normal) (G1 Evacuation Pause)
[2023-06-09T04:40:16.929+0100][gc,task       ] GC(15) Using 4 workers of 4 for evacuation
[2023-06-09T04:40:17.877+0100][gc,mmu        ] GC(15) MMU target violated: 21.0ms (20.0ms/21.0ms)
[2023-06-09T04:40:17.916+0100][gc,phases     ] GC(15)   Pre Evacuate Collection Set: 82.4ms
[2023-06-09T04:40:17.916+0100][gc,phases     ] GC(15)   Evacuate Collection Set: 619.6ms
[2023-06-09T04:40:17.917+0100][gc,phases     ] GC(15)   Post Evacuate Collection Set: 98.0ms
[2023-06-09T04:40:17.917+0100][gc,phases     ] GC(15)   Other: 1251.9ms
[2023-06-09T04:40:17.917+0100][gc,heap       ] GC(15) Eden regions: 47->0(48)
[2023-06-09T04:40:17.917+0100][gc,heap       ] GC(15) Survivor regions: 4->3(7)
[2023-06-09T04:40:17.917+0100][gc,heap       ] GC(15) Old regions: 19->19
[2023-06-09T04:40:17.917+0100][gc,heap       ] GC(15) Humongous regions: 129->129
[2023-06-09T04:40:17.917+0100][gc,metaspace  ] GC(15) Metaspace: 45438K(48204K)->45438K(48204K) NonClass: 39268K(40704K)->39268K(40704K) Class: 6169K(7500K)->6169K(7500K)
[2023-06-09T04:40:17.917+0100][gc            ] GC(15) Pause Young (Normal) (G1 Evacuation Pause) 196M->149M(1024M) 1705.371ms
[2023-06-09T04:40:17.917+0100][gc,cpu        ] GC(15) User=0.03s Sys=0.00s Real=1.71s
