[2023-06-08T13:38:47.569+0100][gc,heap] Heap region size: 1M
[2023-06-08T13:38:47.572+0100][gc     ] Using G1
[2023-06-08T13:38:47.572+0100][gc,heap,coops] Heap address: 0x00000000f0000000, size: 256 MB, Compressed Oops mode: 32-bit
[2023-06-08T13:38:47.573+0100][gc,cds       ] Mark closed archive regions in map: [0x00000000fff00000, 0x00000000fff6aff8]
[2023-06-08T13:38:47.573+0100][gc,cds       ] Mark open archive regions in map: [0x00000000ffe00000, 0x00000000ffe46ff8]
[2023-06-08T13:38:47.857+0100][gc,start     ] GC(0) Pause Young (Normal) (G1 Evacuation Pause)
[2023-06-08T13:38:47.858+0100][gc,task      ] GC(0) Using 3 workers of 4 for evacuation
[2023-06-08T13:38:47.868+0100][gc,phases    ] GC(0)   Pre Evacuate Collection Set: 0.0ms
[2023-06-08T13:38:47.868+0100][gc,phases    ] GC(0)   Evacuate Collection Set: 9.8ms
[2023-06-08T13:38:47.868+0100][gc,phases    ] GC(0)   Post Evacuate Collection Set: 0.5ms
[2023-06-08T13:38:47.868+0100][gc,phases    ] GC(0)   Other: 0.5ms
[2023-06-08T13:38:47.868+0100][gc,heap      ] GC(0) Eden regions: 6->0(5)
[2023-06-08T13:38:47.868+0100][gc,heap      ] GC(0) Survivor regions: 0->1(1)
[2023-06-08T13:38:47.868+0100][gc,heap      ] GC(0) Old regions: 2->5
[2023-06-08T13:38:47.868+0100][gc,heap      ] GC(0) Humongous regions: 0->0
[2023-06-08T13:38:47.868+0100][gc,metaspace ] GC(0) Metaspace: 1433K(4864K)->1433K(4864K) NonClass: 1306K(4352K)->1306K(4352K) Class: 126K(512K)->126K(512K)
[2023-06-08T13:38:47.868+0100][gc           ] GC(0) Pause Young (Normal) (G1 Evacuation Pause) 6M->4M(130M) 10.883ms
[2023-06-08T13:38:47.868+0100][gc,cpu       ] GC(0) User=0.02s Sys=0.01s Real=0.01s
[2023-06-08T13:38:48.149+0100][gc,start     ] GC(1) Pause Young (Normal) (G1 Evacuation Pause)
[2023-06-08T13:38:48.149+0100][gc,task      ] GC(1) Using 3 workers of 4 for evacuation
[2023-06-08T13:38:48.159+0100][gc,phases    ] GC(1)   Pre Evacuate Collection Set: 0.0ms
[2023-06-08T13:38:48.159+0100][gc,phases    ] GC(1)   Evacuate Collection Set: 9.5ms
[2023-06-08T13:38:48.159+0100][gc,phases    ] GC(1)   Post Evacuate Collection Set: 0.4ms
[2023-06-08T13:38:48.159+0100][gc,phases    ] GC(1)   Other: 0.2ms
[2023-06-08T13:38:48.159+0100][gc,heap      ] GC(1) Eden regions: 5->0(5)
[2023-06-08T13:38:48.159+0100][gc,heap      ] GC(1) Survivor regions: 1->1(1)
[2023-06-08T13:38:48.159+0100][gc,heap      ] GC(1) Old regions: 5->7
[2023-06-08T13:38:48.159+0100][gc,heap      ] GC(1) Humongous regions: 0->0
[2023-06-08T13:38:48.159+0100][gc,metaspace ] GC(1) Metaspace: 5066K(5632K)->5066K(5632K) NonClass: 4499K(4864K)->4499K(4864K) Class: 566K(768K)->566K(768K)
[2023-06-08T13:38:48.159+0100][gc           ] GC(1) Pause Young (Normal) (G1 Evacuation Pause) 9M->5M(130M) 10.218ms
[2023-06-08T13:38:48.159+0100][gc,cpu       ] GC(1) User=0.03s Sys=0.00s Real=0.01s
[2023-06-08T13:38:48.283+0100][gc,start     ] GC(2) Pause Young (Normal) (G1 Evacuation Pause)
[2023-06-08T13:38:48.283+0100][gc,task      ] GC(2) Using 3 workers of 4 for evacuation
[2023-06-08T13:38:48.286+0100][gc,phases    ] GC(2)   Pre Evacuate Collection Set: 0.0ms
[2023-06-08T13:38:48.286+0100][gc,phases    ] GC(2)   Evacuate Collection Set: 2.5ms
[2023-06-08T13:38:48.286+0100][gc,phases    ] GC(2)   Post Evacuate Collection Set: 0.3ms
[2023-06-08T13:38:48.286+0100][gc,phases    ] GC(2)   Other: 0.2ms
[2023-06-08T13:38:48.286+0100][gc,heap      ] GC(2) Eden regions: 5->0(5)
[2023-06-08T13:38:48.286+0100][gc,heap      ] GC(2) Survivor regions: 1->1(1)
[2023-06-08T13:38:48.286+0100][gc,heap      ] GC(2) Old regions: 7->8
[2023-06-08T13:38:48.286+0100][gc,heap      ] GC(2) Humongous regions: 0->0
[2023-06-08T13:38:48.286+0100][gc,metaspace ] GC(2) Metaspace: 6327K(6784K)->6327K(6784K) NonClass: 5648K(5888K)->5648K(5888K) Class: 679K(896K)->679K(896K)
[2023-06-08T13:38:48.286+0100][gc           ] GC(2) Pause Young (Normal) (G1 Evacuation Pause) 10M->5M(130M) 3.129ms
[2023-06-08T13:38:48.286+0100][gc,cpu       ] GC(2) User=0.01s Sys=0.00s Real=0.00s
[2023-06-08T13:38:48.498+0100][gc,start     ] GC(3) Pause Young (Normal) (G1 Evacuation Pause)
[2023-06-08T13:38:48.498+0100][gc,task      ] GC(3) Using 3 workers of 4 for evacuation
[2023-06-08T13:38:48.500+0100][gc,phases    ] GC(3)   Pre Evacuate Collection Set: 0.0ms
[2023-06-08T13:38:48.500+0100][gc,phases    ] GC(3)   Evacuate Collection Set: 1.5ms
[2023-06-08T13:38:48.500+0100][gc,phases    ] GC(3)   Post Evacuate Collection Set: 0.4ms
[2023-06-08T13:38:48.500+0100][gc,phases    ] GC(3)   Other: 0.2ms
[2023-06-08T13:38:48.500+0100][gc,heap      ] GC(3) Eden regions: 5->0(5)
[2023-06-08T13:38:48.500+0100][gc,heap      ] GC(3) Survivor regions: 1->1(1)
[2023-06-08T13:38:48.500+0100][gc,heap      ] GC(3) Old regions: 8->8
[2023-06-08T13:38:48.500+0100][gc,heap      ] GC(3) Humongous regions: 0->0
[2023-06-08T13:38:48.500+0100][gc,metaspace ] GC(3) Metaspace: 7260K(7552K)->7260K(7552K) NonClass: 6502K(6656K)->6502K(6656K) Class: 758K(896K)->758K(896K)
[2023-06-08T13:38:48.500+0100][gc           ] GC(3) Pause Young (Normal) (G1 Evacuation Pause) 10M->6M(130M) 2.164ms
[2023-06-08T13:38:48.500+0100][gc,cpu       ] GC(3) User=0.01s Sys=0.00s Real=0.00s
[2023-06-08T13:38:49.204+0100][gc,start     ] GC(4) Pause Young (Normal) (G1 Evacuation Pause)
[2023-06-08T13:38:49.204+0100][gc,task      ] GC(4) Using 3 workers of 4 for evacuation
[2023-06-08T13:38:49.207+0100][gc,phases    ] GC(4)   Pre Evacuate Collection Set: 0.0ms
[2023-06-08T13:38:49.207+0100][gc,phases    ] GC(4)   Evacuate Collection Set: 2.5ms
[2023-06-08T13:38:49.207+0100][gc,phases    ] GC(4)   Post Evacuate Collection Set: 0.5ms
[2023-06-08T13:38:49.207+0100][gc,phases    ] GC(4)   Other: 0.2ms
[2023-06-08T13:38:49.207+0100][gc,heap      ] GC(4) Eden regions: 5->0(5)
[2023-06-08T13:38:49.207+0100][gc,heap      ] GC(4) Survivor regions: 1->1(1)
[2023-06-08T13:38:49.207+0100][gc,heap      ] GC(4) Old regions: 8->8
[2023-06-08T13:38:49.207+0100][gc,heap      ] GC(4) Humongous regions: 0->0
[2023-06-08T13:38:49.207+0100][gc,metaspace ] GC(4) Metaspace: 8781K(9216K)->8781K(9216K) NonClass: 7652K(7936K)->7652K(7936K) Class: 1128K(1280K)->1128K(1280K)
[2023-06-08T13:38:49.207+0100][gc           ] GC(4) Pause Young (Normal) (G1 Evacuation Pause) 11M->6M(130M) 3.417ms
[2023-06-08T13:38:49.207+0100][gc,cpu       ] GC(4) User=0.01s Sys=0.00s Real=0.00s
[2023-06-08T13:38:49.429+0100][gc,start     ] GC(5) Pause Young (Normal) (G1 Evacuation Pause)
[2023-06-08T13:38:49.429+0100][gc,task      ] GC(5) Using 3 workers of 4 for evacuation
[2023-06-08T13:38:49.431+0100][gc,phases    ] GC(5)   Pre Evacuate Collection Set: 0.0ms
[2023-06-08T13:38:49.431+0100][gc,phases    ] GC(5)   Evacuate Collection Set: 1.3ms
[2023-06-08T13:38:49.431+0100][gc,phases    ] GC(5)   Post Evacuate Collection Set: 0.5ms
[2023-06-08T13:38:49.431+0100][gc,phases    ] GC(5)   Other: 0.1ms
[2023-06-08T13:38:49.431+0100][gc,heap      ] GC(5) Eden regions: 5->0(9)
[2023-06-08T13:38:49.431+0100][gc,heap      ] GC(5) Survivor regions: 1->1(1)
[2023-06-08T13:38:49.431+0100][gc,heap      ] GC(5) Old regions: 8->8
[2023-06-08T13:38:49.431+0100][gc,heap      ] GC(5) Humongous regions: 0->0
[2023-06-08T13:38:49.431+0100][gc,metaspace ] GC(5) Metaspace: 9916K(10368K)->9916K(10368K) NonClass: 8650K(8960K)->8650K(8960K) Class: 1266K(1408K)->1266K(1408K)
[2023-06-08T13:38:49.431+0100][gc           ] GC(5) Pause Young (Normal) (G1 Evacuation Pause) 11M->6M(130M) 2.002ms
[2023-06-08T13:38:49.431+0100][gc,cpu       ] GC(5) User=0.00s Sys=0.00s Real=0.00s
[2023-06-08T13:38:49.703+0100][gc,start     ] GC(6) Pause Young (Normal) (G1 Evacuation Pause)
[2023-06-08T13:38:49.703+0100][gc,task      ] GC(6) Using 3 workers of 4 for evacuation
[2023-06-08T13:38:49.704+0100][gc,phases    ] GC(6)   Pre Evacuate Collection Set: 0.0ms
[2023-06-08T13:38:49.704+0100][gc,phases    ] GC(6)   Evacuate Collection Set: 1.0ms
[2023-06-08T13:38:49.704+0100][gc,phases    ] GC(6)   Post Evacuate Collection Set: 0.3ms
[2023-06-08T13:38:49.704+0100][gc,phases    ] GC(6)   Other: 0.2ms
[2023-06-08T13:38:49.704+0100][gc,heap      ] GC(6) Eden regions: 9->0(15)
[2023-06-08T13:38:49.704+0100][gc,heap      ] GC(6) Survivor regions: 1->1(2)
[2023-06-08T13:38:49.705+0100][gc,heap      ] GC(6) Old regions: 8->8
[2023-06-08T13:38:49.705+0100][gc,heap      ] GC(6) Humongous regions: 0->0
[2023-06-08T13:38:49.705+0100][gc,metaspace ] GC(6) Metaspace: 12059K(12800K)->12059K(12800K) NonClass: 10443K(11008K)->10443K(11008K) Class: 1615K(1792K)->1615K(1792K)
[2023-06-08T13:38:49.705+0100][gc           ] GC(6) Pause Young (Normal) (G1 Evacuation Pause) 15M->7M(130M) 1.585ms
[2023-06-08T13:38:49.705+0100][gc,cpu       ] GC(6) User=0.00s Sys=0.00s Real=0.00s
[2023-06-08T13:38:50.367+0100][gc,start     ] GC(7) Pause Young (Normal) (G1 Evacuation Pause)
[2023-06-08T13:38:50.367+0100][gc,task      ] GC(7) Using 3 workers of 4 for evacuation
[2023-06-08T13:38:50.370+0100][gc,phases    ] GC(7)   Pre Evacuate Collection Set: 0.0ms
[2023-06-08T13:38:50.370+0100][gc,phases    ] GC(7)   Evacuate Collection Set: 2.4ms
[2023-06-08T13:38:50.370+0100][gc,phases    ] GC(7)   Post Evacuate Collection Set: 0.4ms
[2023-06-08T13:38:50.370+0100][gc,phases    ] GC(7)   Other: 0.2ms
[2023-06-08T13:38:50.370+0100][gc,heap      ] GC(7) Eden regions: 15->0(17)
[2023-06-08T13:38:50.370+0100][gc,heap      ] GC(7) Survivor regions: 1->2(2)
[2023-06-08T13:38:50.370+0100][gc,heap      ] GC(7) Old regions: 8->8
[2023-06-08T13:38:50.370+0100][gc,heap      ] GC(7) Humongous regions: 0->0
[2023-06-08T13:38:50.370+0100][gc,metaspace ] GC(7) Metaspace: 15506K(16256K)->15506K(16256K) NonClass: 13372K(13824K)->13372K(13824K) Class: 2133K(2432K)->2133K(2432K)
[2023-06-08T13:38:50.371+0100][gc           ] GC(7) Pause Young (Normal) (G1 Evacuation Pause) 22M->7M(130M) 3.124ms
[2023-06-08T13:38:50.371+0100][gc,cpu       ] GC(7) User=0.01s Sys=0.00s Real=0.00s
[2023-06-08T13:38:51.097+0100][gc,start     ] GC(8) Pause Young (Normal) (G1 Evacuation Pause)
[2023-06-08T13:38:51.098+0100][gc,task      ] GC(8) Using 3 workers of 4 for evacuation
[2023-06-08T13:38:51.102+0100][gc,phases    ] GC(8)   Pre Evacuate Collection Set: 0.0ms
[2023-06-08T13:38:51.102+0100][gc,phases    ] GC(8)   Evacuate Collection Set: 3.8ms
[2023-06-08T13:38:51.102+0100][gc,phases    ] GC(8)   Post Evacuate Collection Set: 0.5ms
[2023-06-08T13:38:51.102+0100][gc,phases    ] GC(8)   Other: 0.2ms
[2023-06-08T13:38:51.102+0100][gc,heap      ] GC(8) Eden regions: 17->0(74)
[2023-06-08T13:38:51.102+0100][gc,heap      ] GC(8) Survivor regions: 2->2(3)
[2023-06-08T13:38:51.102+0100][gc,heap      ] GC(8) Old regions: 8->8
[2023-06-08T13:38:51.102+0100][gc,heap      ] GC(8) Humongous regions: 0->0
[2023-06-08T13:38:51.102+0100][gc,metaspace ] GC(8) Metaspace: 19681K(20608K)->19681K(20608K) NonClass: 17058K(17664K)->17058K(17664K) Class: 2623K(2944K)->2623K(2944K)
[2023-06-08T13:38:51.102+0100][gc           ] GC(8) Pause Young (Normal) (G1 Evacuation Pause) 24M->8M(130M) 4.613ms
[2023-06-08T13:38:51.102+0100][gc,cpu       ] GC(8) User=0.01s Sys=0.00s Real=0.01s
[2023-06-08T13:38:51.275+0100][gc,start     ] GC(9) Pause Young (Concurrent Start) (Metadata GC Threshold)
[2023-06-08T13:38:51.275+0100][gc,task      ] GC(9) Using 3 workers of 4 for evacuation
[2023-06-08T13:38:51.281+0100][gc,phases    ] GC(9)   Pre Evacuate Collection Set: 0.1ms
[2023-06-08T13:38:51.281+0100][gc,phases    ] GC(9)   Evacuate Collection Set: 4.9ms
[2023-06-08T13:38:51.281+0100][gc,phases    ] GC(9)   Post Evacuate Collection Set: 0.4ms
[2023-06-08T13:38:51.281+0100][gc,phases    ] GC(9)   Other: 0.2ms
[2023-06-08T13:38:51.281+0100][gc,heap      ] GC(9) Eden regions: 5->0(22)
[2023-06-08T13:38:51.281+0100][gc,heap      ] GC(9) Survivor regions: 2->2(10)
[2023-06-08T13:38:51.281+0100][gc,heap      ] GC(9) Old regions: 8->8
[2023-06-08T13:38:51.281+0100][gc,heap      ] GC(9) Humongous regions: 0->0
[2023-06-08T13:38:51.281+0100][gc,metaspace ] GC(9) Metaspace: 20596K(21248K)->20596K(21248K) NonClass: 17837K(18176K)->17837K(18176K) Class: 2759K(3072K)->2759K(3072K)
[2023-06-08T13:38:51.281+0100][gc           ] GC(9) Pause Young (Concurrent Start) (Metadata GC Threshold) 12M->8M(130M) 5.735ms
[2023-06-08T13:38:51.281+0100][gc,cpu       ] GC(9) User=0.02s Sys=0.00s Real=0.01s
[2023-06-08T13:38:51.281+0100][gc           ] GC(10) Concurrent Cycle
[2023-06-08T13:38:51.281+0100][gc,marking   ] GC(10) Concurrent Clear Claimed Marks
[2023-06-08T13:38:51.281+0100][gc,marking   ] GC(10) Concurrent Clear Claimed Marks 0.072ms
[2023-06-08T13:38:51.281+0100][gc,marking   ] GC(10) Concurrent Scan Root Regions
[2023-06-08T13:38:51.284+0100][gc,marking   ] GC(10) Concurrent Scan Root Regions 2.182ms
[2023-06-08T13:38:51.284+0100][gc,marking   ] GC(10) Concurrent Mark (3.719s)
[2023-06-08T13:38:51.284+0100][gc,marking   ] GC(10) Concurrent Mark From Roots
[2023-06-08T13:38:51.284+0100][gc,task      ] GC(10) Using 1 workers of 1 for marking
[2023-06-08T13:38:51.296+0100][gc,marking   ] GC(10) Concurrent Mark From Roots 11.892ms
[2023-06-08T13:38:51.296+0100][gc,marking   ] GC(10) Concurrent Preclean
[2023-06-08T13:38:51.296+0100][gc,marking   ] GC(10) Concurrent Preclean 0.120ms
[2023-06-08T13:38:51.296+0100][gc,marking   ] GC(10) Concurrent Mark (3.719s, 3.731s) 12.096ms
[2023-06-08T13:38:51.296+0100][gc,start     ] GC(10) Pause Remark
[2023-06-08T13:38:51.299+0100][gc,stringtable] GC(10) Cleaned string and symbol table, strings: 5080 processed, 9 removed, symbols: 52298 processed, 59 removed
[2023-06-08T13:38:51.300+0100][gc            ] GC(10) Pause Remark 9M->9M(130M) 3.787ms
[2023-06-08T13:38:51.300+0100][gc,cpu        ] GC(10) User=0.01s Sys=0.00s Real=0.00s
[2023-06-08T13:38:51.300+0100][gc,marking    ] GC(10) Concurrent Rebuild Remembered Sets
[2023-06-08T13:38:51.310+0100][gc,marking    ] GC(10) Concurrent Rebuild Remembered Sets 9.781ms
[2023-06-08T13:38:51.310+0100][gc,start      ] GC(10) Pause Cleanup
[2023-06-08T13:38:51.310+0100][gc            ] GC(10) Pause Cleanup 9M->9M(130M) 0.105ms
[2023-06-08T13:38:51.310+0100][gc,cpu        ] GC(10) User=0.00s Sys=0.00s Real=0.00s
[2023-06-08T13:38:51.310+0100][gc,marking    ] GC(10) Concurrent Cleanup for Next Mark
[2023-06-08T13:38:51.312+0100][gc,marking    ] GC(10) Concurrent Cleanup for Next Mark 1.669ms
[2023-06-08T13:38:51.312+0100][gc            ] GC(10) Concurrent Cycle 30.869ms
[2023-06-08T13:38:51.726+0100][gc,start      ] GC(11) Pause Young (Concurrent Start) (G1 Humongous Allocation)
[2023-06-08T13:38:51.727+0100][gc,task       ] GC(11) Using 4 workers of 4 for evacuation
[2023-06-08T13:38:51.730+0100][gc,phases     ] GC(11)   Pre Evacuate Collection Set: 0.1ms
[2023-06-08T13:38:51.731+0100][gc,phases     ] GC(11)   Evacuate Collection Set: 3.2ms
[2023-06-08T13:38:51.731+0100][gc,phases     ] GC(11)   Post Evacuate Collection Set: 0.4ms
[2023-06-08T13:38:51.731+0100][gc,phases     ] GC(11)   Other: 0.4ms
[2023-06-08T13:38:51.731+0100][gc,heap       ] GC(11) Eden regions: 7->0(21)
[2023-06-08T13:38:51.731+0100][gc,heap       ] GC(11) Survivor regions: 2->2(3)
[2023-06-08T13:38:51.731+0100][gc,heap       ] GC(11) Old regions: 8->9
[2023-06-08T13:38:51.731+0100][gc,heap       ] GC(11) Humongous regions: 0->0
[2023-06-08T13:38:51.731+0100][gc,metaspace  ] GC(11) Metaspace: 21675K(22528K)->21675K(22528K) NonClass: 18687K(19200K)->18687K(19200K) Class: 2987K(3328K)->2987K(3328K)
[2023-06-08T13:38:51.731+0100][gc            ] GC(11) Pause Young (Concurrent Start) (G1 Humongous Allocation) 15M->8M(130M) 4.226ms
[2023-06-08T13:38:51.731+0100][gc,cpu        ] GC(11) User=0.02s Sys=0.00s Real=0.00s
[2023-06-08T13:38:51.731+0100][gc            ] GC(12) Concurrent Cycle
[2023-06-08T13:38:51.731+0100][gc,marking    ] GC(12) Concurrent Clear Claimed Marks
[2023-06-08T13:38:51.731+0100][gc,marking    ] GC(12) Concurrent Clear Claimed Marks 0.100ms
[2023-06-08T13:38:51.731+0100][gc,marking    ] GC(12) Concurrent Scan Root Regions
[2023-06-08T13:38:51.733+0100][gc,marking    ] GC(12) Concurrent Scan Root Regions 2.004ms
[2023-06-08T13:38:51.733+0100][gc,marking    ] GC(12) Concurrent Mark (4.168s)
[2023-06-08T13:38:51.733+0100][gc,marking    ] GC(12) Concurrent Mark From Roots
[2023-06-08T13:38:51.733+0100][gc,task       ] GC(12) Using 1 workers of 1 for marking
[2023-06-08T13:38:51.744+0100][gc,marking    ] GC(12) Concurrent Mark From Roots 10.665ms
[2023-06-08T13:38:51.744+0100][gc,marking    ] GC(12) Concurrent Preclean
[2023-06-08T13:38:51.744+0100][gc,marking    ] GC(12) Concurrent Preclean 0.155ms
[2023-06-08T13:38:51.744+0100][gc,marking    ] GC(12) Concurrent Mark (4.168s, 4.179s) 10.935ms
[2023-06-08T13:38:51.926+0100][gc,start      ] GC(12) Pause Remark
[2023-06-08T13:38:51.930+0100][gc,stringtable] GC(12) Cleaned string and symbol table, strings: 5259 processed, 1 removed, symbols: 54825 processed, 5 removed
[2023-06-08T13:38:51.931+0100][gc            ] GC(12) Pause Remark 137M->137M(256M) 4.329ms
[2023-06-08T13:38:51.931+0100][gc,cpu        ] GC(12) User=0.01s Sys=0.00s Real=0.00s
[2023-06-08T13:38:51.931+0100][gc,marking    ] GC(12) Concurrent Rebuild Remembered Sets
[2023-06-08T13:38:51.936+0100][gc,marking    ] GC(12) Concurrent Rebuild Remembered Sets 5.062ms
[2023-06-08T13:38:52.068+0100][gc,start      ] GC(12) Pause Cleanup
[2023-06-08T13:38:52.069+0100][gc            ] GC(12) Pause Cleanup 137M->137M(256M) 0.245ms
[2023-06-08T13:38:52.069+0100][gc,cpu        ] GC(12) User=0.00s Sys=0.00s Real=0.00s
[2023-06-08T13:38:52.069+0100][gc,marking    ] GC(12) Concurrent Cleanup for Next Mark
[2023-06-08T13:38:52.072+0100][gc,marking    ] GC(12) Concurrent Cleanup for Next Mark 3.262ms
[2023-06-08T13:38:52.072+0100][gc            ] GC(12) Concurrent Cycle 341.330ms
[2023-06-08T13:38:53.074+0100][gc,start      ] GC(13) Pause Young (Normal) (G1 Evacuation Pause)
[2023-06-08T13:38:53.074+0100][gc,task       ] GC(13) Using 4 workers of 4 for evacuation
[2023-06-08T13:38:53.084+0100][gc,phases     ] GC(13)   Pre Evacuate Collection Set: 0.0ms
[2023-06-08T13:38:53.084+0100][gc,phases     ] GC(13)   Evacuate Collection Set: 8.9ms
[2023-06-08T13:38:53.084+0100][gc,phases     ] GC(13)   Post Evacuate Collection Set: 0.4ms
[2023-06-08T13:38:53.084+0100][gc,phases     ] GC(13)   Other: 0.2ms
[2023-06-08T13:38:53.084+0100][gc,heap       ] GC(13) Eden regions: 18->0(20)
[2023-06-08T13:38:53.084+0100][gc,heap       ] GC(13) Survivor regions: 2->3(3)
[2023-06-08T13:38:53.084+0100][gc,heap       ] GC(13) Old regions: 9->9
[2023-06-08T13:38:53.084+0100][gc,heap       ] GC(13) Humongous regions: 129->129
[2023-06-08T13:38:53.084+0100][gc,metaspace  ] GC(13) Metaspace: 25189K(26240K)->25189K(26240K) NonClass: 21857K(22528K)->21857K(22528K) Class: 3331K(3712K)->3331K(3712K)
[2023-06-08T13:38:53.084+0100][gc            ] GC(13) Pause Young (Normal) (G1 Evacuation Pause) 155M->138M(256M) 9.745ms
[2023-06-08T13:38:53.084+0100][gc,cpu        ] GC(13) User=0.03s Sys=0.00s Real=0.01s
[2023-06-08T13:38:53.467+0100][gc,start      ] GC(14) Pause Young (Concurrent Start) (G1 Evacuation Pause)
[2023-06-08T13:38:53.467+0100][gc,task       ] GC(14) Using 4 workers of 4 for evacuation
[2023-06-08T13:38:53.474+0100][gc,phases     ] GC(14)   Pre Evacuate Collection Set: 0.1ms
[2023-06-08T13:38:53.474+0100][gc,phases     ] GC(14)   Evacuate Collection Set: 6.0ms
[2023-06-08T13:38:53.474+0100][gc,phases     ] GC(14)   Post Evacuate Collection Set: 0.8ms
[2023-06-08T13:38:53.474+0100][gc,phases     ] GC(14)   Other: 0.2ms
[2023-06-08T13:38:53.474+0100][gc,heap       ] GC(14) Eden regions: 20->0(22)
[2023-06-08T13:38:53.474+0100][gc,heap       ] GC(14) Survivor regions: 3->3(3)
[2023-06-08T13:38:53.474+0100][gc,heap       ] GC(14) Old regions: 9->10
[2023-06-08T13:38:53.474+0100][gc,heap       ] GC(14) Humongous regions: 129->129
[2023-06-08T13:38:53.474+0100][gc,metaspace  ] GC(14) Metaspace: 28106K(29184K)->28106K(29184K) NonClass: 24503K(25088K)->24503K(25088K) Class: 3603K(4096K)->3603K(4096K)
[2023-06-08T13:38:53.474+0100][gc            ] GC(14) Pause Young (Concurrent Start) (G1 Evacuation Pause) 158M->140M(256M) 7.181ms
[2023-06-08T13:38:53.474+0100][gc,cpu        ] GC(14) User=0.01s Sys=0.00s Real=0.01s
[2023-06-08T13:38:53.474+0100][gc            ] GC(15) Concurrent Cycle
[2023-06-08T13:38:53.474+0100][gc,marking    ] GC(15) Concurrent Clear Claimed Marks
[2023-06-08T13:38:53.475+0100][gc,marking    ] GC(15) Concurrent Clear Claimed Marks 0.174ms
[2023-06-08T13:38:53.475+0100][gc,marking    ] GC(15) Concurrent Scan Root Regions
[2023-06-08T13:38:53.478+0100][gc,marking    ] GC(15) Concurrent Scan Root Regions 2.941ms
[2023-06-08T13:38:53.478+0100][gc,marking    ] GC(15) Concurrent Mark (5.913s)
[2023-06-08T13:38:53.478+0100][gc,marking    ] GC(15) Concurrent Mark From Roots
[2023-06-08T13:38:53.478+0100][gc,task       ] GC(15) Using 1 workers of 1 for marking
[2023-06-08T13:38:53.492+0100][gc,marking    ] GC(15) Concurrent Mark From Roots 14.158ms
[2023-06-08T13:38:53.492+0100][gc,marking    ] GC(15) Concurrent Preclean
[2023-06-08T13:38:53.492+0100][gc,marking    ] GC(15) Concurrent Preclean 0.087ms
[2023-06-08T13:38:53.492+0100][gc,marking    ] GC(15) Concurrent Mark (5.913s, 5.927s) 14.338ms
[2023-06-08T13:38:53.493+0100][gc,start      ] GC(15) Pause Remark
[2023-06-08T13:38:53.498+0100][gc,stringtable] GC(15) Cleaned string and symbol table, strings: 7968 processed, 1 removed, symbols: 65056 processed, 3 removed
[2023-06-08T13:38:53.498+0100][gc            ] GC(15) Pause Remark 140M->140M(256M) 5.105ms
[2023-06-08T13:38:53.498+0100][gc,cpu        ] GC(15) User=0.01s Sys=0.00s Real=0.00s
[2023-06-08T13:38:53.498+0100][gc,marking    ] GC(15) Concurrent Rebuild Remembered Sets
[2023-06-08T13:38:53.506+0100][gc,marking    ] GC(15) Concurrent Rebuild Remembered Sets 7.377ms
[2023-06-08T13:38:53.506+0100][gc,start      ] GC(15) Pause Cleanup
[2023-06-08T13:38:53.506+0100][gc            ] GC(15) Pause Cleanup 140M->140M(256M) 0.151ms
[2023-06-08T13:38:53.506+0100][gc,cpu        ] GC(15) User=0.00s Sys=0.00s Real=0.00s
[2023-06-08T13:38:53.506+0100][gc,marking    ] GC(15) Concurrent Cleanup for Next Mark
[2023-06-08T13:38:53.511+0100][gc,marking    ] GC(15) Concurrent Cleanup for Next Mark 4.643ms
[2023-06-08T13:38:53.511+0100][gc            ] GC(15) Concurrent Cycle 36.403ms
[2023-06-08T13:38:54.330+0100][gc,start      ] GC(16) Pause Young (Normal) (G1 Evacuation Pause)
[2023-06-08T13:38:54.330+0100][gc,task       ] GC(16) Using 4 workers of 4 for evacuation
[2023-06-08T13:38:54.336+0100][gc,phases     ] GC(16)   Pre Evacuate Collection Set: 0.0ms
[2023-06-08T13:38:54.336+0100][gc,phases     ] GC(16)   Evacuate Collection Set: 5.8ms
[2023-06-08T13:38:54.336+0100][gc,phases     ] GC(16)   Post Evacuate Collection Set: 0.5ms
[2023-06-08T13:38:54.336+0100][gc,phases     ] GC(16)   Other: 0.2ms
[2023-06-08T13:38:54.336+0100][gc,heap       ] GC(16) Eden regions: 15->0(22)
[2023-06-08T13:38:54.336+0100][gc,heap       ] GC(16) Survivor regions: 3->2(3)
[2023-06-08T13:38:54.336+0100][gc,heap       ] GC(16) Old regions: 10->13
[2023-06-08T13:38:54.336+0100][gc,heap       ] GC(16) Humongous regions: 129->129
[2023-06-08T13:38:54.336+0100][gc,metaspace  ] GC(16) Metaspace: 31182K(32384K)->31182K(32384K) NonClass: 27213K(27904K)->27213K(27904K) Class: 3968K(4480K)->3968K(4480K)
[2023-06-08T13:38:54.336+0100][gc            ] GC(16) Pause Young (Normal) (G1 Evacuation Pause) 155M->141M(256M) 6.703ms
[2023-06-08T13:38:54.336+0100][gc,cpu        ] GC(16) User=0.02s Sys=0.01s Real=0.01s
[2023-06-08T13:39:22.128+0100][gc,start      ] GC(17) Pause Young (Concurrent Start) (G1 Evacuation Pause)
[2023-06-08T13:39:22.128+0100][gc,task       ] GC(17) Using 4 workers of 4 for evacuation
[2023-06-08T13:39:22.138+0100][gc,phases     ] GC(17)   Pre Evacuate Collection Set: 0.2ms
[2023-06-08T13:39:22.138+0100][gc,phases     ] GC(17)   Evacuate Collection Set: 8.8ms
[2023-06-08T13:39:22.138+0100][gc,phases     ] GC(17)   Post Evacuate Collection Set: 0.8ms
[2023-06-08T13:39:22.138+0100][gc,phases     ] GC(17)   Other: 0.5ms
[2023-06-08T13:39:22.138+0100][gc,heap       ] GC(17) Eden regions: 22->0(24)
[2023-06-08T13:39:22.138+0100][gc,heap       ] GC(17) Survivor regions: 2->3(3)
[2023-06-08T13:39:22.138+0100][gc,heap       ] GC(17) Old regions: 13->13
[2023-06-08T13:39:22.138+0100][gc,heap       ] GC(17) Humongous regions: 129->129
[2023-06-08T13:39:22.138+0100][gc,metaspace  ] GC(17) Metaspace: 35636K(37248K)->35636K(37248K) NonClass: 31076K(32000K)->31076K(32000K) Class: 4559K(5248K)->4559K(5248K)
[2023-06-08T13:39:22.138+0100][gc            ] GC(17) Pause Young (Concurrent Start) (G1 Evacuation Pause) 163M->142M(256M) 10.631ms
[2023-06-08T13:39:22.139+0100][gc,cpu        ] GC(17) User=0.04s Sys=0.00s Real=0.01s
[2023-06-08T13:39:22.139+0100][gc            ] GC(18) Concurrent Cycle
[2023-06-08T13:39:22.139+0100][gc,marking    ] GC(18) Concurrent Clear Claimed Marks
[2023-06-08T13:39:22.139+0100][gc,marking    ] GC(18) Concurrent Clear Claimed Marks 0.217ms
[2023-06-08T13:39:22.139+0100][gc,marking    ] GC(18) Concurrent Scan Root Regions
[2023-06-08T13:39:22.144+0100][gc,marking    ] GC(18) Concurrent Scan Root Regions 5.488ms
[2023-06-08T13:39:22.144+0100][gc,marking    ] GC(18) Concurrent Mark (34.580s)
[2023-06-08T13:39:22.144+0100][gc,marking    ] GC(18) Concurrent Mark From Roots
[2023-06-08T13:39:22.145+0100][gc,task       ] GC(18) Using 1 workers of 1 for marking
[2023-06-08T13:39:22.182+0100][gc,marking    ] GC(18) Concurrent Mark From Roots 37.449ms
[2023-06-08T13:39:22.182+0100][gc,marking    ] GC(18) Concurrent Preclean
[2023-06-08T13:39:22.182+0100][gc,marking    ] GC(18) Concurrent Preclean 0.138ms
[2023-06-08T13:39:22.182+0100][gc,marking    ] GC(18) Concurrent Mark (34.580s, 34.617s) 37.688ms
[2023-06-08T13:39:22.182+0100][gc,start      ] GC(18) Pause Remark
[2023-06-08T13:39:22.191+0100][gc,stringtable] GC(18) Cleaned string and symbol table, strings: 10485 processed, 12 removed, symbols: 85583 processed, 10 removed
[2023-06-08T13:39:22.191+0100][gc            ] GC(18) Pause Remark 142M->142M(256M) 8.733ms
[2023-06-08T13:39:22.191+0100][gc,cpu        ] GC(18) User=0.03s Sys=0.00s Real=0.00s
[2023-06-08T13:39:22.191+0100][gc,marking    ] GC(18) Concurrent Rebuild Remembered Sets
[2023-06-08T13:39:22.202+0100][gc,marking    ] GC(18) Concurrent Rebuild Remembered Sets 10.664ms
[2023-06-08T13:39:22.202+0100][gc,start      ] GC(18) Pause Cleanup
[2023-06-08T13:39:22.202+0100][gc            ] GC(18) Pause Cleanup 142M->142M(256M) 0.125ms
[2023-06-08T13:39:22.202+0100][gc,cpu        ] GC(18) User=0.00s Sys=0.00s Real=0.00s
[2023-06-08T13:39:22.202+0100][gc,marking    ] GC(18) Concurrent Cleanup for Next Mark
[2023-06-08T13:39:22.203+0100][gc,marking    ] GC(18) Concurrent Cleanup for Next Mark 0.665ms
[2023-06-08T13:39:22.203+0100][gc            ] GC(18) Concurrent Cycle 64.482ms
[2023-06-08T13:48:58.779+0100][gc,start      ] GC(19) Pause Young (Normal) (G1 Evacuation Pause)
[2023-06-08T13:48:58.779+0100][gc,task       ] GC(19) Using 4 workers of 4 for evacuation
[2023-06-08T13:48:58.796+0100][gc,phases     ] GC(19)   Pre Evacuate Collection Set: 0.1ms
[2023-06-08T13:48:58.796+0100][gc,phases     ] GC(19)   Evacuate Collection Set: 15.9ms
[2023-06-08T13:48:58.796+0100][gc,phases     ] GC(19)   Post Evacuate Collection Set: 0.7ms
[2023-06-08T13:48:58.797+0100][gc,phases     ] GC(19)   Other: 0.4ms
[2023-06-08T13:48:58.797+0100][gc,heap       ] GC(19) Eden regions: 19->0(23)
[2023-06-08T13:48:58.797+0100][gc,heap       ] GC(19) Survivor regions: 3->2(3)
[2023-06-08T13:48:58.797+0100][gc,heap       ] GC(19) Old regions: 13->14
[2023-06-08T13:48:58.797+0100][gc,heap       ] GC(19) Humongous regions: 129->129
[2023-06-08T13:48:58.797+0100][gc,metaspace  ] GC(19) Metaspace: 35869K(37504K)->35869K(37504K) NonClass: 31298K(32256K)->31298K(32256K) Class: 4571K(5248K)->4571K(5248K)
[2023-06-08T13:48:58.797+0100][gc            ] GC(19) Pause Young (Normal) (G1 Evacuation Pause) 161M->142M(256M) 17.241ms
[2023-06-08T13:48:58.797+0100][gc,cpu        ] GC(19) User=0.02s Sys=0.00s Real=0.02s
[2023-06-08T13:51:51.468+0100][gc,start      ] GC(20) Pause Young (Concurrent Start) (G1 Evacuation Pause)
[2023-06-08T13:51:51.491+0100][gc,task       ] GC(20) Using 4 workers of 4 for evacuation
[2023-06-08T13:51:51.496+0100][gc,phases     ] GC(20)   Pre Evacuate Collection Set: 0.2ms
[2023-06-08T13:51:51.496+0100][gc,phases     ] GC(20)   Evacuate Collection Set: 3.4ms
[2023-06-08T13:51:51.496+0100][gc,phases     ] GC(20)   Post Evacuate Collection Set: 1.4ms
[2023-06-08T13:51:51.496+0100][gc,phases     ] GC(20)   Other: 22.8ms
[2023-06-08T13:51:51.496+0100][gc,heap       ] GC(20) Eden regions: 23->0(30)
[2023-06-08T13:51:51.496+0100][gc,heap       ] GC(20) Survivor regions: 2->2(4)
[2023-06-08T13:51:51.496+0100][gc,heap       ] GC(20) Old regions: 14->14
[2023-06-08T13:51:51.496+0100][gc,heap       ] GC(20) Humongous regions: 129->129
[2023-06-08T13:51:51.496+0100][gc,metaspace  ] GC(20) Metaspace: 36154K(37760K)->36154K(37760K) NonClass: 31582K(32512K)->31582K(32512K) Class: 4572K(5248K)->4572K(5248K)
[2023-06-08T13:51:51.496+0100][gc            ] GC(20) Pause Young (Concurrent Start) (G1 Evacuation Pause) 165M->142M(256M) 28.036ms
[2023-06-08T13:51:51.496+0100][gc,cpu        ] GC(20) User=0.02s Sys=0.00s Real=0.03s
[2023-06-08T13:51:51.497+0100][gc            ] GC(21) Concurrent Cycle
[2023-06-08T13:51:51.497+0100][gc,marking    ] GC(21) Concurrent Clear Claimed Marks
[2023-06-08T13:51:51.517+0100][gc,marking    ] GC(21) Concurrent Clear Claimed Marks 20.617ms
[2023-06-08T13:51:51.517+0100][gc,marking    ] GC(21) Concurrent Scan Root Regions
[2023-06-08T13:51:51.519+0100][gc,marking    ] GC(21) Concurrent Scan Root Regions 1.737ms
[2023-06-08T13:51:51.519+0100][gc,marking    ] GC(21) Concurrent Mark (783.954s)
[2023-06-08T13:51:51.519+0100][gc,marking    ] GC(21) Concurrent Mark From Roots
[2023-06-08T13:51:51.519+0100][gc,task       ] GC(21) Using 1 workers of 1 for marking
[2023-06-08T13:51:51.584+0100][gc,marking    ] GC(21) Concurrent Mark From Roots 64.778ms
[2023-06-08T13:51:51.584+0100][gc,marking    ] GC(21) Concurrent Preclean
[2023-06-08T13:51:51.584+0100][gc,marking    ] GC(21) Concurrent Preclean 0.442ms
[2023-06-08T13:51:51.584+0100][gc,marking    ] GC(21) Concurrent Mark (783.954s, 784.019s) 65.317ms
[2023-06-08T13:51:51.585+0100][gc,start      ] GC(21) Pause Remark
[2023-06-08T13:51:51.918+0100][gc,stringtable] GC(21) Cleaned string and symbol table, strings: 10741 processed, 287 removed, symbols: 85657 processed, 2 removed
[2023-06-08T13:51:51.934+0100][gc,mmu        ] GC(21) MMU target violated: 21.0ms (20.0ms/21.0ms)
[2023-06-08T13:51:51.934+0100][gc            ] GC(21) Pause Remark 143M->143M(256M) 349.456ms
[2023-06-08T13:51:51.934+0100][gc,cpu        ] GC(21) User=0.05s Sys=0.00s Real=0.35s
[2023-06-08T13:51:51.934+0100][gc,marking    ] GC(21) Concurrent Rebuild Remembered Sets
[2023-06-08T13:51:51.946+0100][gc,marking    ] GC(21) Concurrent Rebuild Remembered Sets 11.574ms
[2023-06-08T13:51:51.946+0100][gc,start      ] GC(21) Pause Cleanup
[2023-06-08T13:51:51.946+0100][gc            ] GC(21) Pause Cleanup 143M->143M(256M) 0.109ms
[2023-06-08T13:51:51.946+0100][gc,cpu        ] GC(21) User=0.00s Sys=0.00s Real=0.00s
[2023-06-08T13:51:51.946+0100][gc,marking    ] GC(21) Concurrent Cleanup for Next Mark
[2023-06-08T13:51:51.947+0100][gc,marking    ] GC(21) Concurrent Cleanup for Next Mark 0.683ms
[2023-06-08T13:51:51.947+0100][gc            ] GC(21) Concurrent Cycle 450.308ms
[2023-06-08T13:54:47.586+0100][gc,start      ] GC(22) Pause Young (Normal) (G1 Evacuation Pause)
[2023-06-08T13:54:47.586+0100][gc,task       ] GC(22) Using 4 workers of 4 for evacuation
[2023-06-08T13:54:47.589+0100][gc,phases     ] GC(22)   Pre Evacuate Collection Set: 0.0ms
[2023-06-08T13:54:47.589+0100][gc,phases     ] GC(22)   Evacuate Collection Set: 2.4ms
[2023-06-08T13:54:47.589+0100][gc,phases     ] GC(22)   Post Evacuate Collection Set: 0.6ms
[2023-06-08T13:54:47.589+0100][gc,phases     ] GC(22)   Other: 0.3ms
[2023-06-08T13:54:47.589+0100][gc,heap       ] GC(22) Eden regions: 27->0(67)
[2023-06-08T13:54:47.589+0100][gc,heap       ] GC(22) Survivor regions: 2->2(4)
[2023-06-08T13:54:47.589+0100][gc,heap       ] GC(22) Old regions: 14->14
[2023-06-08T13:54:47.589+0100][gc,heap       ] GC(22) Humongous regions: 129->129
[2023-06-08T13:54:47.589+0100][gc,metaspace  ] GC(22) Metaspace: 36082K(37760K)->36082K(37760K) NonClass: 31547K(32512K)->31547K(32512K) Class: 4535K(5248K)->4535K(5248K)
[2023-06-08T13:54:47.589+0100][gc            ] GC(22) Pause Young (Normal) (G1 Evacuation Pause) 169M->142M(256M) 3.417ms
[2023-06-08T13:54:47.589+0100][gc,cpu        ] GC(22) User=0.01s Sys=0.00s Real=0.00s
[2023-06-08T14:02:17.813+0100][gc,start      ] GC(23) Pause Young (Concurrent Start) (G1 Evacuation Pause)
[2023-06-08T14:02:17.823+0100][gc,task       ] GC(23) Using 4 workers of 4 for evacuation
[2023-06-08T14:02:17.830+0100][gc,phases     ] GC(23)   Pre Evacuate Collection Set: 0.2ms
[2023-06-08T14:02:17.830+0100][gc,phases     ] GC(23)   Evacuate Collection Set: 5.0ms
[2023-06-08T14:02:17.830+0100][gc,phases     ] GC(23)   Post Evacuate Collection Set: 1.6ms
[2023-06-08T14:02:17.830+0100][gc,phases     ] GC(23)   Other: 10.3ms
[2023-06-08T14:02:17.830+0100][gc,heap       ] GC(23) Eden regions: 67->0(76)
[2023-06-08T14:02:17.830+0100][gc,heap       ] GC(23) Survivor regions: 2->2(9)
[2023-06-08T14:02:17.831+0100][gc,heap       ] GC(23) Old regions: 14->14
[2023-06-08T14:02:17.831+0100][gc,heap       ] GC(23) Humongous regions: 129->129
[2023-06-08T14:02:17.831+0100][gc,metaspace  ] GC(23) Metaspace: 36132K(37760K)->36132K(37760K) NonClass: 31596K(32512K)->31596K(32512K) Class: 4536K(5248K)->4536K(5248K)
[2023-06-08T14:02:17.831+0100][gc            ] GC(23) Pause Young (Concurrent Start) (G1 Evacuation Pause) 209M->142M(256M) 17.243ms
[2023-06-08T14:02:17.831+0100][gc,cpu        ] GC(23) User=0.01s Sys=0.01s Real=0.01s
[2023-06-08T14:02:17.831+0100][gc            ] GC(24) Concurrent Cycle
[2023-06-08T14:02:17.831+0100][gc,marking    ] GC(24) Concurrent Clear Claimed Marks
[2023-06-08T14:02:17.831+0100][gc,marking    ] GC(24) Concurrent Clear Claimed Marks 0.302ms
[2023-06-08T14:02:17.831+0100][gc,marking    ] GC(24) Concurrent Scan Root Regions
[2023-06-08T14:02:17.833+0100][gc,marking    ] GC(24) Concurrent Scan Root Regions 2.222ms
[2023-06-08T14:02:17.833+0100][gc,marking    ] GC(24) Concurrent Mark (1410.268s)
[2023-06-08T14:02:17.833+0100][gc,marking    ] GC(24) Concurrent Mark From Roots
[2023-06-08T14:02:17.833+0100][gc,task       ] GC(24) Using 1 workers of 1 for marking
[2023-06-08T14:02:17.861+0100][gc,marking    ] GC(24) Concurrent Mark From Roots 27.982ms
[2023-06-08T14:02:17.861+0100][gc,marking    ] GC(24) Concurrent Preclean
[2023-06-08T14:02:17.862+0100][gc,marking    ] GC(24) Concurrent Preclean 0.315ms
[2023-06-08T14:02:17.862+0100][gc,marking    ] GC(24) Concurrent Mark (1410.268s, 1410.297s) 28.449ms
[2023-06-08T14:02:17.862+0100][gc,start      ] GC(24) Pause Remark
[2023-06-08T14:02:17.871+0100][gc,stringtable] GC(24) Cleaned string and symbol table, strings: 10491 processed, 0 removed, symbols: 85663 processed, 17 removed
[2023-06-08T14:02:17.871+0100][gc            ] GC(24) Pause Remark 143M->143M(256M) 9.448ms
[2023-06-08T14:02:17.872+0100][gc,cpu        ] GC(24) User=0.03s Sys=0.00s Real=0.00s
[2023-06-08T14:02:17.872+0100][gc,marking    ] GC(24) Concurrent Rebuild Remembered Sets
[2023-06-08T14:02:17.883+0100][gc,marking    ] GC(24) Concurrent Rebuild Remembered Sets 11.795ms
[2023-06-08T14:02:17.884+0100][gc,start      ] GC(24) Pause Cleanup
[2023-06-08T14:02:17.884+0100][gc            ] GC(24) Pause Cleanup 143M->143M(256M) 0.143ms
[2023-06-08T14:02:17.884+0100][gc,cpu        ] GC(24) User=0.00s Sys=0.00s Real=0.00s
[2023-06-08T14:02:17.884+0100][gc,marking    ] GC(24) Concurrent Cleanup for Next Mark
[2023-06-08T14:02:17.885+0100][gc,marking    ] GC(24) Concurrent Cleanup for Next Mark 0.681ms
[2023-06-08T14:02:17.885+0100][gc            ] GC(24) Concurrent Cycle 53.831ms
[2023-06-08T14:10:55.174+0100][gc,start      ] GC(25) Pause Young (Normal) (G1 Evacuation Pause)
[2023-06-08T14:10:55.221+0100][gc,task       ] GC(25) Using 4 workers of 4 for evacuation
[2023-06-08T14:10:55.345+0100][gc,mmu        ] GC(25) MMU target violated: 21.0ms (20.0ms/21.0ms)
[2023-06-08T14:10:55.345+0100][gc,phases     ] GC(25)   Pre Evacuate Collection Set: 13.0ms
[2023-06-08T14:10:55.345+0100][gc,phases     ] GC(25)   Evacuate Collection Set: 70.3ms
[2023-06-08T14:10:55.345+0100][gc,phases     ] GC(25)   Post Evacuate Collection Set: 25.8ms
[2023-06-08T14:10:55.345+0100][gc,phases     ] GC(25)   Other: 80.3ms
[2023-06-08T14:10:55.345+0100][gc,heap       ] GC(25) Eden regions: 76->0(10)
[2023-06-08T14:10:55.345+0100][gc,heap       ] GC(25) Survivor regions: 2->2(10)
[2023-06-08T14:10:55.345+0100][gc,heap       ] GC(25) Old regions: 14->14
[2023-06-08T14:10:55.345+0100][gc,heap       ] GC(25) Humongous regions: 129->129
[2023-06-08T14:10:55.345+0100][gc,metaspace  ] GC(25) Metaspace: 36170K(37760K)->36170K(37760K) NonClass: 31634K(32512K)->31634K(32512K) Class: 4536K(5248K)->4536K(5248K)
[2023-06-08T14:10:55.345+0100][gc            ] GC(25) Pause Young (Normal) (G1 Evacuation Pause) 218M->142M(256M) 171.435ms
[2023-06-08T14:10:55.345+0100][gc,cpu        ] GC(25) User=0.06s Sys=0.02s Real=0.17s
[2023-06-08T14:12:02.404+0100][gc,start      ] GC(26) Pause Young (Concurrent Start) (G1 Evacuation Pause)
[2023-06-08T14:12:02.404+0100][gc,task       ] GC(26) Using 4 workers of 4 for evacuation
[2023-06-08T14:12:02.419+0100][gc,phases     ] GC(26)   Pre Evacuate Collection Set: 0.2ms
[2023-06-08T14:12:02.419+0100][gc,phases     ] GC(26)   Evacuate Collection Set: 14.3ms
[2023-06-08T14:12:02.419+0100][gc,phases     ] GC(26)   Post Evacuate Collection Set: 1.0ms
[2023-06-08T14:12:02.419+0100][gc,phases     ] GC(26)   Other: 0.3ms
[2023-06-08T14:12:02.420+0100][gc,heap       ] GC(26) Eden regions: 10->0(11)
[2023-06-08T14:12:02.420+0100][gc,heap       ] GC(26) Survivor regions: 2->1(2)
[2023-06-08T14:12:02.420+0100][gc,heap       ] GC(26) Old regions: 14->15
[2023-06-08T14:12:02.420+0100][gc,heap       ] GC(26) Humongous regions: 129->129
[2023-06-08T14:12:02.420+0100][gc,metaspace  ] GC(26) Metaspace: 36170K(37760K)->36170K(37760K) NonClass: 31634K(32512K)->31634K(32512K) Class: 4536K(5248K)->4536K(5248K)
[2023-06-08T14:12:02.420+0100][gc            ] GC(26) Pause Young (Concurrent Start) (G1 Evacuation Pause) 152M->142M(256M) 16.167ms
[2023-06-08T14:12:02.420+0100][gc,cpu        ] GC(26) User=0.01s Sys=0.01s Real=0.01s
[2023-06-08T14:12:02.420+0100][gc            ] GC(27) Concurrent Cycle
[2023-06-08T14:12:02.420+0100][gc,marking    ] GC(27) Concurrent Clear Claimed Marks
[2023-06-08T14:12:02.420+0100][gc,marking    ] GC(27) Concurrent Clear Claimed Marks 0.245ms
[2023-06-08T14:12:02.420+0100][gc,marking    ] GC(27) Concurrent Scan Root Regions
[2023-06-08T14:12:02.425+0100][gc,marking    ] GC(27) Concurrent Scan Root Regions 5.172ms
[2023-06-08T14:12:02.425+0100][gc,marking    ] GC(27) Concurrent Mark (1994.861s)
[2023-06-08T14:12:02.425+0100][gc,marking    ] GC(27) Concurrent Mark From Roots
[2023-06-08T14:12:02.425+0100][gc,task       ] GC(27) Using 1 workers of 1 for marking
[2023-06-08T14:12:02.462+0100][gc,marking    ] GC(27) Concurrent Mark From Roots 36.862ms
[2023-06-08T14:12:02.462+0100][gc,marking    ] GC(27) Concurrent Preclean
[2023-06-08T14:12:02.463+0100][gc,marking    ] GC(27) Concurrent Preclean 0.223ms
[2023-06-08T14:12:02.463+0100][gc,marking    ] GC(27) Concurrent Mark (1994.861s, 1994.898s) 37.205ms
[2023-06-08T14:12:02.463+0100][gc,start      ] GC(27) Pause Remark
[2023-06-08T14:12:02.470+0100][gc,stringtable] GC(27) Cleaned string and symbol table, strings: 10516 processed, 0 removed, symbols: 85646 processed, 0 removed
[2023-06-08T14:12:02.470+0100][gc            ] GC(27) Pause Remark 142M->142M(256M) 7.097ms
[2023-06-08T14:12:02.470+0100][gc,cpu        ] GC(27) User=0.03s Sys=0.00s Real=0.00s
[2023-06-08T14:12:02.470+0100][gc,marking    ] GC(27) Concurrent Rebuild Remembered Sets
[2023-06-08T14:12:02.485+0100][gc,marking    ] GC(27) Concurrent Rebuild Remembered Sets 15.291ms
[2023-06-08T14:12:02.486+0100][gc,start      ] GC(27) Pause Cleanup
[2023-06-08T14:12:02.486+0100][gc            ] GC(27) Pause Cleanup 142M->142M(256M) 0.123ms
[2023-06-08T14:12:02.486+0100][gc,cpu        ] GC(27) User=0.00s Sys=0.00s Real=0.00s
[2023-06-08T14:12:02.486+0100][gc,marking    ] GC(27) Concurrent Cleanup for Next Mark
[2023-06-08T14:12:02.487+0100][gc,marking    ] GC(27) Concurrent Cleanup for Next Mark 0.741ms
[2023-06-08T14:12:02.487+0100][gc            ] GC(27) Concurrent Cycle 66.783ms
[2023-06-08T14:13:18.956+0100][gc,start      ] GC(28) Pause Young (Normal) (G1 Evacuation Pause)
[2023-06-08T14:13:18.956+0100][gc,task       ] GC(28) Using 4 workers of 4 for evacuation
[2023-06-08T14:13:18.958+0100][gc,phases     ] GC(28)   Pre Evacuate Collection Set: 0.0ms
[2023-06-08T14:13:18.958+0100][gc,phases     ] GC(28)   Evacuate Collection Set: 1.3ms
[2023-06-08T14:13:18.958+0100][gc,phases     ] GC(28)   Post Evacuate Collection Set: 0.5ms
[2023-06-08T14:13:18.958+0100][gc,phases     ] GC(28)   Other: 0.3ms
[2023-06-08T14:13:18.958+0100][gc,heap       ] GC(28) Eden regions: 11->0(44)
[2023-06-08T14:13:18.958+0100][gc,heap       ] GC(28) Survivor regions: 1->1(2)
[2023-06-08T14:13:18.958+0100][gc,heap       ] GC(28) Old regions: 15->15
[2023-06-08T14:13:18.958+0100][gc,heap       ] GC(28) Humongous regions: 129->129
[2023-06-08T14:13:18.958+0100][gc,metaspace  ] GC(28) Metaspace: 36182K(37760K)->36182K(37760K) NonClass: 31646K(32512K)->31646K(32512K) Class: 4536K(5248K)->4536K(5248K)
[2023-06-08T14:13:18.958+0100][gc            ] GC(28) Pause Young (Normal) (G1 Evacuation Pause) 153M->142M(256M) 2.180ms
[2023-06-08T14:13:18.958+0100][gc,cpu        ] GC(28) User=0.00s Sys=0.00s Real=0.00s
[2023-06-08T14:18:16.401+0100][gc,start      ] GC(29) Pause Young (Concurrent Start) (G1 Evacuation Pause)
[2023-06-08T14:18:16.419+0100][gc,task       ] GC(29) Using 4 workers of 4 for evacuation
[2023-06-08T14:18:16.424+0100][gc,phases     ] GC(29)   Pre Evacuate Collection Set: 0.2ms
[2023-06-08T14:18:16.424+0100][gc,phases     ] GC(29)   Evacuate Collection Set: 2.9ms
[2023-06-08T14:18:16.424+0100][gc,phases     ] GC(29)   Post Evacuate Collection Set: 1.0ms
[2023-06-08T14:18:16.424+0100][gc,phases     ] GC(29)   Other: 18.8ms
[2023-06-08T14:18:16.424+0100][gc,heap       ] GC(29) Eden regions: 44->0(72)
[2023-06-08T14:18:16.424+0100][gc,heap       ] GC(29) Survivor regions: 1->1(6)
[2023-06-08T14:18:16.424+0100][gc,heap       ] GC(29) Old regions: 15->15
[2023-06-08T14:18:16.424+0100][gc,heap       ] GC(29) Humongous regions: 129->129
[2023-06-08T14:18:16.424+0100][gc,metaspace  ] GC(29) Metaspace: 36186K(37760K)->36186K(37760K) NonClass: 31650K(32512K)->31650K(32512K) Class: 4536K(5248K)->4536K(5248K)
[2023-06-08T14:18:16.425+0100][gc            ] GC(29) Pause Young (Concurrent Start) (G1 Evacuation Pause) 186M->142M(256M) 23.323ms
[2023-06-08T14:18:16.425+0100][gc,cpu        ] GC(29) User=0.01s Sys=0.00s Real=0.02s
[2023-06-08T14:18:16.425+0100][gc            ] GC(30) Concurrent Cycle
[2023-06-08T14:18:16.425+0100][gc,marking    ] GC(30) Concurrent Clear Claimed Marks
[2023-06-08T14:18:16.425+0100][gc,marking    ] GC(30) Concurrent Clear Claimed Marks 0.167ms
[2023-06-08T14:18:16.425+0100][gc,marking    ] GC(30) Concurrent Scan Root Regions
[2023-06-08T14:18:16.426+0100][gc,marking    ] GC(30) Concurrent Scan Root Regions 1.069ms
[2023-06-08T14:18:16.426+0100][gc,marking    ] GC(30) Concurrent Mark (2368.861s)
[2023-06-08T14:18:16.426+0100][gc,marking    ] GC(30) Concurrent Mark From Roots
[2023-06-08T14:18:16.426+0100][gc,task       ] GC(30) Using 1 workers of 1 for marking
[2023-06-08T14:18:16.467+0100][gc,marking    ] GC(30) Concurrent Mark From Roots 41.127ms
[2023-06-08T14:18:16.467+0100][gc,marking    ] GC(30) Concurrent Preclean
[2023-06-08T14:18:16.468+0100][gc,marking    ] GC(30) Concurrent Preclean 0.251ms
[2023-06-08T14:18:16.468+0100][gc,marking    ] GC(30) Concurrent Mark (2368.861s, 2368.903s) 41.518ms
[2023-06-08T14:18:16.468+0100][gc,start      ] GC(30) Pause Remark
[2023-06-08T14:18:16.479+0100][gc,stringtable] GC(30) Cleaned string and symbol table, strings: 10538 processed, 5 removed, symbols: 85646 processed, 0 removed
[2023-06-08T14:18:16.480+0100][gc            ] GC(30) Pause Remark 142M->142M(256M) 11.775ms
[2023-06-08T14:18:16.480+0100][gc,cpu        ] GC(30) User=0.04s Sys=0.00s Real=0.01s
[2023-06-08T14:18:16.480+0100][gc,marking    ] GC(30) Concurrent Rebuild Remembered Sets
[2023-06-08T14:18:16.503+0100][gc,marking    ] GC(30) Concurrent Rebuild Remembered Sets 23.033ms
[2023-06-08T14:18:16.503+0100][gc,start      ] GC(30) Pause Cleanup
[2023-06-08T14:18:16.503+0100][gc            ] GC(30) Pause Cleanup 143M->143M(256M) 0.207ms
[2023-06-08T14:18:16.503+0100][gc,cpu        ] GC(30) User=0.00s Sys=0.00s Real=0.00s
[2023-06-08T14:18:16.504+0100][gc,marking    ] GC(30) Concurrent Cleanup for Next Mark
[2023-06-08T14:18:16.505+0100][gc,marking    ] GC(30) Concurrent Cleanup for Next Mark 1.431ms
[2023-06-08T14:18:16.505+0100][gc            ] GC(30) Concurrent Cycle 80.452ms
[2023-06-08T14:26:42.218+0100][gc,start      ] GC(31) Pause Young (Normal) (G1 Evacuation Pause)
[2023-06-08T14:26:42.218+0100][gc,task       ] GC(31) Using 4 workers of 4 for evacuation
[2023-06-08T14:26:42.220+0100][gc,phases     ] GC(31)   Pre Evacuate Collection Set: 0.0ms
[2023-06-08T14:26:42.220+0100][gc,phases     ] GC(31)   Evacuate Collection Set: 1.3ms
[2023-06-08T14:26:42.220+0100][gc,phases     ] GC(31)   Post Evacuate Collection Set: 0.4ms
[2023-06-08T14:26:42.220+0100][gc,phases     ] GC(31)   Other: 0.2ms
[2023-06-08T14:26:42.220+0100][gc,heap       ] GC(31) Eden regions: 72->0(78)
[2023-06-08T14:26:42.220+0100][gc,heap       ] GC(31) Survivor regions: 1->1(10)
[2023-06-08T14:26:42.220+0100][gc,heap       ] GC(31) Old regions: 15->15
[2023-06-08T14:26:42.220+0100][gc,heap       ] GC(31) Humongous regions: 129->129
[2023-06-08T14:26:42.220+0100][gc,metaspace  ] GC(31) Metaspace: 36230K(38016K)->36230K(38016K) NonClass: 31699K(32768K)->31699K(32768K) Class: 4530K(5248K)->4530K(5248K)
[2023-06-08T14:26:42.220+0100][gc            ] GC(31) Pause Young (Normal) (G1 Evacuation Pause) 214M->142M(256M) 2.116ms
[2023-06-08T14:26:42.220+0100][gc,cpu        ] GC(31) User=0.01s Sys=0.00s Real=0.00s
[2023-06-08T14:35:57.774+0100][gc,start      ] GC(32) Pause Young (Concurrent Start) (G1 Evacuation Pause)
[2023-06-08T14:35:57.806+0100][gc,task       ] GC(32) Using 4 workers of 4 for evacuation
[2023-06-08T14:35:57.810+0100][gc,phases     ] GC(32)   Pre Evacuate Collection Set: 0.2ms
[2023-06-08T14:35:57.810+0100][gc,phases     ] GC(32)   Evacuate Collection Set: 2.2ms
[2023-06-08T14:35:57.810+0100][gc,phases     ] GC(32)   Post Evacuate Collection Set: 1.4ms
[2023-06-08T14:35:57.810+0100][gc,phases     ] GC(32)   Other: 41.4ms
[2023-06-08T14:35:57.810+0100][gc,heap       ] GC(32) Eden regions: 78->0(79)
[2023-06-08T14:35:57.810+0100][gc,heap       ] GC(32) Survivor regions: 1->1(10)
[2023-06-08T14:35:57.810+0100][gc,heap       ] GC(32) Old regions: 15->15
[2023-06-08T14:35:57.810+0100][gc,heap       ] GC(32) Humongous regions: 129->129
[2023-06-08T14:35:57.810+0100][gc,metaspace  ] GC(32) Metaspace: 36252K(38016K)->36252K(38016K) NonClass: 31721K(32768K)->31721K(32768K) Class: 4530K(5248K)->4530K(5248K)
[2023-06-08T14:35:57.810+0100][gc            ] GC(32) Pause Young (Concurrent Start) (G1 Evacuation Pause) 220M->142M(256M) 36.524ms
[2023-06-08T14:35:57.810+0100][gc,cpu        ] GC(32) User=0.01s Sys=0.00s Real=0.03s
[2023-06-08T14:35:57.810+0100][gc            ] GC(33) Concurrent Cycle
[2023-06-08T14:35:57.810+0100][gc,marking    ] GC(33) Concurrent Clear Claimed Marks
[2023-06-08T14:35:57.811+0100][gc,marking    ] GC(33) Concurrent Clear Claimed Marks 0.235ms
[2023-06-08T14:35:57.811+0100][gc,marking    ] GC(33) Concurrent Scan Root Regions
[2023-06-08T14:35:57.812+0100][gc,marking    ] GC(33) Concurrent Scan Root Regions 1.229ms
[2023-06-08T14:35:57.812+0100][gc,marking    ] GC(33) Concurrent Mark (3430.247s)
[2023-06-08T14:35:57.812+0100][gc,marking    ] GC(33) Concurrent Mark From Roots
[2023-06-08T14:35:57.812+0100][gc,task       ] GC(33) Using 1 workers of 1 for marking
[2023-06-08T14:35:57.850+0100][gc,marking    ] GC(33) Concurrent Mark From Roots 38.063ms
[2023-06-08T14:35:57.850+0100][gc,marking    ] GC(33) Concurrent Preclean
[2023-06-08T14:35:57.850+0100][gc,marking    ] GC(33) Concurrent Preclean 0.233ms
[2023-06-08T14:35:57.850+0100][gc,marking    ] GC(33) Concurrent Mark (3430.247s, 3430.286s) 38.380ms
[2023-06-08T14:35:57.851+0100][gc,start      ] GC(33) Pause Remark
[2023-06-08T14:35:57.856+0100][gc,stringtable] GC(33) Cleaned string and symbol table, strings: 10571 processed, 0 removed, symbols: 85689 processed, 7 removed
[2023-06-08T14:35:57.857+0100][gc            ] GC(33) Pause Remark 143M->143M(256M) 6.266ms
[2023-06-08T14:35:57.857+0100][gc,cpu        ] GC(33) User=0.02s Sys=0.00s Real=0.01s
[2023-06-08T14:35:57.857+0100][gc,marking    ] GC(33) Concurrent Rebuild Remembered Sets
[2023-06-08T14:35:57.871+0100][gc,marking    ] GC(33) Concurrent Rebuild Remembered Sets 13.798ms
[2023-06-08T14:35:57.871+0100][gc,start      ] GC(33) Pause Cleanup
[2023-06-08T14:35:57.871+0100][gc            ] GC(33) Pause Cleanup 143M->143M(256M) 0.127ms
[2023-06-08T14:35:57.871+0100][gc,cpu        ] GC(33) User=0.00s Sys=0.00s Real=0.00s
[2023-06-08T14:35:57.871+0100][gc,marking    ] GC(33) Concurrent Cleanup for Next Mark
[2023-06-08T14:35:57.872+0100][gc,marking    ] GC(33) Concurrent Cleanup for Next Mark 0.709ms
[2023-06-08T14:35:57.872+0100][gc            ] GC(33) Concurrent Cycle 61.624ms
[2023-06-08T14:45:11.473+0100][gc,start      ] GC(34) Pause Young (Normal) (G1 Evacuation Pause)
[2023-06-08T14:45:11.526+0100][gc,task       ] GC(34) Using 4 workers of 4 for evacuation
[2023-06-08T14:45:11.564+0100][gc,mmu        ] GC(34) MMU target violated: 21.0ms (20.0ms/21.0ms)
[2023-06-08T14:45:11.564+0100][gc,phases     ] GC(34)   Pre Evacuate Collection Set: 0.1ms
[2023-06-08T14:45:11.564+0100][gc,phases     ] GC(34)   Evacuate Collection Set: 12.4ms
[2023-06-08T14:45:11.564+0100][gc,phases     ] GC(34)   Post Evacuate Collection Set: 17.0ms
[2023-06-08T14:45:11.565+0100][gc,phases     ] GC(34)   Other: 67.5ms
[2023-06-08T14:45:11.565+0100][gc,heap       ] GC(34) Eden regions: 79->0(61)
[2023-06-08T14:45:11.565+0100][gc,heap       ] GC(34) Survivor regions: 1->1(10)
[2023-06-08T14:45:11.565+0100][gc,heap       ] GC(34) Old regions: 15->15
[2023-06-08T14:45:11.565+0100][gc,heap       ] GC(34) Humongous regions: 129->129
[2023-06-08T14:45:11.565+0100][gc,metaspace  ] GC(34) Metaspace: 36320K(38016K)->36320K(38016K) NonClass: 31784K(32768K)->31784K(32768K) Class: 4536K(5248K)->4536K(5248K)
[2023-06-08T14:45:11.565+0100][gc            ] GC(34) Pause Young (Normal) (G1 Evacuation Pause) 221M->142M(256M) 92.188ms
[2023-06-08T14:45:11.565+0100][gc,cpu        ] GC(34) User=0.03s Sys=0.00s Real=0.09s
[2023-06-08T14:52:21.585+0100][gc,start      ] GC(35) Pause Young (Concurrent Start) (G1 Evacuation Pause)
[2023-06-08T14:52:21.691+0100][gc,task       ] GC(35) Using 4 workers of 4 for evacuation
[2023-06-08T14:52:22.104+0100][gc,mmu        ] GC(35) MMU target violated: 21.0ms (20.0ms/21.0ms)
[2023-06-08T14:52:22.105+0100][gc,phases     ] GC(35)   Pre Evacuate Collection Set: 0.6ms
[2023-06-08T14:52:22.105+0100][gc,phases     ] GC(35)   Evacuate Collection Set: 202.2ms
[2023-06-08T14:52:22.105+0100][gc,phases     ] GC(35)   Post Evacuate Collection Set: 31.8ms
[2023-06-08T14:52:22.146+0100][gc,phases     ] GC(35)   Other: 380.6ms
[2023-06-08T14:52:22.146+0100][gc,heap       ] GC(35) Eden regions: 61->0(11)
[2023-06-08T14:52:22.146+0100][gc,heap       ] GC(35) Survivor regions: 1->1(8)
[2023-06-08T14:52:22.146+0100][gc,heap       ] GC(35) Old regions: 15->15
[2023-06-08T14:52:22.146+0100][gc,heap       ] GC(35) Humongous regions: 129->129
[2023-06-08T14:52:22.146+0100][gc,metaspace  ] GC(35) Metaspace: 36325K(38016K)->36325K(38016K) NonClass: 31789K(32768K)->31789K(32768K) Class: 4536K(5248K)->4536K(5248K)
[2023-06-08T14:52:22.147+0100][gc            ] GC(35) Pause Young (Concurrent Start) (G1 Evacuation Pause) 203M->142M(256M) 592.808ms
[2023-06-08T14:52:22.147+0100][gc,cpu        ] GC(35) User=0.01s Sys=0.01s Real=0.59s
[2023-06-08T14:52:22.147+0100][gc            ] GC(36) Concurrent Cycle
[2023-06-08T14:52:22.147+0100][gc,marking    ] GC(36) Concurrent Clear Claimed Marks
[2023-06-08T14:52:22.147+0100][gc,marking    ] GC(36) Concurrent Clear Claimed Marks 0.184ms
[2023-06-08T14:52:22.147+0100][gc,marking    ] GC(36) Concurrent Scan Root Regions
[2023-06-08T14:52:22.166+0100][gc,marking    ] GC(36) Concurrent Scan Root Regions 18.791ms
[2023-06-08T14:52:22.166+0100][gc,marking    ] GC(36) Concurrent Mark (4414.601s)
[2023-06-08T14:52:22.166+0100][gc,marking    ] GC(36) Concurrent Mark From Roots
[2023-06-08T14:52:22.166+0100][gc,task       ] GC(36) Using 1 workers of 1 for marking
[2023-06-08T14:52:22.246+0100][gc,marking    ] GC(36) Concurrent Mark From Roots 80.529ms
[2023-06-08T14:52:22.246+0100][gc,marking    ] GC(36) Concurrent Preclean
[2023-06-08T14:52:22.247+0100][gc,marking    ] GC(36) Concurrent Preclean 0.209ms
[2023-06-08T14:52:22.247+0100][gc,marking    ] GC(36) Concurrent Mark (4414.601s, 4414.682s) 80.823ms
[2023-06-08T14:52:22.313+0100][gc,start      ] GC(36) Pause Remark
[2023-06-08T14:52:22.401+0100][gc,stringtable] GC(36) Cleaned string and symbol table, strings: 10582 processed, 0 removed, symbols: 85699 processed, 0 removed
[2023-06-08T14:52:22.431+0100][gc,mmu        ] GC(36) MMU target violated: 21.0ms (20.0ms/21.0ms)
[2023-06-08T14:52:22.431+0100][gc            ] GC(36) Pause Remark 142M->142M(256M) 117.878ms
[2023-06-08T14:52:22.431+0100][gc,cpu        ] GC(36) User=0.03s Sys=0.00s Real=0.11s
[2023-06-08T14:52:22.431+0100][gc,marking    ] GC(36) Concurrent Rebuild Remembered Sets
[2023-06-08T14:52:22.444+0100][gc,marking    ] GC(36) Concurrent Rebuild Remembered Sets 13.000ms
[2023-06-08T14:52:22.503+0100][gc,start      ] GC(36) Pause Cleanup
[2023-06-08T14:52:22.503+0100][gc            ] GC(36) Pause Cleanup 142M->142M(256M) 0.224ms
[2023-06-08T14:52:22.503+0100][gc,cpu        ] GC(36) User=0.00s Sys=0.00s Real=0.00s
[2023-06-08T14:52:22.503+0100][gc,marking    ] GC(36) Concurrent Cleanup for Next Mark
[2023-06-08T14:52:22.583+0100][gc,marking    ] GC(36) Concurrent Cleanup for Next Mark 80.299ms
[2023-06-08T14:52:22.584+0100][gc            ] GC(36) Concurrent Cycle 436.693ms
[2023-06-08T14:53:51.279+0100][gc,start      ] GC(37) Pause Young (Normal) (G1 Evacuation Pause)
[2023-06-08T14:53:51.279+0100][gc,task       ] GC(37) Using 4 workers of 4 for evacuation
[2023-06-08T14:53:51.298+0100][gc,phases     ] GC(37)   Pre Evacuate Collection Set: 0.0ms
[2023-06-08T14:53:51.298+0100][gc,phases     ] GC(37)   Evacuate Collection Set: 1.4ms
[2023-06-08T14:53:51.298+0100][gc,phases     ] GC(37)   Post Evacuate Collection Set: 17.8ms
[2023-06-08T14:53:51.298+0100][gc,phases     ] GC(37)   Other: 0.3ms
[2023-06-08T14:53:51.298+0100][gc,heap       ] GC(37) Eden regions: 11->0(11)
[2023-06-08T14:53:51.298+0100][gc,heap       ] GC(37) Survivor regions: 1->1(2)
[2023-06-08T14:53:51.298+0100][gc,heap       ] GC(37) Old regions: 15->15
[2023-06-08T14:53:51.298+0100][gc,heap       ] GC(37) Humongous regions: 129->129
[2023-06-08T14:53:51.298+0100][gc,metaspace  ] GC(37) Metaspace: 36326K(38016K)->36326K(38016K) NonClass: 31790K(32768K)->31790K(32768K) Class: 4536K(5248K)->4536K(5248K)
[2023-06-08T14:53:51.298+0100][gc            ] GC(37) Pause Young (Normal) (G1 Evacuation Pause) 153M->142M(256M) 19.619ms
[2023-06-08T14:53:51.298+0100][gc,cpu        ] GC(37) User=0.00s Sys=0.00s Real=0.02s
[2023-06-08T14:55:15.488+0100][gc,start      ] GC(38) Pause Young (Concurrent Start) (G1 Evacuation Pause)
[2023-06-08T14:55:15.488+0100][gc,task       ] GC(38) Using 4 workers of 4 for evacuation
[2023-06-08T14:55:15.490+0100][gc,phases     ] GC(38)   Pre Evacuate Collection Set: 0.2ms
[2023-06-08T14:55:15.490+0100][gc,phases     ] GC(38)   Evacuate Collection Set: 1.4ms
[2023-06-08T14:55:15.490+0100][gc,phases     ] GC(38)   Post Evacuate Collection Set: 0.4ms
[2023-06-08T14:55:15.490+0100][gc,phases     ] GC(38)   Other: 0.2ms
[2023-06-08T14:55:15.490+0100][gc,heap       ] GC(38) Eden regions: 11->0(11)
[2023-06-08T14:55:15.490+0100][gc,heap       ] GC(38) Survivor regions: 1->1(2)
[2023-06-08T14:55:15.490+0100][gc,heap       ] GC(38) Old regions: 15->15
[2023-06-08T14:55:15.490+0100][gc,heap       ] GC(38) Humongous regions: 129->129
[2023-06-08T14:55:15.490+0100][gc,metaspace  ] GC(38) Metaspace: 36326K(38016K)->36326K(38016K) NonClass: 31790K(32768K)->31790K(32768K) Class: 4536K(5248K)->4536K(5248K)
[2023-06-08T14:55:15.490+0100][gc            ] GC(38) Pause Young (Concurrent Start) (G1 Evacuation Pause) 153M->142M(256M) 2.260ms
[2023-06-08T14:55:15.490+0100][gc,cpu        ] GC(38) User=0.00s Sys=0.00s Real=0.00s
[2023-06-08T14:55:15.490+0100][gc            ] GC(39) Concurrent Cycle
[2023-06-08T14:55:15.490+0100][gc,marking    ] GC(39) Concurrent Clear Claimed Marks
[2023-06-08T14:55:15.490+0100][gc,marking    ] GC(39) Concurrent Clear Claimed Marks 0.065ms
[2023-06-08T14:55:15.490+0100][gc,marking    ] GC(39) Concurrent Scan Root Regions
[2023-06-08T14:55:15.491+0100][gc,marking    ] GC(39) Concurrent Scan Root Regions 0.495ms
[2023-06-08T14:55:15.491+0100][gc,marking    ] GC(39) Concurrent Mark (4587.926s)
[2023-06-08T14:55:15.491+0100][gc,marking    ] GC(39) Concurrent Mark From Roots
[2023-06-08T14:55:15.491+0100][gc,task       ] GC(39) Using 1 workers of 1 for marking
[2023-06-08T14:55:15.516+0100][gc,marking    ] GC(39) Concurrent Mark From Roots 25.073ms
[2023-06-08T14:55:15.516+0100][gc,marking    ] GC(39) Concurrent Preclean
[2023-06-08T14:55:15.516+0100][gc,marking    ] GC(39) Concurrent Preclean 0.175ms
[2023-06-08T14:55:15.516+0100][gc,marking    ] GC(39) Concurrent Mark (4587.926s, 4587.951s) 25.337ms
[2023-06-08T14:55:15.516+0100][gc,start      ] GC(39) Pause Remark
[2023-06-08T14:55:15.523+0100][gc,stringtable] GC(39) Cleaned string and symbol table, strings: 10582 processed, 0 removed, symbols: 85699 processed, 0 removed
[2023-06-08T14:55:15.523+0100][gc            ] GC(39) Pause Remark 142M->142M(256M) 6.820ms
[2023-06-08T14:55:15.523+0100][gc,cpu        ] GC(39) User=0.02s Sys=0.00s Real=0.01s
[2023-06-08T14:55:15.523+0100][gc,marking    ] GC(39) Concurrent Rebuild Remembered Sets
[2023-06-08T14:55:15.536+0100][gc,marking    ] GC(39) Concurrent Rebuild Remembered Sets 13.085ms
[2023-06-08T14:55:15.537+0100][gc,start      ] GC(39) Pause Cleanup
[2023-06-08T14:55:15.537+0100][gc            ] GC(39) Pause Cleanup 142M->142M(256M) 0.149ms
[2023-06-08T14:55:15.537+0100][gc,cpu        ] GC(39) User=0.00s Sys=0.00s Real=0.00s
[2023-06-08T14:55:15.537+0100][gc,marking    ] GC(39) Concurrent Cleanup for Next Mark
[2023-06-08T14:55:15.538+0100][gc,marking    ] GC(39) Concurrent Cleanup for Next Mark 0.857ms
[2023-06-08T14:55:15.538+0100][gc            ] GC(39) Concurrent Cycle 47.568ms
[2023-06-08T14:56:39.636+0100][gc,start      ] GC(40) Pause Young (Normal) (G1 Evacuation Pause)
[2023-06-08T14:56:39.733+0100][gc,task       ] GC(40) Using 4 workers of 4 for evacuation
[2023-06-08T14:56:39.814+0100][gc,mmu        ] GC(40) MMU target violated: 21.0ms (20.0ms/21.0ms)
[2023-06-08T14:56:39.814+0100][gc,phases     ] GC(40)   Pre Evacuate Collection Set: 0.0ms
[2023-06-08T14:56:39.814+0100][gc,phases     ] GC(40)   Evacuate Collection Set: 51.3ms
[2023-06-08T14:56:39.814+0100][gc,phases     ] GC(40)   Post Evacuate Collection Set: 28.7ms
[2023-06-08T14:56:39.814+0100][gc,phases     ] GC(40)   Other: 98.6ms
[2023-06-08T14:56:39.814+0100][gc,heap       ] GC(40) Eden regions: 11->0(11)
[2023-06-08T14:56:39.814+0100][gc,heap       ] GC(40) Survivor regions: 1->1(2)
[2023-06-08T14:56:39.814+0100][gc,heap       ] GC(40) Old regions: 15->15
[2023-06-08T14:56:39.814+0100][gc,heap       ] GC(40) Humongous regions: 129->129
[2023-06-08T14:56:39.814+0100][gc,metaspace  ] GC(40) Metaspace: 36326K(38016K)->36326K(38016K) NonClass: 31790K(32768K)->31790K(32768K) Class: 4536K(5248K)->4536K(5248K)
[2023-06-08T14:56:39.814+0100][gc            ] GC(40) Pause Young (Normal) (G1 Evacuation Pause) 153M->142M(256M) 178.768ms
[2023-06-08T14:56:39.814+0100][gc,cpu        ] GC(40) User=0.06s Sys=0.00s Real=0.18s
[2023-06-08T14:57:55.087+0100][gc,start      ] GC(41) Pause Young (Concurrent Start) (G1 Evacuation Pause)
[2023-06-08T14:57:55.087+0100][gc,task       ] GC(41) Using 4 workers of 4 for evacuation
[2023-06-08T14:57:55.107+0100][gc,phases     ] GC(41)   Pre Evacuate Collection Set: 0.2ms
[2023-06-08T14:57:55.107+0100][gc,phases     ] GC(41)   Evacuate Collection Set: 18.8ms
[2023-06-08T14:57:55.107+0100][gc,phases     ] GC(41)   Post Evacuate Collection Set: 0.6ms
[2023-06-08T14:57:55.107+0100][gc,phases     ] GC(41)   Other: 0.5ms
[2023-06-08T14:57:55.107+0100][gc,heap       ] GC(41) Eden regions: 11->0(11)
[2023-06-08T14:57:55.107+0100][gc,heap       ] GC(41) Survivor regions: 1->1(2)
[2023-06-08T14:57:55.107+0100][gc,heap       ] GC(41) Old regions: 15->15
[2023-06-08T14:57:55.107+0100][gc,heap       ] GC(41) Humongous regions: 129->129
[2023-06-08T14:57:55.107+0100][gc,metaspace  ] GC(41) Metaspace: 36326K(38016K)->36326K(38016K) NonClass: 31790K(32768K)->31790K(32768K) Class: 4536K(5248K)->4536K(5248K)
[2023-06-08T14:57:55.107+0100][gc            ] GC(41) Pause Young (Concurrent Start) (G1 Evacuation Pause) 153M->142M(256M) 20.220ms
[2023-06-08T14:57:55.108+0100][gc,cpu        ] GC(41) User=0.02s Sys=0.00s Real=0.02s
[2023-06-08T14:57:55.108+0100][gc            ] GC(42) Concurrent Cycle
[2023-06-08T14:57:55.108+0100][gc,marking    ] GC(42) Concurrent Clear Claimed Marks
[2023-06-08T14:57:55.108+0100][gc,marking    ] GC(42) Concurrent Clear Claimed Marks 0.117ms
[2023-06-08T14:57:55.108+0100][gc,marking    ] GC(42) Concurrent Scan Root Regions
[2023-06-08T14:57:55.109+0100][gc,marking    ] GC(42) Concurrent Scan Root Regions 0.906ms
[2023-06-08T14:57:55.109+0100][gc,marking    ] GC(42) Concurrent Mark (4747.544s)
[2023-06-08T14:57:55.109+0100][gc,marking    ] GC(42) Concurrent Mark From Roots
[2023-06-08T14:57:55.109+0100][gc,task       ] GC(42) Using 1 workers of 1 for marking
[2023-06-08T14:57:55.134+0100][gc,marking    ] GC(42) Concurrent Mark From Roots 25.574ms
[2023-06-08T14:57:55.134+0100][gc,marking    ] GC(42) Concurrent Preclean
[2023-06-08T14:57:55.134+0100][gc,marking    ] GC(42) Concurrent Preclean 0.186ms
[2023-06-08T14:57:55.134+0100][gc,marking    ] GC(42) Concurrent Mark (4747.544s, 4747.570s) 25.865ms
[2023-06-08T14:57:55.135+0100][gc,start      ] GC(42) Pause Remark
[2023-06-08T14:57:55.141+0100][gc,stringtable] GC(42) Cleaned string and symbol table, strings: 10585 processed, 0 removed, symbols: 85699 processed, 0 removed
[2023-06-08T14:57:55.141+0100][gc            ] GC(42) Pause Remark 142M->142M(256M) 6.268ms
[2023-06-08T14:57:55.141+0100][gc,cpu        ] GC(42) User=0.03s Sys=0.00s Real=0.01s
[2023-06-08T14:57:55.141+0100][gc,marking    ] GC(42) Concurrent Rebuild Remembered Sets
[2023-06-08T14:57:55.154+0100][gc,marking    ] GC(42) Concurrent Rebuild Remembered Sets 13.058ms
[2023-06-08T14:57:55.154+0100][gc,start      ] GC(42) Pause Cleanup
[2023-06-08T14:57:55.155+0100][gc            ] GC(42) Pause Cleanup 142M->142M(256M) 0.112ms
[2023-06-08T14:57:55.155+0100][gc,cpu        ] GC(42) User=0.00s Sys=0.00s Real=0.00s
[2023-06-08T14:57:55.155+0100][gc,marking    ] GC(42) Concurrent Cleanup for Next Mark
[2023-06-08T14:57:55.155+0100][gc,marking    ] GC(42) Concurrent Cleanup for Next Mark 0.677ms
[2023-06-08T14:57:55.155+0100][gc            ] GC(42) Concurrent Cycle 47.723ms
[2023-06-08T14:59:10.726+0100][gc,start      ] GC(43) Pause Young (Normal) (G1 Evacuation Pause)
[2023-06-08T14:59:10.766+0100][gc,task       ] GC(43) Using 4 workers of 4 for evacuation
[2023-06-08T14:59:10.768+0100][gc,phases     ] GC(43)   Pre Evacuate Collection Set: 0.0ms
[2023-06-08T14:59:10.768+0100][gc,phases     ] GC(43)   Evacuate Collection Set: 1.1ms
[2023-06-08T14:59:10.768+0100][gc,phases     ] GC(43)   Post Evacuate Collection Set: 1.2ms
[2023-06-08T14:59:10.783+0100][gc,phases     ] GC(43)   Other: 63.8ms
[2023-06-08T14:59:10.783+0100][gc,heap       ] GC(43) Eden regions: 11->0(11)
[2023-06-08T14:59:10.783+0100][gc,heap       ] GC(43) Survivor regions: 1->1(2)
[2023-06-08T14:59:10.783+0100][gc,heap       ] GC(43) Old regions: 15->15
[2023-06-08T14:59:10.783+0100][gc,heap       ] GC(43) Humongous regions: 129->129
[2023-06-08T14:59:10.783+0100][gc,metaspace  ] GC(43) Metaspace: 36326K(38016K)->36326K(38016K) NonClass: 31790K(32768K)->31790K(32768K) Class: 4536K(5248K)->4536K(5248K)
[2023-06-08T14:59:10.784+0100][gc            ] GC(43) Pause Young (Normal) (G1 Evacuation Pause) 153M->142M(256M) 81.041ms
[2023-06-08T14:59:10.785+0100][gc,cpu        ] GC(43) User=0.00s Sys=0.00s Real=0.08s
[2023-06-08T15:00:25.869+0100][gc,start      ] GC(44) Pause Young (Concurrent Start) (G1 Evacuation Pause)
[2023-06-08T15:00:25.885+0100][gc,task       ] GC(44) Using 4 workers of 4 for evacuation
[2023-06-08T15:00:25.987+0100][gc,mmu        ] GC(44) MMU target violated: 21.0ms (20.0ms/21.0ms)
[2023-06-08T15:00:25.987+0100][gc,phases     ] GC(44)   Pre Evacuate Collection Set: 0.2ms
[2023-06-08T15:00:25.987+0100][gc,phases     ] GC(44)   Evacuate Collection Set: 74.4ms
[2023-06-08T15:00:25.987+0100][gc,phases     ] GC(44)   Post Evacuate Collection Set: 0.8ms
[2023-06-08T15:00:25.987+0100][gc,phases     ] GC(44)   Other: 42.5ms
[2023-06-08T15:00:25.987+0100][gc,heap       ] GC(44) Eden regions: 11->0(11)
[2023-06-08T15:00:25.987+0100][gc,heap       ] GC(44) Survivor regions: 1->1(2)
[2023-06-08T15:00:25.987+0100][gc,heap       ] GC(44) Old regions: 15->15
[2023-06-08T15:00:25.987+0100][gc,heap       ] GC(44) Humongous regions: 129->129
[2023-06-08T15:00:25.987+0100][gc,metaspace  ] GC(44) Metaspace: 36326K(38016K)->36326K(38016K) NonClass: 31790K(32768K)->31790K(32768K) Class: 4536K(5248K)->4536K(5248K)
[2023-06-08T15:00:25.987+0100][gc            ] GC(44) Pause Young (Concurrent Start) (G1 Evacuation Pause) 153M->142M(256M) 118.169ms
[2023-06-08T15:00:25.987+0100][gc,cpu        ] GC(44) User=0.00s Sys=0.00s Real=0.12s
[2023-06-08T15:00:25.987+0100][gc            ] GC(45) Concurrent Cycle
[2023-06-08T15:00:25.987+0100][gc,marking    ] GC(45) Concurrent Clear Claimed Marks
[2023-06-08T15:00:25.988+0100][gc,marking    ] GC(45) Concurrent Clear Claimed Marks 0.087ms
[2023-06-08T15:00:25.988+0100][gc,marking    ] GC(45) Concurrent Scan Root Regions
[2023-06-08T15:00:26.010+0100][gc,marking    ] GC(45) Concurrent Scan Root Regions 22.346ms
[2023-06-08T15:00:26.010+0100][gc,marking    ] GC(45) Concurrent Mark (4898.445s)
[2023-06-08T15:00:26.010+0100][gc,marking    ] GC(45) Concurrent Mark From Roots
[2023-06-08T15:00:26.010+0100][gc,task       ] GC(45) Using 1 workers of 1 for marking
[2023-06-08T15:00:26.035+0100][gc,marking    ] GC(45) Concurrent Mark From Roots 25.010ms
[2023-06-08T15:00:26.035+0100][gc,marking    ] GC(45) Concurrent Preclean
[2023-06-08T15:00:26.082+0100][gc,marking    ] GC(45) Concurrent Preclean 46.508ms
[2023-06-08T15:00:26.082+0100][gc,marking    ] GC(45) Concurrent Mark (4898.445s, 4898.517s) 71.683ms
[2023-06-08T15:00:26.082+0100][gc,start      ] GC(45) Pause Remark
[2023-06-08T15:00:26.241+0100][gc,stringtable] GC(45) Cleaned string and symbol table, strings: 10585 processed, 5 removed, symbols: 85699 processed, 0 removed
[2023-06-08T15:00:26.275+0100][gc,mmu        ] GC(45) MMU target violated: 21.0ms (20.0ms/21.0ms)
[2023-06-08T15:00:26.275+0100][gc            ] GC(45) Pause Remark 142M->142M(256M) 193.343ms
[2023-06-08T15:00:26.275+0100][gc,cpu        ] GC(45) User=0.02s Sys=0.00s Real=0.19s
[2023-06-08T15:00:26.275+0100][gc,marking    ] GC(45) Concurrent Rebuild Remembered Sets
[2023-06-08T15:00:26.289+0100][gc,marking    ] GC(45) Concurrent Rebuild Remembered Sets 13.535ms
[2023-06-08T15:00:26.289+0100][gc,start      ] GC(45) Pause Cleanup
[2023-06-08T15:00:26.289+0100][gc            ] GC(45) Pause Cleanup 142M->142M(256M) 0.153ms
[2023-06-08T15:00:26.289+0100][gc,cpu        ] GC(45) User=0.00s Sys=0.00s Real=0.00s
[2023-06-08T15:00:26.289+0100][gc,marking    ] GC(45) Concurrent Cleanup for Next Mark
[2023-06-08T15:00:26.291+0100][gc,marking    ] GC(45) Concurrent Cleanup for Next Mark 1.018ms
[2023-06-08T15:00:26.291+0100][gc            ] GC(45) Concurrent Cycle 303.136ms
[2023-06-08T15:01:40.684+0100][gc,start      ] GC(46) Pause Young (Normal) (G1 Evacuation Pause)
[2023-06-08T15:01:40.701+0100][gc,task       ] GC(46) Using 4 workers of 4 for evacuation
[2023-06-08T15:01:40.768+0100][gc,mmu        ] GC(46) MMU target violated: 21.0ms (20.0ms/21.0ms)
[2023-06-08T15:01:40.768+0100][gc,phases     ] GC(46)   Pre Evacuate Collection Set: 0.0ms
[2023-06-08T15:01:40.768+0100][gc,phases     ] GC(46)   Evacuate Collection Set: 65.4ms
[2023-06-08T15:01:40.768+0100][gc,phases     ] GC(46)   Post Evacuate Collection Set: 1.0ms
[2023-06-08T15:01:40.768+0100][gc,phases     ] GC(46)   Other: 52.9ms
[2023-06-08T15:01:40.768+0100][gc,heap       ] GC(46) Eden regions: 11->0(11)
[2023-06-08T15:01:40.768+0100][gc,heap       ] GC(46) Survivor regions: 1->1(2)
[2023-06-08T15:01:40.768+0100][gc,heap       ] GC(46) Old regions: 15->15
[2023-06-08T15:01:40.768+0100][gc,heap       ] GC(46) Humongous regions: 129->129
[2023-06-08T15:01:40.768+0100][gc,metaspace  ] GC(46) Metaspace: 36333K(38016K)->36333K(38016K) NonClass: 31797K(32768K)->31797K(32768K) Class: 4536K(5248K)->4536K(5248K)
[2023-06-08T15:01:40.768+0100][gc            ] GC(46) Pause Young (Normal) (G1 Evacuation Pause) 153M->142M(256M) 84.121ms
[2023-06-08T15:01:40.768+0100][gc,cpu        ] GC(46) User=0.04s Sys=0.00s Real=0.08s
[2023-06-08T15:02:56.265+0100][gc,start      ] GC(47) Pause Young (Concurrent Start) (G1 Evacuation Pause)
[2023-06-08T15:02:56.283+0100][gc,task       ] GC(47) Using 4 workers of 4 for evacuation
[2023-06-08T15:02:56.325+0100][gc,mmu        ] GC(47) MMU target violated: 21.0ms (20.0ms/21.0ms)
[2023-06-08T15:02:56.325+0100][gc,phases     ] GC(47)   Pre Evacuate Collection Set: 0.2ms
[2023-06-08T15:02:56.325+0100][gc,phases     ] GC(47)   Evacuate Collection Set: 37.0ms
[2023-06-08T15:02:56.326+0100][gc,phases     ] GC(47)   Post Evacuate Collection Set: 4.2ms
[2023-06-08T15:02:56.326+0100][gc,phases     ] GC(47)   Other: 19.1ms
[2023-06-08T15:02:56.326+0100][gc,heap       ] GC(47) Eden regions: 11->0(11)
[2023-06-08T15:02:56.326+0100][gc,heap       ] GC(47) Survivor regions: 1->1(2)
[2023-06-08T15:02:56.326+0100][gc,heap       ] GC(47) Old regions: 15->15
[2023-06-08T15:02:56.326+0100][gc,heap       ] GC(47) Humongous regions: 129->129
[2023-06-08T15:02:56.326+0100][gc,metaspace  ] GC(47) Metaspace: 36333K(38016K)->36333K(38016K) NonClass: 31797K(32768K)->31797K(32768K) Class: 4536K(5248K)->4536K(5248K)
[2023-06-08T15:02:56.326+0100][gc            ] GC(47) Pause Young (Concurrent Start) (G1 Evacuation Pause) 153M->142M(256M) 60.853ms
[2023-06-08T15:02:56.326+0100][gc,cpu        ] GC(47) User=0.02s Sys=0.01s Real=0.06s
[2023-06-08T15:02:56.326+0100][gc            ] GC(48) Concurrent Cycle
[2023-06-08T15:02:56.326+0100][gc,marking    ] GC(48) Concurrent Clear Claimed Marks
[2023-06-08T15:02:56.341+0100][gc,marking    ] GC(48) Concurrent Clear Claimed Marks 14.748ms
[2023-06-08T15:02:56.341+0100][gc,marking    ] GC(48) Concurrent Scan Root Regions
[2023-06-08T15:02:56.343+0100][gc,marking    ] GC(48) Concurrent Scan Root Regions 1.770ms
[2023-06-08T15:02:56.343+0100][gc,marking    ] GC(48) Concurrent Mark (5048.778s)
[2023-06-08T15:02:56.343+0100][gc,marking    ] GC(48) Concurrent Mark From Roots
[2023-06-08T15:02:56.343+0100][gc,task       ] GC(48) Using 1 workers of 1 for marking
[2023-06-08T15:02:56.377+0100][gc,marking    ] GC(48) Concurrent Mark From Roots 34.148ms
[2023-06-08T15:02:56.377+0100][gc,marking    ] GC(48) Concurrent Preclean
[2023-06-08T15:02:56.377+0100][gc,marking    ] GC(48) Concurrent Preclean 0.164ms
[2023-06-08T15:02:56.377+0100][gc,marking    ] GC(48) Concurrent Mark (5048.778s, 5048.812s) 34.426ms
[2023-06-08T15:02:56.377+0100][gc,start      ] GC(48) Pause Remark
[2023-06-08T15:02:56.383+0100][gc,stringtable] GC(48) Cleaned string and symbol table, strings: 10585 processed, 4 removed, symbols: 85699 processed, 0 removed
[2023-06-08T15:02:56.384+0100][gc            ] GC(48) Pause Remark 142M->142M(256M) 6.094ms
[2023-06-08T15:02:56.384+0100][gc,cpu        ] GC(48) User=0.02s Sys=0.00s Real=0.01s
[2023-06-08T15:02:56.384+0100][gc,marking    ] GC(48) Concurrent Rebuild Remembered Sets
[2023-06-08T15:02:56.397+0100][gc,marking    ] GC(48) Concurrent Rebuild Remembered Sets 12.915ms
[2023-06-08T15:02:56.397+0100][gc,start      ] GC(48) Pause Cleanup
[2023-06-08T15:02:56.397+0100][gc            ] GC(48) Pause Cleanup 142M->142M(256M) 0.142ms
[2023-06-08T15:02:56.397+0100][gc,cpu        ] GC(48) User=0.00s Sys=0.00s Real=0.00s
[2023-06-08T15:02:56.397+0100][gc,marking    ] GC(48) Concurrent Cleanup for Next Mark
[2023-06-08T15:02:56.398+0100][gc,marking    ] GC(48) Concurrent Cleanup for Next Mark 0.685ms
[2023-06-08T15:02:56.398+0100][gc            ] GC(48) Concurrent Cycle 71.683ms
[2023-06-08T15:04:54.250+0100][gc,start      ] GC(49) Pause Young (Normal) (G1 Evacuation Pause)
[2023-06-08T15:04:54.479+0100][gc,task       ] GC(49) Using 4 workers of 4 for evacuation
[2023-06-08T15:04:54.866+0100][gc,mmu        ] GC(49) MMU target violated: 21.0ms (20.0ms/21.0ms)
[2023-06-08T15:04:54.867+0100][gc,phases     ] GC(49)   Pre Evacuate Collection Set: 11.1ms
[2023-06-08T15:04:54.867+0100][gc,phases     ] GC(49)   Evacuate Collection Set: 184.0ms
[2023-06-08T15:04:54.867+0100][gc,phases     ] GC(49)   Post Evacuate Collection Set: 7.8ms
[2023-06-08T15:04:54.867+0100][gc,phases     ] GC(49)   Other: 413.6ms
[2023-06-08T15:04:55.230+0100][gc,heap       ] GC(49) Eden regions: 11->0(11)
[2023-06-08T15:04:55.230+0100][gc,heap       ] GC(49) Survivor regions: 1->1(2)
[2023-06-08T15:04:55.230+0100][gc,heap       ] GC(49) Old regions: 15->15
[2023-06-08T15:04:55.230+0100][gc,heap       ] GC(49) Humongous regions: 129->129
[2023-06-08T15:04:55.230+0100][gc,metaspace  ] GC(49) Metaspace: 36439K(38016K)->36439K(38016K) NonClass: 31877K(32768K)->31877K(32768K) Class: 4562K(5248K)->4562K(5248K)
[2023-06-08T15:04:55.230+0100][gc            ] GC(49) Pause Young (Normal) (G1 Evacuation Pause) 153M->142M(256M) 980.030ms
[2023-06-08T15:04:55.230+0100][gc,cpu        ] GC(49) User=0.05s Sys=0.00s Real=0.98s
[2023-06-08T15:06:18.109+0100][gc,start      ] GC(50) Pause Young (Concurrent Start) (G1 Evacuation Pause)
[2023-06-08T15:06:18.195+0100][gc,task       ] GC(50) Using 4 workers of 4 for evacuation
[2023-06-08T15:06:18.415+0100][gc,mmu        ] GC(50) MMU target violated: 21.0ms (20.0ms/21.0ms)
[2023-06-08T15:06:18.415+0100][gc,phases     ] GC(50)   Pre Evacuate Collection Set: 0.2ms
[2023-06-08T15:06:18.415+0100][gc,phases     ] GC(50)   Evacuate Collection Set: 98.8ms
[2023-06-08T15:06:18.415+0100][gc,phases     ] GC(50)   Post Evacuate Collection Set: 42.3ms
[2023-06-08T15:06:18.415+0100][gc,phases     ] GC(50)   Other: 165.8ms
[2023-06-08T15:06:18.415+0100][gc,heap       ] GC(50) Eden regions: 11->0(11)
[2023-06-08T15:06:18.415+0100][gc,heap       ] GC(50) Survivor regions: 1->1(2)
[2023-06-08T15:06:18.416+0100][gc,heap       ] GC(50) Old regions: 15->15
[2023-06-08T15:06:18.416+0100][gc,heap       ] GC(50) Humongous regions: 129->129
[2023-06-08T15:06:18.416+0100][gc,metaspace  ] GC(50) Metaspace: 36439K(38016K)->36439K(38016K) NonClass: 31877K(32768K)->31877K(32768K) Class: 4562K(5248K)->4562K(5248K)
[2023-06-08T15:06:18.446+0100][gc            ] GC(50) Pause Young (Concurrent Start) (G1 Evacuation Pause) 153M->142M(256M) 306.895ms
[2023-06-08T15:06:18.446+0100][gc,cpu        ] GC(50) User=0.14s Sys=0.00s Real=0.34s
[2023-06-08T15:06:18.446+0100][gc            ] GC(51) Concurrent Cycle
[2023-06-08T15:06:18.446+0100][gc,marking    ] GC(51) Concurrent Clear Claimed Marks
[2023-06-08T15:06:18.446+0100][gc,marking    ] GC(51) Concurrent Clear Claimed Marks 0.247ms
[2023-06-08T15:06:18.446+0100][gc,marking    ] GC(51) Concurrent Scan Root Regions
[2023-06-08T15:06:18.464+0100][gc,marking    ] GC(51) Concurrent Scan Root Regions 17.609ms
[2023-06-08T15:06:18.464+0100][gc,marking    ] GC(51) Concurrent Mark (5250.899s)
[2023-06-08T15:06:18.464+0100][gc,marking    ] GC(51) Concurrent Mark From Roots
[2023-06-08T15:06:18.464+0100][gc,task       ] GC(51) Using 1 workers of 1 for marking
[2023-06-08T15:06:18.557+0100][gc,marking    ] GC(51) Concurrent Mark From Roots 92.421ms
[2023-06-08T15:06:18.557+0100][gc,marking    ] GC(51) Concurrent Preclean
[2023-06-08T15:06:18.557+0100][gc,marking    ] GC(51) Concurrent Preclean 0.444ms
[2023-06-08T15:06:18.557+0100][gc,marking    ] GC(51) Concurrent Mark (5250.899s, 5250.992s) 93.063ms
[2023-06-08T15:06:18.558+0100][gc,start      ] GC(51) Pause Remark
[2023-06-08T15:06:18.582+0100][gc,stringtable] GC(51) Cleaned string and symbol table, strings: 10631 processed, 0 removed, symbols: 85760 processed, 1 removed
[2023-06-08T15:06:18.583+0100][gc,mmu        ] GC(51) MMU target violated: 21.0ms (20.0ms/21.0ms)
[2023-06-08T15:06:18.583+0100][gc            ] GC(51) Pause Remark 142M->142M(256M) 25.084ms
[2023-06-08T15:06:18.583+0100][gc,cpu        ] GC(51) User=0.04s Sys=0.00s Real=0.03s
[2023-06-08T15:06:18.583+0100][gc,marking    ] GC(51) Concurrent Rebuild Remembered Sets
[2023-06-08T15:06:18.601+0100][gc,marking    ] GC(51) Concurrent Rebuild Remembered Sets 18.610ms
[2023-06-08T15:06:18.602+0100][gc,start      ] GC(51) Pause Cleanup
[2023-06-08T15:06:18.608+0100][gc            ] GC(51) Pause Cleanup 142M->142M(256M) 6.069ms
[2023-06-08T15:06:18.608+0100][gc,cpu        ] GC(51) User=0.00s Sys=0.00s Real=0.00s
[2023-06-08T15:06:18.608+0100][gc,marking    ] GC(51) Concurrent Cleanup for Next Mark
[2023-06-08T15:06:18.609+0100][gc,marking    ] GC(51) Concurrent Cleanup for Next Mark 0.903ms
[2023-06-08T15:06:18.609+0100][gc            ] GC(51) Concurrent Cycle 162.832ms
[2023-06-08T15:07:38.543+0100][gc,start      ] GC(52) Pause Young (Normal) (G1 Evacuation Pause)
[2023-06-08T15:07:38.543+0100][gc,task       ] GC(52) Using 4 workers of 4 for evacuation
[2023-06-08T15:07:38.545+0100][gc,phases     ] GC(52)   Pre Evacuate Collection Set: 0.0ms
[2023-06-08T15:07:38.545+0100][gc,phases     ] GC(52)   Evacuate Collection Set: 1.1ms
[2023-06-08T15:07:38.545+0100][gc,phases     ] GC(52)   Post Evacuate Collection Set: 0.4ms
[2023-06-08T15:07:38.545+0100][gc,phases     ] GC(52)   Other: 0.2ms
[2023-06-08T15:07:38.545+0100][gc,heap       ] GC(52) Eden regions: 11->0(11)
[2023-06-08T15:07:38.545+0100][gc,heap       ] GC(52) Survivor regions: 1->1(2)
[2023-06-08T15:07:38.545+0100][gc,heap       ] GC(52) Old regions: 15->15
[2023-06-08T15:07:38.545+0100][gc,heap       ] GC(52) Humongous regions: 129->129
[2023-06-08T15:07:38.545+0100][gc,metaspace  ] GC(52) Metaspace: 36442K(38016K)->36442K(38016K) NonClass: 31880K(32768K)->31880K(32768K) Class: 4562K(5248K)->4562K(5248K)
[2023-06-08T15:07:38.545+0100][gc            ] GC(52) Pause Young (Normal) (G1 Evacuation Pause) 153M->142M(256M) 1.824ms
[2023-06-08T15:07:38.545+0100][gc,cpu        ] GC(52) User=0.00s Sys=0.01s Real=0.00s
[2023-06-08T15:08:52.091+0100][gc,start      ] GC(53) Pause Young (Concurrent Start) (G1 Evacuation Pause)
[2023-06-08T15:08:52.110+0100][gc,task       ] GC(53) Using 4 workers of 4 for evacuation
[2023-06-08T15:08:52.133+0100][gc,mmu        ] GC(53) MMU target violated: 21.0ms (20.0ms/21.0ms)
[2023-06-08T15:08:52.133+0100][gc,phases     ] GC(53)   Pre Evacuate Collection Set: 0.2ms
[2023-06-08T15:08:52.133+0100][gc,phases     ] GC(53)   Evacuate Collection Set: 22.5ms
[2023-06-08T15:08:52.133+0100][gc,phases     ] GC(53)   Post Evacuate Collection Set: 0.5ms
[2023-06-08T15:08:52.133+0100][gc,phases     ] GC(53)   Other: 39.7ms
[2023-06-08T15:08:52.133+0100][gc,heap       ] GC(53) Eden regions: 11->0(11)
[2023-06-08T15:08:52.133+0100][gc,heap       ] GC(53) Survivor regions: 1->1(2)
[2023-06-08T15:08:52.133+0100][gc,heap       ] GC(53) Old regions: 15->15
[2023-06-08T15:08:52.133+0100][gc,heap       ] GC(53) Humongous regions: 129->129
[2023-06-08T15:08:52.133+0100][gc,metaspace  ] GC(53) Metaspace: 36442K(38016K)->36442K(38016K) NonClass: 31880K(32768K)->31880K(32768K) Class: 4562K(5248K)->4562K(5248K)
[2023-06-08T15:08:52.133+0100][gc            ] GC(53) Pause Young (Concurrent Start) (G1 Evacuation Pause) 153M->142M(256M) 42.343ms
[2023-06-08T15:08:52.133+0100][gc,cpu        ] GC(53) User=0.00s Sys=0.00s Real=0.05s
[2023-06-08T15:08:52.133+0100][gc            ] GC(54) Concurrent Cycle
[2023-06-08T15:08:52.133+0100][gc,marking    ] GC(54) Concurrent Clear Claimed Marks
[2023-06-08T15:08:52.133+0100][gc,marking    ] GC(54) Concurrent Clear Claimed Marks 0.046ms
[2023-06-08T15:08:52.133+0100][gc,marking    ] GC(54) Concurrent Scan Root Regions
[2023-06-08T15:08:52.168+0100][gc,marking    ] GC(54) Concurrent Scan Root Regions 34.946ms
[2023-06-08T15:08:52.168+0100][gc,marking    ] GC(54) Concurrent Mark (5404.604s)
[2023-06-08T15:08:52.168+0100][gc,marking    ] GC(54) Concurrent Mark From Roots
[2023-06-08T15:08:52.168+0100][gc,task       ] GC(54) Using 1 workers of 1 for marking
[2023-06-08T15:08:52.193+0100][gc,marking    ] GC(54) Concurrent Mark From Roots 24.552ms
[2023-06-08T15:08:52.193+0100][gc,marking    ] GC(54) Concurrent Preclean
[2023-06-08T15:08:52.193+0100][gc,marking    ] GC(54) Concurrent Preclean 0.182ms
[2023-06-08T15:08:52.193+0100][gc,marking    ] GC(54) Concurrent Mark (5404.604s, 5404.628s) 24.823ms
[2023-06-08T15:08:52.193+0100][gc,start      ] GC(54) Pause Remark
[2023-06-08T15:08:52.222+0100][gc,stringtable] GC(54) Cleaned string and symbol table, strings: 10637 processed, 0 removed, symbols: 85759 processed, 0 removed
[2023-06-08T15:08:52.234+0100][gc,mmu        ] GC(54) MMU target violated: 21.0ms (20.0ms/21.0ms)
[2023-06-08T15:08:52.234+0100][gc            ] GC(54) Pause Remark 142M->142M(256M) 40.345ms
[2023-06-08T15:08:52.234+0100][gc,cpu        ] GC(54) User=0.02s Sys=0.01s Real=0.04s
[2023-06-08T15:08:52.234+0100][gc,marking    ] GC(54) Concurrent Rebuild Remembered Sets
[2023-06-08T15:08:52.247+0100][gc,marking    ] GC(54) Concurrent Rebuild Remembered Sets 12.848ms
[2023-06-08T15:08:52.247+0100][gc,start      ] GC(54) Pause Cleanup
[2023-06-08T15:08:52.247+0100][gc            ] GC(54) Pause Cleanup 142M->142M(256M) 0.113ms
[2023-06-08T15:08:52.247+0100][gc,cpu        ] GC(54) User=0.00s Sys=0.00s Real=0.00s
[2023-06-08T15:08:52.247+0100][gc,marking    ] GC(54) Concurrent Cleanup for Next Mark
[2023-06-08T15:08:52.248+0100][gc,marking    ] GC(54) Concurrent Cleanup for Next Mark 0.732ms
[2023-06-08T15:08:52.248+0100][gc            ] GC(54) Concurrent Cycle 114.685ms
[2023-06-08T15:10:07.868+0100][gc,start      ] GC(55) Pause Young (Normal) (G1 Evacuation Pause)
[2023-06-08T15:10:07.919+0100][gc,task       ] GC(55) Using 4 workers of 4 for evacuation
[2023-06-08T15:10:08.078+0100][gc,mmu        ] GC(55) MMU target violated: 21.0ms (20.0ms/21.0ms)
[2023-06-08T15:10:08.078+0100][gc,phases     ] GC(55)   Pre Evacuate Collection Set: 0.0ms
[2023-06-08T15:10:08.078+0100][gc,phases     ] GC(55)   Evacuate Collection Set: 114.9ms
[2023-06-08T15:10:08.078+0100][gc,phases     ] GC(55)   Post Evacuate Collection Set: 25.6ms
[2023-06-08T15:10:08.078+0100][gc,phases     ] GC(55)   Other: 69.2ms
[2023-06-08T15:10:08.078+0100][gc,heap       ] GC(55) Eden regions: 11->0(11)
[2023-06-08T15:10:08.078+0100][gc,heap       ] GC(55) Survivor regions: 1->1(2)
[2023-06-08T15:10:08.078+0100][gc,heap       ] GC(55) Old regions: 15->15
[2023-06-08T15:10:08.078+0100][gc,heap       ] GC(55) Humongous regions: 129->129
[2023-06-08T15:10:08.078+0100][gc,metaspace  ] GC(55) Metaspace: 36442K(38016K)->36442K(38016K) NonClass: 31880K(32768K)->31880K(32768K) Class: 4562K(5248K)->4562K(5248K)
[2023-06-08T15:10:08.078+0100][gc            ] GC(55) Pause Young (Normal) (G1 Evacuation Pause) 153M->142M(256M) 209.827ms
[2023-06-08T15:10:08.078+0100][gc,cpu        ] GC(55) User=0.07s Sys=0.00s Real=0.21s
[2023-06-08T15:11:33.342+0100][gc,start      ] GC(56) Pause Young (Concurrent Start) (G1 Evacuation Pause)
[2023-06-08T15:11:33.450+0100][gc,task       ] GC(56) Using 4 workers of 4 for evacuation
[2023-06-08T15:11:33.954+0100][gc,mmu        ] GC(56) MMU target violated: 21.0ms (20.0ms/21.0ms)
[2023-06-08T15:11:33.954+0100][gc,phases     ] GC(56)   Pre Evacuate Collection Set: 0.2ms
[2023-06-08T15:11:33.954+0100][gc,phases     ] GC(56)   Evacuate Collection Set: 128.1ms
[2023-06-08T15:11:33.954+0100][gc,phases     ] GC(56)   Post Evacuate Collection Set: 375.1ms
[2023-06-08T15:11:33.954+0100][gc,phases     ] GC(56)   Other: 115.6ms
[2023-06-08T15:11:33.954+0100][gc,heap       ] GC(56) Eden regions: 11->0(11)
[2023-06-08T15:11:33.954+0100][gc,heap       ] GC(56) Survivor regions: 1->1(2)
[2023-06-08T15:11:33.954+0100][gc,heap       ] GC(56) Old regions: 15->16
[2023-06-08T15:11:33.954+0100][gc,heap       ] GC(56) Humongous regions: 129->129
[2023-06-08T15:11:33.954+0100][gc,metaspace  ] GC(56) Metaspace: 36445K(38016K)->36445K(38016K) NonClass: 31883K(32768K)->31883K(32768K) Class: 4562K(5248K)->4562K(5248K)
[2023-06-08T15:11:33.954+0100][gc            ] GC(56) Pause Young (Concurrent Start) (G1 Evacuation Pause) 153M->142M(256M) 612.071ms
[2023-06-08T15:11:33.954+0100][gc,cpu        ] GC(56) User=0.01s Sys=0.00s Real=0.61s
[2023-06-08T15:11:33.955+0100][gc            ] GC(57) Concurrent Cycle
[2023-06-08T15:11:33.955+0100][gc,marking    ] GC(57) Concurrent Clear Claimed Marks
[2023-06-08T15:11:33.955+0100][gc,marking    ] GC(57) Concurrent Clear Claimed Marks 0.267ms
[2023-06-08T15:11:33.955+0100][gc,marking    ] GC(57) Concurrent Scan Root Regions
[2023-06-08T15:11:33.956+0100][gc,marking    ] GC(57) Concurrent Scan Root Regions 1.456ms
[2023-06-08T15:11:33.957+0100][gc,marking    ] GC(57) Concurrent Mark (5566.392s)
[2023-06-08T15:11:33.957+0100][gc,marking    ] GC(57) Concurrent Mark From Roots
[2023-06-08T15:11:33.957+0100][gc,task       ] GC(57) Using 1 workers of 1 for marking
[2023-06-08T15:11:34.006+0100][gc,marking    ] GC(57) Concurrent Mark From Roots 49.199ms
[2023-06-08T15:11:34.006+0100][gc,marking    ] GC(57) Concurrent Preclean
[2023-06-08T15:11:34.006+0100][gc,marking    ] GC(57) Concurrent Preclean 0.227ms
[2023-06-08T15:11:34.006+0100][gc,marking    ] GC(57) Concurrent Mark (5566.392s, 5566.441s) 49.535ms
[2023-06-08T15:11:34.006+0100][gc,start      ] GC(57) Pause Remark
[2023-06-08T15:11:34.012+0100][gc,stringtable] GC(57) Cleaned string and symbol table, strings: 10644 processed, 0 removed, symbols: 85759 processed, 0 removed
[2023-06-08T15:11:34.013+0100][gc            ] GC(57) Pause Remark 143M->143M(256M) 6.512ms
[2023-06-08T15:11:34.013+0100][gc,cpu        ] GC(57) User=0.03s Sys=0.00s Real=0.01s
[2023-06-08T15:11:34.013+0100][gc,marking    ] GC(57) Concurrent Rebuild Remembered Sets
[2023-06-08T15:11:34.026+0100][gc,marking    ] GC(57) Concurrent Rebuild Remembered Sets 13.527ms
[2023-06-08T15:11:34.027+0100][gc,start      ] GC(57) Pause Cleanup
[2023-06-08T15:11:34.027+0100][gc            ] GC(57) Pause Cleanup 143M->143M(256M) 0.126ms
[2023-06-08T15:11:34.027+0100][gc,cpu        ] GC(57) User=0.00s Sys=0.00s Real=0.00s
[2023-06-08T15:11:34.027+0100][gc,marking    ] GC(57) Concurrent Cleanup for Next Mark
[2023-06-08T15:11:34.028+0100][gc,marking    ] GC(57) Concurrent Cleanup for Next Mark 0.839ms
[2023-06-08T15:11:34.028+0100][gc            ] GC(57) Concurrent Cycle 73.154ms
[2023-06-08T15:12:49.949+0100][gc,start      ] GC(58) Pause Young (Normal) (G1 Evacuation Pause)
[2023-06-08T15:12:50.026+0100][gc,task       ] GC(58) Using 4 workers of 4 for evacuation
[2023-06-08T15:12:51.193+0100][gc,mmu        ] GC(58) MMU target violated: 21.0ms (20.0ms/21.0ms)
[2023-06-08T15:12:51.240+0100][gc,phases     ] GC(58)   Pre Evacuate Collection Set: 0.0ms
[2023-06-08T15:12:51.240+0100][gc,phases     ] GC(58)   Evacuate Collection Set: 493.5ms
[2023-06-08T15:12:51.240+0100][gc,phases     ] GC(58)   Post Evacuate Collection Set: 76.7ms
[2023-06-08T15:12:51.240+0100][gc,phases     ] GC(58)   Other: 813.9ms
[2023-06-08T15:12:51.240+0100][gc,heap       ] GC(58) Eden regions: 11->0(11)
[2023-06-08T15:12:51.240+0100][gc,heap       ] GC(58) Survivor regions: 1->1(2)
[2023-06-08T15:12:51.240+0100][gc,heap       ] GC(58) Old regions: 16->16
[2023-06-08T15:12:51.240+0100][gc,heap       ] GC(58) Humongous regions: 129->129
[2023-06-08T15:12:51.240+0100][gc,metaspace  ] GC(58) Metaspace: 36450K(38016K)->36450K(38016K) NonClass: 31888K(32768K)->31888K(32768K) Class: 4562K(5248K)->4562K(5248K)
[2023-06-08T15:12:51.610+0100][gc            ] GC(58) Pause Young (Normal) (G1 Evacuation Pause) 153M->142M(256M) 1334.065ms
[2023-06-08T15:12:51.610+0100][gc,cpu        ] GC(58) User=0.07s Sys=0.00s Real=1.70s
[2023-06-08T15:14:12.248+0100][gc,start      ] GC(59) Pause Young (Concurrent Start) (G1 Evacuation Pause)
[2023-06-08T15:14:13.003+0100][gc,task       ] GC(59) Using 4 workers of 4 for evacuation
[2023-06-08T15:14:18.045+0100][gc,mmu        ] GC(59) MMU target violated: 21.0ms (20.0ms/21.0ms)
[2023-06-08T15:14:18.150+0100][gc,phases     ] GC(59)   Pre Evacuate Collection Set: 373.5ms
[2023-06-08T15:14:18.150+0100][gc,phases     ] GC(59)   Evacuate Collection Set: 1793.3ms
[2023-06-08T15:14:18.150+0100][gc,phases     ] GC(59)   Post Evacuate Collection Set: 1243.9ms
[2023-06-08T15:14:18.297+0100][gc,phases     ] GC(59)   Other: 2942.4ms
[2023-06-08T15:14:18.297+0100][gc,heap       ] GC(59) Eden regions: 11->0(11)
[2023-06-08T15:14:18.297+0100][gc,heap       ] GC(59) Survivor regions: 1->1(2)
[2023-06-08T15:14:18.297+0100][gc,heap       ] GC(59) Old regions: 16->16
[2023-06-08T15:14:18.298+0100][gc,heap       ] GC(59) Humongous regions: 129->129
[2023-06-08T15:14:18.475+0100][gc,metaspace  ] GC(59) Metaspace: 36451K(38016K)->36451K(38016K) NonClass: 31889K(32768K)->31889K(32768K) Class: 4562K(5248K)->4562K(5248K)
[2023-06-08T15:14:18.798+0100][gc            ] GC(59) Pause Young (Concurrent Start) (G1 Evacuation Pause) 153M->142M(256M) 6419.981ms
[2023-06-08T15:14:18.798+0100][gc,cpu        ] GC(59) User=0.00s Sys=0.03s Real=6.77s
[2023-06-08T15:14:18.798+0100][gc            ] GC(60) Concurrent Cycle
[2023-06-08T15:14:18.798+0100][gc,marking    ] GC(60) Concurrent Clear Claimed Marks
[2023-06-08T15:14:18.799+0100][gc,marking    ] GC(60) Concurrent Clear Claimed Marks 0.627ms
[2023-06-08T15:14:18.799+0100][gc,marking    ] GC(60) Concurrent Scan Root Regions
[2023-06-08T15:14:19.100+0100][gc,marking    ] GC(60) Concurrent Scan Root Regions 300.700ms
[2023-06-08T15:14:19.100+0100][gc,marking    ] GC(60) Concurrent Mark (5731.535s)
[2023-06-08T15:14:19.100+0100][gc,marking    ] GC(60) Concurrent Mark From Roots
[2023-06-08T15:14:19.100+0100][gc,task       ] GC(60) Using 1 workers of 1 for marking
[2023-06-08T15:14:19.549+0100][gc,marking    ] GC(60) Concurrent Mark From Roots 449.417ms
[2023-06-08T15:14:19.549+0100][gc,marking    ] GC(60) Concurrent Preclean
[2023-06-08T15:14:19.550+0100][gc,marking    ] GC(60) Concurrent Preclean 0.362ms
[2023-06-08T15:14:19.550+0100][gc,marking    ] GC(60) Concurrent Mark (5731.535s, 5731.985s) 449.910ms
[2023-06-08T15:14:19.956+0100][gc,start      ] GC(60) Pause Remark
[2023-06-08T15:14:19.978+0100][gc,stringtable] GC(60) Cleaned string and symbol table, strings: 10649 processed, 1 removed, symbols: 85759 processed, 0 removed
[2023-06-08T15:14:19.978+0100][gc,mmu        ] GC(60) MMU target violated: 21.0ms (20.0ms/21.0ms)
[2023-06-08T15:14:19.978+0100][gc            ] GC(60) Pause Remark 143M->143M(256M) 21.807ms
[2023-06-08T15:14:19.978+0100][gc,cpu        ] GC(60) User=0.04s Sys=0.00s Real=0.02s
[2023-06-08T15:14:19.978+0100][gc,marking    ] GC(60) Concurrent Rebuild Remembered Sets
[2023-06-08T15:14:20.002+0100][gc,marking    ] GC(60) Concurrent Rebuild Remembered Sets 23.550ms
[2023-06-08T15:14:20.281+0100][gc,start      ] GC(60) Pause Cleanup
[2023-06-08T15:14:20.281+0100][gc            ] GC(60) Pause Cleanup 143M->143M(256M) 0.298ms
[2023-06-08T15:14:20.281+0100][gc,cpu        ] GC(60) User=0.00s Sys=0.00s Real=0.00s
[2023-06-08T15:14:20.281+0100][gc,marking    ] GC(60) Concurrent Cleanup for Next Mark
[2023-06-08T15:14:20.283+0100][gc,marking    ] GC(60) Concurrent Cleanup for Next Mark 1.709ms
[2023-06-08T15:14:20.283+0100][gc            ] GC(60) Concurrent Cycle 1484.835ms
[2023-06-08T15:15:38.294+0100][gc,start      ] GC(61) Pause Young (Normal) (G1 Evacuation Pause)
[2023-06-08T15:15:38.368+0100][gc,task       ] GC(61) Using 4 workers of 4 for evacuation
[2023-06-08T15:15:40.090+0100][gc,mmu        ] GC(61) MMU target violated: 21.0ms (20.0ms/21.0ms)
[2023-06-08T15:15:40.090+0100][gc,phases     ] GC(61)   Pre Evacuate Collection Set: 27.9ms
[2023-06-08T15:15:40.090+0100][gc,phases     ] GC(61)   Evacuate Collection Set: 321.9ms
[2023-06-08T15:15:40.090+0100][gc,phases     ] GC(61)   Post Evacuate Collection Set: 1242.8ms
[2023-06-08T15:15:40.090+0100][gc,phases     ] GC(61)   Other: 1086.0ms
[2023-06-08T15:15:40.090+0100][gc,heap       ] GC(61) Eden regions: 11->0(11)
[2023-06-08T15:15:40.090+0100][gc,heap       ] GC(61) Survivor regions: 1->1(2)
[2023-06-08T15:15:40.090+0100][gc,heap       ] GC(61) Old regions: 16->16
[2023-06-08T15:15:40.090+0100][gc,heap       ] GC(61) Humongous regions: 129->129
[2023-06-08T15:15:40.091+0100][gc,metaspace  ] GC(61) Metaspace: 36461K(38016K)->36461K(38016K) NonClass: 31899K(32768K)->31899K(32768K) Class: 4562K(5248K)->4562K(5248K)
[2023-06-08T15:15:40.101+0100][gc            ] GC(61) Pause Young (Normal) (G1 Evacuation Pause) 153M->142M(256M) 1806.898ms
[2023-06-08T15:15:40.101+0100][gc,cpu        ] GC(61) User=0.17s Sys=0.00s Real=1.81s
[2023-06-08T15:17:06.899+0100][gc,start      ] GC(62) Pause Young (Concurrent Start) (G1 Evacuation Pause)
[2023-06-08T15:17:09.734+0100][gc,task       ] GC(62) Using 4 workers of 4 for evacuation
[2023-06-08T15:17:12.305+0100][gc,mmu        ] GC(62) MMU target violated: 21.0ms (20.0ms/21.0ms)
[2023-06-08T15:17:12.571+0100][gc,phases     ] GC(62)   Pre Evacuate Collection Set: 37.3ms
[2023-06-08T15:17:12.571+0100][gc,phases     ] GC(62)   Evacuate Collection Set: 477.5ms
[2023-06-08T15:17:12.571+0100][gc,phases     ] GC(62)   Post Evacuate Collection Set: 409.7ms
[2023-06-08T15:17:12.571+0100][gc,phases     ] GC(62)   Other: 7449.0ms
[2023-06-08T15:17:12.571+0100][gc,heap       ] GC(62) Eden regions: 11->0(11)
[2023-06-08T15:17:12.571+0100][gc,heap       ] GC(62) Survivor regions: 1->1(2)
[2023-06-08T15:17:12.571+0100][gc,heap       ] GC(62) Old regions: 16->16
[2023-06-08T15:17:12.571+0100][gc,heap       ] GC(62) Humongous regions: 129->129
[2023-06-08T15:17:12.571+0100][gc,metaspace  ] GC(62) Metaspace: 36461K(38016K)->36461K(38016K) NonClass: 31899K(32768K)->31899K(32768K) Class: 4562K(5248K)->4562K(5248K)
[2023-06-08T15:17:12.571+0100][gc            ] GC(62) Pause Young (Concurrent Start) (G1 Evacuation Pause) 153M->142M(256M) 5672.467ms
[2023-06-08T15:17:12.571+0100][gc,cpu        ] GC(62) User=0.01s Sys=0.03s Real=5.67s
[2023-06-08T15:17:12.572+0100][gc            ] GC(63) Concurrent Cycle
[2023-06-08T15:17:12.572+0100][gc,marking    ] GC(63) Concurrent Clear Claimed Marks
[2023-06-08T15:17:12.657+0100][gc,marking    ] GC(63) Concurrent Clear Claimed Marks 0.290ms
[2023-06-08T15:17:12.657+0100][gc,marking    ] GC(63) Concurrent Scan Root Regions
[2023-06-08T15:17:12.739+0100][gc,marking    ] GC(63) Concurrent Scan Root Regions 81.500ms
[2023-06-08T15:17:12.739+0100][gc,marking    ] GC(63) Concurrent Mark (5905.174s)
[2023-06-08T15:17:12.739+0100][gc,marking    ] GC(63) Concurrent Mark From Roots
[2023-06-08T15:17:12.739+0100][gc,task       ] GC(63) Using 1 workers of 1 for marking
[2023-06-08T15:17:12.788+0100][gc,marking    ] GC(63) Concurrent Mark From Roots 48.851ms
[2023-06-08T15:17:12.788+0100][gc,marking    ] GC(63) Concurrent Preclean
[2023-06-08T15:17:12.788+0100][gc,marking    ] GC(63) Concurrent Preclean 0.150ms
[2023-06-08T15:17:12.788+0100][gc,marking    ] GC(63) Concurrent Mark (5905.174s, 5905.223s) 49.114ms
[2023-06-08T15:17:12.788+0100][gc,start      ] GC(63) Pause Remark
[2023-06-08T15:17:12.802+0100][gc,stringtable] GC(63) Cleaned string and symbol table, strings: 10655 processed, 0 removed, symbols: 85759 processed, 0 removed
[2023-06-08T15:17:12.803+0100][gc            ] GC(63) Pause Remark 143M->143M(256M) 14.438ms
[2023-06-08T15:17:12.803+0100][gc,cpu        ] GC(63) User=0.02s Sys=0.00s Real=0.02s
[2023-06-08T15:17:12.803+0100][gc,marking    ] GC(63) Concurrent Rebuild Remembered Sets
[2023-06-08T15:17:12.815+0100][gc,marking    ] GC(63) Concurrent Rebuild Remembered Sets 12.145ms
[2023-06-08T15:17:12.815+0100][gc,start      ] GC(63) Pause Cleanup
[2023-06-08T15:17:12.815+0100][gc            ] GC(63) Pause Cleanup 143M->143M(256M) 0.120ms
[2023-06-08T15:17:12.815+0100][gc,cpu        ] GC(63) User=0.00s Sys=0.00s Real=0.00s
[2023-06-08T15:17:12.816+0100][gc,marking    ] GC(63) Concurrent Cleanup for Next Mark
[2023-06-08T15:17:12.816+0100][gc,marking    ] GC(63) Concurrent Cleanup for Next Mark 0.659ms
[2023-06-08T15:17:12.816+0100][gc            ] GC(63) Concurrent Cycle 244.636ms
[2023-06-08T15:18:27.371+0100][gc,start      ] GC(64) Pause Young (Normal) (G1 Evacuation Pause)
[2023-06-08T15:18:27.371+0100][gc,task       ] GC(64) Using 4 workers of 4 for evacuation
[2023-06-08T15:18:27.375+0100][gc,phases     ] GC(64)   Pre Evacuate Collection Set: 0.0ms
[2023-06-08T15:18:27.375+0100][gc,phases     ] GC(64)   Evacuate Collection Set: 2.0ms
[2023-06-08T15:18:27.375+0100][gc,phases     ] GC(64)   Post Evacuate Collection Set: 1.2ms
[2023-06-08T15:18:27.375+0100][gc,phases     ] GC(64)   Other: 0.2ms
[2023-06-08T15:18:27.375+0100][gc,heap       ] GC(64) Eden regions: 11->0(11)
[2023-06-08T15:18:27.375+0100][gc,heap       ] GC(64) Survivor regions: 1->1(2)
[2023-06-08T15:18:27.375+0100][gc,heap       ] GC(64) Old regions: 16->16
[2023-06-08T15:18:27.375+0100][gc,heap       ] GC(64) Humongous regions: 129->129
[2023-06-08T15:18:27.375+0100][gc,metaspace  ] GC(64) Metaspace: 36464K(38016K)->36464K(38016K) NonClass: 31902K(32768K)->31902K(32768K) Class: 4562K(5248K)->4562K(5248K)
[2023-06-08T15:18:27.375+0100][gc            ] GC(64) Pause Young (Normal) (G1 Evacuation Pause) 153M->142M(256M) 3.664ms
[2023-06-08T15:18:27.375+0100][gc,cpu        ] GC(64) User=0.01s Sys=0.00s Real=0.01s
[2023-06-08T15:19:41.020+0100][gc,start      ] GC(65) Pause Young (Concurrent Start) (G1 Evacuation Pause)
[2023-06-08T15:19:41.020+0100][gc,task       ] GC(65) Using 4 workers of 4 for evacuation
[2023-06-08T15:19:41.041+0100][gc,mmu        ] GC(65) MMU target violated: 20.2ms (20.0ms/21.0ms)
[2023-06-08T15:19:41.041+0100][gc,phases     ] GC(65)   Pre Evacuate Collection Set: 0.2ms
[2023-06-08T15:19:41.041+0100][gc,phases     ] GC(65)   Evacuate Collection Set: 9.0ms
[2023-06-08T15:19:41.041+0100][gc,phases     ] GC(65)   Post Evacuate Collection Set: 10.8ms
[2023-06-08T15:19:41.041+0100][gc,phases     ] GC(65)   Other: 0.7ms
[2023-06-08T15:19:41.041+0100][gc,heap       ] GC(65) Eden regions: 11->0(11)
[2023-06-08T15:19:41.041+0100][gc,heap       ] GC(65) Survivor regions: 1->1(2)
[2023-06-08T15:19:41.041+0100][gc,heap       ] GC(65) Old regions: 16->16
[2023-06-08T15:19:41.041+0100][gc,heap       ] GC(65) Humongous regions: 129->129
[2023-06-08T15:19:41.041+0100][gc,metaspace  ] GC(65) Metaspace: 36464K(38016K)->36464K(38016K) NonClass: 31902K(32768K)->31902K(32768K) Class: 4562K(5248K)->4562K(5248K)
[2023-06-08T15:19:41.041+0100][gc            ] GC(65) Pause Young (Concurrent Start) (G1 Evacuation Pause) 153M->142M(256M) 20.895ms
[2023-06-08T15:19:41.041+0100][gc,cpu        ] GC(65) User=0.02s Sys=0.00s Real=0.03s
[2023-06-08T15:19:41.041+0100][gc            ] GC(66) Concurrent Cycle
[2023-06-08T15:19:41.041+0100][gc,marking    ] GC(66) Concurrent Clear Claimed Marks
[2023-06-08T15:19:41.042+0100][gc,marking    ] GC(66) Concurrent Clear Claimed Marks 0.228ms
[2023-06-08T15:19:41.042+0100][gc,marking    ] GC(66) Concurrent Scan Root Regions
[2023-06-08T15:19:41.043+0100][gc,marking    ] GC(66) Concurrent Scan Root Regions 1.508ms
[2023-06-08T15:19:41.043+0100][gc,marking    ] GC(66) Concurrent Mark (6053.478s)
[2023-06-08T15:19:41.043+0100][gc,marking    ] GC(66) Concurrent Mark From Roots
[2023-06-08T15:19:41.043+0100][gc,task       ] GC(66) Using 1 workers of 1 for marking
[2023-06-08T15:19:41.103+0100][gc,marking    ] GC(66) Concurrent Mark From Roots 59.754ms
[2023-06-08T15:19:41.103+0100][gc,marking    ] GC(66) Concurrent Preclean
[2023-06-08T15:19:41.103+0100][gc,marking    ] GC(66) Concurrent Preclean 0.350ms
[2023-06-08T15:19:41.103+0100][gc,marking    ] GC(66) Concurrent Mark (6053.478s, 6053.539s) 60.281ms
[2023-06-08T15:19:41.104+0100][gc,start      ] GC(66) Pause Remark
[2023-06-08T15:19:41.140+0100][gc,stringtable] GC(66) Cleaned string and symbol table, strings: 10655 processed, 0 removed, symbols: 85759 processed, 0 removed
[2023-06-08T15:19:41.140+0100][gc,mmu        ] GC(66) MMU target violated: 21.0ms (20.0ms/21.0ms)
[2023-06-08T15:19:41.140+0100][gc            ] GC(66) Pause Remark 143M->143M(256M) 36.032ms
[2023-06-08T15:19:41.140+0100][gc,cpu        ] GC(66) User=0.03s Sys=0.00s Real=0.03s
[2023-06-08T15:19:41.140+0100][gc,marking    ] GC(66) Concurrent Rebuild Remembered Sets
[2023-06-08T15:19:41.166+0100][gc,marking    ] GC(66) Concurrent Rebuild Remembered Sets 25.747ms
[2023-06-08T15:19:41.166+0100][gc,start      ] GC(66) Pause Cleanup
[2023-06-08T15:19:41.167+0100][gc            ] GC(66) Pause Cleanup 143M->143M(256M) 0.275ms
[2023-06-08T15:19:41.167+0100][gc,cpu        ] GC(66) User=0.00s Sys=0.00s Real=0.00s
[2023-06-08T15:19:41.167+0100][gc,marking    ] GC(66) Concurrent Cleanup for Next Mark
[2023-06-08T15:19:41.169+0100][gc,marking    ] GC(66) Concurrent Cleanup for Next Mark 2.715ms
[2023-06-08T15:19:41.170+0100][gc            ] GC(66) Concurrent Cycle 128.277ms
[2023-06-08T15:20:53.643+0100][gc,start      ] GC(67) Pause Young (Normal) (G1 Evacuation Pause)
[2023-06-08T15:20:53.643+0100][gc,task       ] GC(67) Using 4 workers of 4 for evacuation
[2023-06-08T15:20:53.648+0100][gc,phases     ] GC(67)   Pre Evacuate Collection Set: 0.0ms
[2023-06-08T15:20:53.648+0100][gc,phases     ] GC(67)   Evacuate Collection Set: 2.3ms
[2023-06-08T15:20:53.648+0100][gc,phases     ] GC(67)   Post Evacuate Collection Set: 2.4ms
[2023-06-08T15:20:53.648+0100][gc,phases     ] GC(67)   Other: 0.4ms
[2023-06-08T15:20:53.648+0100][gc,heap       ] GC(67) Eden regions: 11->0(11)
[2023-06-08T15:20:53.648+0100][gc,heap       ] GC(67) Survivor regions: 1->1(2)
[2023-06-08T15:20:53.648+0100][gc,heap       ] GC(67) Old regions: 16->16
[2023-06-08T15:20:53.648+0100][gc,heap       ] GC(67) Humongous regions: 129->129
[2023-06-08T15:20:53.648+0100][gc,metaspace  ] GC(67) Metaspace: 36465K(38016K)->36465K(38016K) NonClass: 31903K(32768K)->31903K(32768K) Class: 4562K(5248K)->4562K(5248K)
[2023-06-08T15:20:53.648+0100][gc            ] GC(67) Pause Young (Normal) (G1 Evacuation Pause) 153M->142M(256M) 5.263ms
[2023-06-08T15:20:53.648+0100][gc,cpu        ] GC(67) User=0.01s Sys=0.00s Real=0.00s
[2023-06-08T15:22:06.407+0100][gc,start      ] GC(68) Pause Young (Concurrent Start) (G1 Evacuation Pause)
[2023-06-08T15:22:06.407+0100][gc,task       ] GC(68) Using 4 workers of 4 for evacuation
[2023-06-08T15:22:06.408+0100][gc,phases     ] GC(68)   Pre Evacuate Collection Set: 0.2ms
[2023-06-08T15:22:06.408+0100][gc,phases     ] GC(68)   Evacuate Collection Set: 0.9ms
[2023-06-08T15:22:06.408+0100][gc,phases     ] GC(68)   Post Evacuate Collection Set: 0.4ms
[2023-06-08T15:22:06.408+0100][gc,phases     ] GC(68)   Other: 0.3ms
[2023-06-08T15:22:06.408+0100][gc,heap       ] GC(68) Eden regions: 11->0(11)
[2023-06-08T15:22:06.408+0100][gc,heap       ] GC(68) Survivor regions: 1->1(2)
[2023-06-08T15:22:06.408+0100][gc,heap       ] GC(68) Old regions: 16->16
[2023-06-08T15:22:06.408+0100][gc,heap       ] GC(68) Humongous regions: 129->129
[2023-06-08T15:22:06.408+0100][gc,metaspace  ] GC(68) Metaspace: 36465K(38016K)->36465K(38016K) NonClass: 31903K(32768K)->31903K(32768K) Class: 4562K(5248K)->4562K(5248K)
[2023-06-08T15:22:06.408+0100][gc            ] GC(68) Pause Young (Concurrent Start) (G1 Evacuation Pause) 153M->142M(256M) 1.863ms
[2023-06-08T15:22:06.409+0100][gc,cpu        ] GC(68) User=0.00s Sys=0.00s Real=0.00s
[2023-06-08T15:22:06.409+0100][gc            ] GC(69) Concurrent Cycle
[2023-06-08T15:22:06.409+0100][gc,marking    ] GC(69) Concurrent Clear Claimed Marks
[2023-06-08T15:22:06.409+0100][gc,marking    ] GC(69) Concurrent Clear Claimed Marks 0.057ms
[2023-06-08T15:22:06.409+0100][gc,marking    ] GC(69) Concurrent Scan Root Regions
[2023-06-08T15:22:06.409+0100][gc,marking    ] GC(69) Concurrent Scan Root Regions 0.616ms
[2023-06-08T15:22:06.409+0100][gc,marking    ] GC(69) Concurrent Mark (6198.844s)
[2023-06-08T15:22:06.409+0100][gc,marking    ] GC(69) Concurrent Mark From Roots
[2023-06-08T15:22:06.409+0100][gc,task       ] GC(69) Using 1 workers of 1 for marking
[2023-06-08T15:22:06.434+0100][gc,marking    ] GC(69) Concurrent Mark From Roots 24.239ms
[2023-06-08T15:22:06.434+0100][gc,marking    ] GC(69) Concurrent Preclean
[2023-06-08T15:22:06.434+0100][gc,marking    ] GC(69) Concurrent Preclean 0.151ms
[2023-06-08T15:22:06.434+0100][gc,marking    ] GC(69) Concurrent Mark (6198.844s, 6198.869s) 24.484ms
[2023-06-08T15:22:06.434+0100][gc,start      ] GC(69) Pause Remark
[2023-06-08T15:22:06.442+0100][gc,stringtable] GC(69) Cleaned string and symbol table, strings: 10665 processed, 0 removed, symbols: 85759 processed, 0 removed
[2023-06-08T15:22:06.442+0100][gc            ] GC(69) Pause Remark 142M->142M(256M) 7.865ms
[2023-06-08T15:22:06.442+0100][gc,cpu        ] GC(69) User=0.02s Sys=0.00s Real=0.01s
[2023-06-08T15:22:06.442+0100][gc,marking    ] GC(69) Concurrent Rebuild Remembered Sets
[2023-06-08T15:22:06.455+0100][gc,marking    ] GC(69) Concurrent Rebuild Remembered Sets 12.944ms
[2023-06-08T15:22:06.455+0100][gc,start      ] GC(69) Pause Cleanup
[2023-06-08T15:22:06.455+0100][gc            ] GC(69) Pause Cleanup 142M->142M(256M) 0.140ms
[2023-06-08T15:22:06.455+0100][gc,cpu        ] GC(69) User=0.00s Sys=0.00s Real=0.00s
[2023-06-08T15:22:06.455+0100][gc,marking    ] GC(69) Concurrent Cleanup for Next Mark
[2023-06-08T15:22:06.456+0100][gc,marking    ] GC(69) Concurrent Cleanup for Next Mark 0.815ms
[2023-06-08T15:22:06.456+0100][gc            ] GC(69) Concurrent Cycle 47.786ms
[2023-06-08T15:23:22.657+0100][gc,start      ] GC(70) Pause Young (Normal) (G1 Evacuation Pause)
[2023-06-08T15:23:22.657+0100][gc,task       ] GC(70) Using 4 workers of 4 for evacuation
[2023-06-08T15:23:22.662+0100][gc,phases     ] GC(70)   Pre Evacuate Collection Set: 0.0ms
[2023-06-08T15:23:22.662+0100][gc,phases     ] GC(70)   Evacuate Collection Set: 2.5ms
[2023-06-08T15:23:22.662+0100][gc,phases     ] GC(70)   Post Evacuate Collection Set: 1.5ms
[2023-06-08T15:23:22.662+0100][gc,phases     ] GC(70)   Other: 0.3ms
[2023-06-08T15:23:22.662+0100][gc,heap       ] GC(70) Eden regions: 11->0(11)
[2023-06-08T15:23:22.662+0100][gc,heap       ] GC(70) Survivor regions: 1->1(2)
[2023-06-08T15:23:22.662+0100][gc,heap       ] GC(70) Old regions: 16->16
[2023-06-08T15:23:22.662+0100][gc,heap       ] GC(70) Humongous regions: 129->129
[2023-06-08T15:23:22.662+0100][gc,metaspace  ] GC(70) Metaspace: 36466K(38016K)->36466K(38016K) NonClass: 31904K(32768K)->31904K(32768K) Class: 4562K(5248K)->4562K(5248K)
[2023-06-08T15:23:22.662+0100][gc            ] GC(70) Pause Young (Normal) (G1 Evacuation Pause) 153M->142M(256M) 4.433ms
[2023-06-08T15:23:22.662+0100][gc,cpu        ] GC(70) User=0.01s Sys=0.00s Real=0.01s
[2023-06-08T15:24:38.218+0100][gc,start      ] GC(71) Pause Young (Concurrent Start) (G1 Evacuation Pause)
[2023-06-08T15:24:38.218+0100][gc,task       ] GC(71) Using 4 workers of 4 for evacuation
[2023-06-08T15:24:38.225+0100][gc,phases     ] GC(71)   Pre Evacuate Collection Set: 0.2ms
[2023-06-08T15:24:38.225+0100][gc,phases     ] GC(71)   Evacuate Collection Set: 3.8ms
[2023-06-08T15:24:38.225+0100][gc,phases     ] GC(71)   Post Evacuate Collection Set: 2.6ms
[2023-06-08T15:24:38.225+0100][gc,phases     ] GC(71)   Other: 0.5ms
[2023-06-08T15:24:38.225+0100][gc,heap       ] GC(71) Eden regions: 11->0(11)
[2023-06-08T15:24:38.225+0100][gc,heap       ] GC(71) Survivor regions: 1->1(2)
[2023-06-08T15:24:38.225+0100][gc,heap       ] GC(71) Old regions: 16->16
[2023-06-08T15:24:38.225+0100][gc,heap       ] GC(71) Humongous regions: 129->129
[2023-06-08T15:24:38.225+0100][gc,metaspace  ] GC(71) Metaspace: 36466K(38016K)->36466K(38016K) NonClass: 31904K(32768K)->31904K(32768K) Class: 4562K(5248K)->4562K(5248K)
[2023-06-08T15:24:38.225+0100][gc            ] GC(71) Pause Young (Concurrent Start) (G1 Evacuation Pause) 153M->142M(256M) 7.345ms
[2023-06-08T15:24:38.225+0100][gc,cpu        ] GC(71) User=0.01s Sys=0.00s Real=0.01s
[2023-06-08T15:24:38.225+0100][gc            ] GC(72) Concurrent Cycle
[2023-06-08T15:24:38.225+0100][gc,marking    ] GC(72) Concurrent Clear Claimed Marks
[2023-06-08T15:24:38.225+0100][gc,marking    ] GC(72) Concurrent Clear Claimed Marks 0.032ms
[2023-06-08T15:24:38.225+0100][gc,marking    ] GC(72) Concurrent Scan Root Regions
[2023-06-08T15:24:38.225+0100][gc,marking    ] GC(72) Concurrent Scan Root Regions 0.455ms
[2023-06-08T15:24:38.225+0100][gc,marking    ] GC(72) Concurrent Mark (6350.661s)
[2023-06-08T15:24:38.225+0100][gc,marking    ] GC(72) Concurrent Mark From Roots
[2023-06-08T15:24:38.226+0100][gc,task       ] GC(72) Using 1 workers of 1 for marking
[2023-06-08T15:24:38.250+0100][gc,marking    ] GC(72) Concurrent Mark From Roots 24.717ms
[2023-06-08T15:24:38.250+0100][gc,marking    ] GC(72) Concurrent Preclean
[2023-06-08T15:24:38.250+0100][gc,marking    ] GC(72) Concurrent Preclean 0.168ms
[2023-06-08T15:24:38.250+0100][gc,marking    ] GC(72) Concurrent Mark (6350.661s, 6350.686s) 24.989ms
[2023-06-08T15:24:38.251+0100][gc,start      ] GC(72) Pause Remark
[2023-06-08T15:24:38.258+0100][gc,stringtable] GC(72) Cleaned string and symbol table, strings: 10665 processed, 0 removed, symbols: 85759 processed, 0 removed
[2023-06-08T15:24:38.259+0100][gc            ] GC(72) Pause Remark 143M->143M(256M) 7.969ms
[2023-06-08T15:24:38.259+0100][gc,cpu        ] GC(72) User=0.02s Sys=0.00s Real=0.01s
[2023-06-08T15:24:38.259+0100][gc,marking    ] GC(72) Concurrent Rebuild Remembered Sets
[2023-06-08T15:24:38.272+0100][gc,marking    ] GC(72) Concurrent Rebuild Remembered Sets 13.020ms
[2023-06-08T15:24:38.272+0100][gc,start      ] GC(72) Pause Cleanup
[2023-06-08T15:24:38.272+0100][gc            ] GC(72) Pause Cleanup 143M->143M(256M) 0.126ms
[2023-06-08T15:24:38.272+0100][gc,cpu        ] GC(72) User=0.00s Sys=0.00s Real=0.00s
[2023-06-08T15:24:38.272+0100][gc,marking    ] GC(72) Concurrent Cleanup for Next Mark
[2023-06-08T15:24:38.273+0100][gc,marking    ] GC(72) Concurrent Cleanup for Next Mark 0.755ms
[2023-06-08T15:24:38.273+0100][gc            ] GC(72) Concurrent Cycle 48.125ms
[2023-06-08T15:25:53.287+0100][gc,start      ] GC(73) Pause Young (Normal) (G1 Evacuation Pause)
[2023-06-08T15:25:53.287+0100][gc,task       ] GC(73) Using 4 workers of 4 for evacuation
[2023-06-08T15:25:53.296+0100][gc,phases     ] GC(73)   Pre Evacuate Collection Set: 0.1ms
[2023-06-08T15:25:53.296+0100][gc,phases     ] GC(73)   Evacuate Collection Set: 7.5ms
[2023-06-08T15:25:53.296+0100][gc,phases     ] GC(73)   Post Evacuate Collection Set: 1.6ms
[2023-06-08T15:25:53.296+0100][gc,phases     ] GC(73)   Other: 0.5ms
[2023-06-08T15:25:53.296+0100][gc,heap       ] GC(73) Eden regions: 11->0(11)
[2023-06-08T15:25:53.296+0100][gc,heap       ] GC(73) Survivor regions: 1->1(2)
[2023-06-08T15:25:53.296+0100][gc,heap       ] GC(73) Old regions: 16->16
[2023-06-08T15:25:53.296+0100][gc,heap       ] GC(73) Humongous regions: 129->129
[2023-06-08T15:25:53.296+0100][gc,metaspace  ] GC(73) Metaspace: 36466K(38016K)->36466K(38016K) NonClass: 31904K(32768K)->31904K(32768K) Class: 4562K(5248K)->4562K(5248K)
[2023-06-08T15:25:53.297+0100][gc            ] GC(73) Pause Young (Normal) (G1 Evacuation Pause) 153M->142M(256M) 9.825ms
[2023-06-08T15:25:53.297+0100][gc,cpu        ] GC(73) User=0.01s Sys=0.00s Real=0.01s
[2023-06-08T15:27:11.417+0100][gc,start      ] GC(74) Pause Young (Concurrent Start) (G1 Evacuation Pause)
[2023-06-08T15:27:11.417+0100][gc,task       ] GC(74) Using 4 workers of 4 for evacuation
[2023-06-08T15:27:11.418+0100][gc,phases     ] GC(74)   Pre Evacuate Collection Set: 0.2ms
[2023-06-08T15:27:11.418+0100][gc,phases     ] GC(74)   Evacuate Collection Set: 0.7ms
[2023-06-08T15:27:11.418+0100][gc,phases     ] GC(74)   Post Evacuate Collection Set: 0.6ms
[2023-06-08T15:27:11.418+0100][gc,phases     ] GC(74)   Other: 0.3ms
[2023-06-08T15:27:11.418+0100][gc,heap       ] GC(74) Eden regions: 11->0(11)
[2023-06-08T15:27:11.418+0100][gc,heap       ] GC(74) Survivor regions: 1->1(2)
[2023-06-08T15:27:11.418+0100][gc,heap       ] GC(74) Old regions: 16->16
[2023-06-08T15:27:11.418+0100][gc,heap       ] GC(74) Humongous regions: 129->129
[2023-06-08T15:27:11.418+0100][gc,metaspace  ] GC(74) Metaspace: 36466K(38016K)->36466K(38016K) NonClass: 31904K(32768K)->31904K(32768K) Class: 4562K(5248K)->4562K(5248K)
[2023-06-08T15:27:11.419+0100][gc            ] GC(74) Pause Young (Concurrent Start) (G1 Evacuation Pause) 153M->142M(256M) 1.951ms
[2023-06-08T15:27:11.419+0100][gc,cpu        ] GC(74) User=0.00s Sys=0.00s Real=0.00s
[2023-06-08T15:27:11.419+0100][gc            ] GC(75) Concurrent Cycle
[2023-06-08T15:27:11.419+0100][gc,marking    ] GC(75) Concurrent Clear Claimed Marks
[2023-06-08T15:27:11.419+0100][gc,marking    ] GC(75) Concurrent Clear Claimed Marks 0.026ms
[2023-06-08T15:27:11.419+0100][gc,marking    ] GC(75) Concurrent Scan Root Regions
[2023-06-08T15:27:11.419+0100][gc,marking    ] GC(75) Concurrent Scan Root Regions 0.442ms
[2023-06-08T15:27:11.419+0100][gc,marking    ] GC(75) Concurrent Mark (6503.854s)
[2023-06-08T15:27:11.419+0100][gc,marking    ] GC(75) Concurrent Mark From Roots
[2023-06-08T15:27:11.419+0100][gc,task       ] GC(75) Using 1 workers of 1 for marking
[2023-06-08T15:27:11.443+0100][gc,marking    ] GC(75) Concurrent Mark From Roots 24.258ms
[2023-06-08T15:27:11.443+0100][gc,marking    ] GC(75) Concurrent Preclean
[2023-06-08T15:27:11.444+0100][gc,marking    ] GC(75) Concurrent Preclean 0.160ms
[2023-06-08T15:27:11.444+0100][gc,marking    ] GC(75) Concurrent Mark (6503.854s, 6503.879s) 24.522ms
[2023-06-08T15:27:11.444+0100][gc,start      ] GC(75) Pause Remark
[2023-06-08T15:27:11.449+0100][gc,stringtable] GC(75) Cleaned string and symbol table, strings: 10665 processed, 12 removed, symbols: 85759 processed, 0 removed
[2023-06-08T15:27:11.450+0100][gc            ] GC(75) Pause Remark 142M->142M(256M) 5.732ms
[2023-06-08T15:27:11.450+0100][gc,cpu        ] GC(75) User=0.02s Sys=0.00s Real=0.00s
[2023-06-08T15:27:11.450+0100][gc,marking    ] GC(75) Concurrent Rebuild Remembered Sets
[2023-06-08T15:27:11.463+0100][gc,marking    ] GC(75) Concurrent Rebuild Remembered Sets 13.029ms
[2023-06-08T15:27:11.463+0100][gc,start      ] GC(75) Pause Cleanup
[2023-06-08T15:27:11.463+0100][gc            ] GC(75) Pause Cleanup 142M->142M(256M) 0.135ms
[2023-06-08T15:27:11.463+0100][gc,cpu        ] GC(75) User=0.00s Sys=0.00s Real=0.00s
[2023-06-08T15:27:11.463+0100][gc,marking    ] GC(75) Concurrent Cleanup for Next Mark
[2023-06-08T15:27:11.464+0100][gc,marking    ] GC(75) Concurrent Cleanup for Next Mark 0.724ms
[2023-06-08T15:27:11.464+0100][gc            ] GC(75) Concurrent Cycle 45.384ms
[2023-06-08T15:28:27.769+0100][gc,start      ] GC(76) Pause Young (Normal) (G1 Evacuation Pause)
[2023-06-08T15:28:27.769+0100][gc,task       ] GC(76) Using 4 workers of 4 for evacuation
[2023-06-08T15:28:27.772+0100][gc,phases     ] GC(76)   Pre Evacuate Collection Set: 0.0ms
[2023-06-08T15:28:27.772+0100][gc,phases     ] GC(76)   Evacuate Collection Set: 1.3ms
[2023-06-08T15:28:27.772+0100][gc,phases     ] GC(76)   Post Evacuate Collection Set: 0.8ms
[2023-06-08T15:28:27.772+0100][gc,phases     ] GC(76)   Other: 0.4ms
[2023-06-08T15:28:27.772+0100][gc,heap       ] GC(76) Eden regions: 11->0(11)
[2023-06-08T15:28:27.772+0100][gc,heap       ] GC(76) Survivor regions: 1->1(2)
[2023-06-08T15:28:27.772+0100][gc,heap       ] GC(76) Old regions: 16->16
[2023-06-08T15:28:27.772+0100][gc,heap       ] GC(76) Humongous regions: 129->129
[2023-06-08T15:28:27.772+0100][gc,metaspace  ] GC(76) Metaspace: 36468K(38016K)->36468K(38016K) NonClass: 31906K(32768K)->31906K(32768K) Class: 4562K(5248K)->4562K(5248K)
[2023-06-08T15:28:27.772+0100][gc            ] GC(76) Pause Young (Normal) (G1 Evacuation Pause) 153M->142M(256M) 2.852ms
[2023-06-08T15:28:27.772+0100][gc,cpu        ] GC(76) User=0.00s Sys=0.00s Real=0.00s
[2023-06-08T15:29:43.884+0100][gc,start      ] GC(77) Pause Young (Concurrent Start) (G1 Evacuation Pause)
[2023-06-08T15:29:43.884+0100][gc,task       ] GC(77) Using 4 workers of 4 for evacuation
[2023-06-08T15:29:43.892+0100][gc,phases     ] GC(77)   Pre Evacuate Collection Set: 0.4ms
[2023-06-08T15:29:43.892+0100][gc,phases     ] GC(77)   Evacuate Collection Set: 4.5ms
[2023-06-08T15:29:43.892+0100][gc,phases     ] GC(77)   Post Evacuate Collection Set: 2.6ms
[2023-06-08T15:29:43.892+0100][gc,phases     ] GC(77)   Other: 0.5ms
[2023-06-08T15:29:43.892+0100][gc,heap       ] GC(77) Eden regions: 11->0(11)
[2023-06-08T15:29:43.892+0100][gc,heap       ] GC(77) Survivor regions: 1->1(2)
[2023-06-08T15:29:43.892+0100][gc,heap       ] GC(77) Old regions: 16->16
[2023-06-08T15:29:43.892+0100][gc,heap       ] GC(77) Humongous regions: 129->129
[2023-06-08T15:29:43.892+0100][gc,metaspace  ] GC(77) Metaspace: 36468K(38016K)->36468K(38016K) NonClass: 31906K(32768K)->31906K(32768K) Class: 4562K(5248K)->4562K(5248K)
[2023-06-08T15:29:43.892+0100][gc            ] GC(77) Pause Young (Concurrent Start) (G1 Evacuation Pause) 153M->142M(256M) 8.141ms
[2023-06-08T15:29:43.892+0100][gc,cpu        ] GC(77) User=0.01s Sys=0.00s Real=0.00s
[2023-06-08T15:29:43.892+0100][gc            ] GC(78) Concurrent Cycle
[2023-06-08T15:29:43.892+0100][gc,marking    ] GC(78) Concurrent Clear Claimed Marks
[2023-06-08T15:29:43.892+0100][gc,marking    ] GC(78) Concurrent Clear Claimed Marks 0.197ms
[2023-06-08T15:29:43.892+0100][gc,marking    ] GC(78) Concurrent Scan Root Regions
[2023-06-08T15:29:43.893+0100][gc,marking    ] GC(78) Concurrent Scan Root Regions 0.573ms
[2023-06-08T15:29:43.893+0100][gc,marking    ] GC(78) Concurrent Mark (6656.328s)
[2023-06-08T15:29:43.893+0100][gc,marking    ] GC(78) Concurrent Mark From Roots
[2023-06-08T15:29:43.893+0100][gc,task       ] GC(78) Using 1 workers of 1 for marking
[2023-06-08T15:29:43.917+0100][gc,marking    ] GC(78) Concurrent Mark From Roots 24.389ms
[2023-06-08T15:29:43.917+0100][gc,marking    ] GC(78) Concurrent Preclean
[2023-06-08T15:29:43.918+0100][gc,marking    ] GC(78) Concurrent Preclean 0.161ms
[2023-06-08T15:29:43.918+0100][gc,marking    ] GC(78) Concurrent Mark (6656.328s, 6656.353s) 24.641ms
[2023-06-08T15:29:43.918+0100][gc,start      ] GC(78) Pause Remark
[2023-06-08T15:29:43.923+0100][gc,stringtable] GC(78) Cleaned string and symbol table, strings: 10657 processed, 0 removed, symbols: 85759 processed, 0 removed
[2023-06-08T15:29:43.924+0100][gc            ] GC(78) Pause Remark 142M->142M(256M) 5.784ms
[2023-06-08T15:29:43.924+0100][gc,cpu        ] GC(78) User=0.03s Sys=0.00s Real=0.01s
[2023-06-08T15:29:43.924+0100][gc,marking    ] GC(78) Concurrent Rebuild Remembered Sets
[2023-06-08T15:29:43.937+0100][gc,marking    ] GC(78) Concurrent Rebuild Remembered Sets 12.901ms
[2023-06-08T15:29:43.937+0100][gc,start      ] GC(78) Pause Cleanup
[2023-06-08T15:29:43.937+0100][gc            ] GC(78) Pause Cleanup 142M->142M(256M) 0.119ms
[2023-06-08T15:29:43.937+0100][gc,cpu        ] GC(78) User=0.00s Sys=0.00s Real=0.00s
[2023-06-08T15:29:43.937+0100][gc,marking    ] GC(78) Concurrent Cleanup for Next Mark
[2023-06-08T15:29:43.938+0100][gc,marking    ] GC(78) Concurrent Cleanup for Next Mark 0.685ms
[2023-06-08T15:29:43.938+0100][gc            ] GC(78) Concurrent Cycle 45.665ms
[2023-06-08T15:30:58.950+0100][gc,start      ] GC(79) Pause Young (Normal) (G1 Evacuation Pause)
[2023-06-08T15:30:58.950+0100][gc,task       ] GC(79) Using 4 workers of 4 for evacuation
[2023-06-08T15:30:58.951+0100][gc,phases     ] GC(79)   Pre Evacuate Collection Set: 0.0ms
[2023-06-08T15:30:58.952+0100][gc,phases     ] GC(79)   Evacuate Collection Set: 0.7ms
[2023-06-08T15:30:58.952+0100][gc,phases     ] GC(79)   Post Evacuate Collection Set: 0.5ms
[2023-06-08T15:30:58.952+0100][gc,phases     ] GC(79)   Other: 0.2ms
[2023-06-08T15:30:58.952+0100][gc,heap       ] GC(79) Eden regions: 11->0(11)
[2023-06-08T15:30:58.952+0100][gc,heap       ] GC(79) Survivor regions: 1->1(2)
[2023-06-08T15:30:58.952+0100][gc,heap       ] GC(79) Old regions: 16->16
[2023-06-08T15:30:58.952+0100][gc,heap       ] GC(79) Humongous regions: 129->129
[2023-06-08T15:30:58.952+0100][gc,metaspace  ] GC(79) Metaspace: 36468K(38016K)->36468K(38016K) NonClass: 31906K(32768K)->31906K(32768K) Class: 4562K(5248K)->4562K(5248K)
[2023-06-08T15:30:58.952+0100][gc            ] GC(79) Pause Young (Normal) (G1 Evacuation Pause) 153M->142M(256M) 1.606ms
[2023-06-08T15:30:58.952+0100][gc,cpu        ] GC(79) User=0.01s Sys=0.01s Real=0.00s
[2023-06-08T15:32:16.496+0100][gc,start      ] GC(80) Pause Young (Concurrent Start) (G1 Evacuation Pause)
[2023-06-08T15:32:16.496+0100][gc,task       ] GC(80) Using 4 workers of 4 for evacuation
[2023-06-08T15:32:16.498+0100][gc,phases     ] GC(80)   Pre Evacuate Collection Set: 0.2ms
[2023-06-08T15:32:16.498+0100][gc,phases     ] GC(80)   Evacuate Collection Set: 0.7ms
[2023-06-08T15:32:16.499+0100][gc,phases     ] GC(80)   Post Evacuate Collection Set: 0.9ms
[2023-06-08T15:32:16.499+0100][gc,phases     ] GC(80)   Other: 0.4ms
[2023-06-08T15:32:16.499+0100][gc,heap       ] GC(80) Eden regions: 11->0(11)
[2023-06-08T15:32:16.499+0100][gc,heap       ] GC(80) Survivor regions: 1->1(2)
[2023-06-08T15:32:16.499+0100][gc,heap       ] GC(80) Old regions: 16->16
[2023-06-08T15:32:16.499+0100][gc,heap       ] GC(80) Humongous regions: 129->129
[2023-06-08T15:32:16.499+0100][gc,metaspace  ] GC(80) Metaspace: 36469K(38016K)->36469K(38016K) NonClass: 31907K(32768K)->31907K(32768K) Class: 4562K(5248K)->4562K(5248K)
[2023-06-08T15:32:16.499+0100][gc            ] GC(80) Pause Young (Concurrent Start) (G1 Evacuation Pause) 153M->142M(256M) 2.602ms
[2023-06-08T15:32:16.499+0100][gc,cpu        ] GC(80) User=0.00s Sys=0.00s Real=0.00s
[2023-06-08T15:32:16.499+0100][gc            ] GC(81) Concurrent Cycle
[2023-06-08T15:32:16.499+0100][gc,marking    ] GC(81) Concurrent Clear Claimed Marks
[2023-06-08T15:32:16.499+0100][gc,marking    ] GC(81) Concurrent Clear Claimed Marks 0.095ms
[2023-06-08T15:32:16.499+0100][gc,marking    ] GC(81) Concurrent Scan Root Regions
[2023-06-08T15:32:16.500+0100][gc,marking    ] GC(81) Concurrent Scan Root Regions 0.885ms
[2023-06-08T15:32:16.500+0100][gc,marking    ] GC(81) Concurrent Mark (6808.935s)
[2023-06-08T15:32:16.500+0100][gc,marking    ] GC(81) Concurrent Mark From Roots
[2023-06-08T15:32:16.500+0100][gc,task       ] GC(81) Using 1 workers of 1 for marking
[2023-06-08T15:32:16.543+0100][gc,marking    ] GC(81) Concurrent Mark From Roots 43.026ms
[2023-06-08T15:32:16.543+0100][gc,marking    ] GC(81) Concurrent Preclean
[2023-06-08T15:32:16.544+0100][gc,marking    ] GC(81) Concurrent Preclean 0.293ms
[2023-06-08T15:32:16.544+0100][gc,marking    ] GC(81) Concurrent Mark (6808.935s, 6808.979s) 43.456ms
[2023-06-08T15:32:16.544+0100][gc,start      ] GC(81) Pause Remark
[2023-06-08T15:32:16.553+0100][gc,stringtable] GC(81) Cleaned string and symbol table, strings: 10657 processed, 0 removed, symbols: 85759 processed, 0 removed
[2023-06-08T15:32:16.554+0100][gc            ] GC(81) Pause Remark 142M->142M(256M) 9.952ms
[2023-06-08T15:32:16.554+0100][gc,cpu        ] GC(81) User=0.03s Sys=0.00s Real=0.01s
[2023-06-08T15:32:16.554+0100][gc,marking    ] GC(81) Concurrent Rebuild Remembered Sets
[2023-06-08T15:32:16.571+0100][gc,marking    ] GC(81) Concurrent Rebuild Remembered Sets 17.010ms
[2023-06-08T15:32:16.571+0100][gc,start      ] GC(81) Pause Cleanup
[2023-06-08T15:32:16.572+0100][gc            ] GC(81) Pause Cleanup 142M->142M(256M) 0.139ms
[2023-06-08T15:32:16.572+0100][gc,cpu        ] GC(81) User=0.00s Sys=0.00s Real=0.00s
[2023-06-08T15:32:16.572+0100][gc,marking    ] GC(81) Concurrent Cleanup for Next Mark
[2023-06-08T15:32:16.572+0100][gc,marking    ] GC(81) Concurrent Cleanup for Next Mark 0.666ms
[2023-06-08T15:32:16.572+0100][gc            ] GC(81) Concurrent Cycle 73.289ms
[2023-06-08T15:33:32.655+0100][gc,start      ] GC(82) Pause Young (Normal) (G1 Evacuation Pause)
[2023-06-08T15:33:32.655+0100][gc,task       ] GC(82) Using 4 workers of 4 for evacuation
[2023-06-08T15:33:32.656+0100][gc,phases     ] GC(82)   Pre Evacuate Collection Set: 0.0ms
[2023-06-08T15:33:32.656+0100][gc,phases     ] GC(82)   Evacuate Collection Set: 0.7ms
[2023-06-08T15:33:32.656+0100][gc,phases     ] GC(82)   Post Evacuate Collection Set: 0.4ms
[2023-06-08T15:33:32.656+0100][gc,phases     ] GC(82)   Other: 0.2ms
[2023-06-08T15:33:32.656+0100][gc,heap       ] GC(82) Eden regions: 11->0(11)
[2023-06-08T15:33:32.656+0100][gc,heap       ] GC(82) Survivor regions: 1->1(2)
[2023-06-08T15:33:32.656+0100][gc,heap       ] GC(82) Old regions: 16->16
[2023-06-08T15:33:32.656+0100][gc,heap       ] GC(82) Humongous regions: 129->129
[2023-06-08T15:33:32.656+0100][gc,metaspace  ] GC(82) Metaspace: 36471K(38016K)->36471K(38016K) NonClass: 31909K(32768K)->31909K(32768K) Class: 4562K(5248K)->4562K(5248K)
[2023-06-08T15:33:32.656+0100][gc            ] GC(82) Pause Young (Normal) (G1 Evacuation Pause) 153M->142M(256M) 1.490ms
[2023-06-08T15:33:32.656+0100][gc,cpu        ] GC(82) User=0.01s Sys=0.00s Real=0.00s
[2023-06-08T15:35:00.608+0100][gc,start      ] GC(83) Pause Young (Concurrent Start) (G1 Evacuation Pause)
[2023-06-08T15:35:00.608+0100][gc,task       ] GC(83) Using 4 workers of 4 for evacuation
[2023-06-08T15:35:00.621+0100][gc,phases     ] GC(83)   Pre Evacuate Collection Set: 0.6ms
[2023-06-08T15:35:00.621+0100][gc,phases     ] GC(83)   Evacuate Collection Set: 8.5ms
[2023-06-08T15:35:00.621+0100][gc,phases     ] GC(83)   Post Evacuate Collection Set: 3.2ms
[2023-06-08T15:35:00.621+0100][gc,phases     ] GC(83)   Other: 0.7ms
[2023-06-08T15:35:00.621+0100][gc,heap       ] GC(83) Eden regions: 11->0(11)
[2023-06-08T15:35:00.621+0100][gc,heap       ] GC(83) Survivor regions: 1->1(2)
[2023-06-08T15:35:00.621+0100][gc,heap       ] GC(83) Old regions: 16->16
[2023-06-08T15:35:00.621+0100][gc,heap       ] GC(83) Humongous regions: 129->129
[2023-06-08T15:35:00.621+0100][gc,metaspace  ] GC(83) Metaspace: 36471K(38016K)->36471K(38016K) NonClass: 31909K(32768K)->31909K(32768K) Class: 4562K(5248K)->4562K(5248K)
[2023-06-08T15:35:00.621+0100][gc            ] GC(83) Pause Young (Concurrent Start) (G1 Evacuation Pause) 153M->142M(256M) 13.122ms
[2023-06-08T15:35:00.622+0100][gc,cpu        ] GC(83) User=0.02s Sys=0.00s Real=0.02s
[2023-06-08T15:35:00.622+0100][gc            ] GC(84) Concurrent Cycle
[2023-06-08T15:35:00.622+0100][gc,marking    ] GC(84) Concurrent Clear Claimed Marks
[2023-06-08T15:35:00.622+0100][gc,marking    ] GC(84) Concurrent Clear Claimed Marks 0.203ms
[2023-06-08T15:35:00.622+0100][gc,marking    ] GC(84) Concurrent Scan Root Regions
[2023-06-08T15:35:00.622+0100][gc,marking    ] GC(84) Concurrent Scan Root Regions 0.532ms
[2023-06-08T15:35:00.622+0100][gc,marking    ] GC(84) Concurrent Mark (6973.058s)
[2023-06-08T15:35:00.622+0100][gc,marking    ] GC(84) Concurrent Mark From Roots
[2023-06-08T15:35:00.622+0100][gc,task       ] GC(84) Using 1 workers of 1 for marking
[2023-06-08T15:35:00.666+0100][gc,marking    ] GC(84) Concurrent Mark From Roots 43.418ms
[2023-06-08T15:35:00.666+0100][gc,marking    ] GC(84) Concurrent Preclean
[2023-06-08T15:35:00.666+0100][gc,marking    ] GC(84) Concurrent Preclean 0.350ms
[2023-06-08T15:35:00.666+0100][gc,marking    ] GC(84) Concurrent Mark (6973.058s, 6973.101s) 43.923ms
[2023-06-08T15:35:00.667+0100][gc,start      ] GC(84) Pause Remark
[2023-06-08T15:35:00.681+0100][gc,stringtable] GC(84) Cleaned string and symbol table, strings: 10659 processed, 0 removed, symbols: 85759 processed, 0 removed
[2023-06-08T15:35:00.682+0100][gc            ] GC(84) Pause Remark 143M->143M(256M) 14.959ms
[2023-06-08T15:35:00.682+0100][gc,cpu        ] GC(84) User=0.03s Sys=0.00s Real=0.02s
[2023-06-08T15:35:00.682+0100][gc,marking    ] GC(84) Concurrent Rebuild Remembered Sets
[2023-06-08T15:35:00.696+0100][gc,marking    ] GC(84) Concurrent Rebuild Remembered Sets 13.927ms
[2023-06-08T15:35:00.696+0100][gc,start      ] GC(84) Pause Cleanup
[2023-06-08T15:35:00.696+0100][gc            ] GC(84) Pause Cleanup 143M->143M(256M) 0.147ms
[2023-06-08T15:35:00.696+0100][gc,cpu        ] GC(84) User=0.00s Sys=0.00s Real=0.00s
[2023-06-08T15:35:00.696+0100][gc,marking    ] GC(84) Concurrent Cleanup for Next Mark
[2023-06-08T15:35:00.697+0100][gc,marking    ] GC(84) Concurrent Cleanup for Next Mark 1.124ms
[2023-06-08T15:35:00.698+0100][gc            ] GC(84) Concurrent Cycle 75.940ms
[2023-06-08T15:36:18.932+0100][gc,start      ] GC(85) Pause Young (Normal) (G1 Evacuation Pause)
[2023-06-08T15:36:18.932+0100][gc,task       ] GC(85) Using 4 workers of 4 for evacuation
[2023-06-08T15:36:18.933+0100][gc,phases     ] GC(85)   Pre Evacuate Collection Set: 0.0ms
[2023-06-08T15:36:18.933+0100][gc,phases     ] GC(85)   Evacuate Collection Set: 0.8ms
[2023-06-08T15:36:18.933+0100][gc,phases     ] GC(85)   Post Evacuate Collection Set: 0.4ms
[2023-06-08T15:36:18.933+0100][gc,phases     ] GC(85)   Other: 0.3ms
[2023-06-08T15:36:18.933+0100][gc,heap       ] GC(85) Eden regions: 11->0(11)
[2023-06-08T15:36:18.933+0100][gc,heap       ] GC(85) Survivor regions: 1->1(2)
[2023-06-08T15:36:18.933+0100][gc,heap       ] GC(85) Old regions: 16->16
[2023-06-08T15:36:18.933+0100][gc,heap       ] GC(85) Humongous regions: 129->129
[2023-06-08T15:36:18.933+0100][gc,metaspace  ] GC(85) Metaspace: 36472K(38016K)->36472K(38016K) NonClass: 31910K(32768K)->31910K(32768K) Class: 4562K(5248K)->4562K(5248K)
[2023-06-08T15:36:18.933+0100][gc            ] GC(85) Pause Young (Normal) (G1 Evacuation Pause) 153M->142M(256M) 1.531ms
[2023-06-08T15:36:18.933+0100][gc,cpu        ] GC(85) User=0.00s Sys=0.00s Real=0.01s
[2023-06-08T15:37:35.899+0100][gc,start      ] GC(86) Pause Young (Concurrent Start) (G1 Evacuation Pause)
[2023-06-08T15:37:35.899+0100][gc,task       ] GC(86) Using 4 workers of 4 for evacuation
[2023-06-08T15:37:35.909+0100][gc,phases     ] GC(86)   Pre Evacuate Collection Set: 0.2ms
[2023-06-08T15:37:35.909+0100][gc,phases     ] GC(86)   Evacuate Collection Set: 5.8ms
[2023-06-08T15:37:35.909+0100][gc,phases     ] GC(86)   Post Evacuate Collection Set: 3.6ms
[2023-06-08T15:37:35.909+0100][gc,phases     ] GC(86)   Other: 0.5ms
[2023-06-08T15:37:35.909+0100][gc,heap       ] GC(86) Eden regions: 11->0(11)
[2023-06-08T15:37:35.909+0100][gc,heap       ] GC(86) Survivor regions: 1->1(2)
[2023-06-08T15:37:35.909+0100][gc,heap       ] GC(86) Old regions: 16->16
[2023-06-08T15:37:35.909+0100][gc,heap       ] GC(86) Humongous regions: 129->129
[2023-06-08T15:37:35.909+0100][gc,metaspace  ] GC(86) Metaspace: 36473K(38016K)->36473K(38016K) NonClass: 31911K(32768K)->31911K(32768K) Class: 4562K(5248K)->4562K(5248K)
[2023-06-08T15:37:35.909+0100][gc            ] GC(86) Pause Young (Concurrent Start) (G1 Evacuation Pause) 153M->142M(256M) 10.219ms
[2023-06-08T15:37:35.909+0100][gc,cpu        ] GC(86) User=0.01s Sys=0.00s Real=0.01s
[2023-06-08T15:37:35.909+0100][gc            ] GC(87) Concurrent Cycle
[2023-06-08T15:37:35.909+0100][gc,marking    ] GC(87) Concurrent Clear Claimed Marks
[2023-06-08T15:37:35.910+0100][gc,marking    ] GC(87) Concurrent Clear Claimed Marks 0.176ms
[2023-06-08T15:37:35.910+0100][gc,marking    ] GC(87) Concurrent Scan Root Regions
[2023-06-08T15:37:35.910+0100][gc,marking    ] GC(87) Concurrent Scan Root Regions 0.490ms
[2023-06-08T15:37:35.910+0100][gc,marking    ] GC(87) Concurrent Mark (7128.345s)
[2023-06-08T15:37:35.910+0100][gc,marking    ] GC(87) Concurrent Mark From Roots
[2023-06-08T15:37:35.910+0100][gc,task       ] GC(87) Using 1 workers of 1 for marking
[2023-06-08T15:37:35.969+0100][gc,marking    ] GC(87) Concurrent Mark From Roots 58.496ms
[2023-06-08T15:37:35.969+0100][gc,marking    ] GC(87) Concurrent Preclean
[2023-06-08T15:37:35.969+0100][gc,marking    ] GC(87) Concurrent Preclean 0.280ms
[2023-06-08T15:37:35.969+0100][gc,marking    ] GC(87) Concurrent Mark (7128.345s, 7128.404s) 58.926ms
[2023-06-08T15:37:35.969+0100][gc,start      ] GC(87) Pause Remark
[2023-06-08T15:37:35.978+0100][gc,stringtable] GC(87) Cleaned string and symbol table, strings: 10659 processed, 0 removed, symbols: 85759 processed, 0 removed
[2023-06-08T15:37:35.979+0100][gc            ] GC(87) Pause Remark 143M->143M(256M) 9.424ms
[2023-06-08T15:37:35.979+0100][gc,cpu        ] GC(87) User=0.02s Sys=0.00s Real=0.01s
[2023-06-08T15:37:35.979+0100][gc,marking    ] GC(87) Concurrent Rebuild Remembered Sets
[2023-06-08T15:37:35.997+0100][gc,marking    ] GC(87) Concurrent Rebuild Remembered Sets 17.798ms
[2023-06-08T15:37:35.997+0100][gc,start      ] GC(87) Pause Cleanup
[2023-06-08T15:37:35.997+0100][gc            ] GC(87) Pause Cleanup 143M->143M(256M) 0.206ms
[2023-06-08T15:37:35.997+0100][gc,cpu        ] GC(87) User=0.00s Sys=0.00s Real=0.00s
[2023-06-08T15:37:35.997+0100][gc,marking    ] GC(87) Concurrent Cleanup for Next Mark
[2023-06-08T15:37:35.999+0100][gc,marking    ] GC(87) Concurrent Cleanup for Next Mark 1.342ms
[2023-06-08T15:37:35.999+0100][gc            ] GC(87) Concurrent Cycle 89.356ms
[2023-06-08T15:38:53.309+0100][gc,start      ] GC(88) Pause Young (Normal) (G1 Evacuation Pause)
[2023-06-08T15:38:53.357+0100][gc,task       ] GC(88) Using 4 workers of 4 for evacuation
[2023-06-08T15:38:53.416+0100][gc,mmu        ] GC(88) MMU target violated: 21.0ms (20.0ms/21.0ms)
[2023-06-08T15:38:53.416+0100][gc,phases     ] GC(88)   Pre Evacuate Collection Set: 4.0ms
[2023-06-08T15:38:53.416+0100][gc,phases     ] GC(88)   Evacuate Collection Set: 17.0ms
[2023-06-08T15:38:53.416+0100][gc,phases     ] GC(88)   Post Evacuate Collection Set: 1.2ms
[2023-06-08T15:38:53.416+0100][gc,phases     ] GC(88)   Other: 84.5ms
[2023-06-08T15:38:53.416+0100][gc,heap       ] GC(88) Eden regions: 11->0(11)
[2023-06-08T15:38:53.416+0100][gc,heap       ] GC(88) Survivor regions: 1->1(2)
[2023-06-08T15:38:53.416+0100][gc,heap       ] GC(88) Old regions: 16->16
[2023-06-08T15:38:53.416+0100][gc,heap       ] GC(88) Humongous regions: 129->129
[2023-06-08T15:38:53.416+0100][gc,metaspace  ] GC(88) Metaspace: 36476K(38016K)->36476K(38016K) NonClass: 31913K(32768K)->31913K(32768K) Class: 4562K(5248K)->4562K(5248K)
[2023-06-08T15:38:53.426+0100][gc            ] GC(88) Pause Young (Normal) (G1 Evacuation Pause) 153M->142M(256M) 106.737ms
[2023-06-08T15:38:53.426+0100][gc,cpu        ] GC(88) User=0.01s Sys=0.00s Real=0.12s
[2023-06-08T15:40:18.454+0100][gc,start      ] GC(89) Pause Young (Concurrent Start) (G1 Evacuation Pause)
[2023-06-08T15:40:18.454+0100][gc,task       ] GC(89) Using 4 workers of 4 for evacuation
[2023-06-08T15:40:18.481+0100][gc,mmu        ] GC(89) MMU target violated: 21.0ms (20.0ms/21.0ms)
[2023-06-08T15:40:18.481+0100][gc,phases     ] GC(89)   Pre Evacuate Collection Set: 0.2ms
[2023-06-08T15:40:18.481+0100][gc,phases     ] GC(89)   Evacuate Collection Set: 26.6ms
[2023-06-08T15:40:18.481+0100][gc,phases     ] GC(89)   Post Evacuate Collection Set: 0.4ms
[2023-06-08T15:40:18.481+0100][gc,phases     ] GC(89)   Other: 0.3ms
[2023-06-08T15:40:18.481+0100][gc,heap       ] GC(89) Eden regions: 11->0(11)
[2023-06-08T15:40:18.482+0100][gc,heap       ] GC(89) Survivor regions: 1->1(2)
[2023-06-08T15:40:18.482+0100][gc,heap       ] GC(89) Old regions: 16->16
[2023-06-08T15:40:18.482+0100][gc,heap       ] GC(89) Humongous regions: 129->129
[2023-06-08T15:40:18.482+0100][gc,metaspace  ] GC(89) Metaspace: 36479K(38016K)->36479K(38016K) NonClass: 31917K(32768K)->31917K(32768K) Class: 4562K(5248K)->4562K(5248K)
[2023-06-08T15:40:18.482+0100][gc            ] GC(89) Pause Young (Concurrent Start) (G1 Evacuation Pause) 153M->142M(256M) 27.574ms
[2023-06-08T15:40:18.482+0100][gc,cpu        ] GC(89) User=0.00s Sys=0.00s Real=0.03s
[2023-06-08T15:40:18.482+0100][gc            ] GC(90) Concurrent Cycle
[2023-06-08T15:40:18.482+0100][gc,marking    ] GC(90) Concurrent Clear Claimed Marks
[2023-06-08T15:40:18.482+0100][gc,marking    ] GC(90) Concurrent Clear Claimed Marks 0.032ms
[2023-06-08T15:40:18.482+0100][gc,marking    ] GC(90) Concurrent Scan Root Regions
[2023-06-08T15:40:18.500+0100][gc,marking    ] GC(90) Concurrent Scan Root Regions 18.063ms
[2023-06-08T15:40:18.500+0100][gc,marking    ] GC(90) Concurrent Mark (7290.935s)
[2023-06-08T15:40:18.500+0100][gc,marking    ] GC(90) Concurrent Mark From Roots
[2023-06-08T15:40:18.500+0100][gc,task       ] GC(90) Using 1 workers of 1 for marking
[2023-06-08T15:40:18.527+0100][gc,marking    ] GC(90) Concurrent Mark From Roots 27.365ms
[2023-06-08T15:40:18.527+0100][gc,marking    ] GC(90) Concurrent Preclean
[2023-06-08T15:40:18.528+0100][gc,marking    ] GC(90) Concurrent Preclean 0.223ms
[2023-06-08T15:40:18.528+0100][gc,marking    ] GC(90) Concurrent Mark (7290.935s, 7290.963s) 27.688ms
[2023-06-08T15:40:18.528+0100][gc,start      ] GC(90) Pause Remark
[2023-06-08T15:40:18.562+0100][gc,stringtable] GC(90) Cleaned string and symbol table, strings: 10666 processed, 0 removed, symbols: 85759 processed, 0 removed
[2023-06-08T15:40:18.562+0100][gc,mmu        ] GC(90) MMU target violated: 21.0ms (20.0ms/21.0ms)
[2023-06-08T15:40:18.562+0100][gc            ] GC(90) Pause Remark 143M->143M(256M) 34.695ms
[2023-06-08T15:40:18.562+0100][gc,cpu        ] GC(90) User=0.03s Sys=0.00s Real=0.04s
[2023-06-08T15:40:18.563+0100][gc,marking    ] GC(90) Concurrent Rebuild Remembered Sets
[2023-06-08T15:40:18.576+0100][gc,marking    ] GC(90) Concurrent Rebuild Remembered Sets 13.517ms
[2023-06-08T15:40:18.576+0100][gc,start      ] GC(90) Pause Cleanup
[2023-06-08T15:40:18.577+0100][gc            ] GC(90) Pause Cleanup 143M->143M(256M) 0.233ms
[2023-06-08T15:40:18.577+0100][gc,cpu        ] GC(90) User=0.00s Sys=0.00s Real=0.00s
[2023-06-08T15:40:18.577+0100][gc,marking    ] GC(90) Concurrent Cleanup for Next Mark
[2023-06-08T15:40:18.578+0100][gc,marking    ] GC(90) Concurrent Cleanup for Next Mark 1.237ms
[2023-06-08T15:40:18.578+0100][gc            ] GC(90) Concurrent Cycle 96.440ms
[2023-06-08T15:41:37.456+0100][gc,start      ] GC(91) Pause Young (Normal) (G1 Evacuation Pause)
[2023-06-08T15:41:37.456+0100][gc,task       ] GC(91) Using 4 workers of 4 for evacuation
[2023-06-08T15:41:37.458+0100][gc,phases     ] GC(91)   Pre Evacuate Collection Set: 0.0ms
[2023-06-08T15:41:37.458+0100][gc,phases     ] GC(91)   Evacuate Collection Set: 0.8ms
[2023-06-08T15:41:37.458+0100][gc,phases     ] GC(91)   Post Evacuate Collection Set: 0.4ms
[2023-06-08T15:41:37.458+0100][gc,phases     ] GC(91)   Other: 0.2ms
[2023-06-08T15:41:37.458+0100][gc,heap       ] GC(91) Eden regions: 11->0(11)
[2023-06-08T15:41:37.458+0100][gc,heap       ] GC(91) Survivor regions: 1->1(2)
[2023-06-08T15:41:37.458+0100][gc,heap       ] GC(91) Old regions: 16->16
[2023-06-08T15:41:37.458+0100][gc,heap       ] GC(91) Humongous regions: 129->129
[2023-06-08T15:41:37.458+0100][gc,metaspace  ] GC(91) Metaspace: 36483K(38016K)->36483K(38016K) NonClass: 31921K(32768K)->31921K(32768K) Class: 4562K(5248K)->4562K(5248K)
[2023-06-08T15:41:37.458+0100][gc            ] GC(91) Pause Young (Normal) (G1 Evacuation Pause) 153M->142M(256M) 1.456ms
[2023-06-08T15:41:37.458+0100][gc,cpu        ] GC(91) User=0.00s Sys=0.00s Real=0.00s
[2023-06-08T15:42:52.503+0100][gc,start      ] GC(92) Pause Young (Concurrent Start) (G1 Evacuation Pause)
[2023-06-08T15:42:52.503+0100][gc,task       ] GC(92) Using 4 workers of 4 for evacuation
[2023-06-08T15:42:52.509+0100][gc,phases     ] GC(92)   Pre Evacuate Collection Set: 0.2ms
[2023-06-08T15:42:52.509+0100][gc,phases     ] GC(92)   Evacuate Collection Set: 4.5ms
[2023-06-08T15:42:52.509+0100][gc,phases     ] GC(92)   Post Evacuate Collection Set: 0.9ms
[2023-06-08T15:42:52.509+0100][gc,phases     ] GC(92)   Other: 0.5ms
[2023-06-08T15:42:52.509+0100][gc,heap       ] GC(92) Eden regions: 11->0(11)
[2023-06-08T15:42:52.509+0100][gc,heap       ] GC(92) Survivor regions: 1->1(2)
[2023-06-08T15:42:52.509+0100][gc,heap       ] GC(92) Old regions: 16->16
[2023-06-08T15:42:52.509+0100][gc,heap       ] GC(92) Humongous regions: 129->129
[2023-06-08T15:42:52.509+0100][gc,metaspace  ] GC(92) Metaspace: 36489K(38016K)->36489K(38016K) NonClass: 31927K(32768K)->31927K(32768K) Class: 4562K(5248K)->4562K(5248K)
[2023-06-08T15:42:52.509+0100][gc            ] GC(92) Pause Young (Concurrent Start) (G1 Evacuation Pause) 153M->142M(256M) 6.621ms
[2023-06-08T15:42:52.509+0100][gc,cpu        ] GC(92) User=0.01s Sys=0.00s Real=0.00s
[2023-06-08T15:42:52.509+0100][gc            ] GC(93) Concurrent Cycle
[2023-06-08T15:42:52.510+0100][gc,marking    ] GC(93) Concurrent Clear Claimed Marks
[2023-06-08T15:42:52.510+0100][gc,marking    ] GC(93) Concurrent Clear Claimed Marks 0.174ms
[2023-06-08T15:42:52.510+0100][gc,marking    ] GC(93) Concurrent Scan Root Regions
[2023-06-08T15:42:52.511+0100][gc,marking    ] GC(93) Concurrent Scan Root Regions 0.962ms
[2023-06-08T15:42:52.511+0100][gc,marking    ] GC(93) Concurrent Mark (7444.946s)
[2023-06-08T15:42:52.511+0100][gc,marking    ] GC(93) Concurrent Mark From Roots
[2023-06-08T15:42:52.511+0100][gc,task       ] GC(93) Using 1 workers of 1 for marking
[2023-06-08T15:42:52.561+0100][gc,marking    ] GC(93) Concurrent Mark From Roots 50.190ms
[2023-06-08T15:42:52.561+0100][gc,marking    ] GC(93) Concurrent Preclean
[2023-06-08T15:42:52.561+0100][gc,marking    ] GC(93) Concurrent Preclean 0.183ms
[2023-06-08T15:42:52.561+0100][gc,marking    ] GC(93) Concurrent Mark (7444.946s, 7444.996s) 50.494ms
[2023-06-08T15:42:52.562+0100][gc,start      ] GC(93) Pause Remark
[2023-06-08T15:42:52.936+0100][gc,stringtable] GC(93) Cleaned string and symbol table, strings: 10666 processed, 0 removed, symbols: 85759 processed, 0 removed
[2023-06-08T15:42:52.936+0100][gc,mmu        ] GC(93) MMU target violated: 21.0ms (20.0ms/21.0ms)
[2023-06-08T15:42:52.936+0100][gc            ] GC(93) Pause Remark 142M->142M(256M) 374.718ms
[2023-06-08T15:42:52.936+0100][gc,cpu        ] GC(93) User=0.02s Sys=0.00s Real=0.37s
[2023-06-08T15:42:52.936+0100][gc,marking    ] GC(93) Concurrent Rebuild Remembered Sets
[2023-06-08T15:42:52.960+0100][gc,marking    ] GC(93) Concurrent Rebuild Remembered Sets 24.017ms
[2023-06-08T15:42:52.961+0100][gc,start      ] GC(93) Pause Cleanup
[2023-06-08T15:42:52.961+0100][gc            ] GC(93) Pause Cleanup 143M->143M(256M) 0.203ms
[2023-06-08T15:42:52.961+0100][gc,cpu        ] GC(93) User=0.00s Sys=0.00s Real=0.00s
[2023-06-08T15:42:52.961+0100][gc,marking    ] GC(93) Concurrent Cleanup for Next Mark
[2023-06-08T15:42:52.962+0100][gc,marking    ] GC(93) Concurrent Cleanup for Next Mark 1.143ms
[2023-06-08T15:42:52.962+0100][gc            ] GC(93) Concurrent Cycle 452.968ms
[2023-06-08T15:44:09.972+0100][gc,start      ] GC(94) Pause Young (Normal) (G1 Evacuation Pause)
[2023-06-08T15:44:09.972+0100][gc,task       ] GC(94) Using 4 workers of 4 for evacuation
[2023-06-08T15:44:09.980+0100][gc,phases     ] GC(94)   Pre Evacuate Collection Set: 0.0ms
[2023-06-08T15:44:09.980+0100][gc,phases     ] GC(94)   Evacuate Collection Set: 4.4ms
[2023-06-08T15:44:09.980+0100][gc,phases     ] GC(94)   Post Evacuate Collection Set: 3.3ms
[2023-06-08T15:44:09.980+0100][gc,phases     ] GC(94)   Other: 0.3ms
[2023-06-08T15:44:09.980+0100][gc,heap       ] GC(94) Eden regions: 11->0(11)
[2023-06-08T15:44:09.980+0100][gc,heap       ] GC(94) Survivor regions: 1->1(2)
[2023-06-08T15:44:09.980+0100][gc,heap       ] GC(94) Old regions: 16->16
[2023-06-08T15:44:09.980+0100][gc,heap       ] GC(94) Humongous regions: 129->129
[2023-06-08T15:44:09.980+0100][gc,metaspace  ] GC(94) Metaspace: 36491K(38016K)->36491K(38016K) NonClass: 31929K(32768K)->31929K(32768K) Class: 4562K(5248K)->4562K(5248K)
[2023-06-08T15:44:09.980+0100][gc            ] GC(94) Pause Young (Normal) (G1 Evacuation Pause) 153M->142M(256M) 8.238ms
[2023-06-08T15:44:09.980+0100][gc,cpu        ] GC(94) User=0.01s Sys=0.00s Real=0.01s
[2023-06-08T15:45:29.538+0100][gc,start      ] GC(95) Pause Young (Concurrent Start) (G1 Evacuation Pause)
[2023-06-08T15:45:29.538+0100][gc,task       ] GC(95) Using 4 workers of 4 for evacuation
[2023-06-08T15:45:29.551+0100][gc,phases     ] GC(95)   Pre Evacuate Collection Set: 0.2ms
[2023-06-08T15:45:29.551+0100][gc,phases     ] GC(95)   Evacuate Collection Set: 5.4ms
[2023-06-08T15:45:29.551+0100][gc,phases     ] GC(95)   Post Evacuate Collection Set: 6.8ms
[2023-06-08T15:45:29.551+0100][gc,phases     ] GC(95)   Other: 0.5ms
[2023-06-08T15:45:29.551+0100][gc,heap       ] GC(95) Eden regions: 11->0(27)
[2023-06-08T15:45:29.551+0100][gc,heap       ] GC(95) Survivor regions: 1->1(2)
[2023-06-08T15:45:29.551+0100][gc,heap       ] GC(95) Old regions: 16->16
[2023-06-08T15:45:29.551+0100][gc,heap       ] GC(95) Humongous regions: 129->129
[2023-06-08T15:45:29.551+0100][gc,metaspace  ] GC(95) Metaspace: 36495K(38016K)->36495K(38016K) NonClass: 31933K(32768K)->31933K(32768K) Class: 4562K(5248K)->4562K(5248K)
[2023-06-08T15:45:29.551+0100][gc            ] GC(95) Pause Young (Concurrent Start) (G1 Evacuation Pause) 153M->142M(256M) 13.068ms
[2023-06-08T15:45:29.552+0100][gc,cpu        ] GC(95) User=0.02s Sys=0.00s Real=0.01s
[2023-06-08T15:45:29.552+0100][gc            ] GC(96) Concurrent Cycle
[2023-06-08T15:45:29.552+0100][gc,marking    ] GC(96) Concurrent Clear Claimed Marks
[2023-06-08T15:45:29.552+0100][gc,marking    ] GC(96) Concurrent Clear Claimed Marks 0.230ms
[2023-06-08T15:45:29.552+0100][gc,marking    ] GC(96) Concurrent Scan Root Regions
[2023-06-08T15:45:29.552+0100][gc,marking    ] GC(96) Concurrent Scan Root Regions 0.216ms
[2023-06-08T15:45:29.552+0100][gc,marking    ] GC(96) Concurrent Mark (7601.987s)
[2023-06-08T15:45:29.552+0100][gc,marking    ] GC(96) Concurrent Mark From Roots
[2023-06-08T15:45:29.552+0100][gc,task       ] GC(96) Using 1 workers of 1 for marking
[2023-06-08T15:45:29.609+0100][gc,marking    ] GC(96) Concurrent Mark From Roots 56.693ms
[2023-06-08T15:45:29.609+0100][gc,marking    ] GC(96) Concurrent Preclean
[2023-06-08T15:45:29.609+0100][gc,marking    ] GC(96) Concurrent Preclean 0.367ms
[2023-06-08T15:45:29.609+0100][gc,marking    ] GC(96) Concurrent Mark (7601.987s, 7602.045s) 57.267ms
[2023-06-08T15:45:29.610+0100][gc,start      ] GC(96) Pause Remark
[2023-06-08T15:45:29.625+0100][gc,stringtable] GC(96) Cleaned string and symbol table, strings: 10666 processed, 0 removed, symbols: 85759 processed, 0 removed
[2023-06-08T15:45:29.626+0100][gc            ] GC(96) Pause Remark 143M->143M(256M) 15.827ms
[2023-06-08T15:45:29.626+0100][gc,cpu        ] GC(96) User=0.03s Sys=0.00s Real=0.02s
[2023-06-08T15:45:29.626+0100][gc,marking    ] GC(96) Concurrent Rebuild Remembered Sets
[2023-06-08T15:45:29.661+0100][gc,marking    ] GC(96) Concurrent Rebuild Remembered Sets 35.507ms
[2023-06-08T15:45:29.662+0100][gc,start      ] GC(96) Pause Cleanup
[2023-06-08T15:45:29.662+0100][gc            ] GC(96) Pause Cleanup 143M->143M(256M) 0.215ms
[2023-06-08T15:45:29.662+0100][gc,cpu        ] GC(96) User=0.00s Sys=0.00s Real=0.00s
[2023-06-08T15:45:29.662+0100][gc,marking    ] GC(96) Concurrent Cleanup for Next Mark
[2023-06-08T15:45:29.663+0100][gc,marking    ] GC(96) Concurrent Cleanup for Next Mark 1.307ms
[2023-06-08T15:45:29.663+0100][gc            ] GC(96) Concurrent Cycle 111.819ms
[2023-06-08T15:46:45.300+0100][gc,start      ] GC(97) Pause Young (Normal) (G1 Evacuation Pause)
[2023-06-08T15:46:45.301+0100][gc,task       ] GC(97) Using 4 workers of 4 for evacuation
[2023-06-08T15:46:45.305+0100][gc,phases     ] GC(97)   Pre Evacuate Collection Set: 0.0ms
[2023-06-08T15:46:45.305+0100][gc,phases     ] GC(97)   Evacuate Collection Set: 2.1ms
[2023-06-08T15:46:45.305+0100][gc,phases     ] GC(97)   Post Evacuate Collection Set: 1.7ms
[2023-06-08T15:46:45.305+0100][gc,phases     ] GC(97)   Other: 0.4ms
[2023-06-08T15:46:45.305+0100][gc,heap       ] GC(97) Eden regions: 11->0(82)
[2023-06-08T15:46:45.305+0100][gc,heap       ] GC(97) Survivor regions: 1->1(2)
[2023-06-08T15:46:45.305+0100][gc,heap       ] GC(97) Old regions: 16->16
[2023-06-08T15:46:45.305+0100][gc,heap       ] GC(97) Humongous regions: 129->129
[2023-06-08T15:46:45.305+0100][gc,metaspace  ] GC(97) Metaspace: 36505K(38016K)->36505K(38016K) NonClass: 31943K(32768K)->31943K(32768K) Class: 4562K(5248K)->4562K(5248K)
[2023-06-08T15:46:45.305+0100][gc            ] GC(97) Pause Young (Normal) (G1 Evacuation Pause) 153M->142M(256M) 4.624ms
[2023-06-08T15:46:45.305+0100][gc,cpu        ] GC(97) User=0.00s Sys=0.01s Real=0.01s
[2023-06-08T15:57:23.338+0100][gc,start      ] GC(98) Pause Young (Concurrent Start) (G1 Evacuation Pause)
[2023-06-08T15:57:23.351+0100][gc,task       ] GC(98) Using 4 workers of 4 for evacuation
[2023-06-08T15:57:23.591+0100][gc,mmu        ] GC(98) MMU target violated: 21.0ms (20.0ms/21.0ms)
[2023-06-08T15:57:23.592+0100][gc,phases     ] GC(98)   Pre Evacuate Collection Set: 0.3ms
[2023-06-08T15:57:23.592+0100][gc,phases     ] GC(98)   Evacuate Collection Set: 8.6ms
[2023-06-08T15:57:23.592+0100][gc,phases     ] GC(98)   Post Evacuate Collection Set: 208.1ms
[2023-06-08T15:57:23.592+0100][gc,phases     ] GC(98)   Other: 37.0ms
[2023-06-08T15:57:23.592+0100][gc,heap       ] GC(98) Eden regions: 82->0(11)
[2023-06-08T15:57:23.592+0100][gc,heap       ] GC(98) Survivor regions: 1->1(11)
[2023-06-08T15:57:23.592+0100][gc,heap       ] GC(98) Old regions: 16->16
[2023-06-08T15:57:23.592+0100][gc,heap       ] GC(98) Humongous regions: 129->129
[2023-06-08T15:57:23.592+0100][gc,metaspace  ] GC(98) Metaspace: 36555K(38016K)->36555K(38016K) NonClass: 31993K(32768K)->31993K(32768K) Class: 4562K(5248K)->4562K(5248K)
[2023-06-08T15:57:23.592+0100][gc            ] GC(98) Pause Young (Concurrent Start) (G1 Evacuation Pause) 224M->142M(256M) 254.264ms
[2023-06-08T15:57:23.592+0100][gc,cpu        ] GC(98) User=0.01s Sys=0.02s Real=0.25s
[2023-06-08T15:57:23.592+0100][gc            ] GC(99) Concurrent Cycle
[2023-06-08T15:57:23.592+0100][gc,marking    ] GC(99) Concurrent Clear Claimed Marks
[2023-06-08T15:57:23.593+0100][gc,marking    ] GC(99) Concurrent Clear Claimed Marks 0.319ms
[2023-06-08T15:57:23.593+0100][gc,marking    ] GC(99) Concurrent Scan Root Regions
[2023-06-08T15:57:23.593+0100][gc,marking    ] GC(99) Concurrent Scan Root Regions 0.819ms
[2023-06-08T15:57:23.593+0100][gc,marking    ] GC(99) Concurrent Mark (8316.029s)
[2023-06-08T15:57:23.593+0100][gc,marking    ] GC(99) Concurrent Mark From Roots
[2023-06-08T15:57:23.593+0100][gc,task       ] GC(99) Using 1 workers of 1 for marking
[2023-06-08T15:57:23.618+0100][gc,marking    ] GC(99) Concurrent Mark From Roots 24.604ms
[2023-06-08T15:57:23.618+0100][gc,marking    ] GC(99) Concurrent Preclean
[2023-06-08T15:57:23.618+0100][gc,marking    ] GC(99) Concurrent Preclean 0.152ms
[2023-06-08T15:57:23.618+0100][gc,marking    ] GC(99) Concurrent Mark (8316.029s, 8316.053s) 24.857ms
[2023-06-08T15:57:23.618+0100][gc,start      ] GC(99) Pause Remark
[2023-06-08T15:57:23.625+0100][gc,stringtable] GC(99) Cleaned string and symbol table, strings: 10676 processed, 0 removed, symbols: 85759 processed, 0 removed
[2023-06-08T15:57:23.625+0100][gc            ] GC(99) Pause Remark 143M->143M(256M) 6.448ms
[2023-06-08T15:57:23.625+0100][gc,cpu        ] GC(99) User=0.03s Sys=0.00s Real=0.01s
[2023-06-08T15:57:23.625+0100][gc,marking    ] GC(99) Concurrent Rebuild Remembered Sets
[2023-06-08T15:57:23.644+0100][gc,marking    ] GC(99) Concurrent Rebuild Remembered Sets 18.706ms
[2023-06-08T15:57:23.644+0100][gc,start      ] GC(99) Pause Cleanup
[2023-06-08T15:57:23.645+0100][gc            ] GC(99) Pause Cleanup 143M->143M(256M) 0.287ms
[2023-06-08T15:57:23.645+0100][gc,cpu        ] GC(99) User=0.00s Sys=0.00s Real=0.00s
[2023-06-08T15:57:23.645+0100][gc,marking    ] GC(99) Concurrent Cleanup for Next Mark
[2023-06-08T15:57:23.645+0100][gc,marking    ] GC(99) Concurrent Cleanup for Next Mark 0.851ms
[2023-06-08T15:57:23.645+0100][gc            ] GC(99) Concurrent Cycle 53.432ms
[2023-06-08T15:58:39.760+0100][gc,start      ] GC(100) Pause Young (Normal) (G1 Evacuation Pause)
[2023-06-08T15:58:39.760+0100][gc,task       ] GC(100) Using 4 workers of 4 for evacuation
[2023-06-08T15:58:39.766+0100][gc,phases     ] GC(100)   Pre Evacuate Collection Set: 0.0ms
[2023-06-08T15:58:39.766+0100][gc,phases     ] GC(100)   Evacuate Collection Set: 1.9ms
[2023-06-08T15:58:39.766+0100][gc,phases     ] GC(100)   Post Evacuate Collection Set: 3.5ms
[2023-06-08T15:58:39.766+0100][gc,phases     ] GC(100)   Other: 0.4ms
[2023-06-08T15:58:39.766+0100][gc,heap       ] GC(100) Eden regions: 11->0(77)
[2023-06-08T15:58:39.766+0100][gc,heap       ] GC(100) Survivor regions: 1->1(2)
[2023-06-08T15:58:39.766+0100][gc,heap       ] GC(100) Old regions: 16->16
[2023-06-08T15:58:39.766+0100][gc,heap       ] GC(100) Humongous regions: 129->129
[2023-06-08T15:58:39.766+0100][gc,metaspace  ] GC(100) Metaspace: 36555K(38016K)->36555K(38016K) NonClass: 31993K(32768K)->31993K(32768K) Class: 4562K(5248K)->4562K(5248K)
[2023-06-08T15:58:39.766+0100][gc            ] GC(100) Pause Young (Normal) (G1 Evacuation Pause) 153M->142M(256M) 6.219ms
[2023-06-08T15:58:39.766+0100][gc,cpu        ] GC(100) User=0.01s Sys=0.00s Real=0.01s
[2023-06-08T16:07:13.586+0100][gc,start      ] GC(101) Pause Young (Concurrent Start) (G1 Evacuation Pause)
[2023-06-08T16:07:13.695+0100][gc,task       ] GC(101) Using 4 workers of 4 for evacuation
[2023-06-08T16:07:14.232+0100][gc,mmu        ] GC(101) MMU target violated: 21.0ms (20.0ms/21.0ms)
[2023-06-08T16:07:14.232+0100][gc,phases     ] GC(101)   Pre Evacuate Collection Set: 61.6ms
[2023-06-08T16:07:14.232+0100][gc,phases     ] GC(101)   Evacuate Collection Set: 121.7ms
[2023-06-08T16:07:14.232+0100][gc,phases     ] GC(101)   Post Evacuate Collection Set: 275.2ms
[2023-06-08T16:07:14.232+0100][gc,phases     ] GC(101)   Other: 233.1ms
[2023-06-08T16:07:14.232+0100][gc,heap       ] GC(101) Eden regions: 77->0(11)
[2023-06-08T16:07:14.232+0100][gc,heap       ] GC(101) Survivor regions: 1->1(10)
[2023-06-08T16:07:14.232+0100][gc,heap       ] GC(101) Old regions: 16->16
[2023-06-08T16:07:14.232+0100][gc,heap       ] GC(101) Humongous regions: 129->129
[2023-06-08T16:07:14.232+0100][gc,metaspace  ] GC(101) Metaspace: 36580K(38272K)->36580K(38272K) NonClass: 32017K(33024K)->32017K(33024K) Class: 4562K(5248K)->4562K(5248K)
[2023-06-08T16:07:14.271+0100][gc            ] GC(101) Pause Young (Concurrent Start) (G1 Evacuation Pause) 219M->142M(256M) 685.436ms
[2023-06-08T16:07:14.271+0100][gc,cpu        ] GC(101) User=0.00s Sys=0.02s Real=0.68s
[2023-06-08T16:07:14.271+0100][gc            ] GC(102) Concurrent Cycle
[2023-06-08T16:07:14.271+0100][gc,marking    ] GC(102) Concurrent Clear Claimed Marks
[2023-06-08T16:07:14.271+0100][gc,marking    ] GC(102) Concurrent Clear Claimed Marks 0.234ms
[2023-06-08T16:07:14.271+0100][gc,marking    ] GC(102) Concurrent Scan Root Regions
[2023-06-08T16:07:14.274+0100][gc,marking    ] GC(102) Concurrent Scan Root Regions 2.812ms
[2023-06-08T16:07:14.274+0100][gc,marking    ] GC(102) Concurrent Mark (8906.709s)
[2023-06-08T16:07:14.274+0100][gc,marking    ] GC(102) Concurrent Mark From Roots
[2023-06-08T16:07:14.274+0100][gc,task       ] GC(102) Using 1 workers of 1 for marking
[2023-06-08T16:07:14.311+0100][gc,marking    ] GC(102) Concurrent Mark From Roots 36.651ms
[2023-06-08T16:07:14.311+0100][gc,marking    ] GC(102) Concurrent Preclean
[2023-06-08T16:07:14.311+0100][gc,marking    ] GC(102) Concurrent Preclean 0.214ms
[2023-06-08T16:07:14.311+0100][gc,marking    ] GC(102) Concurrent Mark (8906.709s, 8906.746s) 36.970ms
[2023-06-08T16:07:14.315+0100][gc,start      ] GC(102) Pause Remark
[2023-06-08T16:07:14.320+0100][gc,stringtable] GC(102) Cleaned string and symbol table, strings: 10677 processed, 0 removed, symbols: 85759 processed, 0 removed
[2023-06-08T16:07:14.321+0100][gc            ] GC(102) Pause Remark 143M->143M(256M) 5.965ms
[2023-06-08T16:07:14.321+0100][gc,cpu        ] GC(102) User=0.02s Sys=0.00s Real=0.01s
[2023-06-08T16:07:14.321+0100][gc,marking    ] GC(102) Concurrent Rebuild Remembered Sets
[2023-06-08T16:07:14.336+0100][gc,marking    ] GC(102) Concurrent Rebuild Remembered Sets 15.405ms
[2023-06-08T16:07:14.337+0100][gc,start      ] GC(102) Pause Cleanup
[2023-06-08T16:07:14.337+0100][gc            ] GC(102) Pause Cleanup 143M->143M(256M) 0.161ms
[2023-06-08T16:07:14.337+0100][gc,cpu        ] GC(102) User=0.00s Sys=0.00s Real=0.00s
[2023-06-08T16:07:14.337+0100][gc,marking    ] GC(102) Concurrent Cleanup for Next Mark
[2023-06-08T16:07:18.019+0100][gc,marking    ] GC(102) Concurrent Cleanup for Next Mark 3682.544ms
[2023-06-08T16:07:18.019+0100][gc            ] GC(102) Concurrent Cycle 3748.304ms
[2023-06-08T16:08:23.498+0100][gc,start      ] GC(103) Pause Young (Normal) (G1 Evacuation Pause)
[2023-06-08T16:08:23.498+0100][gc,task       ] GC(103) Using 4 workers of 4 for evacuation
[2023-06-08T16:08:23.500+0100][gc,phases     ] GC(103)   Pre Evacuate Collection Set: 0.0ms
[2023-06-08T16:08:23.500+0100][gc,phases     ] GC(103)   Evacuate Collection Set: 1.5ms
[2023-06-08T16:08:23.500+0100][gc,phases     ] GC(103)   Post Evacuate Collection Set: 0.9ms
[2023-06-08T16:08:23.500+0100][gc,phases     ] GC(103)   Other: 0.2ms
[2023-06-08T16:08:23.500+0100][gc,heap       ] GC(103) Eden regions: 11->0(11)
[2023-06-08T16:08:23.500+0100][gc,heap       ] GC(103) Survivor regions: 1->1(2)
[2023-06-08T16:08:23.500+0100][gc,heap       ] GC(103) Old regions: 16->16
[2023-06-08T16:08:23.500+0100][gc,heap       ] GC(103) Humongous regions: 129->129
[2023-06-08T16:08:23.500+0100][gc,metaspace  ] GC(103) Metaspace: 36580K(38272K)->36580K(38272K) NonClass: 32017K(33024K)->32017K(33024K) Class: 4562K(5248K)->4562K(5248K)
[2023-06-08T16:08:23.500+0100][gc            ] GC(103) Pause Young (Normal) (G1 Evacuation Pause) 153M->142M(256M) 2.695ms
[2023-06-08T16:08:23.500+0100][gc,cpu        ] GC(103) User=0.01s Sys=0.00s Real=0.00s
[2023-06-08T16:09:31.038+0100][gc,start      ] GC(104) Pause Young (Concurrent Start) (G1 Evacuation Pause)
[2023-06-08T16:09:31.038+0100][gc,task       ] GC(104) Using 4 workers of 4 for evacuation
[2023-06-08T16:09:31.040+0100][gc,phases     ] GC(104)   Pre Evacuate Collection Set: 0.2ms
[2023-06-08T16:09:31.040+0100][gc,phases     ] GC(104)   Evacuate Collection Set: 0.8ms
[2023-06-08T16:09:31.040+0100][gc,phases     ] GC(104)   Post Evacuate Collection Set: 0.4ms
[2023-06-08T16:09:31.040+0100][gc,phases     ] GC(104)   Other: 0.3ms
[2023-06-08T16:09:31.040+0100][gc,heap       ] GC(104) Eden regions: 11->0(11)
[2023-06-08T16:09:31.040+0100][gc,heap       ] GC(104) Survivor regions: 1->1(2)
[2023-06-08T16:09:31.040+0100][gc,heap       ] GC(104) Old regions: 16->16
[2023-06-08T16:09:31.040+0100][gc,heap       ] GC(104) Humongous regions: 129->129
[2023-06-08T16:09:31.040+0100][gc,metaspace  ] GC(104) Metaspace: 36580K(38272K)->36580K(38272K) NonClass: 32017K(33024K)->32017K(33024K) Class: 4562K(5248K)->4562K(5248K)
[2023-06-08T16:09:31.053+0100][gc            ] GC(104) Pause Young (Concurrent Start) (G1 Evacuation Pause) 153M->142M(256M) 14.836ms
[2023-06-08T16:09:31.053+0100][gc,cpu        ] GC(104) User=0.01s Sys=0.01s Real=0.02s
[2023-06-08T16:09:31.053+0100][gc            ] GC(105) Concurrent Cycle
[2023-06-08T16:09:31.053+0100][gc,marking    ] GC(105) Concurrent Clear Claimed Marks
[2023-06-08T16:09:31.053+0100][gc,marking    ] GC(105) Concurrent Clear Claimed Marks 0.120ms
[2023-06-08T16:09:31.053+0100][gc,marking    ] GC(105) Concurrent Scan Root Regions
[2023-06-08T16:09:31.054+0100][gc,marking    ] GC(105) Concurrent Scan Root Regions 0.523ms
[2023-06-08T16:09:31.054+0100][gc,marking    ] GC(105) Concurrent Mark (9043.489s)
[2023-06-08T16:09:31.054+0100][gc,marking    ] GC(105) Concurrent Mark From Roots
[2023-06-08T16:09:31.054+0100][gc,task       ] GC(105) Using 1 workers of 1 for marking
[2023-06-08T16:09:31.079+0100][gc,marking    ] GC(105) Concurrent Mark From Roots 25.477ms
[2023-06-08T16:09:31.079+0100][gc,marking    ] GC(105) Concurrent Preclean
[2023-06-08T16:09:31.079+0100][gc,marking    ] GC(105) Concurrent Preclean 0.253ms
[2023-06-08T16:09:31.079+0100][gc,marking    ] GC(105) Concurrent Mark (9043.489s, 9043.515s) 25.835ms
[2023-06-08T16:09:31.080+0100][gc,start      ] GC(105) Pause Remark
[2023-06-08T16:09:31.087+0100][gc,stringtable] GC(105) Cleaned string and symbol table, strings: 10677 processed, 4 removed, symbols: 85759 processed, 0 removed
[2023-06-08T16:09:31.087+0100][gc            ] GC(105) Pause Remark 142M->142M(256M) 7.245ms
[2023-06-08T16:09:31.087+0100][gc,cpu        ] GC(105) User=0.03s Sys=0.00s Real=0.01s
[2023-06-08T16:09:31.087+0100][gc,marking    ] GC(105) Concurrent Rebuild Remembered Sets
[2023-06-08T16:09:31.107+0100][gc,marking    ] GC(105) Concurrent Rebuild Remembered Sets 19.729ms
[2023-06-08T16:09:31.107+0100][gc,start      ] GC(105) Pause Cleanup
[2023-06-08T16:09:31.107+0100][gc            ] GC(105) Pause Cleanup 142M->142M(256M) 0.142ms
[2023-06-08T16:09:31.107+0100][gc,cpu        ] GC(105) User=0.00s Sys=0.00s Real=0.00s
[2023-06-08T16:09:31.108+0100][gc,marking    ] GC(105) Concurrent Cleanup for Next Mark
[2023-06-08T16:09:31.108+0100][gc,marking    ] GC(105) Concurrent Cleanup for Next Mark 0.848ms
[2023-06-08T16:09:31.108+0100][gc            ] GC(105) Concurrent Cycle 55.481ms
[2023-06-08T16:10:38.978+0100][gc,start      ] GC(106) Pause Young (Normal) (G1 Evacuation Pause)
[2023-06-08T16:10:38.978+0100][gc,task       ] GC(106) Using 4 workers of 4 for evacuation
[2023-06-08T16:10:38.980+0100][gc,phases     ] GC(106)   Pre Evacuate Collection Set: 0.0ms
[2023-06-08T16:10:38.980+0100][gc,phases     ] GC(106)   Evacuate Collection Set: 0.8ms
[2023-06-08T16:10:38.980+0100][gc,phases     ] GC(106)   Post Evacuate Collection Set: 1.4ms
[2023-06-08T16:10:38.980+0100][gc,phases     ] GC(106)   Other: 0.2ms
[2023-06-08T16:10:38.980+0100][gc,heap       ] GC(106) Eden regions: 11->0(11)
[2023-06-08T16:10:38.980+0100][gc,heap       ] GC(106) Survivor regions: 1->1(2)
[2023-06-08T16:10:38.980+0100][gc,heap       ] GC(106) Old regions: 16->16
[2023-06-08T16:10:38.980+0100][gc,heap       ] GC(106) Humongous regions: 129->129
[2023-06-08T16:10:38.980+0100][gc,metaspace  ] GC(106) Metaspace: 36580K(38272K)->36580K(38272K) NonClass: 32017K(33024K)->32017K(33024K) Class: 4562K(5248K)->4562K(5248K)
[2023-06-08T16:10:38.980+0100][gc            ] GC(106) Pause Young (Normal) (G1 Evacuation Pause) 153M->142M(256M) 2.518ms
[2023-06-08T16:10:38.980+0100][gc,cpu        ] GC(106) User=0.01s Sys=0.00s Real=0.00s
[2023-06-08T16:11:46.515+0100][gc,start      ] GC(107) Pause Young (Concurrent Start) (G1 Evacuation Pause)
[2023-06-08T16:11:46.516+0100][gc,task       ] GC(107) Using 4 workers of 4 for evacuation
[2023-06-08T16:11:46.517+0100][gc,phases     ] GC(107)   Pre Evacuate Collection Set: 0.2ms
[2023-06-08T16:11:46.517+0100][gc,phases     ] GC(107)   Evacuate Collection Set: 0.7ms
[2023-06-08T16:11:46.517+0100][gc,phases     ] GC(107)   Post Evacuate Collection Set: 0.5ms
[2023-06-08T16:11:46.517+0100][gc,phases     ] GC(107)   Other: 0.2ms
[2023-06-08T16:11:46.517+0100][gc,heap       ] GC(107) Eden regions: 11->0(11)
[2023-06-08T16:11:46.517+0100][gc,heap       ] GC(107) Survivor regions: 1->1(2)
[2023-06-08T16:11:46.517+0100][gc,heap       ] GC(107) Old regions: 16->16
[2023-06-08T16:11:46.517+0100][gc,heap       ] GC(107) Humongous regions: 129->129
[2023-06-08T16:11:46.517+0100][gc,metaspace  ] GC(107) Metaspace: 36580K(38272K)->36580K(38272K) NonClass: 32017K(33024K)->32017K(33024K) Class: 4562K(5248K)->4562K(5248K)
[2023-06-08T16:11:46.517+0100][gc            ] GC(107) Pause Young (Concurrent Start) (G1 Evacuation Pause) 153M->142M(256M) 1.658ms
[2023-06-08T16:11:46.517+0100][gc,cpu        ] GC(107) User=0.00s Sys=0.00s Real=0.00s
[2023-06-08T16:11:46.517+0100][gc            ] GC(108) Concurrent Cycle
[2023-06-08T16:11:46.517+0100][gc,marking    ] GC(108) Concurrent Clear Claimed Marks
[2023-06-08T16:11:46.517+0100][gc,marking    ] GC(108) Concurrent Clear Claimed Marks 0.031ms
[2023-06-08T16:11:46.517+0100][gc,marking    ] GC(108) Concurrent Scan Root Regions
[2023-06-08T16:11:46.518+0100][gc,marking    ] GC(108) Concurrent Scan Root Regions 0.418ms
[2023-06-08T16:11:46.518+0100][gc,marking    ] GC(108) Concurrent Mark (9178.953s)
[2023-06-08T16:11:46.518+0100][gc,marking    ] GC(108) Concurrent Mark From Roots
[2023-06-08T16:11:46.518+0100][gc,task       ] GC(108) Using 1 workers of 1 for marking
[2023-06-08T16:11:46.543+0100][gc,marking    ] GC(108) Concurrent Mark From Roots 25.520ms
[2023-06-08T16:11:46.543+0100][gc,marking    ] GC(108) Concurrent Preclean
[2023-06-08T16:11:46.543+0100][gc,marking    ] GC(108) Concurrent Preclean 0.225ms
[2023-06-08T16:11:46.544+0100][gc,marking    ] GC(108) Concurrent Mark (9178.953s, 9178.979s) 25.837ms
[2023-06-08T16:11:46.544+0100][gc,start      ] GC(108) Pause Remark
[2023-06-08T16:11:46.551+0100][gc,stringtable] GC(108) Cleaned string and symbol table, strings: 10677 processed, 0 removed, symbols: 85759 processed, 0 removed
[2023-06-08T16:11:46.551+0100][gc            ] GC(108) Pause Remark 142M->142M(256M) 7.087ms
[2023-06-08T16:11:46.551+0100][gc,cpu        ] GC(108) User=0.03s Sys=0.00s Real=0.00s
[2023-06-08T16:11:46.551+0100][gc,marking    ] GC(108) Concurrent Rebuild Remembered Sets
[2023-06-08T16:11:46.565+0100][gc,marking    ] GC(108) Concurrent Rebuild Remembered Sets 13.539ms
[2023-06-08T16:11:46.565+0100][gc,start      ] GC(108) Pause Cleanup
[2023-06-08T16:11:46.565+0100][gc            ] GC(108) Pause Cleanup 143M->143M(256M) 0.162ms
[2023-06-08T16:11:46.565+0100][gc,cpu        ] GC(108) User=0.00s Sys=0.00s Real=0.00s
[2023-06-08T16:11:46.565+0100][gc,marking    ] GC(108) Concurrent Cleanup for Next Mark
[2023-06-08T16:11:46.566+0100][gc,marking    ] GC(108) Concurrent Cleanup for Next Mark 0.721ms
[2023-06-08T16:11:46.566+0100][gc            ] GC(108) Concurrent Cycle 48.579ms
[2023-06-08T16:12:54.283+0100][gc,start      ] GC(109) Pause Young (Normal) (G1 Evacuation Pause)
[2023-06-08T16:12:54.283+0100][gc,task       ] GC(109) Using 4 workers of 4 for evacuation
[2023-06-08T16:12:54.290+0100][gc,phases     ] GC(109)   Pre Evacuate Collection Set: 0.0ms
[2023-06-08T16:12:54.290+0100][gc,phases     ] GC(109)   Evacuate Collection Set: 2.5ms
[2023-06-08T16:12:54.290+0100][gc,phases     ] GC(109)   Post Evacuate Collection Set: 4.4ms
[2023-06-08T16:12:54.290+0100][gc,phases     ] GC(109)   Other: 0.3ms
[2023-06-08T16:12:54.290+0100][gc,heap       ] GC(109) Eden regions: 11->0(11)
[2023-06-08T16:12:54.290+0100][gc,heap       ] GC(109) Survivor regions: 1->1(2)
[2023-06-08T16:12:54.290+0100][gc,heap       ] GC(109) Old regions: 16->16
[2023-06-08T16:12:54.290+0100][gc,heap       ] GC(109) Humongous regions: 129->129
[2023-06-08T16:12:54.290+0100][gc,metaspace  ] GC(109) Metaspace: 36580K(38272K)->36580K(38272K) NonClass: 32017K(33024K)->32017K(33024K) Class: 4562K(5248K)->4562K(5248K)
[2023-06-08T16:12:54.290+0100][gc            ] GC(109) Pause Young (Normal) (G1 Evacuation Pause) 153M->142M(256M) 7.491ms
[2023-06-08T16:12:54.290+0100][gc,cpu        ] GC(109) User=0.02s Sys=0.00s Real=0.00s
[2023-06-08T16:16:46.727+0100][gc,start      ] GC(110) Pause Young (Concurrent Start) (G1 Evacuation Pause)
[2023-06-08T16:16:46.727+0100][gc,task       ] GC(110) Using 4 workers of 4 for evacuation
[2023-06-08T16:16:46.730+0100][gc,phases     ] GC(110)   Pre Evacuate Collection Set: 0.2ms
[2023-06-08T16:16:46.730+0100][gc,phases     ] GC(110)   Evacuate Collection Set: 1.6ms
[2023-06-08T16:16:46.730+0100][gc,phases     ] GC(110)   Post Evacuate Collection Set: 0.8ms
[2023-06-08T16:16:46.730+0100][gc,phases     ] GC(110)   Other: 0.5ms
[2023-06-08T16:16:46.730+0100][gc,heap       ] GC(110) Eden regions: 11->0(11)
[2023-06-08T16:16:46.730+0100][gc,heap       ] GC(110) Survivor regions: 1->1(2)
[2023-06-08T16:16:46.730+0100][gc,heap       ] GC(110) Old regions: 16->16
[2023-06-08T16:16:46.730+0100][gc,heap       ] GC(110) Humongous regions: 129->129
[2023-06-08T16:16:46.731+0100][gc,metaspace  ] GC(110) Metaspace: 36580K(38272K)->36580K(38272K) NonClass: 32017K(33024K)->32017K(33024K) Class: 4562K(5248K)->4562K(5248K)
[2023-06-08T16:16:46.731+0100][gc            ] GC(110) Pause Young (Concurrent Start) (G1 Evacuation Pause) 153M->142M(256M) 3.508ms
[2023-06-08T16:16:46.731+0100][gc,cpu        ] GC(110) User=0.01s Sys=0.00s Real=0.00s
[2023-06-08T16:16:46.731+0100][gc            ] GC(111) Concurrent Cycle
[2023-06-08T16:16:46.731+0100][gc,marking    ] GC(111) Concurrent Clear Claimed Marks
[2023-06-08T16:16:46.731+0100][gc,marking    ] GC(111) Concurrent Clear Claimed Marks 0.087ms
[2023-06-08T16:16:46.731+0100][gc,marking    ] GC(111) Concurrent Scan Root Regions
[2023-06-08T16:16:46.732+0100][gc,marking    ] GC(111) Concurrent Scan Root Regions 0.920ms
[2023-06-08T16:16:46.732+0100][gc,marking    ] GC(111) Concurrent Mark (9479.167s)
[2023-06-08T16:16:46.732+0100][gc,marking    ] GC(111) Concurrent Mark From Roots
[2023-06-08T16:16:46.732+0100][gc,task       ] GC(111) Using 1 workers of 1 for marking
[2023-06-08T16:16:46.775+0100][gc,marking    ] GC(111) Concurrent Mark From Roots 43.287ms
[2023-06-08T16:16:46.775+0100][gc,marking    ] GC(111) Concurrent Preclean
[2023-06-08T16:16:46.776+0100][gc,marking    ] GC(111) Concurrent Preclean 0.343ms
[2023-06-08T16:16:46.776+0100][gc,marking    ] GC(111) Concurrent Mark (9479.167s, 9479.211s) 43.773ms
[2023-06-08T16:16:46.776+0100][gc,start      ] GC(111) Pause Remark
[2023-06-08T16:16:46.783+0100][gc,stringtable] GC(111) Cleaned string and symbol table, strings: 10677 processed, 0 removed, symbols: 85759 processed, 0 removed
[2023-06-08T16:16:46.784+0100][gc            ] GC(111) Pause Remark 142M->142M(256M) 7.840ms
[2023-06-08T16:16:46.784+0100][gc,cpu        ] GC(111) User=0.03s Sys=0.00s Real=0.01s
[2023-06-08T16:16:46.784+0100][gc,marking    ] GC(111) Concurrent Rebuild Remembered Sets
[2023-06-08T16:16:46.797+0100][gc,marking    ] GC(111) Concurrent Rebuild Remembered Sets 13.037ms
[2023-06-08T16:16:46.797+0100][gc,start      ] GC(111) Pause Cleanup
[2023-06-08T16:16:46.797+0100][gc            ] GC(111) Pause Cleanup 142M->142M(256M) 0.121ms
[2023-06-08T16:16:46.797+0100][gc,cpu        ] GC(111) User=0.01s Sys=0.00s Real=0.00s
[2023-06-08T16:16:46.797+0100][gc,marking    ] GC(111) Concurrent Cleanup for Next Mark
[2023-06-08T16:16:46.798+0100][gc,marking    ] GC(111) Concurrent Cleanup for Next Mark 0.747ms
[2023-06-08T16:16:46.798+0100][gc            ] GC(111) Concurrent Cycle 67.467ms
[2023-06-08T16:23:23.875+0100][gc,start      ] GC(112) Pause Young (Normal) (G1 Evacuation Pause)
[2023-06-08T16:23:23.911+0100][gc,task       ] GC(112) Using 4 workers of 4 for evacuation
[2023-06-08T16:23:23.938+0100][gc,mmu        ] GC(112) MMU target violated: 21.0ms (20.0ms/21.0ms)
[2023-06-08T16:23:23.938+0100][gc,phases     ] GC(112)   Pre Evacuate Collection Set: 0.0ms
[2023-06-08T16:23:23.938+0100][gc,phases     ] GC(112)   Evacuate Collection Set: 26.1ms
[2023-06-08T16:23:23.938+0100][gc,phases     ] GC(112)   Post Evacuate Collection Set: 0.5ms
[2023-06-08T16:23:23.955+0100][gc,phases     ] GC(112)   Other: 53.0ms
[2023-06-08T16:23:23.955+0100][gc,heap       ] GC(112) Eden regions: 11->0(11)
[2023-06-08T16:23:23.955+0100][gc,heap       ] GC(112) Survivor regions: 1->1(2)
[2023-06-08T16:23:23.955+0100][gc,heap       ] GC(112) Old regions: 16->16
[2023-06-08T16:23:23.955+0100][gc,heap       ] GC(112) Humongous regions: 129->129
[2023-06-08T16:23:23.955+0100][gc,metaspace  ] GC(112) Metaspace: 36586K(38272K)->36586K(38272K) NonClass: 32023K(33024K)->32023K(33024K) Class: 4562K(5248K)->4562K(5248K)
[2023-06-08T16:23:23.956+0100][gc            ] GC(112) Pause Young (Normal) (G1 Evacuation Pause) 153M->142M(256M) 79.604ms
[2023-06-08T16:23:23.956+0100][gc,cpu        ] GC(112) User=0.04s Sys=0.00s Real=0.08s
[2023-06-08T16:30:03.743+0100][gc,start      ] GC(113) Pause Young (Concurrent Start) (G1 Evacuation Pause)
[2023-06-08T16:30:03.790+0100][gc,task       ] GC(113) Using 4 workers of 4 for evacuation
[2023-06-08T16:30:03.854+0100][gc,mmu        ] GC(113) MMU target violated: 21.0ms (20.0ms/21.0ms)
[2023-06-08T16:30:03.854+0100][gc,phases     ] GC(113)   Pre Evacuate Collection Set: 0.3ms
[2023-06-08T16:30:03.854+0100][gc,phases     ] GC(113)   Evacuate Collection Set: 50.9ms
[2023-06-08T16:30:03.854+0100][gc,phases     ] GC(113)   Post Evacuate Collection Set: 12.1ms
[2023-06-08T16:30:03.855+0100][gc,phases     ] GC(113)   Other: 54.8ms
[2023-06-08T16:30:03.855+0100][gc,heap       ] GC(113) Eden regions: 11->0(11)
[2023-06-08T16:30:03.855+0100][gc,heap       ] GC(113) Survivor regions: 1->1(2)
[2023-06-08T16:30:03.855+0100][gc,heap       ] GC(113) Old regions: 16->16
[2023-06-08T16:30:03.855+0100][gc,heap       ] GC(113) Humongous regions: 129->129
[2023-06-08T16:30:03.855+0100][gc,metaspace  ] GC(113) Metaspace: 36587K(38272K)->36587K(38272K) NonClass: 32025K(33024K)->32025K(33024K) Class: 4562K(5248K)->4562K(5248K)
[2023-06-08T16:30:03.855+0100][gc            ] GC(113) Pause Young (Concurrent Start) (G1 Evacuation Pause) 153M->142M(256M) 112.099ms
[2023-06-08T16:30:03.855+0100][gc,cpu        ] GC(113) User=0.06s Sys=0.00s Real=0.11s
[2023-06-08T16:30:03.855+0100][gc            ] GC(114) Concurrent Cycle
[2023-06-08T16:30:03.855+0100][gc,marking    ] GC(114) Concurrent Clear Claimed Marks
[2023-06-08T16:30:03.855+0100][gc,marking    ] GC(114) Concurrent Clear Claimed Marks 0.245ms
[2023-06-08T16:30:03.855+0100][gc,marking    ] GC(114) Concurrent Scan Root Regions
[2023-06-08T16:30:03.856+0100][gc,marking    ] GC(114) Concurrent Scan Root Regions 0.976ms
[2023-06-08T16:30:03.856+0100][gc,marking    ] GC(114) Concurrent Mark (10276.292s)
[2023-06-08T16:30:03.856+0100][gc,marking    ] GC(114) Concurrent Mark From Roots
[2023-06-08T16:30:03.856+0100][gc,task       ] GC(114) Using 1 workers of 1 for marking
[2023-06-08T16:30:03.900+0100][gc,marking    ] GC(114) Concurrent Mark From Roots 43.365ms
[2023-06-08T16:30:03.900+0100][gc,marking    ] GC(114) Concurrent Preclean
[2023-06-08T16:30:03.900+0100][gc,marking    ] GC(114) Concurrent Preclean 0.269ms
[2023-06-08T16:30:03.900+0100][gc,marking    ] GC(114) Concurrent Mark (10276.292s, 10276.335s) 43.776ms
[2023-06-08T16:30:03.900+0100][gc,start      ] GC(114) Pause Remark
[2023-06-08T16:30:03.908+0100][gc,stringtable] GC(114) Cleaned string and symbol table, strings: 10677 processed, 0 removed, symbols: 85759 processed, 0 removed
[2023-06-08T16:30:03.908+0100][gc            ] GC(114) Pause Remark 143M->143M(256M) 7.680ms
[2023-06-08T16:30:03.908+0100][gc,cpu        ] GC(114) User=0.03s Sys=0.00s Real=0.01s
[2023-06-08T16:30:03.908+0100][gc,marking    ] GC(114) Concurrent Rebuild Remembered Sets
[2023-06-08T16:30:03.933+0100][gc,marking    ] GC(114) Concurrent Rebuild Remembered Sets 24.237ms
[2023-06-08T16:30:03.933+0100][gc,start      ] GC(114) Pause Cleanup
[2023-06-08T16:30:03.933+0100][gc            ] GC(114) Pause Cleanup 143M->143M(256M) 0.163ms
[2023-06-08T16:30:03.933+0100][gc,cpu        ] GC(114) User=0.00s Sys=0.00s Real=0.00s
[2023-06-08T16:30:03.933+0100][gc,marking    ] GC(114) Concurrent Cleanup for Next Mark
[2023-06-08T16:30:03.934+0100][gc,marking    ] GC(114) Concurrent Cleanup for Next Mark 0.918ms
[2023-06-08T16:30:03.934+0100][gc            ] GC(114) Concurrent Cycle 79.127ms
[2023-06-08T16:36:40.565+0100][gc,start      ] GC(115) Pause Young (Normal) (G1 Evacuation Pause)
[2023-06-08T16:36:40.625+0100][gc,task       ] GC(115) Using 4 workers of 4 for evacuation
[2023-06-08T16:36:40.667+0100][gc,mmu        ] GC(115) MMU target violated: 21.0ms (20.0ms/21.0ms)
[2023-06-08T16:36:40.667+0100][gc,phases     ] GC(115)   Pre Evacuate Collection Set: 1.0ms
[2023-06-08T16:36:40.667+0100][gc,phases     ] GC(115)   Evacuate Collection Set: 23.1ms
[2023-06-08T16:36:40.667+0100][gc,phases     ] GC(115)   Post Evacuate Collection Set: 3.5ms
[2023-06-08T16:36:40.667+0100][gc,phases     ] GC(115)   Other: 89.4ms
[2023-06-08T16:36:40.667+0100][gc,heap       ] GC(115) Eden regions: 11->0(13)
[2023-06-08T16:36:40.667+0100][gc,heap       ] GC(115) Survivor regions: 1->1(2)
[2023-06-08T16:36:40.667+0100][gc,heap       ] GC(115) Old regions: 16->16
[2023-06-08T16:36:40.667+0100][gc,heap       ] GC(115) Humongous regions: 129->129
[2023-06-08T16:36:40.667+0100][gc,metaspace  ] GC(115) Metaspace: 36588K(38272K)->36588K(38272K) NonClass: 32026K(33024K)->32026K(33024K) Class: 4562K(5248K)->4562K(5248K)
[2023-06-08T16:36:40.667+0100][gc            ] GC(115) Pause Young (Normal) (G1 Evacuation Pause) 153M->142M(256M) 111.667ms
[2023-06-08T16:36:40.667+0100][gc,cpu        ] GC(115) User=0.02s Sys=0.01s Real=0.11s
[2023-06-08T16:44:34.540+0100][gc,start      ] GC(116) Pause Young (Concurrent Start) (G1 Evacuation Pause)
[2023-06-08T16:44:34.540+0100][gc,task       ] GC(116) Using 4 workers of 4 for evacuation
[2023-06-08T16:44:34.557+0100][gc,phases     ] GC(116)   Pre Evacuate Collection Set: 0.3ms
[2023-06-08T16:44:34.557+0100][gc,phases     ] GC(116)   Evacuate Collection Set: 14.7ms
[2023-06-08T16:44:34.557+0100][gc,phases     ] GC(116)   Post Evacuate Collection Set: 1.0ms
[2023-06-08T16:44:34.557+0100][gc,phases     ] GC(116)   Other: 0.5ms
[2023-06-08T16:44:34.557+0100][gc,heap       ] GC(116) Eden regions: 13->0(32)
[2023-06-08T16:44:34.557+0100][gc,heap       ] GC(116) Survivor regions: 1->1(2)
[2023-06-08T16:44:34.557+0100][gc,heap       ] GC(116) Old regions: 16->16
[2023-06-08T16:44:34.557+0100][gc,heap       ] GC(116) Humongous regions: 129->129
[2023-06-08T16:44:34.557+0100][gc,metaspace  ] GC(116) Metaspace: 36594K(38272K)->36594K(38272K) NonClass: 32032K(33024K)->32032K(33024K) Class: 4562K(5248K)->4562K(5248K)
[2023-06-08T16:44:34.557+0100][gc            ] GC(116) Pause Young (Concurrent Start) (G1 Evacuation Pause) 155M->142M(256M) 16.839ms
[2023-06-08T16:44:34.557+0100][gc,cpu        ] GC(116) User=0.00s Sys=0.00s Real=0.02s
[2023-06-08T16:44:34.557+0100][gc            ] GC(117) Concurrent Cycle
[2023-06-08T16:44:34.557+0100][gc,marking    ] GC(117) Concurrent Clear Claimed Marks
[2023-06-08T16:44:34.557+0100][gc,marking    ] GC(117) Concurrent Clear Claimed Marks 0.100ms
[2023-06-08T16:44:34.557+0100][gc,marking    ] GC(117) Concurrent Scan Root Regions
[2023-06-08T16:44:34.578+0100][gc,marking    ] GC(117) Concurrent Scan Root Regions 20.994ms
[2023-06-08T16:44:34.579+0100][gc,marking    ] GC(117) Concurrent Mark (11147.014s)
[2023-06-08T16:44:34.579+0100][gc,marking    ] GC(117) Concurrent Mark From Roots
[2023-06-08T16:44:34.579+0100][gc,task       ] GC(117) Using 1 workers of 1 for marking
[2023-06-08T16:44:34.622+0100][gc,marking    ] GC(117) Concurrent Mark From Roots 43.855ms
[2023-06-08T16:44:34.622+0100][gc,marking    ] GC(117) Concurrent Preclean
[2023-06-08T16:44:34.623+0100][gc,marking    ] GC(117) Concurrent Preclean 0.305ms
[2023-06-08T16:44:34.623+0100][gc,marking    ] GC(117) Concurrent Mark (11147.014s, 11147.058s) 44.295ms
[2023-06-08T16:44:34.623+0100][gc,start      ] GC(117) Pause Remark
[2023-06-08T16:44:34.653+0100][gc,stringtable] GC(117) Cleaned string and symbol table, strings: 10677 processed, 0 removed, symbols: 85759 processed, 0 removed
[2023-06-08T16:44:34.654+0100][gc,mmu        ] GC(117) MMU target violated: 21.0ms (20.0ms/21.0ms)
[2023-06-08T16:44:34.654+0100][gc            ] GC(117) Pause Remark 143M->143M(256M) 30.776ms
[2023-06-08T16:44:34.654+0100][gc,cpu        ] GC(117) User=0.03s Sys=0.00s Real=0.03s
[2023-06-08T16:44:34.654+0100][gc,marking    ] GC(117) Concurrent Rebuild Remembered Sets
[2023-06-08T16:44:34.683+0100][gc,marking    ] GC(117) Concurrent Rebuild Remembered Sets 29.433ms
[2023-06-08T16:44:34.684+0100][gc,start      ] GC(117) Pause Cleanup
[2023-06-08T16:44:34.684+0100][gc            ] GC(117) Pause Cleanup 143M->143M(256M) 0.170ms
[2023-06-08T16:44:34.684+0100][gc,cpu        ] GC(117) User=0.00s Sys=0.00s Real=0.00s
[2023-06-08T16:44:34.684+0100][gc,marking    ] GC(117) Concurrent Cleanup for Next Mark
[2023-06-08T16:44:34.685+0100][gc,marking    ] GC(117) Concurrent Cleanup for Next Mark 0.916ms
[2023-06-08T16:44:34.685+0100][gc            ] GC(117) Concurrent Cycle 127.852ms
[2023-06-08T17:05:01.922+0100][gc,start      ] GC(118) Pause Young (Normal) (G1 Evacuation Pause)
[2023-06-08T17:05:02.116+0100][gc,task       ] GC(118) Using 4 workers of 4 for evacuation
[2023-06-08T17:05:02.341+0100][gc,mmu        ] GC(118) MMU target violated: 21.0ms (20.0ms/21.0ms)
[2023-06-08T17:05:02.341+0100][gc,phases     ] GC(118)   Pre Evacuate Collection Set: 0.4ms
[2023-06-08T17:05:02.342+0100][gc,phases     ] GC(118)   Evacuate Collection Set: 192.2ms
[2023-06-08T17:05:02.342+0100][gc,phases     ] GC(118)   Post Evacuate Collection Set: 31.6ms
[2023-06-08T17:05:02.342+0100][gc,phases     ] GC(118)   Other: 355.8ms
[2023-06-08T17:05:02.354+0100][gc,heap       ] GC(118) Eden regions: 33->0(11)
[2023-06-08T17:05:02.354+0100][gc,heap       ] GC(118) Survivor regions: 1->1(5)
[2023-06-08T17:05:02.354+0100][gc,heap       ] GC(118) Old regions: 16->16
[2023-06-08T17:05:02.354+0100][gc,heap       ] GC(118) Humongous regions: 129->129
[2023-06-08T17:05:02.354+0100][gc,metaspace  ] GC(118) Metaspace: 36608K(38272K)->36608K(38272K) NonClass: 32046K(33024K)->32046K(33024K) Class: 4562K(5248K)->4562K(5248K)
[2023-06-08T17:05:02.361+0100][gc            ] GC(118) Pause Young (Normal) (G1 Evacuation Pause) 175M->142M(256M) 431.490ms
[2023-06-08T17:05:02.361+0100][gc,cpu        ] GC(118) User=0.01s Sys=0.00s Real=0.44s
[2023-06-08T17:11:42.013+0100][gc,start      ] GC(119) Pause Young (Concurrent Start) (G1 Evacuation Pause)
[2023-06-08T17:11:42.014+0100][gc,task       ] GC(119) Using 4 workers of 4 for evacuation
[2023-06-08T17:11:42.079+0100][gc,mmu        ] GC(119) MMU target violated: 21.0ms (20.0ms/21.0ms)
[2023-06-08T17:11:42.079+0100][gc,phases     ] GC(119)   Pre Evacuate Collection Set: 0.2ms
[2023-06-08T17:11:42.079+0100][gc,phases     ] GC(119)   Evacuate Collection Set: 62.5ms
[2023-06-08T17:11:42.079+0100][gc,phases     ] GC(119)   Post Evacuate Collection Set: 2.7ms
[2023-06-08T17:11:42.079+0100][gc,phases     ] GC(119)   Other: 24.1ms
[2023-06-08T17:11:42.080+0100][gc,heap       ] GC(119) Eden regions: 11->0(11)
[2023-06-08T17:11:42.080+0100][gc,heap       ] GC(119) Survivor regions: 1->1(2)
[2023-06-08T17:11:42.080+0100][gc,heap       ] GC(119) Old regions: 16->16
[2023-06-08T17:11:42.080+0100][gc,heap       ] GC(119) Humongous regions: 129->129
[2023-06-08T17:11:42.080+0100][gc,metaspace  ] GC(119) Metaspace: 36614K(38272K)->36614K(38272K) NonClass: 32052K(33024K)->32052K(33024K) Class: 4562K(5248K)->4562K(5248K)
[2023-06-08T17:11:42.080+0100][gc            ] GC(119) Pause Young (Concurrent Start) (G1 Evacuation Pause) 153M->142M(256M) 66.649ms
[2023-06-08T17:11:42.080+0100][gc,cpu        ] GC(119) User=0.02s Sys=0.00s Real=0.06s
[2023-06-08T17:11:42.080+0100][gc            ] GC(120) Concurrent Cycle
[2023-06-08T17:11:42.080+0100][gc,marking    ] GC(120) Concurrent Clear Claimed Marks
[2023-06-08T17:11:42.080+0100][gc,marking    ] GC(120) Concurrent Clear Claimed Marks 0.215ms
[2023-06-08T17:11:42.080+0100][gc,marking    ] GC(120) Concurrent Scan Root Regions
[2023-06-08T17:11:42.118+0100][gc,marking    ] GC(120) Concurrent Scan Root Regions 37.124ms
[2023-06-08T17:11:42.118+0100][gc,marking    ] GC(120) Concurrent Mark (12774.553s)
[2023-06-08T17:11:42.118+0100][gc,marking    ] GC(120) Concurrent Mark From Roots
[2023-06-08T17:11:42.118+0100][gc,task       ] GC(120) Using 1 workers of 1 for marking
[2023-06-08T17:11:42.191+0100][gc,marking    ] GC(120) Concurrent Mark From Roots 73.316ms
[2023-06-08T17:11:42.191+0100][gc,marking    ] GC(120) Concurrent Preclean
[2023-06-08T17:11:42.191+0100][gc,marking    ] GC(120) Concurrent Preclean 0.208ms
[2023-06-08T17:11:42.191+0100][gc,marking    ] GC(120) Concurrent Mark (12774.553s, 12774.626s) 73.617ms
[2023-06-08T17:11:42.192+0100][gc,start      ] GC(120) Pause Remark
[2023-06-08T17:11:42.228+0100][gc,stringtable] GC(120) Cleaned string and symbol table, strings: 10677 processed, 0 removed, symbols: 85759 processed, 0 removed
[2023-06-08T17:11:42.229+0100][gc,mmu        ] GC(120) MMU target violated: 21.0ms (20.0ms/21.0ms)
[2023-06-08T17:11:42.229+0100][gc            ] GC(120) Pause Remark 143M->143M(256M) 37.885ms
[2023-06-08T17:11:42.230+0100][gc,cpu        ] GC(120) User=0.04s Sys=0.00s Real=0.04s
[2023-06-08T17:11:42.230+0100][gc,marking    ] GC(120) Concurrent Rebuild Remembered Sets
[2023-06-08T17:11:42.245+0100][gc,marking    ] GC(120) Concurrent Rebuild Remembered Sets 15.104ms
[2023-06-08T17:11:42.245+0100][gc,start      ] GC(120) Pause Cleanup
[2023-06-08T17:11:42.245+0100][gc            ] GC(120) Pause Cleanup 143M->143M(256M) 0.165ms
[2023-06-08T17:11:42.245+0100][gc,cpu        ] GC(120) User=0.00s Sys=0.00s Real=0.00s
[2023-06-08T17:11:42.245+0100][gc,marking    ] GC(120) Concurrent Cleanup for Next Mark
[2023-06-08T17:11:42.246+0100][gc,marking    ] GC(120) Concurrent Cleanup for Next Mark 1.099ms
[2023-06-08T17:11:42.247+0100][gc            ] GC(120) Concurrent Cycle 166.396ms
[2023-06-08T17:18:22.564+0100][gc,start      ] GC(121) Pause Young (Normal) (G1 Evacuation Pause)
[2023-06-08T17:18:22.564+0100][gc,task       ] GC(121) Using 4 workers of 4 for evacuation
[2023-06-08T17:18:22.567+0100][gc,phases     ] GC(121)   Pre Evacuate Collection Set: 0.0ms
[2023-06-08T17:18:22.567+0100][gc,phases     ] GC(121)   Evacuate Collection Set: 0.9ms
[2023-06-08T17:18:22.567+0100][gc,phases     ] GC(121)   Post Evacuate Collection Set: 2.0ms
[2023-06-08T17:18:22.567+0100][gc,phases     ] GC(121)   Other: 0.3ms
[2023-06-08T17:18:22.567+0100][gc,heap       ] GC(121) Eden regions: 11->0(11)
[2023-06-08T17:18:22.567+0100][gc,heap       ] GC(121) Survivor regions: 1->1(2)
[2023-06-08T17:18:22.567+0100][gc,heap       ] GC(121) Old regions: 16->16
[2023-06-08T17:18:22.567+0100][gc,heap       ] GC(121) Humongous regions: 129->129
[2023-06-08T17:18:22.567+0100][gc,metaspace  ] GC(121) Metaspace: 36615K(38272K)->36615K(38272K) NonClass: 32053K(33024K)->32053K(33024K) Class: 4562K(5248K)->4562K(5248K)
[2023-06-08T17:18:22.567+0100][gc            ] GC(121) Pause Young (Normal) (G1 Evacuation Pause) 153M->142M(256M) 3.310ms
[2023-06-08T17:18:22.567+0100][gc,cpu        ] GC(121) User=0.00s Sys=0.00s Real=0.00s
[2023-06-08T18:43:49.091+0100][gc,start      ] GC(122) Pause Young (Concurrent Start) (G1 Evacuation Pause)
[2023-06-08T18:43:49.194+0100][gc,task       ] GC(122) Using 4 workers of 4 for evacuation
[2023-06-08T18:43:49.264+0100][gc,mmu        ] GC(122) MMU target violated: 21.0ms (20.0ms/21.0ms)
[2023-06-08T18:43:49.264+0100][gc,phases     ] GC(122)   Pre Evacuate Collection Set: 0.3ms
[2023-06-08T18:43:49.264+0100][gc,phases     ] GC(122)   Evacuate Collection Set: 50.7ms
[2023-06-08T18:43:49.264+0100][gc,phases     ] GC(122)   Post Evacuate Collection Set: 0.8ms
[2023-06-08T18:43:49.264+0100][gc,phases     ] GC(122)   Other: 121.0ms
[2023-06-08T18:43:49.264+0100][gc,heap       ] GC(122) Eden regions: 11->0(11)
[2023-06-08T18:43:49.264+0100][gc,heap       ] GC(122) Survivor regions: 1->1(2)
[2023-06-08T18:43:49.264+0100][gc,heap       ] GC(122) Old regions: 16->16
[2023-06-08T18:43:49.264+0100][gc,heap       ] GC(122) Humongous regions: 129->129
[2023-06-08T18:43:49.264+0100][gc,metaspace  ] GC(122) Metaspace: 36618K(38272K)->36618K(38272K) NonClass: 32056K(33024K)->32056K(33024K) Class: 4562K(5248K)->4562K(5248K)
[2023-06-08T18:43:49.264+0100][gc            ] GC(122) Pause Young (Concurrent Start) (G1 Evacuation Pause) 153M->142M(256M) 173.051ms
[2023-06-08T18:43:49.264+0100][gc,cpu        ] GC(122) User=0.00s Sys=0.01s Real=0.17s
[2023-06-08T18:43:49.265+0100][gc            ] GC(123) Concurrent Cycle
[2023-06-08T18:43:49.265+0100][gc,marking    ] GC(123) Concurrent Clear Claimed Marks
[2023-06-08T18:43:49.265+0100][gc,marking    ] GC(123) Concurrent Clear Claimed Marks 0.101ms
[2023-06-08T18:43:49.265+0100][gc,marking    ] GC(123) Concurrent Scan Root Regions
[2023-06-08T18:43:49.289+0100][gc,marking    ] GC(123) Concurrent Scan Root Regions 24.128ms
[2023-06-08T18:43:49.289+0100][gc,marking    ] GC(123) Concurrent Mark (13459.354s)
[2023-06-08T18:43:49.289+0100][gc,marking    ] GC(123) Concurrent Mark From Roots
[2023-06-08T18:43:49.289+0100][gc,task       ] GC(123) Using 1 workers of 1 for marking
[2023-06-08T18:43:49.359+0100][gc,marking    ] GC(123) Concurrent Mark From Roots 69.551ms
[2023-06-08T18:43:49.359+0100][gc,marking    ] GC(123) Concurrent Preclean
[2023-06-08T18:43:49.359+0100][gc,marking    ] GC(123) Concurrent Preclean 0.211ms
[2023-06-08T18:43:49.359+0100][gc,marking    ] GC(123) Concurrent Mark (13459.354s, 13459.423s) 69.882ms
[2023-06-08T18:43:49.359+0100][gc,start      ] GC(123) Pause Remark
[2023-06-08T18:43:49.367+0100][gc,stringtable] GC(123) Cleaned string and symbol table, strings: 10689 processed, 0 removed, symbols: 85762 processed, 0 removed
[2023-06-08T18:43:49.387+0100][gc,mmu        ] GC(123) MMU target violated: 21.0ms (20.0ms/21.0ms)
[2023-06-08T18:43:49.388+0100][gc            ] GC(123) Pause Remark 143M->143M(256M) 28.401ms
[2023-06-08T18:43:49.388+0100][gc,cpu        ] GC(123) User=0.03s Sys=0.00s Real=0.03s
[2023-06-08T18:43:49.388+0100][gc,marking    ] GC(123) Concurrent Rebuild Remembered Sets
[2023-06-08T18:43:49.412+0100][gc,marking    ] GC(123) Concurrent Rebuild Remembered Sets 23.848ms
[2023-06-08T18:43:49.412+0100][gc,start      ] GC(123) Pause Cleanup
[2023-06-08T18:43:49.412+0100][gc            ] GC(123) Pause Cleanup 143M->143M(256M) 0.192ms
[2023-06-08T18:43:49.412+0100][gc,cpu        ] GC(123) User=0.00s Sys=0.00s Real=0.00s
[2023-06-08T18:43:49.412+0100][gc,marking    ] GC(123) Concurrent Cleanup for Next Mark
[2023-06-08T18:43:49.413+0100][gc,marking    ] GC(123) Concurrent Cleanup for Next Mark 0.825ms
[2023-06-08T18:43:49.413+0100][gc            ] GC(123) Concurrent Cycle 148.477ms
[2023-06-08T18:48:56.110+0100][gc,start      ] GC(124) Pause Young (Normal) (G1 Evacuation Pause)
[2023-06-08T18:48:56.149+0100][gc,task       ] GC(124) Using 4 workers of 4 for evacuation
[2023-06-08T18:48:56.188+0100][gc,mmu        ] GC(124) MMU target violated: 21.0ms (20.0ms/21.0ms)
[2023-06-08T18:48:56.188+0100][gc,phases     ] GC(124)   Pre Evacuate Collection Set: 0.1ms
[2023-06-08T18:48:56.188+0100][gc,phases     ] GC(124)   Evacuate Collection Set: 37.6ms
[2023-06-08T18:48:56.188+0100][gc,phases     ] GC(124)   Post Evacuate Collection Set: 0.7ms
[2023-06-08T18:48:56.229+0100][gc,phases     ] GC(124)   Other: 39.8ms
[2023-06-08T18:48:56.229+0100][gc,heap       ] GC(124) Eden regions: 11->0(11)
[2023-06-08T18:48:56.229+0100][gc,heap       ] GC(124) Survivor regions: 1->1(2)
[2023-06-08T18:48:56.229+0100][gc,heap       ] GC(124) Old regions: 16->16
[2023-06-08T18:48:56.229+0100][gc,heap       ] GC(124) Humongous regions: 129->129
[2023-06-08T18:48:56.229+0100][gc,metaspace  ] GC(124) Metaspace: 36619K(38272K)->36619K(38272K) NonClass: 32056K(33024K)->32056K(33024K) Class: 4562K(5248K)->4562K(5248K)
[2023-06-08T18:48:56.274+0100][gc            ] GC(124) Pause Young (Normal) (G1 Evacuation Pause) 153M->142M(256M) 119.453ms
[2023-06-08T18:48:56.274+0100][gc,cpu        ] GC(124) User=0.03s Sys=0.00s Real=0.17s
[2023-06-08T18:55:00.768+0100][gc,start      ] GC(125) Pause Young (Concurrent Start) (G1 Evacuation Pause)
[2023-06-08T18:55:00.816+0100][gc,task       ] GC(125) Using 4 workers of 4 for evacuation
[2023-06-08T18:55:00.911+0100][gc,mmu        ] GC(125) MMU target violated: 21.0ms (20.0ms/21.0ms)
[2023-06-08T18:55:00.911+0100][gc,phases     ] GC(125)   Pre Evacuate Collection Set: 0.2ms
[2023-06-08T18:55:00.911+0100][gc,phases     ] GC(125)   Evacuate Collection Set: 93.5ms
[2023-06-08T18:55:00.911+0100][gc,phases     ] GC(125)   Post Evacuate Collection Set: 0.8ms
[2023-06-08T18:55:00.911+0100][gc,phases     ] GC(125)   Other: 48.2ms
[2023-06-08T18:55:00.911+0100][gc,heap       ] GC(125) Eden regions: 11->0(11)
[2023-06-08T18:55:00.911+0100][gc,heap       ] GC(125) Survivor regions: 1->1(2)
[2023-06-08T18:55:00.911+0100][gc,heap       ] GC(125) Old regions: 16->16
[2023-06-08T18:55:00.911+0100][gc,heap       ] GC(125) Humongous regions: 129->129
[2023-06-08T18:55:00.911+0100][gc,metaspace  ] GC(125) Metaspace: 36667K(38272K)->36667K(38272K) NonClass: 32102K(33024K)->32102K(33024K) Class: 4565K(5248K)->4565K(5248K)
[2023-06-08T18:55:00.911+0100][gc            ] GC(125) Pause Young (Concurrent Start) (G1 Evacuation Pause) 153M->143M(256M) 142.736ms
[2023-06-08T18:55:00.911+0100][gc,cpu        ] GC(125) User=0.04s Sys=0.00s Real=0.14s
[2023-06-08T18:55:00.911+0100][gc            ] GC(126) Concurrent Cycle
[2023-06-08T18:55:00.911+0100][gc,marking    ] GC(126) Concurrent Clear Claimed Marks
[2023-06-08T18:55:00.911+0100][gc,marking    ] GC(126) Concurrent Clear Claimed Marks 0.197ms
[2023-06-08T18:55:00.911+0100][gc,marking    ] GC(126) Concurrent Scan Root Regions
[2023-06-08T18:55:00.932+0100][gc,marking    ] GC(126) Concurrent Scan Root Regions 20.506ms
[2023-06-08T18:55:00.932+0100][gc,marking    ] GC(126) Concurrent Mark (14130.997s)
[2023-06-08T18:55:00.932+0100][gc,marking    ] GC(126) Concurrent Mark From Roots
[2023-06-08T18:55:00.932+0100][gc,task       ] GC(126) Using 1 workers of 1 for marking
[2023-06-08T18:55:00.977+0100][gc,marking    ] GC(126) Concurrent Mark From Roots 45.504ms
[2023-06-08T18:55:00.977+0100][gc,marking    ] GC(126) Concurrent Preclean
[2023-06-08T18:55:00.978+0100][gc,marking    ] GC(126) Concurrent Preclean 0.185ms
[2023-06-08T18:55:00.978+0100][gc,marking    ] GC(126) Concurrent Mark (14130.997s, 14131.042s) 45.793ms
[2023-06-08T18:55:01.067+0100][gc,start      ] GC(126) Pause Remark
[2023-06-08T18:55:01.076+0100][gc,stringtable] GC(126) Cleaned string and symbol table, strings: 10717 processed, 0 removed, symbols: 85806 processed, 0 removed
[2023-06-08T18:55:01.076+0100][gc            ] GC(126) Pause Remark 143M->143M(256M) 9.106ms
[2023-06-08T18:55:01.076+0100][gc,cpu        ] GC(126) User=0.02s Sys=0.00s Real=0.01s
[2023-06-08T18:55:01.076+0100][gc,marking    ] GC(126) Concurrent Rebuild Remembered Sets
[2023-06-08T18:55:01.089+0100][gc,marking    ] GC(126) Concurrent Rebuild Remembered Sets 12.886ms
[2023-06-08T18:55:01.090+0100][gc,start      ] GC(126) Pause Cleanup
[2023-06-08T18:55:01.090+0100][gc            ] GC(126) Pause Cleanup 143M->143M(256M) 0.116ms
[2023-06-08T18:55:01.090+0100][gc,cpu        ] GC(126) User=0.00s Sys=0.00s Real=0.00s
[2023-06-08T18:55:01.090+0100][gc,marking    ] GC(126) Concurrent Cleanup for Next Mark
[2023-06-08T18:55:01.090+0100][gc,marking    ] GC(126) Concurrent Cleanup for Next Mark 0.759ms
[2023-06-08T18:55:01.091+0100][gc            ] GC(126) Concurrent Cycle 179.478ms
[2023-06-08T19:01:41.514+0100][gc,start      ] GC(127) Pause Young (Normal) (G1 Evacuation Pause)
[2023-06-08T19:01:41.531+0100][gc,task       ] GC(127) Using 4 workers of 4 for evacuation
[2023-06-08T19:01:41.587+0100][gc,mmu        ] GC(127) MMU target violated: 21.0ms (20.0ms/21.0ms)
[2023-06-08T19:01:41.587+0100][gc,phases     ] GC(127)   Pre Evacuate Collection Set: 0.0ms
[2023-06-08T19:01:41.587+0100][gc,phases     ] GC(127)   Evacuate Collection Set: 54.4ms
[2023-06-08T19:01:41.587+0100][gc,phases     ] GC(127)   Post Evacuate Collection Set: 1.6ms
[2023-06-08T19:01:41.587+0100][gc,phases     ] GC(127)   Other: 19.5ms
[2023-06-08T19:01:41.587+0100][gc,heap       ] GC(127) Eden regions: 11->0(11)
[2023-06-08T19:01:41.587+0100][gc,heap       ] GC(127) Survivor regions: 1->1(2)
[2023-06-08T19:01:41.587+0100][gc,heap       ] GC(127) Old regions: 16->16
[2023-06-08T19:01:41.587+0100][gc,heap       ] GC(127) Humongous regions: 129->129
[2023-06-08T19:01:41.588+0100][gc,metaspace  ] GC(127) Metaspace: 36668K(38272K)->36668K(38272K) NonClass: 32103K(33024K)->32103K(33024K) Class: 4565K(5248K)->4565K(5248K)
[2023-06-08T19:01:41.588+0100][gc            ] GC(127) Pause Young (Normal) (G1 Evacuation Pause) 154M->143M(256M) 73.391ms
[2023-06-08T19:01:41.588+0100][gc,cpu        ] GC(127) User=0.01s Sys=0.00s Real=0.07s
[2023-06-08T19:08:26.698+0100][gc,start      ] GC(128) Pause Young (Concurrent Start) (G1 Evacuation Pause)
[2023-06-08T19:08:26.698+0100][gc,task       ] GC(128) Using 4 workers of 4 for evacuation
[2023-06-08T19:08:26.700+0100][gc,phases     ] GC(128)   Pre Evacuate Collection Set: 0.2ms
[2023-06-08T19:08:26.700+0100][gc,phases     ] GC(128)   Evacuate Collection Set: 1.2ms
[2023-06-08T19:08:26.700+0100][gc,phases     ] GC(128)   Post Evacuate Collection Set: 0.5ms
[2023-06-08T19:08:26.700+0100][gc,phases     ] GC(128)   Other: 0.3ms
[2023-06-08T19:08:26.700+0100][gc,heap       ] GC(128) Eden regions: 11->0(11)
[2023-06-08T19:08:26.700+0100][gc,heap       ] GC(128) Survivor regions: 1->1(2)
[2023-06-08T19:08:26.700+0100][gc,heap       ] GC(128) Old regions: 16->16
[2023-06-08T19:08:26.700+0100][gc,heap       ] GC(128) Humongous regions: 129->129
[2023-06-08T19:08:26.700+0100][gc,metaspace  ] GC(128) Metaspace: 36670K(38272K)->36670K(38272K) NonClass: 32105K(33024K)->32105K(33024K) Class: 4565K(5248K)->4565K(5248K)
[2023-06-08T19:08:26.700+0100][gc            ] GC(128) Pause Young (Concurrent Start) (G1 Evacuation Pause) 154M->143M(256M) 2.225ms
[2023-06-08T19:08:26.700+0100][gc,cpu        ] GC(128) User=0.00s Sys=0.00s Real=0.00s
[2023-06-08T19:08:26.700+0100][gc            ] GC(129) Concurrent Cycle
[2023-06-08T19:08:26.700+0100][gc,marking    ] GC(129) Concurrent Clear Claimed Marks
[2023-06-08T19:08:26.700+0100][gc,marking    ] GC(129) Concurrent Clear Claimed Marks 0.053ms
[2023-06-08T19:08:26.700+0100][gc,marking    ] GC(129) Concurrent Scan Root Regions
[2023-06-08T19:08:26.701+0100][gc,marking    ] GC(129) Concurrent Scan Root Regions 1.253ms
[2023-06-08T19:08:26.701+0100][gc,marking    ] GC(129) Concurrent Mark (14936.766s)
[2023-06-08T19:08:26.701+0100][gc,marking    ] GC(129) Concurrent Mark From Roots
[2023-06-08T19:08:26.701+0100][gc,task       ] GC(129) Using 1 workers of 1 for marking
[2023-06-08T19:08:26.726+0100][gc,marking    ] GC(129) Concurrent Mark From Roots 24.491ms
[2023-06-08T19:08:26.726+0100][gc,marking    ] GC(129) Concurrent Preclean
[2023-06-08T19:08:26.726+0100][gc,marking    ] GC(129) Concurrent Preclean 0.170ms
[2023-06-08T19:08:26.726+0100][gc,marking    ] GC(129) Concurrent Mark (14936.766s, 14936.791s) 24.754ms
[2023-06-08T19:08:26.726+0100][gc,start      ] GC(129) Pause Remark
[2023-06-08T19:08:26.733+0100][gc,stringtable] GC(129) Cleaned string and symbol table, strings: 10717 processed, 1 removed, symbols: 85806 processed, 0 removed
[2023-06-08T19:08:26.734+0100][gc            ] GC(129) Pause Remark 143M->143M(256M) 7.442ms
[2023-06-08T19:08:26.734+0100][gc,cpu        ] GC(129) User=0.02s Sys=0.00s Real=0.01s
[2023-06-08T19:08:26.734+0100][gc,marking    ] GC(129) Concurrent Rebuild Remembered Sets
[2023-06-08T19:08:26.747+0100][gc,marking    ] GC(129) Concurrent Rebuild Remembered Sets 13.027ms
[2023-06-08T19:08:26.747+0100][gc,start      ] GC(129) Pause Cleanup
[2023-06-08T19:08:26.747+0100][gc            ] GC(129) Pause Cleanup 143M->143M(256M) 0.135ms
[2023-06-08T19:08:26.747+0100][gc,cpu        ] GC(129) User=0.00s Sys=0.00s Real=0.00s
[2023-06-08T19:08:26.747+0100][gc,marking    ] GC(129) Concurrent Cleanup for Next Mark
[2023-06-08T19:08:26.748+0100][gc,marking    ] GC(129) Concurrent Cleanup for Next Mark 0.721ms
[2023-06-08T19:08:26.748+0100][gc            ] GC(129) Concurrent Cycle 48.188ms
[2023-06-08T19:15:11.880+0100][gc,start      ] GC(130) Pause Young (Normal) (G1 Evacuation Pause)
[2023-06-08T19:15:11.880+0100][gc,task       ] GC(130) Using 4 workers of 4 for evacuation
[2023-06-08T19:15:11.884+0100][gc,phases     ] GC(130)   Pre Evacuate Collection Set: 0.0ms
[2023-06-08T19:15:11.884+0100][gc,phases     ] GC(130)   Evacuate Collection Set: 2.1ms
[2023-06-08T19:15:11.884+0100][gc,phases     ] GC(130)   Post Evacuate Collection Set: 1.0ms
[2023-06-08T19:15:11.884+0100][gc,phases     ] GC(130)   Other: 0.5ms
[2023-06-08T19:15:11.884+0100][gc,heap       ] GC(130) Eden regions: 11->0(11)
[2023-06-08T19:15:11.884+0100][gc,heap       ] GC(130) Survivor regions: 1->1(2)
[2023-06-08T19:15:11.884+0100][gc,heap       ] GC(130) Old regions: 16->16
[2023-06-08T19:15:11.884+0100][gc,heap       ] GC(130) Humongous regions: 129->129
[2023-06-08T19:15:11.884+0100][gc,metaspace  ] GC(130) Metaspace: 36682K(38272K)->36682K(38272K) NonClass: 32117K(33024K)->32117K(33024K) Class: 4565K(5248K)->4565K(5248K)
[2023-06-08T19:15:11.884+0100][gc            ] GC(130) Pause Young (Normal) (G1 Evacuation Pause) 154M->143M(256M) 4.018ms
[2023-06-08T19:15:11.884+0100][gc,cpu        ] GC(130) User=0.01s Sys=0.00s Real=0.01s
[2023-06-08T19:22:01.332+0100][gc,start      ] GC(131) Pause Young (Concurrent Start) (G1 Evacuation Pause)
[2023-06-08T19:22:01.332+0100][gc,task       ] GC(131) Using 4 workers of 4 for evacuation
[2023-06-08T19:22:01.338+0100][gc,phases     ] GC(131)   Pre Evacuate Collection Set: 0.2ms
[2023-06-08T19:22:01.338+0100][gc,phases     ] GC(131)   Evacuate Collection Set: 2.1ms
[2023-06-08T19:22:01.338+0100][gc,phases     ] GC(131)   Post Evacuate Collection Set: 3.3ms
[2023-06-08T19:22:01.338+0100][gc,phases     ] GC(131)   Other: 0.5ms
[2023-06-08T19:22:01.338+0100][gc,heap       ] GC(131) Eden regions: 11->0(11)
[2023-06-08T19:22:01.338+0100][gc,heap       ] GC(131) Survivor regions: 1->1(2)
[2023-06-08T19:22:01.338+0100][gc,heap       ] GC(131) Old regions: 16->16
[2023-06-08T19:22:01.338+0100][gc,heap       ] GC(131) Humongous regions: 129->129
[2023-06-08T19:22:01.338+0100][gc,metaspace  ] GC(131) Metaspace: 36684K(38272K)->36684K(38272K) NonClass: 32119K(33024K)->32119K(33024K) Class: 4565K(5248K)->4565K(5248K)
[2023-06-08T19:22:01.338+0100][gc            ] GC(131) Pause Young (Concurrent Start) (G1 Evacuation Pause) 154M->143M(256M) 6.570ms
[2023-06-08T19:22:01.338+0100][gc,cpu        ] GC(131) User=0.02s Sys=0.00s Real=0.00s
[2023-06-08T19:22:01.339+0100][gc            ] GC(132) Concurrent Cycle
[2023-06-08T19:22:01.339+0100][gc,marking    ] GC(132) Concurrent Clear Claimed Marks
[2023-06-08T19:22:01.339+0100][gc,marking    ] GC(132) Concurrent Clear Claimed Marks 0.156ms
[2023-06-08T19:22:01.339+0100][gc,marking    ] GC(132) Concurrent Scan Root Regions
[2023-06-08T19:22:01.340+0100][gc,marking    ] GC(132) Concurrent Scan Root Regions 1.417ms
[2023-06-08T19:22:01.340+0100][gc,marking    ] GC(132) Concurrent Mark (15750.745s)
[2023-06-08T19:22:01.340+0100][gc,marking    ] GC(132) Concurrent Mark From Roots
[2023-06-08T19:22:01.340+0100][gc,task       ] GC(132) Using 1 workers of 1 for marking
[2023-06-08T19:22:01.367+0100][gc,marking    ] GC(132) Concurrent Mark From Roots 26.259ms
[2023-06-08T19:22:01.367+0100][gc,marking    ] GC(132) Concurrent Preclean
[2023-06-08T19:22:01.367+0100][gc,marking    ] GC(132) Concurrent Preclean 0.203ms
[2023-06-08T19:22:01.367+0100][gc,marking    ] GC(132) Concurrent Mark (15750.745s, 15750.772s) 26.601ms
[2023-06-08T19:22:01.367+0100][gc,start      ] GC(132) Pause Remark
[2023-06-08T19:22:01.376+0100][gc,stringtable] GC(132) Cleaned string and symbol table, strings: 10720 processed, 4 removed, symbols: 85806 processed, 0 removed
[2023-06-08T19:22:01.376+0100][gc            ] GC(132) Pause Remark 143M->143M(256M) 9.207ms
[2023-06-08T19:22:01.377+0100][gc,cpu        ] GC(132) User=0.03s Sys=0.00s Real=0.01s
[2023-06-08T19:22:01.377+0100][gc,marking    ] GC(132) Concurrent Rebuild Remembered Sets
[2023-06-08T19:22:01.398+0100][gc,marking    ] GC(132) Concurrent Rebuild Remembered Sets 21.588ms
[2023-06-08T19:22:01.399+0100][gc,start      ] GC(132) Pause Cleanup
[2023-06-08T19:22:01.399+0100][gc            ] GC(132) Pause Cleanup 143M->143M(256M) 0.176ms
[2023-06-08T19:22:01.399+0100][gc,cpu        ] GC(132) User=0.00s Sys=0.00s Real=0.00s
[2023-06-08T19:22:01.399+0100][gc,marking    ] GC(132) Concurrent Cleanup for Next Mark
[2023-06-08T19:22:01.400+0100][gc,marking    ] GC(132) Concurrent Cleanup for Next Mark 0.821ms
[2023-06-08T19:22:01.400+0100][gc            ] GC(132) Concurrent Cycle 61.137ms
[2023-06-08T19:28:46.032+0100][gc,start      ] GC(133) Pause Young (Normal) (G1 Evacuation Pause)
[2023-06-08T19:28:46.032+0100][gc,task       ] GC(133) Using 4 workers of 4 for evacuation
[2023-06-08T19:28:46.035+0100][gc,phases     ] GC(133)   Pre Evacuate Collection Set: 0.0ms
[2023-06-08T19:28:46.035+0100][gc,phases     ] GC(133)   Evacuate Collection Set: 2.1ms
[2023-06-08T19:28:46.036+0100][gc,phases     ] GC(133)   Post Evacuate Collection Set: 1.0ms
[2023-06-08T19:28:46.036+0100][gc,phases     ] GC(133)   Other: 0.4ms
[2023-06-08T19:28:46.036+0100][gc,heap       ] GC(133) Eden regions: 11->0(11)
[2023-06-08T19:28:46.036+0100][gc,heap       ] GC(133) Survivor regions: 1->1(2)
[2023-06-08T19:28:46.036+0100][gc,heap       ] GC(133) Old regions: 16->16
[2023-06-08T19:28:46.036+0100][gc,heap       ] GC(133) Humongous regions: 129->129
[2023-06-08T19:28:46.036+0100][gc,metaspace  ] GC(133) Metaspace: 36684K(38272K)->36684K(38272K) NonClass: 32119K(33024K)->32119K(33024K) Class: 4565K(5248K)->4565K(5248K)
[2023-06-08T19:28:46.036+0100][gc            ] GC(133) Pause Young (Normal) (G1 Evacuation Pause) 154M->143M(256M) 3.998ms
[2023-06-08T19:28:46.036+0100][gc,cpu        ] GC(133) User=0.01s Sys=0.00s Real=0.00s
[2023-06-08T19:37:37.568+0100][gc,start      ] GC(134) Pause Young (Concurrent Start) (G1 Evacuation Pause)
[2023-06-08T19:37:37.620+0100][gc,task       ] GC(134) Using 4 workers of 4 for evacuation
[2023-06-08T19:37:37.919+0100][gc,mmu        ] GC(134) MMU target violated: 21.0ms (20.0ms/21.0ms)
[2023-06-08T19:37:37.919+0100][gc,phases     ] GC(134)   Pre Evacuate Collection Set: 0.2ms
[2023-06-08T19:37:37.919+0100][gc,phases     ] GC(134)   Evacuate Collection Set: 298.1ms
[2023-06-08T19:37:37.919+0100][gc,phases     ] GC(134)   Post Evacuate Collection Set: 0.9ms
[2023-06-08T19:37:37.919+0100][gc,phases     ] GC(134)   Other: 52.1ms
[2023-06-08T19:37:37.919+0100][gc,heap       ] GC(134) Eden regions: 11->0(11)
[2023-06-08T19:37:37.919+0100][gc,heap       ] GC(134) Survivor regions: 1->1(2)
[2023-06-08T19:37:37.920+0100][gc,heap       ] GC(134) Old regions: 16->16
[2023-06-08T19:37:37.920+0100][gc,heap       ] GC(134) Humongous regions: 129->129
[2023-06-08T19:37:37.920+0100][gc,metaspace  ] GC(134) Metaspace: 36684K(38272K)->36684K(38272K) NonClass: 32119K(33024K)->32119K(33024K) Class: 4565K(5248K)->4565K(5248K)
[2023-06-08T19:37:37.920+0100][gc            ] GC(134) Pause Young (Concurrent Start) (G1 Evacuation Pause) 154M->143M(256M) 351.687ms
[2023-06-08T19:37:37.920+0100][gc,cpu        ] GC(134) User=0.01s Sys=0.01s Real=0.36s
[2023-06-08T19:37:37.920+0100][gc            ] GC(135) Concurrent Cycle
[2023-06-08T19:37:37.920+0100][gc,marking    ] GC(135) Concurrent Clear Claimed Marks
[2023-06-08T19:37:37.920+0100][gc,marking    ] GC(135) Concurrent Clear Claimed Marks 0.116ms
[2023-06-08T19:37:37.920+0100][gc,marking    ] GC(135) Concurrent Scan Root Regions
[2023-06-08T19:37:37.921+0100][gc,marking    ] GC(135) Concurrent Scan Root Regions 1.009ms
[2023-06-08T19:37:37.921+0100][gc,marking    ] GC(135) Concurrent Mark (16199.521s)
[2023-06-08T19:37:37.921+0100][gc,marking    ] GC(135) Concurrent Mark From Roots
[2023-06-08T19:37:37.921+0100][gc,task       ] GC(135) Using 1 workers of 1 for marking
[2023-06-08T19:37:37.958+0100][gc,marking    ] GC(135) Concurrent Mark From Roots 37.039ms
[2023-06-08T19:37:37.958+0100][gc,marking    ] GC(135) Concurrent Preclean
[2023-06-08T19:37:37.959+0100][gc,marking    ] GC(135) Concurrent Preclean 0.267ms
[2023-06-08T19:37:37.959+0100][gc,marking    ] GC(135) Concurrent Mark (16199.521s, 16199.558s) 37.442ms
[2023-06-08T19:37:37.974+0100][gc,start      ] GC(135) Pause Remark
[2023-06-08T19:37:38.001+0100][gc,stringtable] GC(135) Cleaned string and symbol table, strings: 10720 processed, 0 removed, symbols: 85806 processed, 0 removed
[2023-06-08T19:37:38.001+0100][gc,mmu        ] GC(135) MMU target violated: 21.0ms (20.0ms/21.0ms)
[2023-06-08T19:37:38.001+0100][gc            ] GC(135) Pause Remark 143M->143M(256M) 27.073ms
[2023-06-08T19:37:38.001+0100][gc,cpu        ] GC(135) User=0.03s Sys=0.00s Real=0.03s
[2023-06-08T19:37:38.001+0100][gc,marking    ] GC(135) Concurrent Rebuild Remembered Sets
[2023-06-08T19:37:38.018+0100][gc,marking    ] GC(135) Concurrent Rebuild Remembered Sets 16.900ms
[2023-06-08T19:37:38.018+0100][gc,start      ] GC(135) Pause Cleanup
[2023-06-08T19:37:38.018+0100][gc            ] GC(135) Pause Cleanup 143M->143M(256M) 0.118ms
[2023-06-08T19:37:38.018+0100][gc,cpu        ] GC(135) User=0.00s Sys=0.00s Real=0.00s
[2023-06-08T19:37:38.019+0100][gc,marking    ] GC(135) Concurrent Cleanup for Next Mark
[2023-06-08T19:37:38.019+0100][gc,marking    ] GC(135) Concurrent Cleanup for Next Mark 0.776ms
[2023-06-08T19:37:38.019+0100][gc            ] GC(135) Concurrent Cycle 99.471ms
[2023-06-08T19:43:26.563+0100][gc,start      ] GC(136) Pause Young (Normal) (G1 Evacuation Pause)
[2023-06-08T19:43:26.925+0100][gc,task       ] GC(136) Using 4 workers of 4 for evacuation
[2023-06-08T19:43:27.434+0100][gc,mmu        ] GC(136) MMU target violated: 21.0ms (20.0ms/21.0ms)
[2023-06-08T19:43:27.435+0100][gc,phases     ] GC(136)   Pre Evacuate Collection Set: 185.1ms
[2023-06-08T19:43:27.435+0100][gc,phases     ] GC(136)   Evacuate Collection Set: 227.0ms
[2023-06-08T19:43:27.435+0100][gc,phases     ] GC(136)   Post Evacuate Collection Set: 13.3ms
[2023-06-08T19:43:27.435+0100][gc,phases     ] GC(136)   Other: 492.3ms
[2023-06-08T19:43:27.468+0100][gc,heap       ] GC(136) Eden regions: 11->0(11)
[2023-06-08T19:43:27.468+0100][gc,heap       ] GC(136) Survivor regions: 1->1(2)
[2023-06-08T19:43:27.468+0100][gc,heap       ] GC(136) Old regions: 16->16
[2023-06-08T19:43:27.468+0100][gc,heap       ] GC(136) Humongous regions: 129->129
[2023-06-08T19:43:27.468+0100][gc,metaspace  ] GC(136) Metaspace: 36687K(38272K)->36687K(38272K) NonClass: 32122K(33024K)->32122K(33024K) Class: 4565K(5248K)->4565K(5248K)
[2023-06-08T19:43:27.468+0100][gc            ] GC(136) Pause Young (Normal) (G1 Evacuation Pause) 154M->143M(256M) 951.031ms
[2023-06-08T19:43:27.468+0100][gc,cpu        ] GC(136) User=0.04s Sys=0.01s Real=0.94s
[2023-06-08T19:50:16.210+0100][gc,start      ] GC(137) Pause Young (Concurrent Start) (G1 Evacuation Pause)
[2023-06-08T19:50:16.401+0100][gc,task       ] GC(137) Using 4 workers of 4 for evacuation
[2023-06-08T19:50:16.776+0100][gc,mmu        ] GC(137) MMU target violated: 21.0ms (20.0ms/21.0ms)
[2023-06-08T19:50:16.849+0100][gc,phases     ] GC(137)   Pre Evacuate Collection Set: 1.0ms
[2023-06-08T19:50:16.849+0100][gc,phases     ] GC(137)   Evacuate Collection Set: 293.4ms
[2023-06-08T19:50:16.849+0100][gc,phases     ] GC(137)   Post Evacuate Collection Set: 51.4ms
[2023-06-08T19:50:16.849+0100][gc,phases     ] GC(137)   Other: 493.0ms
[2023-06-08T19:50:16.849+0100][gc,heap       ] GC(137) Eden regions: 11->0(11)
[2023-06-08T19:50:16.849+0100][gc,heap       ] GC(137) Survivor regions: 1->1(2)
[2023-06-08T19:50:16.849+0100][gc,heap       ] GC(137) Old regions: 16->16
[2023-06-08T19:50:16.849+0100][gc,heap       ] GC(137) Humongous regions: 129->129
[2023-06-08T19:50:16.926+0100][gc,metaspace  ] GC(137) Metaspace: 36687K(38272K)->36687K(38272K) NonClass: 32122K(33024K)->32122K(33024K) Class: 4565K(5248K)->4565K(5248K)
[2023-06-08T19:50:16.926+0100][gc            ] GC(137) Pause Young (Concurrent Start) (G1 Evacuation Pause) 154M->143M(256M) 716.842ms
[2023-06-08T19:50:16.926+0100][gc,cpu        ] GC(137) User=0.01s Sys=0.02s Real=0.76s
[2023-06-08T19:50:16.926+0100][gc            ] GC(138) Concurrent Cycle
[2023-06-08T19:50:16.926+0100][gc,marking    ] GC(138) Concurrent Clear Claimed Marks
[2023-06-08T19:50:16.926+0100][gc,marking    ] GC(138) Concurrent Clear Claimed Marks 0.413ms
[2023-06-08T19:50:16.926+0100][gc,marking    ] GC(138) Concurrent Scan Root Regions
[2023-06-08T19:50:16.989+0100][gc,marking    ] GC(138) Concurrent Scan Root Regions 62.327ms
[2023-06-08T19:50:16.989+0100][gc,marking    ] GC(138) Concurrent Mark (16958.588s)
[2023-06-08T19:50:16.989+0100][gc,marking    ] GC(138) Concurrent Mark From Roots
[2023-06-08T19:50:16.989+0100][gc,task       ] GC(138) Using 1 workers of 1 for marking
[2023-06-08T19:50:17.039+0100][gc,marking    ] GC(138) Concurrent Mark From Roots 50.559ms
[2023-06-08T19:50:17.039+0100][gc,marking    ] GC(138) Concurrent Preclean
[2023-06-08T19:50:17.040+0100][gc,marking    ] GC(138) Concurrent Preclean 0.341ms
[2023-06-08T19:50:17.040+0100][gc,marking    ] GC(138) Concurrent Mark (16958.588s, 16958.639s) 51.043ms
[2023-06-08T19:50:17.040+0100][gc,start      ] GC(138) Pause Remark
[2023-06-08T19:50:17.064+0100][gc,stringtable] GC(138) Cleaned string and symbol table, strings: 10739 processed, 0 removed, symbols: 85806 processed, 0 removed
[2023-06-08T19:50:17.241+0100][gc,mmu        ] GC(138) MMU target violated: 21.0ms (20.0ms/21.0ms)
[2023-06-08T19:50:17.241+0100][gc            ] GC(138) Pause Remark 143M->143M(256M) 201.166ms
[2023-06-08T19:50:17.241+0100][gc,cpu        ] GC(138) User=0.04s Sys=0.00s Real=0.20s
[2023-06-08T19:50:17.242+0100][gc,marking    ] GC(138) Concurrent Rebuild Remembered Sets
[2023-06-08T19:50:17.260+0100][gc,marking    ] GC(138) Concurrent Rebuild Remembered Sets 18.590ms
[2023-06-08T19:50:17.260+0100][gc,start      ] GC(138) Pause Cleanup
[2023-06-08T19:50:17.261+0100][gc            ] GC(138) Pause Cleanup 143M->143M(256M) 0.178ms
[2023-06-08T19:50:17.261+0100][gc,cpu        ] GC(138) User=0.00s Sys=0.00s Real=0.00s
[2023-06-08T19:50:17.261+0100][gc,marking    ] GC(138) Concurrent Cleanup for Next Mark
[2023-06-08T19:50:17.262+0100][gc,marking    ] GC(138) Concurrent Cleanup for Next Mark 0.802ms
[2023-06-08T19:50:17.262+0100][gc            ] GC(138) Concurrent Cycle 335.667ms
[2023-06-08T19:57:08.690+0100][gc,start      ] GC(139) Pause Young (Normal) (G1 Evacuation Pause)
[2023-06-08T19:57:08.782+0100][gc,task       ] GC(139) Using 4 workers of 4 for evacuation
[2023-06-08T19:57:08.848+0100][gc,mmu        ] GC(139) MMU target violated: 21.0ms (20.0ms/21.0ms)
[2023-06-08T19:57:08.848+0100][gc,phases     ] GC(139)   Pre Evacuate Collection Set: 0.8ms
[2023-06-08T19:57:08.848+0100][gc,phases     ] GC(139)   Evacuate Collection Set: 40.1ms
[2023-06-08T19:57:08.848+0100][gc,phases     ] GC(139)   Post Evacuate Collection Set: 2.2ms
[2023-06-08T19:57:08.848+0100][gc,phases     ] GC(139)   Other: 133.1ms
[2023-06-08T19:57:08.860+0100][gc,heap       ] GC(139) Eden regions: 11->0(11)
[2023-06-08T19:57:08.861+0100][gc,heap       ] GC(139) Survivor regions: 1->1(2)
[2023-06-08T19:57:08.861+0100][gc,heap       ] GC(139) Old regions: 16->16
[2023-06-08T19:57:08.861+0100][gc,heap       ] GC(139) Humongous regions: 129->129
[2023-06-08T19:57:08.861+0100][gc,metaspace  ] GC(139) Metaspace: 36687K(38272K)->36687K(38272K) NonClass: 32122K(33024K)->32122K(33024K) Class: 4565K(5248K)->4565K(5248K)
[2023-06-08T19:57:08.861+0100][gc            ] GC(139) Pause Young (Normal) (G1 Evacuation Pause) 154M->143M(256M) 170.884ms
[2023-06-08T19:57:08.861+0100][gc,cpu        ] GC(139) User=0.00s Sys=0.01s Real=0.17s
[2023-06-08T19:59:53.847+0100][gc,start      ] GC(140) Pause Young (Concurrent Start) (G1 Evacuation Pause)
[2023-06-08T19:59:53.847+0100][gc,task       ] GC(140) Using 4 workers of 4 for evacuation
[2023-06-08T19:59:53.856+0100][gc,phases     ] GC(140)   Pre Evacuate Collection Set: 0.2ms
[2023-06-08T19:59:53.856+0100][gc,phases     ] GC(140)   Evacuate Collection Set: 6.1ms
[2023-06-08T19:59:53.856+0100][gc,phases     ] GC(140)   Post Evacuate Collection Set: 2.5ms
[2023-06-08T19:59:53.856+0100][gc,phases     ] GC(140)   Other: 0.4ms
[2023-06-08T19:59:53.856+0100][gc,heap       ] GC(140) Eden regions: 11->0(11)
[2023-06-08T19:59:53.856+0100][gc,heap       ] GC(140) Survivor regions: 1->1(2)
[2023-06-08T19:59:53.856+0100][gc,heap       ] GC(140) Old regions: 16->16
[2023-06-08T19:59:53.856+0100][gc,heap       ] GC(140) Humongous regions: 129->129
[2023-06-08T19:59:53.856+0100][gc,metaspace  ] GC(140) Metaspace: 36689K(38272K)->36689K(38272K) NonClass: 32123K(33024K)->32123K(33024K) Class: 4565K(5248K)->4565K(5248K)
[2023-06-08T19:59:53.857+0100][gc            ] GC(140) Pause Young (Concurrent Start) (G1 Evacuation Pause) 154M->143M(256M) 9.363ms
[2023-06-08T19:59:53.857+0100][gc,cpu        ] GC(140) User=0.01s Sys=0.00s Real=0.02s
[2023-06-08T19:59:53.857+0100][gc            ] GC(141) Concurrent Cycle
[2023-06-08T19:59:53.857+0100][gc,marking    ] GC(141) Concurrent Clear Claimed Marks
[2023-06-08T19:59:53.857+0100][gc,marking    ] GC(141) Concurrent Clear Claimed Marks 0.127ms
[2023-06-08T19:59:53.857+0100][gc,marking    ] GC(141) Concurrent Scan Root Regions
[2023-06-08T19:59:53.916+0100][gc,marking    ] GC(141) Concurrent Scan Root Regions 58.891ms
[2023-06-08T19:59:53.916+0100][gc,marking    ] GC(141) Concurrent Mark (17535.515s)
[2023-06-08T19:59:53.916+0100][gc,marking    ] GC(141) Concurrent Mark From Roots
[2023-06-08T19:59:53.916+0100][gc,task       ] GC(141) Using 1 workers of 1 for marking
[2023-06-08T19:59:53.946+0100][gc,marking    ] GC(141) Concurrent Mark From Roots 29.962ms
[2023-06-08T19:59:53.946+0100][gc,marking    ] GC(141) Concurrent Preclean
[2023-06-08T19:59:53.946+0100][gc,marking    ] GC(141) Concurrent Preclean 0.237ms
[2023-06-08T19:59:53.946+0100][gc,marking    ] GC(141) Concurrent Mark (17535.515s, 17535.546s) 30.300ms
[2023-06-08T19:59:53.946+0100][gc,start      ] GC(141) Pause Remark
[2023-06-08T19:59:53.953+0100][gc,stringtable] GC(141) Cleaned string and symbol table, strings: 10747 processed, 0 removed, symbols: 85809 processed, 0 removed
[2023-06-08T19:59:53.954+0100][gc            ] GC(141) Pause Remark 143M->143M(256M) 7.363ms
[2023-06-08T19:59:53.954+0100][gc,cpu        ] GC(141) User=0.02s Sys=0.00s Real=0.01s
[2023-06-08T19:59:53.954+0100][gc,marking    ] GC(141) Concurrent Rebuild Remembered Sets
[2023-06-08T19:59:53.971+0100][gc,marking    ] GC(141) Concurrent Rebuild Remembered Sets 16.778ms
[2023-06-08T19:59:53.971+0100][gc,start      ] GC(141) Pause Cleanup
[2023-06-08T19:59:53.971+0100][gc            ] GC(141) Pause Cleanup 143M->143M(256M) 0.167ms
[2023-06-08T19:59:53.971+0100][gc,cpu        ] GC(141) User=0.00s Sys=0.00s Real=0.00s
[2023-06-08T19:59:53.971+0100][gc,marking    ] GC(141) Concurrent Cleanup for Next Mark
[2023-06-08T19:59:53.972+0100][gc,marking    ] GC(141) Concurrent Cleanup for Next Mark 1.285ms
[2023-06-08T19:59:53.973+0100][gc            ] GC(141) Concurrent Cycle 115.905ms
[2023-06-08T20:00:08.684+0100][gc,start      ] GC(142) Pause Young (Normal) (G1 Evacuation Pause)
[2023-06-08T20:00:08.684+0100][gc,task       ] GC(142) Using 4 workers of 4 for evacuation
[2023-06-08T20:00:08.722+0100][gc,mmu        ] GC(142) MMU target violated: 21.0ms (20.0ms/21.0ms)
[2023-06-08T20:00:08.722+0100][gc,phases     ] GC(142)   Pre Evacuate Collection Set: 0.0ms
[2023-06-08T20:00:08.722+0100][gc,phases     ] GC(142)   Evacuate Collection Set: 36.4ms
[2023-06-08T20:00:08.722+0100][gc,phases     ] GC(142)   Post Evacuate Collection Set: 0.7ms
[2023-06-08T20:00:08.722+0100][gc,phases     ] GC(142)   Other: 0.4ms
[2023-06-08T20:00:08.722+0100][gc,heap       ] GC(142) Eden regions: 11->0(11)
[2023-06-08T20:00:08.722+0100][gc,heap       ] GC(142) Survivor regions: 1->1(2)
[2023-06-08T20:00:08.722+0100][gc,heap       ] GC(142) Old regions: 16->16
[2023-06-08T20:00:08.722+0100][gc,heap       ] GC(142) Humongous regions: 129->129
[2023-06-08T20:00:08.722+0100][gc,metaspace  ] GC(142) Metaspace: 36689K(38272K)->36689K(38272K) NonClass: 32123K(33024K)->32123K(33024K) Class: 4565K(5248K)->4565K(5248K)
[2023-06-08T20:00:08.722+0100][gc            ] GC(142) Pause Young (Normal) (G1 Evacuation Pause) 154M->143M(256M) 37.636ms
[2023-06-08T20:00:08.722+0100][gc,cpu        ] GC(142) User=0.05s Sys=0.00s Real=0.04s
[2023-06-08T20:00:23.649+0100][gc,start      ] GC(143) Pause Young (Concurrent Start) (G1 Evacuation Pause)
[2023-06-08T20:00:23.649+0100][gc,task       ] GC(143) Using 4 workers of 4 for evacuation
[2023-06-08T20:00:23.651+0100][gc,phases     ] GC(143)   Pre Evacuate Collection Set: 0.2ms
[2023-06-08T20:00:23.651+0100][gc,phases     ] GC(143)   Evacuate Collection Set: 0.8ms
[2023-06-08T20:00:23.651+0100][gc,phases     ] GC(143)   Post Evacuate Collection Set: 0.4ms
[2023-06-08T20:00:23.651+0100][gc,phases     ] GC(143)   Other: 0.2ms
[2023-06-08T20:00:23.651+0100][gc,heap       ] GC(143) Eden regions: 11->0(11)
[2023-06-08T20:00:23.651+0100][gc,heap       ] GC(143) Survivor regions: 1->1(2)
[2023-06-08T20:00:23.651+0100][gc,heap       ] GC(143) Old regions: 16->16
[2023-06-08T20:00:23.651+0100][gc,heap       ] GC(143) Humongous regions: 129->129
[2023-06-08T20:00:23.651+0100][gc,metaspace  ] GC(143) Metaspace: 36689K(38272K)->36689K(38272K) NonClass: 32123K(33024K)->32123K(33024K) Class: 4565K(5248K)->4565K(5248K)
[2023-06-08T20:00:23.651+0100][gc            ] GC(143) Pause Young (Concurrent Start) (G1 Evacuation Pause) 154M->143M(256M) 1.756ms
[2023-06-08T20:00:23.651+0100][gc,cpu        ] GC(143) User=0.00s Sys=0.00s Real=0.00s
[2023-06-08T20:00:23.651+0100][gc            ] GC(144) Concurrent Cycle
[2023-06-08T20:00:23.651+0100][gc,marking    ] GC(144) Concurrent Clear Claimed Marks
[2023-06-08T20:00:23.651+0100][gc,marking    ] GC(144) Concurrent Clear Claimed Marks 0.044ms
[2023-06-08T20:00:23.651+0100][gc,marking    ] GC(144) Concurrent Scan Root Regions
[2023-06-08T20:00:23.652+0100][gc,marking    ] GC(144) Concurrent Scan Root Regions 0.706ms
[2023-06-08T20:00:23.652+0100][gc,marking    ] GC(144) Concurrent Mark (17565.252s)
[2023-06-08T20:00:23.652+0100][gc,marking    ] GC(144) Concurrent Mark From Roots
[2023-06-08T20:00:23.652+0100][gc,task       ] GC(144) Using 1 workers of 1 for marking
[2023-06-08T20:00:23.677+0100][gc,marking    ] GC(144) Concurrent Mark From Roots 24.999ms
[2023-06-08T20:00:23.677+0100][gc,marking    ] GC(144) Concurrent Preclean
[2023-06-08T20:00:23.677+0100][gc,marking    ] GC(144) Concurrent Preclean 0.167ms
[2023-06-08T20:00:23.677+0100][gc,marking    ] GC(144) Concurrent Mark (17565.252s, 17565.277s) 25.263ms
[2023-06-08T20:00:23.678+0100][gc,start      ] GC(144) Pause Remark
[2023-06-08T20:00:23.685+0100][gc,stringtable] GC(144) Cleaned string and symbol table, strings: 10747 processed, 0 removed, symbols: 85809 processed, 0 removed
[2023-06-08T20:00:23.685+0100][gc            ] GC(144) Pause Remark 143M->143M(256M) 7.907ms
[2023-06-08T20:00:23.686+0100][gc,cpu        ] GC(144) User=0.03s Sys=0.00s Real=0.00s
[2023-06-08T20:00:23.686+0100][gc,marking    ] GC(144) Concurrent Rebuild Remembered Sets
[2023-06-08T20:00:23.699+0100][gc,marking    ] GC(144) Concurrent Rebuild Remembered Sets 13.564ms
[2023-06-08T20:00:23.699+0100][gc,start      ] GC(144) Pause Cleanup
[2023-06-08T20:00:23.700+0100][gc            ] GC(144) Pause Cleanup 143M->143M(256M) 0.148ms
[2023-06-08T20:00:23.700+0100][gc,cpu        ] GC(144) User=0.00s Sys=0.00s Real=0.00s
[2023-06-08T20:00:23.700+0100][gc,marking    ] GC(144) Concurrent Cleanup for Next Mark
[2023-06-08T20:00:23.700+0100][gc,marking    ] GC(144) Concurrent Cleanup for Next Mark 0.763ms
[2023-06-08T20:00:23.701+0100][gc            ] GC(144) Concurrent Cycle 49.217ms
[2023-06-08T20:00:38.579+0100][gc,start      ] GC(145) Pause Young (Normal) (G1 Evacuation Pause)
[2023-06-08T20:00:38.579+0100][gc,task       ] GC(145) Using 4 workers of 4 for evacuation
[2023-06-08T20:00:38.581+0100][gc,phases     ] GC(145)   Pre Evacuate Collection Set: 0.0ms
[2023-06-08T20:00:38.581+0100][gc,phases     ] GC(145)   Evacuate Collection Set: 1.4ms
[2023-06-08T20:00:38.581+0100][gc,phases     ] GC(145)   Post Evacuate Collection Set: 0.5ms
[2023-06-08T20:00:38.581+0100][gc,phases     ] GC(145)   Other: 0.3ms
[2023-06-08T20:00:38.581+0100][gc,heap       ] GC(145) Eden regions: 11->0(11)
[2023-06-08T20:00:38.581+0100][gc,heap       ] GC(145) Survivor regions: 1->1(2)
[2023-06-08T20:00:38.581+0100][gc,heap       ] GC(145) Old regions: 16->16
[2023-06-08T20:00:38.581+0100][gc,heap       ] GC(145) Humongous regions: 129->129
[2023-06-08T20:00:38.581+0100][gc,metaspace  ] GC(145) Metaspace: 36689K(38272K)->36689K(38272K) NonClass: 32123K(33024K)->32123K(33024K) Class: 4565K(5248K)->4565K(5248K)
[2023-06-08T20:00:38.581+0100][gc            ] GC(145) Pause Young (Normal) (G1 Evacuation Pause) 154M->143M(256M) 2.344ms
[2023-06-08T20:00:38.581+0100][gc,cpu        ] GC(145) User=0.00s Sys=0.00s Real=0.00s
[2023-06-08T20:00:53.969+0100][gc,start      ] GC(146) Pause Young (Concurrent Start) (G1 Evacuation Pause)
[2023-06-08T20:00:54.019+0100][gc,task       ] GC(146) Using 4 workers of 4 for evacuation
[2023-06-08T20:00:54.151+0100][gc,mmu        ] GC(146) MMU target violated: 21.0ms (20.0ms/21.0ms)
[2023-06-08T20:00:54.152+0100][gc,phases     ] GC(146)   Pre Evacuate Collection Set: 0.2ms
[2023-06-08T20:00:54.152+0100][gc,phases     ] GC(146)   Evacuate Collection Set: 131.9ms
[2023-06-08T20:00:54.152+0100][gc,phases     ] GC(146)   Post Evacuate Collection Set: 0.3ms
[2023-06-08T20:00:54.152+0100][gc,phases     ] GC(146)   Other: 113.8ms
[2023-06-08T20:00:54.152+0100][gc,heap       ] GC(146) Eden regions: 11->0(11)
[2023-06-08T20:00:54.152+0100][gc,heap       ] GC(146) Survivor regions: 1->1(2)
[2023-06-08T20:00:54.152+0100][gc,heap       ] GC(146) Old regions: 16->16
[2023-06-08T20:00:54.152+0100][gc,heap       ] GC(146) Humongous regions: 129->129
[2023-06-08T20:00:54.152+0100][gc,metaspace  ] GC(146) Metaspace: 36689K(38272K)->36689K(38272K) NonClass: 32123K(33024K)->32123K(33024K) Class: 4565K(5248K)->4565K(5248K)
[2023-06-08T20:00:54.183+0100][gc            ] GC(146) Pause Young (Concurrent Start) (G1 Evacuation Pause) 154M->143M(256M) 182.611ms
[2023-06-08T20:00:54.184+0100][gc,cpu        ] GC(146) User=0.00s Sys=0.00s Real=0.21s
[2023-06-08T20:00:54.184+0100][gc            ] GC(147) Concurrent Cycle
[2023-06-08T20:00:54.184+0100][gc,marking    ] GC(147) Concurrent Clear Claimed Marks
[2023-06-08T20:00:54.184+0100][gc,marking    ] GC(147) Concurrent Clear Claimed Marks 0.216ms
[2023-06-08T20:00:54.184+0100][gc,marking    ] GC(147) Concurrent Scan Root Regions
[2023-06-08T20:00:54.266+0100][gc,marking    ] GC(147) Concurrent Scan Root Regions 82.075ms
[2023-06-08T20:00:54.266+0100][gc,marking    ] GC(147) Concurrent Mark (17595.866s)
[2023-06-08T20:00:54.266+0100][gc,marking    ] GC(147) Concurrent Mark From Roots
[2023-06-08T20:00:54.266+0100][gc,task       ] GC(147) Using 1 workers of 1 for marking
[2023-06-08T20:00:54.312+0100][gc,marking    ] GC(147) Concurrent Mark From Roots 45.805ms
[2023-06-08T20:00:54.312+0100][gc,marking    ] GC(147) Concurrent Preclean
[2023-06-08T20:00:54.312+0100][gc,marking    ] GC(147) Concurrent Preclean 0.282ms
[2023-06-08T20:00:54.312+0100][gc,marking    ] GC(147) Concurrent Mark (17595.866s, 17595.912s) 46.213ms
[2023-06-08T20:00:54.313+0100][gc,start      ] GC(147) Pause Remark
[2023-06-08T20:00:54.325+0100][gc,stringtable] GC(147) Cleaned string and symbol table, strings: 10747 processed, 0 removed, symbols: 85809 processed, 0 removed
[2023-06-08T20:00:54.325+0100][gc            ] GC(147) Pause Remark 143M->143M(256M) 12.423ms
[2023-06-08T20:00:54.325+0100][gc,cpu        ] GC(147) User=0.03s Sys=0.00s Real=0.01s
[2023-06-08T20:00:54.325+0100][gc,marking    ] GC(147) Concurrent Rebuild Remembered Sets
[2023-06-08T20:00:54.346+0100][gc,marking    ] GC(147) Concurrent Rebuild Remembered Sets 20.707ms
[2023-06-08T20:00:54.346+0100][gc,start      ] GC(147) Pause Cleanup
[2023-06-08T20:00:54.346+0100][gc            ] GC(147) Pause Cleanup 143M->143M(256M) 0.187ms
[2023-06-08T20:00:54.346+0100][gc,cpu        ] GC(147) User=0.00s Sys=0.00s Real=0.00s
[2023-06-08T20:00:54.346+0100][gc,marking    ] GC(147) Concurrent Cleanup for Next Mark
[2023-06-08T20:00:54.347+0100][gc,marking    ] GC(147) Concurrent Cleanup for Next Mark 0.983ms
[2023-06-08T20:00:54.347+0100][gc            ] GC(147) Concurrent Cycle 163.875ms
[2023-06-08T20:01:09.113+0100][gc,start      ] GC(148) Pause Young (Normal) (G1 Evacuation Pause)
[2023-06-08T20:01:09.114+0100][gc,task       ] GC(148) Using 4 workers of 4 for evacuation
[2023-06-08T20:01:09.115+0100][gc,phases     ] GC(148)   Pre Evacuate Collection Set: 0.0ms
[2023-06-08T20:01:09.115+0100][gc,phases     ] GC(148)   Evacuate Collection Set: 1.0ms
[2023-06-08T20:01:09.115+0100][gc,phases     ] GC(148)   Post Evacuate Collection Set: 0.5ms
[2023-06-08T20:01:09.115+0100][gc,phases     ] GC(148)   Other: 0.2ms
[2023-06-08T20:01:09.115+0100][gc,heap       ] GC(148) Eden regions: 11->0(11)
[2023-06-08T20:01:09.115+0100][gc,heap       ] GC(148) Survivor regions: 1->1(2)
[2023-06-08T20:01:09.115+0100][gc,heap       ] GC(148) Old regions: 16->16
[2023-06-08T20:01:09.115+0100][gc,heap       ] GC(148) Humongous regions: 129->129
[2023-06-08T20:01:09.115+0100][gc,metaspace  ] GC(148) Metaspace: 36689K(38272K)->36689K(38272K) NonClass: 32123K(33024K)->32123K(33024K) Class: 4565K(5248K)->4565K(5248K)
[2023-06-08T20:01:09.115+0100][gc            ] GC(148) Pause Young (Normal) (G1 Evacuation Pause) 154M->143M(256M) 1.949ms
[2023-06-08T20:01:09.115+0100][gc,cpu        ] GC(148) User=0.00s Sys=0.01s Real=0.00s
[2023-06-08T20:01:24.048+0100][gc,start      ] GC(149) Pause Young (Concurrent Start) (G1 Evacuation Pause)
[2023-06-08T20:01:24.048+0100][gc,task       ] GC(149) Using 4 workers of 4 for evacuation
[2023-06-08T20:01:24.053+0100][gc,phases     ] GC(149)   Pre Evacuate Collection Set: 0.2ms
[2023-06-08T20:01:24.053+0100][gc,phases     ] GC(149)   Evacuate Collection Set: 4.6ms
[2023-06-08T20:01:24.053+0100][gc,phases     ] GC(149)   Post Evacuate Collection Set: 0.3ms
[2023-06-08T20:01:24.053+0100][gc,phases     ] GC(149)   Other: 0.3ms
[2023-06-08T20:01:24.053+0100][gc,heap       ] GC(149) Eden regions: 11->0(11)
[2023-06-08T20:01:24.053+0100][gc,heap       ] GC(149) Survivor regions: 1->1(2)
[2023-06-08T20:01:24.053+0100][gc,heap       ] GC(149) Old regions: 16->16
[2023-06-08T20:01:24.053+0100][gc,heap       ] GC(149) Humongous regions: 129->129
[2023-06-08T20:01:24.053+0100][gc,metaspace  ] GC(149) Metaspace: 36689K(38272K)->36689K(38272K) NonClass: 32123K(33024K)->32123K(33024K) Class: 4565K(5248K)->4565K(5248K)
[2023-06-08T20:01:24.053+0100][gc            ] GC(149) Pause Young (Concurrent Start) (G1 Evacuation Pause) 154M->143M(256M) 5.587ms
[2023-06-08T20:01:24.053+0100][gc,cpu        ] GC(149) User=0.00s Sys=0.00s Real=0.01s
[2023-06-08T20:01:24.053+0100][gc            ] GC(150) Concurrent Cycle
[2023-06-08T20:01:24.053+0100][gc,marking    ] GC(150) Concurrent Clear Claimed Marks
[2023-06-08T20:01:24.053+0100][gc,marking    ] GC(150) Concurrent Clear Claimed Marks 0.036ms
[2023-06-08T20:01:24.053+0100][gc,marking    ] GC(150) Concurrent Scan Root Regions
[2023-06-08T20:01:24.054+0100][gc,marking    ] GC(150) Concurrent Scan Root Regions 0.631ms
[2023-06-08T20:01:24.054+0100][gc,marking    ] GC(150) Concurrent Mark (17625.654s)
[2023-06-08T20:01:24.054+0100][gc,marking    ] GC(150) Concurrent Mark From Roots
[2023-06-08T20:01:24.054+0100][gc,task       ] GC(150) Using 1 workers of 1 for marking
[2023-06-08T20:01:24.118+0100][gc,marking    ] GC(150) Concurrent Mark From Roots 63.402ms
[2023-06-08T20:01:24.118+0100][gc,marking    ] GC(150) Concurrent Preclean
[2023-06-08T20:01:24.118+0100][gc,marking    ] GC(150) Concurrent Preclean 0.287ms
[2023-06-08T20:01:24.118+0100][gc,marking    ] GC(150) Concurrent Mark (17625.654s, 17625.717s) 63.812ms
[2023-06-08T20:01:24.118+0100][gc,start      ] GC(150) Pause Remark
[2023-06-08T20:01:24.135+0100][gc,stringtable] GC(150) Cleaned string and symbol table, strings: 10747 processed, 8 removed, symbols: 85809 processed, 0 removed
[2023-06-08T20:01:24.136+0100][gc            ] GC(150) Pause Remark 143M->143M(256M) 17.480ms
[2023-06-08T20:01:24.136+0100][gc,cpu        ] GC(150) User=0.03s Sys=0.00s Real=0.01s
[2023-06-08T20:01:24.136+0100][gc,marking    ] GC(150) Concurrent Rebuild Remembered Sets
[2023-06-08T20:01:24.162+0100][gc,marking    ] GC(150) Concurrent Rebuild Remembered Sets 26.042ms
[2023-06-08T20:01:24.162+0100][gc,start      ] GC(150) Pause Cleanup
[2023-06-08T20:01:24.162+0100][gc            ] GC(150) Pause Cleanup 143M->143M(256M) 0.223ms
[2023-06-08T20:01:24.163+0100][gc,cpu        ] GC(150) User=0.00s Sys=0.00s Real=0.00s
[2023-06-08T20:01:24.163+0100][gc,marking    ] GC(150) Concurrent Cleanup for Next Mark
[2023-06-08T20:01:24.163+0100][gc,marking    ] GC(150) Concurrent Cleanup for Next Mark 0.902ms
[2023-06-08T20:01:24.164+0100][gc            ] GC(150) Concurrent Cycle 110.157ms
[2023-06-08T20:01:38.890+0100][gc,start      ] GC(151) Pause Young (Normal) (G1 Evacuation Pause)
[2023-06-08T20:01:38.890+0100][gc,task       ] GC(151) Using 4 workers of 4 for evacuation
[2023-06-08T20:01:38.903+0100][gc,phases     ] GC(151)   Pre Evacuate Collection Set: 0.0ms
[2023-06-08T20:01:38.903+0100][gc,phases     ] GC(151)   Evacuate Collection Set: 12.6ms
[2023-06-08T20:01:38.903+0100][gc,phases     ] GC(151)   Post Evacuate Collection Set: 0.5ms
[2023-06-08T20:01:38.903+0100][gc,phases     ] GC(151)   Other: 0.3ms
[2023-06-08T20:01:38.903+0100][gc,heap       ] GC(151) Eden regions: 11->0(11)
[2023-06-08T20:01:38.903+0100][gc,heap       ] GC(151) Survivor regions: 1->1(2)
[2023-06-08T20:01:38.903+0100][gc,heap       ] GC(151) Old regions: 16->16
[2023-06-08T20:01:38.903+0100][gc,heap       ] GC(151) Humongous regions: 129->129
[2023-06-08T20:01:38.903+0100][gc,metaspace  ] GC(151) Metaspace: 36689K(38272K)->36689K(38272K) NonClass: 32123K(33024K)->32123K(33024K) Class: 4565K(5248K)->4565K(5248K)
[2023-06-08T20:01:38.903+0100][gc            ] GC(151) Pause Young (Normal) (G1 Evacuation Pause) 154M->143M(256M) 13.530ms
[2023-06-08T20:01:38.903+0100][gc,cpu        ] GC(151) User=0.04s Sys=0.00s Real=0.01s
[2023-06-08T20:01:53.837+0100][gc,start      ] GC(152) Pause Young (Concurrent Start) (G1 Evacuation Pause)
[2023-06-08T20:01:53.838+0100][gc,task       ] GC(152) Using 4 workers of 4 for evacuation
[2023-06-08T20:01:53.841+0100][gc,phases     ] GC(152)   Pre Evacuate Collection Set: 0.2ms
[2023-06-08T20:01:53.841+0100][gc,phases     ] GC(152)   Evacuate Collection Set: 2.2ms
[2023-06-08T20:01:53.841+0100][gc,phases     ] GC(152)   Post Evacuate Collection Set: 0.8ms
[2023-06-08T20:01:53.841+0100][gc,phases     ] GC(152)   Other: 0.5ms
[2023-06-08T20:01:53.841+0100][gc,heap       ] GC(152) Eden regions: 11->0(11)
[2023-06-08T20:01:53.841+0100][gc,heap       ] GC(152) Survivor regions: 1->1(2)
[2023-06-08T20:01:53.842+0100][gc,heap       ] GC(152) Old regions: 16->16
[2023-06-08T20:01:53.842+0100][gc,heap       ] GC(152) Humongous regions: 129->129
[2023-06-08T20:01:53.842+0100][gc,metaspace  ] GC(152) Metaspace: 36689K(38272K)->36689K(38272K) NonClass: 32123K(33024K)->32123K(33024K) Class: 4565K(5248K)->4565K(5248K)
[2023-06-08T20:01:53.842+0100][gc            ] GC(152) Pause Young (Concurrent Start) (G1 Evacuation Pause) 154M->143M(256M) 4.155ms
[2023-06-08T20:01:53.842+0100][gc,cpu        ] GC(152) User=0.00s Sys=0.00s Real=0.00s
[2023-06-08T20:01:53.842+0100][gc            ] GC(153) Concurrent Cycle
[2023-06-08T20:01:53.842+0100][gc,marking    ] GC(153) Concurrent Clear Claimed Marks
[2023-06-08T20:01:53.842+0100][gc,marking    ] GC(153) Concurrent Clear Claimed Marks 0.100ms
[2023-06-08T20:01:53.842+0100][gc,marking    ] GC(153) Concurrent Scan Root Regions
[2023-06-08T20:01:53.843+0100][gc,marking    ] GC(153) Concurrent Scan Root Regions 1.086ms
[2023-06-08T20:01:53.843+0100][gc,marking    ] GC(153) Concurrent Mark (17655.443s)
[2023-06-08T20:01:53.843+0100][gc,marking    ] GC(153) Concurrent Mark From Roots
[2023-06-08T20:01:53.843+0100][gc,task       ] GC(153) Using 1 workers of 1 for marking
[2023-06-08T20:01:53.893+0100][gc,marking    ] GC(153) Concurrent Mark From Roots 50.282ms
[2023-06-08T20:01:53.894+0100][gc,marking    ] GC(153) Concurrent Preclean
[2023-06-08T20:01:53.894+0100][gc,marking    ] GC(153) Concurrent Preclean 0.277ms
[2023-06-08T20:01:53.894+0100][gc,marking    ] GC(153) Concurrent Mark (17655.443s, 17655.493s) 50.701ms
[2023-06-08T20:01:53.894+0100][gc,start      ] GC(153) Pause Remark
[2023-06-08T20:01:53.903+0100][gc,stringtable] GC(153) Cleaned string and symbol table, strings: 10739 processed, 4 removed, symbols: 85809 processed, 0 removed
[2023-06-08T20:01:53.904+0100][gc            ] GC(153) Pause Remark 143M->143M(256M) 9.512ms
[2023-06-08T20:01:53.904+0100][gc,cpu        ] GC(153) User=0.03s Sys=0.00s Real=0.01s
[2023-06-08T20:01:53.904+0100][gc,marking    ] GC(153) Concurrent Rebuild Remembered Sets
[2023-06-08T20:01:53.931+0100][gc,marking    ] GC(153) Concurrent Rebuild Remembered Sets 27.011ms
[2023-06-08T20:01:53.931+0100][gc,start      ] GC(153) Pause Cleanup
[2023-06-08T20:01:53.932+0100][gc            ] GC(153) Pause Cleanup 143M->143M(256M) 0.193ms
[2023-06-08T20:01:53.932+0100][gc,cpu        ] GC(153) User=0.00s Sys=0.00s Real=0.00s
[2023-06-08T20:01:53.932+0100][gc,marking    ] GC(153) Concurrent Cleanup for Next Mark
[2023-06-08T20:01:53.933+0100][gc,marking    ] GC(153) Concurrent Cleanup for Next Mark 0.940ms
[2023-06-08T20:01:53.933+0100][gc            ] GC(153) Concurrent Cycle 90.894ms
[2023-06-08T20:02:08.891+0100][gc,start      ] GC(154) Pause Young (Normal) (G1 Evacuation Pause)
[2023-06-08T20:02:08.891+0100][gc,task       ] GC(154) Using 4 workers of 4 for evacuation
[2023-06-08T20:02:08.892+0100][gc,phases     ] GC(154)   Pre Evacuate Collection Set: 0.0ms
[2023-06-08T20:02:08.892+0100][gc,phases     ] GC(154)   Evacuate Collection Set: 0.8ms
[2023-06-08T20:02:08.892+0100][gc,phases     ] GC(154)   Post Evacuate Collection Set: 0.4ms
[2023-06-08T20:02:08.892+0100][gc,phases     ] GC(154)   Other: 0.2ms
[2023-06-08T20:02:08.892+0100][gc,heap       ] GC(154) Eden regions: 11->0(14)
[2023-06-08T20:02:08.892+0100][gc,heap       ] GC(154) Survivor regions: 1->1(2)
[2023-06-08T20:02:08.892+0100][gc,heap       ] GC(154) Old regions: 16->16
[2023-06-08T20:02:08.892+0100][gc,heap       ] GC(154) Humongous regions: 129->129
[2023-06-08T20:02:08.892+0100][gc,metaspace  ] GC(154) Metaspace: 36689K(38272K)->36689K(38272K) NonClass: 32123K(33024K)->32123K(33024K) Class: 4565K(5248K)->4565K(5248K)
[2023-06-08T20:02:08.892+0100][gc            ] GC(154) Pause Young (Normal) (G1 Evacuation Pause) 154M->143M(256M) 1.504ms
[2023-06-08T20:02:08.892+0100][gc,cpu        ] GC(154) User=0.01s Sys=0.00s Real=0.00s
[2023-06-08T20:02:29.870+0100][gc,start      ] GC(155) Pause Young (Concurrent Start) (G1 Evacuation Pause)
[2023-06-08T20:02:29.870+0100][gc,task       ] GC(155) Using 4 workers of 4 for evacuation
[2023-06-08T20:02:29.878+0100][gc,phases     ] GC(155)   Pre Evacuate Collection Set: 0.2ms
[2023-06-08T20:02:29.878+0100][gc,phases     ] GC(155)   Evacuate Collection Set: 7.2ms
[2023-06-08T20:02:29.878+0100][gc,phases     ] GC(155)   Post Evacuate Collection Set: 0.5ms
[2023-06-08T20:02:29.879+0100][gc,phases     ] GC(155)   Other: 0.3ms
[2023-06-08T20:02:29.879+0100][gc,heap       ] GC(155) Eden regions: 14->0(14)
[2023-06-08T20:02:29.879+0100][gc,heap       ] GC(155) Survivor regions: 1->1(2)
[2023-06-08T20:02:29.879+0100][gc,heap       ] GC(155) Old regions: 16->16
[2023-06-08T20:02:29.879+0100][gc,heap       ] GC(155) Humongous regions: 129->129
[2023-06-08T20:02:29.879+0100][gc,metaspace  ] GC(155) Metaspace: 36689K(38272K)->36689K(38272K) NonClass: 32123K(33024K)->32123K(33024K) Class: 4565K(5248K)->4565K(5248K)
[2023-06-08T20:02:29.879+0100][gc            ] GC(155) Pause Young (Concurrent Start) (G1 Evacuation Pause) 157M->143M(256M) 8.315ms
[2023-06-08T20:02:29.879+0100][gc,cpu        ] GC(155) User=0.02s Sys=0.00s Real=0.01s
[2023-06-08T20:02:29.879+0100][gc            ] GC(156) Concurrent Cycle
[2023-06-08T20:02:29.879+0100][gc,marking    ] GC(156) Concurrent Clear Claimed Marks
[2023-06-08T20:02:29.879+0100][gc,marking    ] GC(156) Concurrent Clear Claimed Marks 0.170ms
[2023-06-08T20:02:29.879+0100][gc,marking    ] GC(156) Concurrent Scan Root Regions
[2023-06-08T20:02:29.879+0100][gc,marking    ] GC(156) Concurrent Scan Root Regions 0.476ms
[2023-06-08T20:02:29.879+0100][gc,marking    ] GC(156) Concurrent Mark (17691.479s)
[2023-06-08T20:02:29.879+0100][gc,marking    ] GC(156) Concurrent Mark From Roots
[2023-06-08T20:02:29.879+0100][gc,task       ] GC(156) Using 1 workers of 1 for marking
[2023-06-08T20:02:29.905+0100][gc,marking    ] GC(156) Concurrent Mark From Roots 25.175ms
[2023-06-08T20:02:29.905+0100][gc,marking    ] GC(156) Concurrent Preclean
[2023-06-08T20:02:29.905+0100][gc,marking    ] GC(156) Concurrent Preclean 0.157ms
[2023-06-08T20:02:29.905+0100][gc,marking    ] GC(156) Concurrent Mark (17691.479s, 17691.504s) 25.423ms
[2023-06-08T20:02:29.906+0100][gc,start      ] GC(156) Pause Remark
[2023-06-08T20:02:29.914+0100][gc,stringtable] GC(156) Cleaned string and symbol table, strings: 10739 processed, 0 removed, symbols: 85809 processed, 0 removed
[2023-06-08T20:02:29.915+0100][gc            ] GC(156) Pause Remark 143M->143M(256M) 9.412ms
[2023-06-08T20:02:29.915+0100][gc,cpu        ] GC(156) User=0.02s Sys=0.00s Real=0.01s
[2023-06-08T20:02:29.916+0100][gc,marking    ] GC(156) Concurrent Rebuild Remembered Sets
[2023-06-08T20:02:29.938+0100][gc,marking    ] GC(156) Concurrent Rebuild Remembered Sets 21.404ms
[2023-06-08T20:02:29.938+0100][gc,start      ] GC(156) Pause Cleanup
[2023-06-08T20:02:29.938+0100][gc            ] GC(156) Pause Cleanup 143M->143M(256M) 0.103ms
[2023-06-08T20:02:29.938+0100][gc,cpu        ] GC(156) User=0.00s Sys=0.00s Real=0.00s
[2023-06-08T20:02:29.938+0100][gc,marking    ] GC(156) Concurrent Cleanup for Next Mark
[2023-06-08T20:02:29.939+0100][gc,marking    ] GC(156) Concurrent Cleanup for Next Mark 0.724ms
[2023-06-08T20:02:29.939+0100][gc            ] GC(156) Concurrent Cycle 60.305ms
[2023-06-08T20:06:32.106+0100][gc,start      ] GC(157) Pause Young (Normal) (G1 Evacuation Pause)
[2023-06-08T20:06:32.142+0100][gc,task       ] GC(157) Using 4 workers of 4 for evacuation
[2023-06-08T20:06:32.206+0100][gc,mmu        ] GC(157) MMU target violated: 21.0ms (20.0ms/21.0ms)
[2023-06-08T20:06:32.206+0100][gc,phases     ] GC(157)   Pre Evacuate Collection Set: 0.0ms
[2023-06-08T20:06:32.206+0100][gc,phases     ] GC(157)   Evacuate Collection Set: 45.9ms
[2023-06-08T20:06:32.206+0100][gc,phases     ] GC(157)   Post Evacuate Collection Set: 17.8ms
[2023-06-08T20:06:32.206+0100][gc,phases     ] GC(157)   Other: 57.8ms
[2023-06-08T20:06:32.206+0100][gc,heap       ] GC(157) Eden regions: 14->0(11)
[2023-06-08T20:06:32.206+0100][gc,heap       ] GC(157) Survivor regions: 1->1(2)
[2023-06-08T20:06:32.206+0100][gc,heap       ] GC(157) Old regions: 16->16
[2023-06-08T20:06:32.206+0100][gc,heap       ] GC(157) Humongous regions: 129->129
[2023-06-08T20:06:32.206+0100][gc,metaspace  ] GC(157) Metaspace: 36689K(38272K)->36689K(38272K) NonClass: 32123K(33024K)->32123K(33024K) Class: 4565K(5248K)->4565K(5248K)
[2023-06-08T20:06:32.206+0100][gc            ] GC(157) Pause Young (Normal) (G1 Evacuation Pause) 157M->143M(256M) 100.261ms
[2023-06-08T20:06:32.206+0100][gc,cpu        ] GC(157) User=0.03s Sys=0.00s Real=0.10s
[2023-06-08T20:13:12.512+0100][gc,start      ] GC(158) Pause Young (Concurrent Start) (G1 Evacuation Pause)
[2023-06-08T20:13:12.512+0100][gc,task       ] GC(158) Using 4 workers of 4 for evacuation
[2023-06-08T20:13:12.636+0100][gc,mmu        ] GC(158) MMU target violated: 21.0ms (20.0ms/21.0ms)
[2023-06-08T20:13:12.636+0100][gc,phases     ] GC(158)   Pre Evacuate Collection Set: 0.2ms
[2023-06-08T20:13:12.636+0100][gc,phases     ] GC(158)   Evacuate Collection Set: 122.8ms
[2023-06-08T20:13:12.636+0100][gc,phases     ] GC(158)   Post Evacuate Collection Set: 0.5ms
[2023-06-08T20:13:12.636+0100][gc,phases     ] GC(158)   Other: 0.6ms
[2023-06-08T20:13:12.636+0100][gc,heap       ] GC(158) Eden regions: 11->0(12)
[2023-06-08T20:13:12.636+0100][gc,heap       ] GC(158) Survivor regions: 1->1(2)
[2023-06-08T20:13:12.636+0100][gc,heap       ] GC(158) Old regions: 16->16
[2023-06-08T20:13:12.636+0100][gc,heap       ] GC(158) Humongous regions: 129->129
[2023-06-08T20:13:12.636+0100][gc,metaspace  ] GC(158) Metaspace: 36689K(38272K)->36689K(38272K) NonClass: 32123K(33024K)->32123K(33024K) Class: 4565K(5248K)->4565K(5248K)
[2023-06-08T20:13:12.637+0100][gc            ] GC(158) Pause Young (Concurrent Start) (G1 Evacuation Pause) 154M->143M(256M) 124.187ms
[2023-06-08T20:13:12.637+0100][gc,cpu        ] GC(158) User=0.01s Sys=0.00s Real=0.13s
[2023-06-08T20:13:12.637+0100][gc            ] GC(159) Concurrent Cycle
[2023-06-08T20:13:12.637+0100][gc,marking    ] GC(159) Concurrent Clear Claimed Marks
[2023-06-08T20:13:12.637+0100][gc,marking    ] GC(159) Concurrent Clear Claimed Marks 0.043ms
[2023-06-08T20:13:12.637+0100][gc,marking    ] GC(159) Concurrent Scan Root Regions
[2023-06-08T20:13:12.705+0100][gc,marking    ] GC(159) Concurrent Scan Root Regions 68.464ms
[2023-06-08T20:13:12.705+0100][gc,marking    ] GC(159) Concurrent Mark (18334.305s)
[2023-06-08T20:13:12.705+0100][gc,marking    ] GC(159) Concurrent Mark From Roots
[2023-06-08T20:13:12.705+0100][gc,task       ] GC(159) Using 1 workers of 1 for marking
[2023-06-08T20:13:13.442+0100][gc,marking    ] GC(159) Concurrent Mark From Roots 736.598ms
[2023-06-08T20:13:13.442+0100][gc,marking    ] GC(159) Concurrent Preclean
[2023-06-08T20:13:13.442+0100][gc,marking    ] GC(159) Concurrent Preclean 0.434ms
[2023-06-08T20:13:13.442+0100][gc,marking    ] GC(159) Concurrent Mark (18334.305s, 18335.042s) 737.178ms
[2023-06-08T20:13:13.443+0100][gc,start      ] GC(159) Pause Remark
[2023-06-08T20:13:13.616+0100][gc,stringtable] GC(159) Cleaned string and symbol table, strings: 10739 processed, 1 removed, symbols: 85809 processed, 0 removed
[2023-06-08T20:13:13.616+0100][gc,mmu        ] GC(159) MMU target violated: 21.0ms (20.0ms/21.0ms)
[2023-06-08T20:13:13.616+0100][gc            ] GC(159) Pause Remark 143M->143M(256M) 173.332ms
[2023-06-08T20:13:13.616+0100][gc,cpu        ] GC(159) User=0.30s Sys=0.00s Real=0.17s
[2023-06-08T20:13:13.616+0100][gc,marking    ] GC(159) Concurrent Rebuild Remembered Sets
[2023-06-08T20:13:13.630+0100][gc,marking    ] GC(159) Concurrent Rebuild Remembered Sets 13.474ms
[2023-06-08T20:13:13.630+0100][gc,start      ] GC(159) Pause Cleanup
[2023-06-08T20:13:13.630+0100][gc            ] GC(159) Pause Cleanup 143M->143M(256M) 0.115ms
[2023-06-08T20:13:13.630+0100][gc,cpu        ] GC(159) User=0.00s Sys=0.00s Real=0.00s
[2023-06-08T20:13:13.630+0100][gc,marking    ] GC(159) Concurrent Cleanup for Next Mark
[2023-06-08T20:13:13.631+0100][gc,marking    ] GC(159) Concurrent Cleanup for Next Mark 0.692ms
[2023-06-08T20:13:13.631+0100][gc            ] GC(159) Concurrent Cycle 994.187ms
[2023-06-08T20:19:58.645+0100][gc,start      ] GC(160) Pause Young (Normal) (G1 Evacuation Pause)
[2023-06-08T20:19:58.772+0100][gc,task       ] GC(160) Using 4 workers of 4 for evacuation
[2023-06-08T20:19:58.860+0100][gc,mmu        ] GC(160) MMU target violated: 21.0ms (20.0ms/21.0ms)
[2023-06-08T20:19:58.861+0100][gc,phases     ] GC(160)   Pre Evacuate Collection Set: 6.3ms
[2023-06-08T20:19:58.861+0100][gc,phases     ] GC(160)   Evacuate Collection Set: 72.2ms
[2023-06-08T20:19:58.861+0100][gc,phases     ] GC(160)   Post Evacuate Collection Set: 2.4ms
[2023-06-08T20:19:58.861+0100][gc,phases     ] GC(160)   Other: 149.6ms
[2023-06-08T20:19:58.861+0100][gc,heap       ] GC(160) Eden regions: 11->0(11)
[2023-06-08T20:19:58.861+0100][gc,heap       ] GC(160) Survivor regions: 1->1(2)
[2023-06-08T20:19:58.861+0100][gc,heap       ] GC(160) Old regions: 16->16
[2023-06-08T20:19:58.861+0100][gc,heap       ] GC(160) Humongous regions: 129->129
[2023-06-08T20:19:58.861+0100][gc,metaspace  ] GC(160) Metaspace: 36690K(38272K)->36690K(38272K) NonClass: 32124K(33024K)->32124K(33024K) Class: 4565K(5248K)->4565K(5248K)
[2023-06-08T20:19:58.895+0100][gc            ] GC(160) Pause Young (Normal) (G1 Evacuation Pause) 154M->143M(256M) 218.931ms
[2023-06-08T20:19:58.895+0100][gc,cpu        ] GC(160) User=0.01s Sys=0.01s Real=0.25s
[2023-06-08T20:26:47.515+0100][gc,start      ] GC(161) Pause Young (Concurrent Start) (G1 Evacuation Pause)
[2023-06-08T20:26:47.526+0100][gc,task       ] GC(161) Using 4 workers of 4 for evacuation
[2023-06-08T20:26:47.550+0100][gc,mmu        ] GC(161) MMU target violated: 21.0ms (20.0ms/21.0ms)
[2023-06-08T20:26:47.550+0100][gc,phases     ] GC(161)   Pre Evacuate Collection Set: 0.2ms
[2023-06-08T20:26:47.550+0100][gc,phases     ] GC(161)   Evacuate Collection Set: 18.2ms
[2023-06-08T20:26:47.550+0100][gc,phases     ] GC(161)   Post Evacuate Collection Set: 5.9ms
[2023-06-08T20:26:47.551+0100][gc,phases     ] GC(161)   Other: 10.9ms
[2023-06-08T20:26:47.551+0100][gc,heap       ] GC(161) Eden regions: 11->0(11)
[2023-06-08T20:26:47.551+0100][gc,heap       ] GC(161) Survivor regions: 1->1(2)
[2023-06-08T20:26:47.551+0100][gc,heap       ] GC(161) Old regions: 16->16
[2023-06-08T20:26:47.551+0100][gc,heap       ] GC(161) Humongous regions: 129->129
[2023-06-08T20:26:47.551+0100][gc,metaspace  ] GC(161) Metaspace: 36696K(38272K)->36696K(38272K) NonClass: 32130K(33024K)->32130K(33024K) Class: 4565K(5248K)->4565K(5248K)
[2023-06-08T20:26:47.551+0100][gc            ] GC(161) Pause Young (Concurrent Start) (G1 Evacuation Pause) 154M->143M(256M) 35.448ms
[2023-06-08T20:26:47.551+0100][gc,cpu        ] GC(161) User=0.01s Sys=0.00s Real=0.04s
[2023-06-08T20:26:47.551+0100][gc            ] GC(162) Concurrent Cycle
[2023-06-08T20:26:47.551+0100][gc,marking    ] GC(162) Concurrent Clear Claimed Marks
[2023-06-08T20:26:47.551+0100][gc,marking    ] GC(162) Concurrent Clear Claimed Marks 0.194ms
[2023-06-08T20:26:47.551+0100][gc,marking    ] GC(162) Concurrent Scan Root Regions
[2023-06-08T20:26:47.604+0100][gc,marking    ] GC(162) Concurrent Scan Root Regions 52.632ms
[2023-06-08T20:26:47.604+0100][gc,marking    ] GC(162) Concurrent Mark (19149.203s)
[2023-06-08T20:26:47.604+0100][gc,marking    ] GC(162) Concurrent Mark From Roots
[2023-06-08T20:26:47.604+0100][gc,task       ] GC(162) Using 1 workers of 1 for marking
[2023-06-08T20:26:47.639+0100][gc,marking    ] GC(162) Concurrent Mark From Roots 35.440ms
[2023-06-08T20:26:47.639+0100][gc,marking    ] GC(162) Concurrent Preclean
[2023-06-08T20:26:47.640+0100][gc,marking    ] GC(162) Concurrent Preclean 0.271ms
[2023-06-08T20:26:47.640+0100][gc,marking    ] GC(162) Concurrent Mark (19149.203s, 19149.239s) 35.833ms
[2023-06-08T20:26:47.640+0100][gc,start      ] GC(162) Pause Remark
[2023-06-08T20:26:47.665+0100][gc,stringtable] GC(162) Cleaned string and symbol table, strings: 10738 processed, 3 removed, symbols: 85809 processed, 0 removed
[2023-06-08T20:26:47.674+0100][gc,mmu        ] GC(162) MMU target violated: 21.0ms (20.0ms/21.0ms)
[2023-06-08T20:26:47.675+0100][gc            ] GC(162) Pause Remark 143M->143M(256M) 34.740ms
[2023-06-08T20:26:47.675+0100][gc,cpu        ] GC(162) User=0.02s Sys=0.00s Real=0.03s
[2023-06-08T20:26:47.675+0100][gc,marking    ] GC(162) Concurrent Rebuild Remembered Sets
[2023-06-08T20:26:47.705+0100][gc,marking    ] GC(162) Concurrent Rebuild Remembered Sets 29.472ms
[2023-06-08T20:26:47.709+0100][gc,start      ] GC(162) Pause Cleanup
[2023-06-08T20:26:47.710+0100][gc            ] GC(162) Pause Cleanup 143M->143M(256M) 0.152ms
[2023-06-08T20:26:47.710+0100][gc,cpu        ] GC(162) User=0.00s Sys=0.00s Real=0.00s
[2023-06-08T20:26:47.710+0100][gc,marking    ] GC(162) Concurrent Cleanup for Next Mark
[2023-06-08T20:26:47.710+0100][gc,marking    ] GC(162) Concurrent Cleanup for Next Mark 0.900ms
[2023-06-08T20:26:47.711+0100][gc            ] GC(162) Concurrent Cycle 159.800ms
[2023-06-08T20:33:35.016+0100][gc,start      ] GC(163) Pause Young (Normal) (G1 Evacuation Pause)
[2023-06-08T20:33:35.118+0100][gc,task       ] GC(163) Using 4 workers of 4 for evacuation
[2023-06-08T20:33:35.120+0100][gc,phases     ] GC(163)   Pre Evacuate Collection Set: 0.0ms
[2023-06-08T20:33:35.120+0100][gc,phases     ] GC(163)   Evacuate Collection Set: 1.7ms
[2023-06-08T20:33:35.120+0100][gc,phases     ] GC(163)   Post Evacuate Collection Set: 0.6ms
[2023-06-08T20:33:35.120+0100][gc,phases     ] GC(163)   Other: 101.8ms
[2023-06-08T20:33:35.120+0100][gc,heap       ] GC(163) Eden regions: 11->0(11)
[2023-06-08T20:33:35.120+0100][gc,heap       ] GC(163) Survivor regions: 1->1(2)
[2023-06-08T20:33:35.120+0100][gc,heap       ] GC(163) Old regions: 16->16
[2023-06-08T20:33:35.120+0100][gc,heap       ] GC(163) Humongous regions: 129->129
[2023-06-08T20:33:35.120+0100][gc,metaspace  ] GC(163) Metaspace: 36698K(38272K)->36698K(38272K) NonClass: 32132K(33024K)->32132K(33024K) Class: 4565K(5248K)->4565K(5248K)
[2023-06-08T20:33:35.120+0100][gc            ] GC(163) Pause Young (Normal) (G1 Evacuation Pause) 154M->143M(256M) 104.170ms
[2023-06-08T20:33:35.120+0100][gc,cpu        ] GC(163) User=0.00s Sys=0.00s Real=0.11s
[2023-06-08T20:40:24.575+0100][gc,start      ] GC(164) Pause Young (Concurrent Start) (G1 Evacuation Pause)
[2023-06-08T20:40:24.576+0100][gc,task       ] GC(164) Using 4 workers of 4 for evacuation
[2023-06-08T20:40:24.749+0100][gc,mmu        ] GC(164) MMU target violated: 21.0ms (20.0ms/21.0ms)
[2023-06-08T20:40:24.749+0100][gc,phases     ] GC(164)   Pre Evacuate Collection Set: 0.2ms
[2023-06-08T20:40:24.749+0100][gc,phases     ] GC(164)   Evacuate Collection Set: 172.1ms
[2023-06-08T20:40:24.749+0100][gc,phases     ] GC(164)   Post Evacuate Collection Set: 0.5ms
[2023-06-08T20:40:24.749+0100][gc,phases     ] GC(164)   Other: 0.5ms
[2023-06-08T20:40:24.749+0100][gc,heap       ] GC(164) Eden regions: 11->0(12)
[2023-06-08T20:40:24.749+0100][gc,heap       ] GC(164) Survivor regions: 1->1(2)
[2023-06-08T20:40:24.749+0100][gc,heap       ] GC(164) Old regions: 16->16
[2023-06-08T20:40:24.749+0100][gc,heap       ] GC(164) Humongous regions: 129->129
[2023-06-08T20:40:24.749+0100][gc,metaspace  ] GC(164) Metaspace: 36698K(38272K)->36698K(38272K) NonClass: 32132K(33024K)->32132K(33024K) Class: 4565K(5248K)->4565K(5248K)
[2023-06-08T20:40:24.766+0100][gc            ] GC(164) Pause Young (Concurrent Start) (G1 Evacuation Pause) 154M->143M(256M) 173.368ms
[2023-06-08T20:40:24.766+0100][gc,cpu        ] GC(164) User=0.00s Sys=0.01s Real=0.19s
[2023-06-08T20:40:24.766+0100][gc            ] GC(165) Concurrent Cycle
[2023-06-08T20:40:24.766+0100][gc,marking    ] GC(165) Concurrent Clear Claimed Marks
[2023-06-08T20:40:24.767+0100][gc,marking    ] GC(165) Concurrent Clear Claimed Marks 0.458ms
[2023-06-08T20:40:24.767+0100][gc,marking    ] GC(165) Concurrent Scan Root Regions
[2023-06-08T20:40:24.767+0100][gc,marking    ] GC(165) Concurrent Scan Root Regions 0.498ms
[2023-06-08T20:40:24.767+0100][gc,marking    ] GC(165) Concurrent Mark (19966.367s)
[2023-06-08T20:40:24.767+0100][gc,marking    ] GC(165) Concurrent Mark From Roots
[2023-06-08T20:40:24.767+0100][gc,task       ] GC(165) Using 1 workers of 1 for marking
[2023-06-08T20:40:24.800+0100][gc,marking    ] GC(165) Concurrent Mark From Roots 32.869ms
[2023-06-08T20:40:24.800+0100][gc,marking    ] GC(165) Concurrent Preclean
[2023-06-08T20:40:24.801+0100][gc,marking    ] GC(165) Concurrent Preclean 0.539ms
[2023-06-08T20:40:24.801+0100][gc,marking    ] GC(165) Concurrent Mark (19966.367s, 19966.400s) 33.504ms
[2023-06-08T20:40:24.801+0100][gc,start      ] GC(165) Pause Remark
[2023-06-08T20:40:24.806+0100][gc,stringtable] GC(165) Cleaned string and symbol table, strings: 10738 processed, 1 removed, symbols: 85809 processed, 0 removed
[2023-06-08T20:40:24.807+0100][gc            ] GC(165) Pause Remark 143M->143M(256M) 5.917ms
[2023-06-08T20:40:24.807+0100][gc,cpu        ] GC(165) User=0.03s Sys=0.00s Real=0.00s
[2023-06-08T20:40:24.807+0100][gc,marking    ] GC(165) Concurrent Rebuild Remembered Sets
[2023-06-08T20:40:24.820+0100][gc,marking    ] GC(165) Concurrent Rebuild Remembered Sets 13.377ms
[2023-06-08T20:40:24.821+0100][gc,start      ] GC(165) Pause Cleanup
[2023-06-08T20:40:24.821+0100][gc            ] GC(165) Pause Cleanup 143M->143M(256M) 0.138ms
[2023-06-08T20:40:24.821+0100][gc,cpu        ] GC(165) User=0.00s Sys=0.00s Real=0.00s
[2023-06-08T20:40:24.821+0100][gc,marking    ] GC(165) Concurrent Cleanup for Next Mark
[2023-06-08T20:40:24.822+0100][gc,marking    ] GC(165) Concurrent Cleanup for Next Mark 0.755ms
[2023-06-08T20:40:24.822+0100][gc            ] GC(165) Concurrent Cycle 55.492ms
[2023-06-08T20:47:17.764+0100][gc,start      ] GC(166) Pause Young (Normal) (G1 Evacuation Pause)
[2023-06-08T20:47:17.764+0100][gc,task       ] GC(166) Using 4 workers of 4 for evacuation
[2023-06-08T20:47:17.861+0100][gc,mmu        ] GC(166) MMU target violated: 21.0ms (20.0ms/21.0ms)
[2023-06-08T20:47:17.861+0100][gc,phases     ] GC(166)   Pre Evacuate Collection Set: 0.0ms
[2023-06-08T20:47:17.861+0100][gc,phases     ] GC(166)   Evacuate Collection Set: 95.7ms
[2023-06-08T20:47:17.861+0100][gc,phases     ] GC(166)   Post Evacuate Collection Set: 1.4ms
[2023-06-08T20:47:17.861+0100][gc,phases     ] GC(166)   Other: 0.5ms
[2023-06-08T20:47:17.861+0100][gc,heap       ] GC(166) Eden regions: 11->0(11)
[2023-06-08T20:47:17.861+0100][gc,heap       ] GC(166) Survivor regions: 1->1(2)
[2023-06-08T20:47:17.861+0100][gc,heap       ] GC(166) Old regions: 16->16
[2023-06-08T20:47:17.861+0100][gc,heap       ] GC(166) Humongous regions: 129->129
[2023-06-08T20:47:17.861+0100][gc,metaspace  ] GC(166) Metaspace: 36698K(38272K)->36698K(38272K) NonClass: 32133K(33024K)->32133K(33024K) Class: 4565K(5248K)->4565K(5248K)
[2023-06-08T20:47:17.861+0100][gc            ] GC(166) Pause Young (Normal) (G1 Evacuation Pause) 154M->143M(256M) 97.631ms
[2023-06-08T20:47:17.861+0100][gc,cpu        ] GC(166) User=0.20s Sys=0.00s Real=0.10s
[2023-06-08T20:54:10.163+0100][gc,start      ] GC(167) Pause Young (Concurrent Start) (G1 Evacuation Pause)
[2023-06-08T20:54:10.281+0100][gc,task       ] GC(167) Using 4 workers of 4 for evacuation
[2023-06-08T20:54:10.282+0100][gc,phases     ] GC(167)   Pre Evacuate Collection Set: 0.2ms
[2023-06-08T20:54:10.282+0100][gc,phases     ] GC(167)   Evacuate Collection Set: 0.8ms
[2023-06-08T20:54:10.282+0100][gc,phases     ] GC(167)   Post Evacuate Collection Set: 0.5ms
[2023-06-08T20:54:10.282+0100][gc,phases     ] GC(167)   Other: 117.7ms
[2023-06-08T20:54:10.282+0100][gc,heap       ] GC(167) Eden regions: 11->0(11)
[2023-06-08T20:54:10.282+0100][gc,heap       ] GC(167) Survivor regions: 1->1(2)
[2023-06-08T20:54:10.282+0100][gc,heap       ] GC(167) Old regions: 16->16
[2023-06-08T20:54:10.282+0100][gc,heap       ] GC(167) Humongous regions: 129->129
[2023-06-08T20:54:10.282+0100][gc,metaspace  ] GC(167) Metaspace: 36699K(38272K)->36699K(38272K) NonClass: 32133K(33024K)->32133K(33024K) Class: 4565K(5248K)->4565K(5248K)
[2023-06-08T20:54:10.282+0100][gc            ] GC(167) Pause Young (Concurrent Start) (G1 Evacuation Pause) 154M->143M(256M) 119.265ms
[2023-06-08T20:54:10.283+0100][gc,cpu        ] GC(167) User=0.00s Sys=0.01s Real=0.12s
[2023-06-08T20:54:10.283+0100][gc            ] GC(168) Concurrent Cycle
[2023-06-08T20:54:10.283+0100][gc,marking    ] GC(168) Concurrent Clear Claimed Marks
[2023-06-08T20:54:10.283+0100][gc,marking    ] GC(168) Concurrent Clear Claimed Marks 0.035ms
[2023-06-08T20:54:10.283+0100][gc,marking    ] GC(168) Concurrent Scan Root Regions
[2023-06-08T20:54:10.283+0100][gc,marking    ] GC(168) Concurrent Scan Root Regions 0.426ms
[2023-06-08T20:54:10.283+0100][gc,marking    ] GC(168) Concurrent Mark (20791.883s)
[2023-06-08T20:54:10.283+0100][gc,marking    ] GC(168) Concurrent Mark From Roots
[2023-06-08T20:54:10.283+0100][gc,task       ] GC(168) Using 1 workers of 1 for marking
[2023-06-08T20:54:10.308+0100][gc,marking    ] GC(168) Concurrent Mark From Roots 24.956ms
[2023-06-08T20:54:10.308+0100][gc,marking    ] GC(168) Concurrent Preclean
[2023-06-08T20:54:10.308+0100][gc,marking    ] GC(168) Concurrent Preclean 0.172ms
[2023-06-08T20:54:10.308+0100][gc,marking    ] GC(168) Concurrent Mark (20791.883s, 20791.908s) 25.229ms
[2023-06-08T20:54:10.309+0100][gc,start      ] GC(168) Pause Remark
[2023-06-08T20:54:10.316+0100][gc,stringtable] GC(168) Cleaned string and symbol table, strings: 10737 processed, 0 removed, symbols: 85809 processed, 0 removed
[2023-06-08T20:54:10.316+0100][gc            ] GC(168) Pause Remark 143M->143M(256M) 7.885ms
[2023-06-08T20:54:10.316+0100][gc,cpu        ] GC(168) User=0.02s Sys=0.00s Real=0.01s
[2023-06-08T20:54:10.317+0100][gc,marking    ] GC(168) Concurrent Rebuild Remembered Sets
[2023-06-08T20:54:10.336+0100][gc,marking    ] GC(168) Concurrent Rebuild Remembered Sets 19.796ms
[2023-06-08T20:54:10.337+0100][gc,start      ] GC(168) Pause Cleanup
[2023-06-08T20:54:10.337+0100][gc            ] GC(168) Pause Cleanup 143M->143M(256M) 0.165ms
[2023-06-08T20:54:10.337+0100][gc,cpu        ] GC(168) User=0.00s Sys=0.00s Real=0.00s
[2023-06-08T20:54:10.337+0100][gc,marking    ] GC(168) Concurrent Cleanup for Next Mark
[2023-06-08T20:54:10.338+0100][gc,marking    ] GC(168) Concurrent Cleanup for Next Mark 0.775ms
[2023-06-08T20:54:10.338+0100][gc            ] GC(168) Concurrent Cycle 55.235ms
[2023-06-08T21:00:58.962+0100][gc,start      ] GC(169) Pause Young (Normal) (G1 Evacuation Pause)
[2023-06-08T21:00:58.962+0100][gc,task       ] GC(169) Using 4 workers of 4 for evacuation
[2023-06-08T21:00:58.965+0100][gc,phases     ] GC(169)   Pre Evacuate Collection Set: 0.0ms
[2023-06-08T21:00:58.965+0100][gc,phases     ] GC(169)   Evacuate Collection Set: 1.7ms
[2023-06-08T21:00:58.965+0100][gc,phases     ] GC(169)   Post Evacuate Collection Set: 1.0ms
[2023-06-08T21:00:58.965+0100][gc,phases     ] GC(169)   Other: 0.4ms
[2023-06-08T21:00:58.965+0100][gc,heap       ] GC(169) Eden regions: 11->0(11)
[2023-06-08T21:00:58.965+0100][gc,heap       ] GC(169) Survivor regions: 1->1(2)
[2023-06-08T21:00:58.965+0100][gc,heap       ] GC(169) Old regions: 16->16
[2023-06-08T21:00:58.966+0100][gc,heap       ] GC(169) Humongous regions: 129->129
[2023-06-08T21:00:58.966+0100][gc,metaspace  ] GC(169) Metaspace: 36699K(38272K)->36699K(38272K) NonClass: 32134K(33024K)->32134K(33024K) Class: 4565K(5248K)->4565K(5248K)
[2023-06-08T21:00:58.966+0100][gc            ] GC(169) Pause Young (Normal) (G1 Evacuation Pause) 154M->143M(256M) 3.573ms
[2023-06-08T21:00:58.966+0100][gc,cpu        ] GC(169) User=0.00s Sys=0.01s Real=0.00s
[2023-06-08T21:07:51.987+0100][gc,start      ] GC(170) Pause Young (Concurrent Start) (G1 Evacuation Pause)
[2023-06-08T21:07:51.987+0100][gc,task       ] GC(170) Using 4 workers of 4 for evacuation
[2023-06-08T21:07:51.989+0100][gc,phases     ] GC(170)   Pre Evacuate Collection Set: 0.2ms
[2023-06-08T21:07:51.989+0100][gc,phases     ] GC(170)   Evacuate Collection Set: 1.0ms
[2023-06-08T21:07:51.989+0100][gc,phases     ] GC(170)   Post Evacuate Collection Set: 0.7ms
[2023-06-08T21:07:51.989+0100][gc,phases     ] GC(170)   Other: 0.3ms
[2023-06-08T21:07:51.989+0100][gc,heap       ] GC(170) Eden regions: 11->0(13)
[2023-06-08T21:07:51.989+0100][gc,heap       ] GC(170) Survivor regions: 1->1(2)
[2023-06-08T21:07:51.989+0100][gc,heap       ] GC(170) Old regions: 16->16
[2023-06-08T21:07:51.989+0100][gc,heap       ] GC(170) Humongous regions: 129->129
[2023-06-08T21:07:51.989+0100][gc,metaspace  ] GC(170) Metaspace: 36701K(38272K)->36701K(38272K) NonClass: 32135K(33024K)->32135K(33024K) Class: 4565K(5248K)->4565K(5248K)
[2023-06-08T21:07:51.989+0100][gc            ] GC(170) Pause Young (Concurrent Start) (G1 Evacuation Pause) 154M->143M(256M) 2.192ms
[2023-06-08T21:07:51.989+0100][gc,cpu        ] GC(170) User=0.01s Sys=0.00s Real=0.01s
[2023-06-08T21:07:51.990+0100][gc            ] GC(171) Concurrent Cycle
[2023-06-08T21:07:51.990+0100][gc,marking    ] GC(171) Concurrent Clear Claimed Marks
[2023-06-08T21:07:51.990+0100][gc,marking    ] GC(171) Concurrent Clear Claimed Marks 0.032ms
[2023-06-08T21:07:51.990+0100][gc,marking    ] GC(171) Concurrent Scan Root Regions
[2023-06-08T21:07:51.990+0100][gc,marking    ] GC(171) Concurrent Scan Root Regions 0.479ms
[2023-06-08T21:07:51.990+0100][gc,marking    ] GC(171) Concurrent Mark (21613.590s)
[2023-06-08T21:07:51.990+0100][gc,marking    ] GC(171) Concurrent Mark From Roots
[2023-06-08T21:07:51.990+0100][gc,task       ] GC(171) Using 1 workers of 1 for marking
[2023-06-08T21:07:52.015+0100][gc,marking    ] GC(171) Concurrent Mark From Roots 24.762ms
[2023-06-08T21:07:52.015+0100][gc,marking    ] GC(171) Concurrent Preclean
[2023-06-08T21:07:52.015+0100][gc,marking    ] GC(171) Concurrent Preclean 0.174ms
[2023-06-08T21:07:52.015+0100][gc,marking    ] GC(171) Concurrent Mark (21613.590s, 21613.615s) 25.025ms
[2023-06-08T21:07:52.015+0100][gc,start      ] GC(171) Pause Remark
[2023-06-08T21:07:52.021+0100][gc,stringtable] GC(171) Cleaned string and symbol table, strings: 10738 processed, 0 removed, symbols: 85809 processed, 0 removed
[2023-06-08T21:07:52.022+0100][gc            ] GC(171) Pause Remark 143M->143M(256M) 6.245ms
[2023-06-08T21:07:52.022+0100][gc,cpu        ] GC(171) User=0.02s Sys=0.00s Real=0.01s
[2023-06-08T21:07:52.022+0100][gc,marking    ] GC(171) Concurrent Rebuild Remembered Sets
[2023-06-08T21:07:52.042+0100][gc,marking    ] GC(171) Concurrent Rebuild Remembered Sets 20.053ms
[2023-06-08T21:07:52.042+0100][gc,start      ] GC(171) Pause Cleanup
[2023-06-08T21:07:52.042+0100][gc            ] GC(171) Pause Cleanup 143M->143M(256M) 0.171ms
[2023-06-08T21:07:52.042+0100][gc,cpu        ] GC(171) User=0.00s Sys=0.00s Real=0.00s
[2023-06-08T21:07:52.042+0100][gc,marking    ] GC(171) Concurrent Cleanup for Next Mark
[2023-06-08T21:07:52.043+0100][gc,marking    ] GC(171) Concurrent Cleanup for Next Mark 0.735ms
[2023-06-08T21:07:52.043+0100][gc            ] GC(171) Concurrent Cycle 53.661ms
[2023-06-08T21:29:31.366+0100][gc,start      ] GC(172) Pause Young (Normal) (G1 Evacuation Pause)
[2023-06-08T21:29:31.366+0100][gc,task       ] GC(172) Using 4 workers of 4 for evacuation
[2023-06-08T21:29:31.369+0100][gc,phases     ] GC(172)   Pre Evacuate Collection Set: 0.0ms
[2023-06-08T21:29:31.369+0100][gc,phases     ] GC(172)   Evacuate Collection Set: 1.6ms
[2023-06-08T21:29:31.369+0100][gc,phases     ] GC(172)   Post Evacuate Collection Set: 1.0ms
[2023-06-08T21:29:31.369+0100][gc,phases     ] GC(172)   Other: 0.2ms
[2023-06-08T21:29:31.369+0100][gc,heap       ] GC(172) Eden regions: 11->0(14)
[2023-06-08T21:29:31.369+0100][gc,heap       ] GC(172) Survivor regions: 1->1(2)
[2023-06-08T21:29:31.369+0100][gc,heap       ] GC(172) Old regions: 16->16
[2023-06-08T21:29:31.369+0100][gc,heap       ] GC(172) Humongous regions: 129->129
[2023-06-08T21:29:31.369+0100][gc,metaspace  ] GC(172) Metaspace: 36701K(38272K)->36701K(38272K) NonClass: 32135K(33024K)->32135K(33024K) Class: 4565K(5248K)->4565K(5248K)
[2023-06-08T21:29:31.369+0100][gc            ] GC(172) Pause Young (Normal) (G1 Evacuation Pause) 154M->143M(256M) 3.023ms
[2023-06-08T21:29:31.369+0100][gc,cpu        ] GC(172) User=0.01s Sys=0.00s Real=0.01s
[2023-06-08T21:37:58.973+0100][gc,start      ] GC(173) Pause Young (Concurrent Start) (G1 Evacuation Pause)
[2023-06-08T21:37:59.089+0100][gc,task       ] GC(173) Using 4 workers of 4 for evacuation
[2023-06-08T21:37:59.214+0100][gc,mmu        ] GC(173) MMU target violated: 21.0ms (20.0ms/21.0ms)
[2023-06-08T21:37:59.214+0100][gc,phases     ] GC(173)   Pre Evacuate Collection Set: 0.4ms
[2023-06-08T21:37:59.214+0100][gc,phases     ] GC(173)   Evacuate Collection Set: 76.4ms
[2023-06-08T21:37:59.214+0100][gc,phases     ] GC(173)   Post Evacuate Collection Set: 1.5ms
[2023-06-08T21:37:59.214+0100][gc,phases     ] GC(173)   Other: 178.0ms
[2023-06-08T21:37:59.214+0100][gc,heap       ] GC(173) Eden regions: 14->0(11)
[2023-06-08T21:37:59.214+0100][gc,heap       ] GC(173) Survivor regions: 1->1(2)
[2023-06-08T21:37:59.214+0100][gc,heap       ] GC(173) Old regions: 16->16
[2023-06-08T21:37:59.214+0100][gc,heap       ] GC(173) Humongous regions: 129->129
[2023-06-08T21:37:59.214+0100][gc,metaspace  ] GC(173) Metaspace: 36703K(38272K)->36703K(38272K) NonClass: 32138K(33024K)->32138K(33024K) Class: 4565K(5248K)->4565K(5248K)
[2023-06-08T21:37:59.214+0100][gc            ] GC(173) Pause Young (Concurrent Start) (G1 Evacuation Pause) 157M->143M(256M) 248.194ms
[2023-06-08T21:37:59.214+0100][gc,cpu        ] GC(173) User=0.02s Sys=0.00s Real=0.25s
[2023-06-08T21:37:59.214+0100][gc            ] GC(174) Concurrent Cycle
[2023-06-08T21:37:59.214+0100][gc,marking    ] GC(174) Concurrent Clear Claimed Marks
[2023-06-08T21:37:59.226+0100][gc,marking    ] GC(174) Concurrent Clear Claimed Marks 0.187ms
[2023-06-08T21:37:59.226+0100][gc,marking    ] GC(174) Concurrent Scan Root Regions
[2023-06-08T21:37:59.231+0100][gc,marking    ] GC(174) Concurrent Scan Root Regions 4.832ms
[2023-06-08T21:37:59.231+0100][gc,marking    ] GC(174) Concurrent Mark (22317.541s)
[2023-06-08T21:37:59.231+0100][gc,marking    ] GC(174) Concurrent Mark From Roots
[2023-06-08T21:37:59.231+0100][gc,task       ] GC(174) Using 1 workers of 1 for marking
[2023-06-08T21:37:59.282+0100][gc,marking    ] GC(174) Concurrent Mark From Roots 50.634ms
[2023-06-08T21:37:59.282+0100][gc,marking    ] GC(174) Concurrent Preclean
[2023-06-08T21:37:59.282+0100][gc,marking    ] GC(174) Concurrent Preclean 0.230ms
[2023-06-08T21:37:59.282+0100][gc,marking    ] GC(174) Concurrent Mark (22317.541s, 22317.592s) 50.963ms
[2023-06-08T21:37:59.283+0100][gc,start      ] GC(174) Pause Remark
[2023-06-08T21:37:59.310+0100][gc,stringtable] GC(174) Cleaned string and symbol table, strings: 10739 processed, 0 removed, symbols: 85809 processed, 0 removed
[2023-06-08T21:37:59.312+0100][gc,mmu        ] GC(174) MMU target violated: 21.0ms (20.0ms/21.0ms)
[2023-06-08T21:37:59.312+0100][gc            ] GC(174) Pause Remark 143M->143M(256M) 29.236ms
[2023-06-08T21:37:59.312+0100][gc,cpu        ] GC(174) User=0.03s Sys=0.00s Real=0.03s
[2023-06-08T21:37:59.312+0100][gc,marking    ] GC(174) Concurrent Rebuild Remembered Sets
[2023-06-08T21:37:59.325+0100][gc,marking    ] GC(174) Concurrent Rebuild Remembered Sets 13.593ms
[2023-06-08T21:37:59.326+0100][gc,start      ] GC(174) Pause Cleanup
[2023-06-08T21:37:59.326+0100][gc            ] GC(174) Pause Cleanup 143M->143M(256M) 0.156ms
[2023-06-08T21:37:59.326+0100][gc,cpu        ] GC(174) User=0.00s Sys=0.00s Real=0.00s
[2023-06-08T21:37:59.326+0100][gc,marking    ] GC(174) Concurrent Cleanup for Next Mark
[2023-06-08T21:37:59.327+0100][gc,marking    ] GC(174) Concurrent Cleanup for Next Mark 0.884ms
[2023-06-08T21:37:59.327+0100][gc            ] GC(174) Concurrent Cycle 112.660ms
[2023-06-08T21:44:47.865+0100][gc,start      ] GC(175) Pause Young (Normal) (G1 Evacuation Pause)
[2023-06-08T21:44:47.975+0100][gc,task       ] GC(175) Using 4 workers of 4 for evacuation
[2023-06-08T21:44:48.003+0100][gc,mmu        ] GC(175) MMU target violated: 21.0ms (20.0ms/21.0ms)
[2023-06-08T21:44:48.003+0100][gc,phases     ] GC(175)   Pre Evacuate Collection Set: 0.0ms
[2023-06-08T21:44:48.003+0100][gc,phases     ] GC(175)   Evacuate Collection Set: 27.4ms
[2023-06-08T21:44:48.003+0100][gc,phases     ] GC(175)   Post Evacuate Collection Set: 0.7ms
[2023-06-08T21:44:48.003+0100][gc,phases     ] GC(175)   Other: 109.6ms
[2023-06-08T21:44:48.003+0100][gc,heap       ] GC(175) Eden regions: 11->0(11)
[2023-06-08T21:44:48.003+0100][gc,heap       ] GC(175) Survivor regions: 1->1(2)
[2023-06-08T21:44:48.003+0100][gc,heap       ] GC(175) Old regions: 16->16
[2023-06-08T21:44:48.003+0100][gc,heap       ] GC(175) Humongous regions: 129->129
[2023-06-08T21:44:48.003+0100][gc,metaspace  ] GC(175) Metaspace: 36703K(38272K)->36703K(38272K) NonClass: 32138K(33024K)->32138K(33024K) Class: 4565K(5248K)->4565K(5248K)
[2023-06-08T21:44:48.003+0100][gc            ] GC(175) Pause Young (Normal) (G1 Evacuation Pause) 154M->143M(256M) 137.751ms
[2023-06-08T21:44:48.003+0100][gc,cpu        ] GC(175) User=0.05s Sys=0.00s Real=0.14s
[2023-06-08T21:51:37.827+0100][gc,start      ] GC(176) Pause Young (Concurrent Start) (G1 Evacuation Pause)
[2023-06-08T21:51:37.927+0100][gc,task       ] GC(176) Using 4 workers of 4 for evacuation
[2023-06-08T21:51:37.985+0100][gc,mmu        ] GC(176) MMU target violated: 21.0ms (20.0ms/21.0ms)
[2023-06-08T21:51:37.985+0100][gc,phases     ] GC(176)   Pre Evacuate Collection Set: 0.2ms
[2023-06-08T21:51:37.985+0100][gc,phases     ] GC(176)   Evacuate Collection Set: 56.8ms
[2023-06-08T21:51:37.985+0100][gc,phases     ] GC(176)   Post Evacuate Collection Set: 0.7ms
[2023-06-08T21:51:37.985+0100][gc,phases     ] GC(176)   Other: 100.5ms
[2023-06-08T21:51:37.985+0100][gc,heap       ] GC(176) Eden regions: 11->0(16)
[2023-06-08T21:51:37.985+0100][gc,heap       ] GC(176) Survivor regions: 1->1(2)
[2023-06-08T21:51:37.985+0100][gc,heap       ] GC(176) Old regions: 16->16
[2023-06-08T21:51:37.985+0100][gc,heap       ] GC(176) Humongous regions: 129->129
[2023-06-08T21:51:37.985+0100][gc,metaspace  ] GC(176) Metaspace: 36706K(38272K)->36706K(38272K) NonClass: 32141K(33024K)->32141K(33024K) Class: 4565K(5248K)->4565K(5248K)
[2023-06-08T21:51:37.985+0100][gc            ] GC(176) Pause Young (Concurrent Start) (G1 Evacuation Pause) 154M->143M(256M) 158.187ms
[2023-06-08T21:51:37.985+0100][gc,cpu        ] GC(176) User=0.01s Sys=0.00s Real=0.15s
[2023-06-08T21:51:37.985+0100][gc            ] GC(177) Concurrent Cycle
[2023-06-08T21:51:37.985+0100][gc,marking    ] GC(177) Concurrent Clear Claimed Marks
[2023-06-08T21:51:37.986+0100][gc,marking    ] GC(177) Concurrent Clear Claimed Marks 0.030ms
[2023-06-08T21:51:37.986+0100][gc,marking    ] GC(177) Concurrent Scan Root Regions
[2023-06-08T21:51:38.009+0100][gc,marking    ] GC(177) Concurrent Scan Root Regions 23.529ms
[2023-06-08T21:51:38.009+0100][gc,marking    ] GC(177) Concurrent Mark (23136.318s)
[2023-06-08T21:51:38.009+0100][gc,marking    ] GC(177) Concurrent Mark From Roots
[2023-06-08T21:51:38.009+0100][gc,task       ] GC(177) Using 1 workers of 1 for marking
[2023-06-08T21:51:38.058+0100][gc,marking    ] GC(177) Concurrent Mark From Roots 48.803ms
[2023-06-08T21:51:38.058+0100][gc,marking    ] GC(177) Concurrent Preclean
[2023-06-08T21:51:38.058+0100][gc,marking    ] GC(177) Concurrent Preclean 0.167ms
[2023-06-08T21:51:38.058+0100][gc,marking    ] GC(177) Concurrent Mark (23136.318s, 23136.368s) 49.059ms
[2023-06-08T21:51:38.058+0100][gc,start      ] GC(177) Pause Remark
[2023-06-08T21:51:38.065+0100][gc,stringtable] GC(177) Cleaned string and symbol table, strings: 10739 processed, 0 removed, symbols: 85809 processed, 0 removed
[2023-06-08T21:51:38.101+0100][gc,mmu        ] GC(177) MMU target violated: 21.0ms (20.0ms/21.0ms)
[2023-06-08T21:51:38.101+0100][gc            ] GC(177) Pause Remark 143M->143M(256M) 42.191ms
[2023-06-08T21:51:38.101+0100][gc,cpu        ] GC(177) User=0.02s Sys=0.00s Real=0.05s
[2023-06-08T21:51:38.101+0100][gc,marking    ] GC(177) Concurrent Rebuild Remembered Sets
[2023-06-08T21:51:38.114+0100][gc,marking    ] GC(177) Concurrent Rebuild Remembered Sets 13.454ms
[2023-06-08T21:51:38.114+0100][gc,start      ] GC(177) Pause Cleanup
[2023-06-08T21:51:38.115+0100][gc            ] GC(177) Pause Cleanup 143M->143M(256M) 0.130ms
[2023-06-08T21:51:38.115+0100][gc,cpu        ] GC(177) User=0.01s Sys=0.00s Real=0.00s
[2023-06-08T21:51:38.115+0100][gc,marking    ] GC(177) Concurrent Cleanup for Next Mark
[2023-06-08T21:51:38.115+0100][gc,marking    ] GC(177) Concurrent Cleanup for Next Mark 0.681ms
[2023-06-08T21:51:38.115+0100][gc            ] GC(177) Concurrent Cycle 129.887ms
[2023-06-08T21:58:32.904+0100][gc,start      ] GC(178) Pause Young (Normal) (G1 Evacuation Pause)
[2023-06-08T21:58:32.904+0100][gc,task       ] GC(178) Using 4 workers of 4 for evacuation
[2023-06-08T21:58:32.908+0100][gc,phases     ] GC(178)   Pre Evacuate Collection Set: 0.0ms
[2023-06-08T21:58:32.908+0100][gc,phases     ] GC(178)   Evacuate Collection Set: 2.6ms
[2023-06-08T21:58:32.908+0100][gc,phases     ] GC(178)   Post Evacuate Collection Set: 1.2ms
[2023-06-08T21:58:32.908+0100][gc,phases     ] GC(178)   Other: 0.3ms
[2023-06-08T21:58:32.908+0100][gc,heap       ] GC(178) Eden regions: 11->0(20)
[2023-06-08T21:58:32.908+0100][gc,heap       ] GC(178) Survivor regions: 1->1(2)
[2023-06-08T21:58:32.908+0100][gc,heap       ] GC(178) Old regions: 16->16
[2023-06-08T21:58:32.908+0100][gc,heap       ] GC(178) Humongous regions: 129->129
[2023-06-08T21:58:32.908+0100][gc,metaspace  ] GC(178) Metaspace: 36706K(38272K)->36706K(38272K) NonClass: 32141K(33024K)->32141K(33024K) Class: 4565K(5248K)->4565K(5248K)
[2023-06-08T21:58:32.908+0100][gc            ] GC(178) Pause Young (Normal) (G1 Evacuation Pause) 154M->143M(256M) 4.278ms
[2023-06-08T21:58:32.908+0100][gc,cpu        ] GC(178) User=0.01s Sys=0.00s Real=0.01s
[2023-06-08T22:11:14.258+0100][gc,start      ] GC(179) Pause Young (Concurrent Start) (G1 Evacuation Pause)
[2023-06-08T22:11:14.332+0100][gc,task       ] GC(179) Using 4 workers of 4 for evacuation
[2023-06-08T22:11:14.547+0100][gc,mmu        ] GC(179) MMU target violated: 21.0ms (20.0ms/21.0ms)
[2023-06-08T22:11:14.547+0100][gc,phases     ] GC(179)   Pre Evacuate Collection Set: 0.2ms
[2023-06-08T22:11:14.547+0100][gc,phases     ] GC(179)   Evacuate Collection Set: 153.5ms
[2023-06-08T22:11:14.547+0100][gc,phases     ] GC(179)   Post Evacuate Collection Set: 53.6ms
[2023-06-08T22:11:14.547+0100][gc,phases     ] GC(179)   Other: 90.6ms
[2023-06-08T22:11:14.547+0100][gc,heap       ] GC(179) Eden regions: 20->0(11)
[2023-06-08T22:11:14.547+0100][gc,heap       ] GC(179) Survivor regions: 1->1(3)
[2023-06-08T22:11:14.547+0100][gc,heap       ] GC(179) Old regions: 16->16
[2023-06-08T22:11:14.547+0100][gc,heap       ] GC(179) Humongous regions: 129->129
[2023-06-08T22:11:14.547+0100][gc,metaspace  ] GC(179) Metaspace: 36706K(38272K)->36706K(38272K) NonClass: 32141K(33024K)->32141K(33024K) Class: 4565K(5248K)->4565K(5248K)
[2023-06-08T22:11:14.553+0100][gc            ] GC(179) Pause Young (Concurrent Start) (G1 Evacuation Pause) 163M->143M(256M) 295.163ms
[2023-06-08T22:11:14.554+0100][gc,cpu        ] GC(179) User=0.03s Sys=0.01s Real=0.30s
[2023-06-08T22:11:14.554+0100][gc            ] GC(180) Concurrent Cycle
[2023-06-08T22:11:14.554+0100][gc,marking    ] GC(180) Concurrent Clear Claimed Marks
[2023-06-08T22:11:14.554+0100][gc,marking    ] GC(180) Concurrent Clear Claimed Marks 0.268ms
[2023-06-08T22:11:14.554+0100][gc,marking    ] GC(180) Concurrent Scan Root Regions
[2023-06-08T22:11:14.556+0100][gc,marking    ] GC(180) Concurrent Scan Root Regions 1.851ms
[2023-06-08T22:11:14.556+0100][gc,marking    ] GC(180) Concurrent Mark (24312.865s)
[2023-06-08T22:11:14.556+0100][gc,marking    ] GC(180) Concurrent Mark From Roots
[2023-06-08T22:11:14.556+0100][gc,task       ] GC(180) Using 1 workers of 1 for marking
[2023-06-08T22:11:14.793+0100][gc,marking    ] GC(180) Concurrent Mark From Roots 236.567ms
[2023-06-08T22:11:14.793+0100][gc,marking    ] GC(180) Concurrent Preclean
[2023-06-08T22:11:14.793+0100][gc,marking    ] GC(180) Concurrent Preclean 0.183ms
[2023-06-08T22:11:14.793+0100][gc,marking    ] GC(180) Concurrent Mark (24312.865s, 24313.102s) 236.844ms
[2023-06-08T22:11:14.793+0100][gc,start      ] GC(180) Pause Remark
[2023-06-08T22:11:15.125+0100][gc,stringtable] GC(180) Cleaned string and symbol table, strings: 10739 processed, 4 removed, symbols: 85809 processed, 0 removed
[2023-06-08T22:11:15.125+0100][gc,mmu        ] GC(180) MMU target violated: 21.0ms (20.0ms/21.0ms)
[2023-06-08T22:11:15.125+0100][gc            ] GC(180) Pause Remark 143M->143M(256M) 332.415ms
[2023-06-08T22:11:15.125+0100][gc,cpu        ] GC(180) User=0.04s Sys=0.00s Real=0.33s
[2023-06-08T22:11:15.126+0100][gc,marking    ] GC(180) Concurrent Rebuild Remembered Sets
[2023-06-08T22:11:15.139+0100][gc,marking    ] GC(180) Concurrent Rebuild Remembered Sets 13.208ms
[2023-06-08T22:11:15.139+0100][gc,start      ] GC(180) Pause Cleanup
[2023-06-08T22:11:15.139+0100][gc            ] GC(180) Pause Cleanup 143M->143M(256M) 0.121ms
[2023-06-08T22:11:15.139+0100][gc,cpu        ] GC(180) User=0.00s Sys=0.00s Real=0.00s
[2023-06-08T22:11:15.139+0100][gc,marking    ] GC(180) Concurrent Cleanup for Next Mark
[2023-06-08T22:11:15.154+0100][gc,marking    ] GC(180) Concurrent Cleanup for Next Mark 14.546ms
[2023-06-08T22:11:15.154+0100][gc            ] GC(180) Concurrent Cycle 600.198ms
[2023-06-08T22:18:03.876+0100][gc,start      ] GC(181) Pause Young (Normal) (G1 Evacuation Pause)
[2023-06-08T22:18:04.182+0100][gc,task       ] GC(181) Using 4 workers of 4 for evacuation
[2023-06-08T22:18:04.750+0100][gc,mmu        ] GC(181) MMU target violated: 21.0ms (20.0ms/21.0ms)
[2023-06-08T22:18:04.811+0100][gc,phases     ] GC(181)   Pre Evacuate Collection Set: 27.3ms
[2023-06-08T22:18:04.812+0100][gc,phases     ] GC(181)   Evacuate Collection Set: 261.6ms
[2023-06-08T22:18:04.812+0100][gc,phases     ] GC(181)   Post Evacuate Collection Set: 67.4ms
[2023-06-08T22:18:04.846+0100][gc,phases     ] GC(181)   Other: 695.7ms
[2023-06-08T22:18:04.916+0100][gc,heap       ] GC(181) Eden regions: 11->0(11)
[2023-06-08T22:18:04.916+0100][gc,heap       ] GC(181) Survivor regions: 1->1(2)
[2023-06-08T22:18:04.916+0100][gc,heap       ] GC(181) Old regions: 16->16
[2023-06-08T22:18:04.916+0100][gc,heap       ] GC(181) Humongous regions: 129->129
[2023-06-08T22:18:04.934+0100][gc,metaspace  ] GC(181) Metaspace: 36706K(38272K)->36706K(38272K) NonClass: 32141K(33024K)->32141K(33024K) Class: 4565K(5248K)->4565K(5248K)
[2023-06-08T22:18:04.992+0100][gc            ] GC(181) Pause Young (Normal) (G1 Evacuation Pause) 154M->143M(256M) 1105.358ms
[2023-06-08T22:18:04.993+0100][gc,cpu        ] GC(181) User=0.14s Sys=0.00s Real=1.16s
[2023-06-08T22:23:03.838+0100][gc,start      ] GC(182) Pause Young (Concurrent Start) (G1 Evacuation Pause)
[2023-06-08T22:23:04.234+0100][gc,task       ] GC(182) Using 4 workers of 4 for evacuation
[2023-06-08T22:23:05.546+0100][gc,mmu        ] GC(182) MMU target violated: 21.0ms (20.0ms/21.0ms)
[2023-06-08T22:23:05.558+0100][gc,phases     ] GC(182)   Pre Evacuate Collection Set: 0.2ms
[2023-06-08T22:23:05.558+0100][gc,phases     ] GC(182)   Evacuate Collection Set: 557.1ms
[2023-06-08T22:23:05.558+0100][gc,phases     ] GC(182)   Post Evacuate Collection Set: 27.6ms
[2023-06-08T22:23:05.558+0100][gc,phases     ] GC(182)   Other: 1658.2ms
[2023-06-08T22:23:05.558+0100][gc,heap       ] GC(182) Eden regions: 11->0(11)
[2023-06-08T22:23:05.558+0100][gc,heap       ] GC(182) Survivor regions: 1->1(2)
[2023-06-08T22:23:05.558+0100][gc,heap       ] GC(182) Old regions: 16->16
[2023-06-08T22:23:05.558+0100][gc,heap       ] GC(182) Humongous regions: 129->129
[2023-06-08T22:23:05.651+0100][gc,metaspace  ] GC(182) Metaspace: 36711K(38272K)->36711K(38272K) NonClass: 32146K(33024K)->32146K(33024K) Class: 4565K(5248K)->4565K(5248K)
[2023-06-08T22:23:05.856+0100][gc            ] GC(182) Pause Young (Concurrent Start) (G1 Evacuation Pause) 154M->143M(256M) 1841.669ms
[2023-06-08T22:23:05.856+0100][gc,cpu        ] GC(182) User=0.91s Sys=0.00s Real=2.04s
[2023-06-08T22:23:05.856+0100][gc            ] GC(183) Concurrent Cycle
[2023-06-08T22:23:05.856+0100][gc,marking    ] GC(183) Concurrent Clear Claimed Marks
[2023-06-08T22:23:05.856+0100][gc,marking    ] GC(183) Concurrent Clear Claimed Marks 0.209ms
[2023-06-08T22:23:05.856+0100][gc,marking    ] GC(183) Concurrent Scan Root Regions
[2023-06-08T22:23:05.909+0100][gc,marking    ] GC(183) Concurrent Scan Root Regions 52.528ms
[2023-06-08T22:23:05.909+0100][gc,marking    ] GC(183) Concurrent Mark (25024.218s)
[2023-06-08T22:23:05.909+0100][gc,marking    ] GC(183) Concurrent Mark From Roots
[2023-06-08T22:23:05.909+0100][gc,task       ] GC(183) Using 1 workers of 1 for marking
[2023-06-08T22:23:05.944+0100][gc,marking    ] GC(183) Concurrent Mark From Roots 35.459ms
[2023-06-08T22:23:05.944+0100][gc,marking    ] GC(183) Concurrent Preclean
[2023-06-08T22:23:05.944+0100][gc,marking    ] GC(183) Concurrent Preclean 0.212ms
[2023-06-08T22:23:05.944+0100][gc,marking    ] GC(183) Concurrent Mark (25024.218s, 25024.254s) 35.788ms
[2023-06-08T22:23:05.945+0100][gc,start      ] GC(183) Pause Remark
[2023-06-08T22:23:06.110+0100][gc,stringtable] GC(183) Cleaned string and symbol table, strings: 10739 processed, 0 removed, symbols: 85809 processed, 0 removed
[2023-06-08T22:23:06.111+0100][gc,mmu        ] GC(183) MMU target violated: 21.0ms (20.0ms/21.0ms)
[2023-06-08T22:23:06.111+0100][gc            ] GC(183) Pause Remark 143M->143M(256M) 166.105ms
[2023-06-08T22:23:06.111+0100][gc,cpu        ] GC(183) User=0.03s Sys=0.00s Real=0.17s
[2023-06-08T22:23:06.111+0100][gc,marking    ] GC(183) Concurrent Rebuild Remembered Sets
[2023-06-08T22:23:06.124+0100][gc,marking    ] GC(183) Concurrent Rebuild Remembered Sets 12.985ms
[2023-06-08T22:23:06.124+0100][gc,start      ] GC(183) Pause Cleanup
[2023-06-08T22:23:06.124+0100][gc            ] GC(183) Pause Cleanup 143M->143M(256M) 0.142ms
[2023-06-08T22:23:06.124+0100][gc,cpu        ] GC(183) User=0.00s Sys=0.00s Real=0.00s
[2023-06-08T22:23:06.124+0100][gc,marking    ] GC(183) Concurrent Cleanup for Next Mark
[2023-06-08T22:23:25.491+0100][gc,marking    ] GC(183) Concurrent Cleanup for Next Mark 19366.330ms
[2023-06-08T22:23:25.491+0100][gc            ] GC(183) Concurrent Cycle 19635.038ms
[2023-06-08T22:29:55.289+0100][gc,start      ] GC(184) Pause Young (Normal) (G1 Evacuation Pause)
[2023-06-08T22:29:55.381+0100][gc,task       ] GC(184) Using 4 workers of 4 for evacuation
[2023-06-08T22:29:55.545+0100][gc,mmu        ] GC(184) MMU target violated: 21.0ms (20.0ms/21.0ms)
[2023-06-08T22:29:55.545+0100][gc,phases     ] GC(184)   Pre Evacuate Collection Set: 12.2ms
[2023-06-08T22:29:55.545+0100][gc,phases     ] GC(184)   Evacuate Collection Set: 118.1ms
[2023-06-08T22:29:55.545+0100][gc,phases     ] GC(184)   Post Evacuate Collection Set: 4.1ms
[2023-06-08T22:29:55.545+0100][gc,phases     ] GC(184)   Other: 121.7ms
[2023-06-08T22:29:55.566+0100][gc,heap       ] GC(184) Eden regions: 11->0(11)
[2023-06-08T22:29:55.566+0100][gc,heap       ] GC(184) Survivor regions: 1->1(2)
[2023-06-08T22:29:55.566+0100][gc,heap       ] GC(184) Old regions: 16->16
[2023-06-08T22:29:55.566+0100][gc,heap       ] GC(184) Humongous regions: 129->129
[2023-06-08T22:29:55.566+0100][gc,metaspace  ] GC(184) Metaspace: 36712K(38272K)->36712K(38272K) NonClass: 32146K(33024K)->32146K(33024K) Class: 4565K(5248K)->4565K(5248K)
[2023-06-08T22:29:55.566+0100][gc            ] GC(184) Pause Young (Normal) (G1 Evacuation Pause) 154M->143M(256M) 276.933ms
[2023-06-08T22:29:55.566+0100][gc,cpu        ] GC(184) User=0.05s Sys=0.00s Real=0.27s
[2023-06-08T22:36:43.670+0100][gc,start      ] GC(185) Pause Young (Concurrent Start) (G1 Evacuation Pause)
[2023-06-08T22:36:43.751+0100][gc,task       ] GC(185) Using 4 workers of 4 for evacuation
[2023-06-08T22:36:43.906+0100][gc,mmu        ] GC(185) MMU target violated: 21.0ms (20.0ms/21.0ms)
[2023-06-08T22:36:43.907+0100][gc,phases     ] GC(185)   Pre Evacuate Collection Set: 9.4ms
[2023-06-08T22:36:43.907+0100][gc,phases     ] GC(185)   Evacuate Collection Set: 115.5ms
[2023-06-08T22:36:43.907+0100][gc,phases     ] GC(185)   Post Evacuate Collection Set: 13.4ms
[2023-06-08T22:36:43.907+0100][gc,phases     ] GC(185)   Other: 148.0ms
[2023-06-08T22:36:43.907+0100][gc,heap       ] GC(185) Eden regions: 11->0(11)
[2023-06-08T22:36:43.907+0100][gc,heap       ] GC(185) Survivor regions: 1->1(2)
[2023-06-08T22:36:43.907+0100][gc,heap       ] GC(185) Old regions: 16->16
[2023-06-08T22:36:43.907+0100][gc,heap       ] GC(185) Humongous regions: 129->129
[2023-06-08T22:36:43.907+0100][gc,metaspace  ] GC(185) Metaspace: 36712K(38272K)->36712K(38272K) NonClass: 32146K(33024K)->32146K(33024K) Class: 4565K(5248K)->4565K(5248K)
[2023-06-08T22:36:43.908+0100][gc            ] GC(185) Pause Young (Concurrent Start) (G1 Evacuation Pause) 154M->143M(256M) 251.619ms
[2023-06-08T22:36:43.908+0100][gc,cpu        ] GC(185) User=0.01s Sys=0.00s Real=0.26s
[2023-06-08T22:36:43.908+0100][gc            ] GC(186) Concurrent Cycle
[2023-06-08T22:36:43.908+0100][gc,marking    ] GC(186) Concurrent Clear Claimed Marks
[2023-06-08T22:36:43.908+0100][gc,marking    ] GC(186) Concurrent Clear Claimed Marks 0.396ms
[2023-06-08T22:36:43.908+0100][gc,marking    ] GC(186) Concurrent Scan Root Regions
[2023-06-08T22:36:43.909+0100][gc,marking    ] GC(186) Concurrent Scan Root Regions 1.032ms
[2023-06-08T22:36:43.910+0100][gc,marking    ] GC(186) Concurrent Mark (25842.219s)
[2023-06-08T22:36:43.910+0100][gc,marking    ] GC(186) Concurrent Mark From Roots
[2023-06-08T22:36:43.910+0100][gc,task       ] GC(186) Using 1 workers of 1 for marking
[2023-06-08T22:36:43.952+0100][gc,marking    ] GC(186) Concurrent Mark From Roots 42.438ms
[2023-06-08T22:36:43.952+0100][gc,marking    ] GC(186) Concurrent Preclean
[2023-06-08T22:36:43.952+0100][gc,marking    ] GC(186) Concurrent Preclean 0.260ms
[2023-06-08T22:36:43.952+0100][gc,marking    ] GC(186) Concurrent Mark (25842.219s, 25842.262s) 42.792ms
[2023-06-08T22:36:43.953+0100][gc,start      ] GC(186) Pause Remark
[2023-06-08T22:36:43.961+0100][gc,stringtable] GC(186) Cleaned string and symbol table, strings: 10739 processed, 0 removed, symbols: 85809 processed, 0 removed
[2023-06-08T22:36:43.961+0100][gc            ] GC(186) Pause Remark 143M->143M(256M) 8.776ms
[2023-06-08T22:36:43.961+0100][gc,cpu        ] GC(186) User=0.02s Sys=0.00s Real=0.01s
[2023-06-08T22:36:43.961+0100][gc,marking    ] GC(186) Concurrent Rebuild Remembered Sets
[2023-06-08T22:36:43.978+0100][gc,marking    ] GC(186) Concurrent Rebuild Remembered Sets 16.521ms
[2023-06-08T22:36:43.978+0100][gc,start      ] GC(186) Pause Cleanup
[2023-06-08T22:36:43.979+0100][gc            ] GC(186) Pause Cleanup 143M->143M(256M) 0.276ms
[2023-06-08T22:36:43.979+0100][gc,cpu        ] GC(186) User=0.00s Sys=0.00s Real=0.01s
[2023-06-08T22:36:43.979+0100][gc,marking    ] GC(186) Concurrent Cleanup for Next Mark
[2023-06-08T22:36:43.981+0100][gc,marking    ] GC(186) Concurrent Cleanup for Next Mark 2.458ms
[2023-06-08T22:36:43.982+0100][gc            ] GC(186) Concurrent Cycle 73.595ms
[2023-06-08T22:43:33.882+0100][gc,start      ] GC(187) Pause Young (Normal) (G1 Evacuation Pause)
[2023-06-08T22:43:34.119+0100][gc,task       ] GC(187) Using 4 workers of 4 for evacuation
[2023-06-08T22:43:34.434+0100][gc,mmu        ] GC(187) MMU target violated: 21.0ms (20.0ms/21.0ms)
[2023-06-08T22:43:34.446+0100][gc,phases     ] GC(187)   Pre Evacuate Collection Set: 0.6ms
[2023-06-08T22:43:34.446+0100][gc,phases     ] GC(187)   Evacuate Collection Set: 191.2ms
[2023-06-08T22:43:34.446+0100][gc,phases     ] GC(187)   Post Evacuate Collection Set: 15.7ms
[2023-06-08T22:43:34.446+0100][gc,phases     ] GC(187)   Other: 482.9ms
[2023-06-08T22:43:34.446+0100][gc,heap       ] GC(187) Eden regions: 11->0(11)
[2023-06-08T22:43:34.446+0100][gc,heap       ] GC(187) Survivor regions: 1->1(2)
[2023-06-08T22:43:34.446+0100][gc,heap       ] GC(187) Old regions: 16->16
[2023-06-08T22:43:34.446+0100][gc,heap       ] GC(187) Humongous regions: 129->129
[2023-06-08T22:43:34.460+0100][gc,metaspace  ] GC(187) Metaspace: 36712K(38272K)->36712K(38272K) NonClass: 32146K(33024K)->32146K(33024K) Class: 4565K(5248K)->4565K(5248K)
[2023-06-08T22:43:34.461+0100][gc            ] GC(187) Pause Young (Normal) (G1 Evacuation Pause) 154M->143M(256M) 615.214ms
[2023-06-08T22:43:34.461+0100][gc,cpu        ] GC(187) User=0.06s Sys=0.00s Real=0.62s
[2023-06-08T22:50:25.510+0100][gc,start      ] GC(188) Pause Young (Concurrent Start) (G1 Evacuation Pause)
[2023-06-08T22:50:26.350+0100][gc,task       ] GC(188) Using 4 workers of 4 for evacuation
[2023-06-08T22:50:27.806+0100][gc,mmu        ] GC(188) MMU target violated: 21.0ms (20.0ms/21.0ms)
[2023-06-08T22:50:27.818+0100][gc,phases     ] GC(188)   Pre Evacuate Collection Set: 110.9ms
[2023-06-08T22:50:27.818+0100][gc,phases     ] GC(188)   Evacuate Collection Set: 742.5ms
[2023-06-08T22:50:27.818+0100][gc,phases     ] GC(188)   Post Evacuate Collection Set: 153.9ms
[2023-06-08T22:50:27.818+0100][gc,phases     ] GC(188)   Other: 1416.2ms
[2023-06-08T22:50:27.883+0100][gc,heap       ] GC(188) Eden regions: 11->0(11)
[2023-06-08T22:50:27.883+0100][gc,heap       ] GC(188) Survivor regions: 1->1(2)
[2023-06-08T22:50:27.883+0100][gc,heap       ] GC(188) Old regions: 16->16
[2023-06-08T22:50:27.883+0100][gc,heap       ] GC(188) Humongous regions: 129->129
[2023-06-08T22:50:27.883+0100][gc,metaspace  ] GC(188) Metaspace: 36713K(38272K)->36713K(38272K) NonClass: 32147K(33024K)->32147K(33024K) Class: 4565K(5248K)->4565K(5248K)
[2023-06-08T22:50:27.902+0100][gc            ] GC(188) Pause Young (Concurrent Start) (G1 Evacuation Pause) 154M->143M(256M) 2485.818ms
[2023-06-08T22:50:27.902+0100][gc,cpu        ] GC(188) User=0.26s Sys=0.00s Real=2.49s
[2023-06-08T22:50:27.903+0100][gc            ] GC(189) Concurrent Cycle
[2023-06-08T22:50:27.903+0100][gc,marking    ] GC(189) Concurrent Clear Claimed Marks
[2023-06-08T22:50:27.926+0100][gc,marking    ] GC(189) Concurrent Clear Claimed Marks 23.009ms
[2023-06-08T22:50:27.926+0100][gc,marking    ] GC(189) Concurrent Scan Root Regions
[2023-06-08T22:50:27.927+0100][gc,marking    ] GC(189) Concurrent Scan Root Regions 1.016ms
[2023-06-08T22:50:27.927+0100][gc,marking    ] GC(189) Concurrent Mark (26666.236s)
[2023-06-08T22:50:27.927+0100][gc,marking    ] GC(189) Concurrent Mark From Roots
[2023-06-08T22:50:27.927+0100][gc,task       ] GC(189) Using 1 workers of 1 for marking
[2023-06-08T22:50:28.051+0100][gc,marking    ] GC(189) Concurrent Mark From Roots 123.975ms
[2023-06-08T22:50:28.051+0100][gc,marking    ] GC(189) Concurrent Preclean
[2023-06-08T22:50:28.051+0100][gc,marking    ] GC(189) Concurrent Preclean 0.155ms
[2023-06-08T22:50:28.051+0100][gc,marking    ] GC(189) Concurrent Mark (26666.236s, 26666.360s) 124.236ms
[2023-06-08T22:50:28.051+0100][gc,start      ] GC(189) Pause Remark
[2023-06-08T22:50:28.059+0100][gc,stringtable] GC(189) Cleaned string and symbol table, strings: 10740 processed, 3 removed, symbols: 85809 processed, 0 removed
[2023-06-08T22:50:28.062+0100][gc            ] GC(189) Pause Remark 143M->143M(256M) 11.154ms
[2023-06-08T22:50:28.062+0100][gc,cpu        ] GC(189) User=0.03s Sys=0.00s Real=0.01s
[2023-06-08T22:50:28.062+0100][gc,marking    ] GC(189) Concurrent Rebuild Remembered Sets
[2023-06-08T22:50:28.085+0100][gc,marking    ] GC(189) Concurrent Rebuild Remembered Sets 22.063ms
[2023-06-08T22:50:28.085+0100][gc,start      ] GC(189) Pause Cleanup
[2023-06-08T22:50:28.085+0100][gc            ] GC(189) Pause Cleanup 143M->143M(256M) 0.119ms
[2023-06-08T22:50:28.085+0100][gc,cpu        ] GC(189) User=0.00s Sys=0.00s Real=0.00s
[2023-06-08T22:50:28.085+0100][gc,marking    ] GC(189) Concurrent Cleanup for Next Mark
[2023-06-08T22:50:28.320+0100][gc,marking    ] GC(189) Concurrent Cleanup for Next Mark 234.678ms
[2023-06-08T22:50:28.320+0100][gc            ] GC(189) Concurrent Cycle 417.150ms
[2023-06-08T22:58:55.338+0100][gc,start      ] GC(190) Pause Young (Normal) (G1 Evacuation Pause)
[2023-06-08T22:58:55.627+0100][gc,task       ] GC(190) Using 4 workers of 4 for evacuation
[2023-06-08T22:59:12.119+0100][gc,mmu        ] GC(190) MMU target violated: 21.0ms (20.0ms/21.0ms)
[2023-06-08T22:59:12.489+0100][gc,phases     ] GC(190)   Pre Evacuate Collection Set: 1092.4ms
[2023-06-08T22:59:12.489+0100][gc,phases     ] GC(190)   Evacuate Collection Set: 6888.6ms
[2023-06-08T22:59:12.489+0100][gc,phases     ] GC(190)   Post Evacuate Collection Set: 6022.8ms
[2023-06-08T22:59:12.810+0100][gc,phases     ] GC(190)   Other: 3521.2ms
[2023-06-08T22:59:12.857+0100][gc,heap       ] GC(190) Eden regions: 11->0(11)
[2023-06-08T22:59:12.857+0100][gc,heap       ] GC(190) Survivor regions: 1->1(2)
[2023-06-08T22:59:12.857+0100][gc,heap       ] GC(190) Old regions: 16->16
[2023-06-08T22:59:12.857+0100][gc,heap       ] GC(190) Humongous regions: 129->129
[2023-06-08T22:59:12.869+0100][gc,metaspace  ] GC(190) Metaspace: 36767K(38656K)->36767K(38656K) NonClass: 32181K(33280K)->32181K(33280K) Class: 4585K(5376K)->4585K(5376K)
[2023-06-08T22:59:13.200+0100][gc            ] GC(190) Pause Young (Normal) (G1 Evacuation Pause) 154M->143M(256M) 17773.662ms
[2023-06-08T22:59:13.200+0100][gc,cpu        ] GC(190) User=0.01s Sys=0.04s Real=17.88s
