[2023-06-09T00:06:08.912+0100][gc,heap] Heap region size: 1M
[2023-06-09T00:06:08.928+0100][gc     ] Using G1
[2023-06-09T00:06:08.928+0100][gc,heap,coops] Heap address: 0x00000000c0000000, size: 1024 MB, Compressed Oops mode: 32-bit
[2023-06-09T00:06:08.928+0100][gc,cds       ] Mark closed archive regions in map: [0x00000000fff00000, 0x00000000fff6aff8]
[2023-06-09T00:06:08.928+0100][gc,cds       ] Mark open archive regions in map: [0x00000000ffe00000, 0x00000000ffe46ff8]
[2023-06-09T00:06:10.984+0100][gc,start     ] GC(0) Pause Young (Normal) (G1 Evacuation Pause)
[2023-06-09T00:06:10.985+0100][gc,task      ] GC(0) Using 4 workers of 4 for evacuation
[2023-06-09T00:06:10.999+0100][gc,phases    ] GC(0)   Pre Evacuate Collection Set: 0.1ms
[2023-06-09T00:06:10.999+0100][gc,phases    ] GC(0)   Evacuate Collection Set: 13.4ms
[2023-06-09T00:06:10.999+0100][gc,phases    ] GC(0)   Post Evacuate Collection Set: 0.8ms
[2023-06-09T00:06:10.999+0100][gc,phases    ] GC(0)   Other: 0.9ms
[2023-06-09T00:06:10.999+0100][gc,heap      ] GC(0) Eden regions: 51->0(44)
[2023-06-09T00:06:10.999+0100][gc,heap      ] GC(0) Survivor regions: 0->7(7)
[2023-06-09T00:06:10.999+0100][gc,heap      ] GC(0) Old regions: 2->2
[2023-06-09T00:06:10.999+0100][gc,heap      ] GC(0) Humongous regions: 0->0
[2023-06-09T00:06:10.999+0100][gc,metaspace ] GC(0) Metaspace: 14427K(15104K)->14427K(15104K) NonClass: 12421K(12800K)->12421K(12800K) Class: 2006K(2304K)->2006K(2304K)
[2023-06-09T00:06:10.999+0100][gc           ] GC(0) Pause Young (Normal) (G1 Evacuation Pause) 51M->7M(1024M) 15.292ms
[2023-06-09T00:06:10.999+0100][gc,cpu       ] GC(0) User=0.03s Sys=0.00s Real=0.01s
[2023-06-09T00:06:12.465+0100][gc,start     ] GC(1) Pause Young (Concurrent Start) (Metadata GC Threshold)
[2023-06-09T00:06:12.465+0100][gc,task      ] GC(1) Using 4 workers of 4 for evacuation
[2023-06-09T00:06:12.481+0100][gc,phases    ] GC(1)   Pre Evacuate Collection Set: 0.1ms
[2023-06-09T00:06:12.481+0100][gc,phases    ] GC(1)   Evacuate Collection Set: 14.4ms
[2023-06-09T00:06:12.481+0100][gc,phases    ] GC(1)   Post Evacuate Collection Set: 0.7ms
[2023-06-09T00:06:12.481+0100][gc,phases    ] GC(1)   Other: 0.4ms
[2023-06-09T00:06:12.481+0100][gc,heap      ] GC(1) Eden regions: 27->0(49)
[2023-06-09T00:06:12.481+0100][gc,heap      ] GC(1) Survivor regions: 7->2(7)
[2023-06-09T00:06:12.481+0100][gc,heap      ] GC(1) Old regions: 2->9
[2023-06-09T00:06:12.481+0100][gc,heap      ] GC(1) Humongous regions: 0->0
[2023-06-09T00:06:12.481+0100][gc,metaspace ] GC(1) Metaspace: 20580K(21248K)->20580K(21248K) NonClass: 17823K(18176K)->17823K(18176K) Class: 2757K(3072K)->2757K(3072K)
[2023-06-09T00:06:12.481+0100][gc           ] GC(1) Pause Young (Concurrent Start) (Metadata GC Threshold) 33M->8M(1024M) 15.837ms
[2023-06-09T00:06:12.481+0100][gc,cpu       ] GC(1) User=0.04s Sys=0.01s Real=0.01s
[2023-06-09T00:06:12.481+0100][gc           ] GC(2) Concurrent Cycle
[2023-06-09T00:06:12.481+0100][gc,marking   ] GC(2) Concurrent Clear Claimed Marks
[2023-06-09T00:06:12.481+0100][gc,marking   ] GC(2) Concurrent Clear Claimed Marks 0.074ms
[2023-06-09T00:06:12.481+0100][gc,marking   ] GC(2) Concurrent Scan Root Regions
[2023-06-09T00:06:12.500+0100][gc,marking   ] GC(2) Concurrent Scan Root Regions 18.556ms
[2023-06-09T00:06:12.500+0100][gc,marking   ] GC(2) Concurrent Mark (3.592s)
[2023-06-09T00:06:12.500+0100][gc,marking   ] GC(2) Concurrent Mark From Roots
[2023-06-09T00:06:12.500+0100][gc,task      ] GC(2) Using 1 workers of 1 for marking
[2023-06-09T00:06:12.514+0100][gc,marking   ] GC(2) Concurrent Mark From Roots 14.208ms
[2023-06-09T00:06:12.514+0100][gc,marking   ] GC(2) Concurrent Preclean
[2023-06-09T00:06:12.514+0100][gc,marking   ] GC(2) Concurrent Preclean 0.122ms
[2023-06-09T00:06:12.514+0100][gc,marking   ] GC(2) Concurrent Mark (3.592s, 3.607s) 14.411ms
[2023-06-09T00:06:12.514+0100][gc,start     ] GC(2) Pause Remark
[2023-06-09T00:06:12.518+0100][gc,stringtable] GC(2) Cleaned string and symbol table, strings: 5094 processed, 0 removed, symbols: 52405 processed, 59 removed
[2023-06-09T00:06:12.529+0100][gc            ] GC(2) Pause Remark 10M->10M(1024M) 15.126ms
[2023-06-09T00:06:12.530+0100][gc,cpu        ] GC(2) User=0.01s Sys=0.00s Real=0.01s
[2023-06-09T00:06:12.530+0100][gc,marking    ] GC(2) Concurrent Rebuild Remembered Sets
[2023-06-09T00:06:12.536+0100][gc,marking    ] GC(2) Concurrent Rebuild Remembered Sets 6.820ms
[2023-06-09T00:06:12.537+0100][gc,start      ] GC(2) Pause Cleanup
[2023-06-09T00:06:12.537+0100][gc            ] GC(2) Pause Cleanup 10M->10M(1024M) 0.500ms
[2023-06-09T00:06:12.537+0100][gc,cpu        ] GC(2) User=0.00s Sys=0.00s Real=0.00s
[2023-06-09T00:06:12.537+0100][gc,marking    ] GC(2) Concurrent Cleanup for Next Mark
[2023-06-09T00:06:12.552+0100][gc,marking    ] GC(2) Concurrent Cleanup for Next Mark 14.378ms
[2023-06-09T00:06:12.552+0100][gc            ] GC(2) Concurrent Cycle 70.870ms
[2023-06-09T00:06:14.233+0100][gc,start      ] GC(3) Pause Young (Normal) (G1 Evacuation Pause)
[2023-06-09T00:06:14.233+0100][gc,task       ] GC(3) Using 4 workers of 4 for evacuation
[2023-06-09T00:06:14.242+0100][gc,phases     ] GC(3)   Pre Evacuate Collection Set: 0.1ms
[2023-06-09T00:06:14.242+0100][gc,phases     ] GC(3)   Evacuate Collection Set: 7.4ms
[2023-06-09T00:06:14.242+0100][gc,phases     ] GC(3)   Post Evacuate Collection Set: 0.8ms
[2023-06-09T00:06:14.242+0100][gc,phases     ] GC(3)   Other: 0.3ms
[2023-06-09T00:06:14.242+0100][gc,heap       ] GC(3) Eden regions: 49->0(47)
[2023-06-09T00:06:14.242+0100][gc,heap       ] GC(3) Survivor regions: 2->4(7)
[2023-06-09T00:06:14.242+0100][gc,heap       ] GC(3) Old regions: 9->9
[2023-06-09T00:06:14.242+0100][gc,heap       ] GC(3) Humongous regions: 129->129
[2023-06-09T00:06:14.242+0100][gc,metaspace  ] GC(3) Metaspace: 28801K(30080K)->28801K(30080K) NonClass: 25104K(25856K)->25104K(25856K) Class: 3697K(4224K)->3697K(4224K)
[2023-06-09T00:06:14.242+0100][gc            ] GC(3) Pause Young (Normal) (G1 Evacuation Pause) 186M->140M(1024M) 8.691ms
[2023-06-09T00:06:14.242+0100][gc,cpu        ] GC(3) User=0.02s Sys=0.00s Real=0.01s
[2023-06-09T00:06:15.175+0100][gc,start      ] GC(4) Pause Young (Concurrent Start) (Metadata GC Threshold)
[2023-06-09T00:06:15.176+0100][gc,task       ] GC(4) Using 4 workers of 4 for evacuation
[2023-06-09T00:06:15.190+0100][gc,phases     ] GC(4)   Pre Evacuate Collection Set: 0.3ms
[2023-06-09T00:06:15.190+0100][gc,phases     ] GC(4)   Evacuate Collection Set: 12.3ms
[2023-06-09T00:06:15.190+0100][gc,phases     ] GC(4)   Post Evacuate Collection Set: 1.0ms
[2023-06-09T00:06:15.190+0100][gc,phases     ] GC(4)   Other: 0.6ms
[2023-06-09T00:06:15.190+0100][gc,heap       ] GC(4) Eden regions: 31->0(45)
[2023-06-09T00:06:15.190+0100][gc,heap       ] GC(4) Survivor regions: 4->6(7)
[2023-06-09T00:06:15.190+0100][gc,heap       ] GC(4) Old regions: 9->10
[2023-06-09T00:06:15.190+0100][gc,heap       ] GC(4) Humongous regions: 129->129
[2023-06-09T00:06:15.190+0100][gc,metaspace  ] GC(4) Metaspace: 34472K(35840K)->34472K(35840K) NonClass: 30097K(30848K)->30097K(30848K) Class: 4375K(4992K)->4375K(4992K)
[2023-06-09T00:06:15.190+0100][gc            ] GC(4) Pause Young (Concurrent Start) (Metadata GC Threshold) 170M->142M(1024M) 14.371ms
[2023-06-09T00:06:15.190+0100][gc,cpu        ] GC(4) User=0.05s Sys=0.00s Real=0.01s
[2023-06-09T00:06:15.190+0100][gc            ] GC(5) Concurrent Cycle
[2023-06-09T00:06:15.190+0100][gc,marking    ] GC(5) Concurrent Clear Claimed Marks
[2023-06-09T00:06:15.190+0100][gc,marking    ] GC(5) Concurrent Clear Claimed Marks 0.360ms
[2023-06-09T00:06:15.190+0100][gc,marking    ] GC(5) Concurrent Scan Root Regions
[2023-06-09T00:06:15.196+0100][gc,marking    ] GC(5) Concurrent Scan Root Regions 5.207ms
[2023-06-09T00:06:15.196+0100][gc,marking    ] GC(5) Concurrent Mark (6.288s)
[2023-06-09T00:06:15.196+0100][gc,marking    ] GC(5) Concurrent Mark From Roots
[2023-06-09T00:06:15.196+0100][gc,task       ] GC(5) Using 1 workers of 1 for marking
[2023-06-09T00:06:15.218+0100][gc,marking    ] GC(5) Concurrent Mark From Roots 22.231ms
[2023-06-09T00:06:15.218+0100][gc,marking    ] GC(5) Concurrent Preclean
[2023-06-09T00:06:15.218+0100][gc,marking    ] GC(5) Concurrent Preclean 0.172ms
[2023-06-09T00:06:15.218+0100][gc,marking    ] GC(5) Concurrent Mark (6.288s, 6.311s) 22.499ms
[2023-06-09T00:06:15.218+0100][gc,start      ] GC(5) Pause Remark
[2023-06-09T00:06:15.225+0100][gc,stringtable] GC(5) Cleaned string and symbol table, strings: 10377 processed, 13 removed, symbols: 84300 processed, 14 removed
[2023-06-09T00:06:15.226+0100][gc            ] GC(5) Pause Remark 144M->144M(1024M) 7.314ms
[2023-06-09T00:06:15.226+0100][gc,cpu        ] GC(5) User=0.02s Sys=0.01s Real=0.01s
[2023-06-09T00:06:15.226+0100][gc,marking    ] GC(5) Concurrent Rebuild Remembered Sets
[2023-06-09T00:06:15.233+0100][gc,marking    ] GC(5) Concurrent Rebuild Remembered Sets 7.184ms
[2023-06-09T00:06:15.233+0100][gc,start      ] GC(5) Pause Cleanup
[2023-06-09T00:06:15.234+0100][gc            ] GC(5) Pause Cleanup 144M->144M(1024M) 0.371ms
[2023-06-09T00:06:15.234+0100][gc,cpu        ] GC(5) User=0.00s Sys=0.00s Real=0.00s
[2023-06-09T00:06:15.234+0100][gc,marking    ] GC(5) Concurrent Cleanup for Next Mark
[2023-06-09T00:06:15.246+0100][gc,marking    ] GC(5) Concurrent Cleanup for Next Mark 12.612ms
[2023-06-09T00:06:15.246+0100][gc            ] GC(5) Concurrent Cycle 56.481ms
[2023-06-09T00:10:59.649+0100][gc,start      ] GC(6) Pause Young (Normal) (G1 Evacuation Pause)
[2023-06-09T00:10:59.845+0100][gc,task       ] GC(6) Using 4 workers of 4 for evacuation
[2023-06-09T00:10:59.895+0100][gc,mmu        ] GC(6) MMU target violated: 21.0ms (20.0ms/21.0ms)
[2023-06-09T00:10:59.895+0100][gc,phases     ] GC(6)   Pre Evacuate Collection Set: 0.3ms
[2023-06-09T00:10:59.895+0100][gc,phases     ] GC(6)   Evacuate Collection Set: 47.2ms
[2023-06-09T00:10:59.895+0100][gc,phases     ] GC(6)   Post Evacuate Collection Set: 1.3ms
[2023-06-09T00:10:59.908+0100][gc,phases     ] GC(6)   Other: 232.6ms
[2023-06-09T00:10:59.908+0100][gc,heap       ] GC(6) Eden regions: 45->0(48)
[2023-06-09T00:10:59.908+0100][gc,heap       ] GC(6) Survivor regions: 6->3(7)
[2023-06-09T00:10:59.908+0100][gc,heap       ] GC(6) Old regions: 10->13
[2023-06-09T00:10:59.908+0100][gc,heap       ] GC(6) Humongous regions: 129->129
[2023-06-09T00:10:59.908+0100][gc,metaspace  ] GC(6) Metaspace: 36161K(37836K)->36161K(37836K) NonClass: 31591K(32588K)->31591K(32588K) Class: 4570K(5248K)->4570K(5248K)
[2023-06-09T00:10:59.919+0100][gc            ] GC(6) Pause Young (Normal) (G1 Evacuation Pause) 187M->142M(1024M) 258.768ms
[2023-06-09T00:10:59.919+0100][gc,cpu        ] GC(6) User=0.04s Sys=0.00s Real=0.27s
[2023-06-09T00:17:06.286+0100][gc,start      ] GC(7) Pause Young (Normal) (G1 Evacuation Pause)
[2023-06-09T00:17:06.301+0100][gc,task       ] GC(7) Using 4 workers of 4 for evacuation
[2023-06-09T00:17:06.395+0100][gc,mmu        ] GC(7) MMU target violated: 21.0ms (20.0ms/21.0ms)
[2023-06-09T00:17:06.395+0100][gc,phases     ] GC(7)   Pre Evacuate Collection Set: 0.2ms
[2023-06-09T00:17:06.395+0100][gc,phases     ] GC(7)   Evacuate Collection Set: 79.4ms
[2023-06-09T00:17:06.395+0100][gc,phases     ] GC(7)   Post Evacuate Collection Set: 13.8ms
[2023-06-09T00:17:06.395+0100][gc,phases     ] GC(7)   Other: 16.4ms
[2023-06-09T00:17:06.395+0100][gc,heap       ] GC(7) Eden regions: 48->0(48)
[2023-06-09T00:17:06.395+0100][gc,heap       ] GC(7) Survivor regions: 3->3(7)
[2023-06-09T00:17:06.395+0100][gc,heap       ] GC(7) Old regions: 13->13
[2023-06-09T00:17:06.395+0100][gc,heap       ] GC(7) Humongous regions: 129->129
[2023-06-09T00:17:06.395+0100][gc,metaspace  ] GC(7) Metaspace: 36193K(37836K)->36193K(37836K) NonClass: 31623K(32588K)->31623K(32588K) Class: 4570K(5248K)->4570K(5248K)
[2023-06-09T00:17:06.396+0100][gc            ] GC(7) Pause Young (Normal) (G1 Evacuation Pause) 190M->142M(1024M) 109.815ms
[2023-06-09T00:17:06.396+0100][gc,cpu        ] GC(7) User=0.12s Sys=0.00s Real=0.11s
[2023-06-09T00:23:43.076+0100][gc,start      ] GC(8) Pause Young (Normal) (G1 Evacuation Pause)
[2023-06-09T00:23:43.076+0100][gc,task       ] GC(8) Using 4 workers of 4 for evacuation
[2023-06-09T00:23:43.170+0100][gc,mmu        ] GC(8) MMU target violated: 21.0ms (20.0ms/21.0ms)
[2023-06-09T00:23:43.170+0100][gc,phases     ] GC(8)   Pre Evacuate Collection Set: 0.1ms
[2023-06-09T00:23:43.170+0100][gc,phases     ] GC(8)   Evacuate Collection Set: 92.6ms
[2023-06-09T00:23:43.170+0100][gc,phases     ] GC(8)   Post Evacuate Collection Set: 1.2ms
[2023-06-09T00:23:43.170+0100][gc,phases     ] GC(8)   Other: 156.7ms
[2023-06-09T00:23:43.170+0100][gc,heap       ] GC(8) Eden regions: 48->0(48)
[2023-06-09T00:23:43.170+0100][gc,heap       ] GC(8) Survivor regions: 3->3(7)
[2023-06-09T00:23:43.170+0100][gc,heap       ] GC(8) Old regions: 13->13
[2023-06-09T00:23:43.170+0100][gc,heap       ] GC(8) Humongous regions: 129->129
[2023-06-09T00:23:43.170+0100][gc,metaspace  ] GC(8) Metaspace: 36219K(37836K)->36219K(37836K) NonClass: 31648K(32588K)->31648K(32588K) Class: 4570K(5248K)->4570K(5248K)
[2023-06-09T00:23:43.170+0100][gc            ] GC(8) Pause Young (Normal) (G1 Evacuation Pause) 190M->142M(1024M) 94.622ms
[2023-06-09T00:23:43.171+0100][gc,cpu        ] GC(8) User=0.15s Sys=0.00s Real=0.09s
[2023-06-09T00:30:31.868+0100][gc,start      ] GC(9) Pause Young (Normal) (G1 Evacuation Pause)
[2023-06-09T00:30:31.868+0100][gc,task       ] GC(9) Using 4 workers of 4 for evacuation
[2023-06-09T00:30:31.979+0100][gc,mmu        ] GC(9) MMU target violated: 21.0ms (20.0ms/21.0ms)
[2023-06-09T00:30:31.979+0100][gc,phases     ] GC(9)   Pre Evacuate Collection Set: 0.1ms
[2023-06-09T00:30:31.979+0100][gc,phases     ] GC(9)   Evacuate Collection Set: 107.9ms
[2023-06-09T00:30:31.979+0100][gc,phases     ] GC(9)   Post Evacuate Collection Set: 2.4ms
[2023-06-09T00:30:31.979+0100][gc,phases     ] GC(9)   Other: 0.4ms
[2023-06-09T00:30:31.979+0100][gc,heap       ] GC(9) Eden regions: 48->0(48)
[2023-06-09T00:30:31.979+0100][gc,heap       ] GC(9) Survivor regions: 3->3(7)
[2023-06-09T00:30:31.979+0100][gc,heap       ] GC(9) Old regions: 13->13
[2023-06-09T00:30:31.979+0100][gc,heap       ] GC(9) Humongous regions: 129->129
[2023-06-09T00:30:31.979+0100][gc,metaspace  ] GC(9) Metaspace: 36262K(37836K)->36262K(37836K) NonClass: 31691K(32588K)->31691K(32588K) Class: 4570K(5248K)->4570K(5248K)
[2023-06-09T00:30:31.979+0100][gc            ] GC(9) Pause Young (Normal) (G1 Evacuation Pause) 190M->142M(1024M) 110.795ms
[2023-06-09T00:30:31.979+0100][gc,cpu        ] GC(9) User=0.22s Sys=0.00s Real=0.11s
[2023-06-09T00:37:19.755+0100][gc,start      ] GC(10) Pause Young (Normal) (G1 Evacuation Pause)
[2023-06-09T00:37:19.779+0100][gc,task       ] GC(10) Using 4 workers of 4 for evacuation
[2023-06-09T00:37:19.822+0100][gc,mmu        ] GC(10) MMU target violated: 21.0ms (20.0ms/21.0ms)
[2023-06-09T00:37:19.822+0100][gc,phases     ] GC(10)   Pre Evacuate Collection Set: 0.3ms
[2023-06-09T00:37:19.822+0100][gc,phases     ] GC(10)   Evacuate Collection Set: 40.1ms
[2023-06-09T00:37:19.822+0100][gc,phases     ] GC(10)   Post Evacuate Collection Set: 1.7ms
[2023-06-09T00:37:19.822+0100][gc,phases     ] GC(10)   Other: 24.6ms
[2023-06-09T00:37:19.822+0100][gc,heap       ] GC(10) Eden regions: 48->0(48)
[2023-06-09T00:37:19.822+0100][gc,heap       ] GC(10) Survivor regions: 3->3(7)
[2023-06-09T00:37:19.822+0100][gc,heap       ] GC(10) Old regions: 13->13
[2023-06-09T00:37:19.822+0100][gc,heap       ] GC(10) Humongous regions: 129->129
[2023-06-09T00:37:19.822+0100][gc,metaspace  ] GC(10) Metaspace: 36297K(37836K)->36297K(37836K) NonClass: 31727K(32588K)->31727K(32588K) Class: 4570K(5248K)->4570K(5248K)
[2023-06-09T00:37:19.823+0100][gc            ] GC(10) Pause Young (Normal) (G1 Evacuation Pause) 190M->142M(1024M) 66.740ms
[2023-06-09T00:37:19.823+0100][gc,cpu        ] GC(10) User=0.03s Sys=0.00s Real=0.07s
[2023-06-09T00:44:05.925+0100][gc,start      ] GC(11) Pause Young (Normal) (G1 Evacuation Pause)
[2023-06-09T00:44:05.942+0100][gc,task       ] GC(11) Using 4 workers of 4 for evacuation
[2023-06-09T00:44:05.970+0100][gc,mmu        ] GC(11) MMU target violated: 21.0ms (20.0ms/21.0ms)
[2023-06-09T00:44:05.970+0100][gc,phases     ] GC(11)   Pre Evacuate Collection Set: 0.1ms
[2023-06-09T00:44:05.970+0100][gc,phases     ] GC(11)   Evacuate Collection Set: 26.8ms
[2023-06-09T00:44:05.970+0100][gc,phases     ] GC(11)   Post Evacuate Collection Set: 0.9ms
[2023-06-09T00:44:05.970+0100][gc,phases     ] GC(11)   Other: 17.8ms
[2023-06-09T00:44:05.970+0100][gc,heap       ] GC(11) Eden regions: 48->0(49)
[2023-06-09T00:44:05.970+0100][gc,heap       ] GC(11) Survivor regions: 3->2(7)
[2023-06-09T00:44:05.970+0100][gc,heap       ] GC(11) Old regions: 13->13
[2023-06-09T00:44:05.970+0100][gc,heap       ] GC(11) Humongous regions: 129->129
[2023-06-09T00:44:05.970+0100][gc,metaspace  ] GC(11) Metaspace: 36314K(37836K)->36314K(37836K) NonClass: 31743K(32588K)->31743K(32588K) Class: 4570K(5248K)->4570K(5248K)
[2023-06-09T00:44:05.970+0100][gc            ] GC(11) Pause Young (Normal) (G1 Evacuation Pause) 190M->142M(1024M) 45.655ms
[2023-06-09T00:44:05.970+0100][gc,cpu        ] GC(11) User=0.06s Sys=0.00s Real=0.04s
[2023-06-09T00:50:48.923+0100][gc,start      ] GC(12) Pause Young (Normal) (G1 Evacuation Pause)
[2023-06-09T00:50:48.923+0100][gc,task       ] GC(12) Using 4 workers of 4 for evacuation
[2023-06-09T00:50:48.930+0100][gc,phases     ] GC(12)   Pre Evacuate Collection Set: 0.1ms
[2023-06-09T00:50:48.931+0100][gc,phases     ] GC(12)   Evacuate Collection Set: 5.2ms
[2023-06-09T00:50:48.931+0100][gc,phases     ] GC(12)   Post Evacuate Collection Set: 2.1ms
[2023-06-09T00:50:48.931+0100][gc,phases     ] GC(12)   Other: 0.3ms
[2023-06-09T00:50:48.931+0100][gc,heap       ] GC(12) Eden regions: 49->0(49)
[2023-06-09T00:50:48.931+0100][gc,heap       ] GC(12) Survivor regions: 2->2(7)
[2023-06-09T00:50:48.931+0100][gc,heap       ] GC(12) Old regions: 13->13
[2023-06-09T00:50:48.931+0100][gc,heap       ] GC(12) Humongous regions: 129->129
[2023-06-09T00:50:48.931+0100][gc,metaspace  ] GC(12) Metaspace: 36370K(37836K)->36370K(37836K) NonClass: 31797K(32588K)->31797K(32588K) Class: 4572K(5248K)->4572K(5248K)
[2023-06-09T00:50:48.973+0100][gc            ] GC(12) Pause Young (Normal) (G1 Evacuation Pause) 191M->142M(1024M) 49.892ms
[2023-06-09T00:50:48.973+0100][gc,cpu        ] GC(12) User=0.02s Sys=0.00s Real=0.04s
[2023-06-09T00:57:41.867+0100][gc,start      ] GC(13) Pause Young (Normal) (G1 Evacuation Pause)
[2023-06-09T00:57:41.867+0100][gc,task       ] GC(13) Using 4 workers of 4 for evacuation
[2023-06-09T00:57:41.954+0100][gc,mmu        ] GC(13) MMU target violated: 21.0ms (20.0ms/21.0ms)
[2023-06-09T00:57:41.954+0100][gc,phases     ] GC(13)   Pre Evacuate Collection Set: 0.3ms
[2023-06-09T00:57:41.954+0100][gc,phases     ] GC(13)   Evacuate Collection Set: 85.8ms
[2023-06-09T00:57:41.954+0100][gc,phases     ] GC(13)   Post Evacuate Collection Set: 1.0ms
[2023-06-09T00:57:41.954+0100][gc,phases     ] GC(13)   Other: 0.6ms
[2023-06-09T00:57:41.954+0100][gc,heap       ] GC(13) Eden regions: 49->0(48)
[2023-06-09T00:57:41.954+0100][gc,heap       ] GC(13) Survivor regions: 2->3(7)
[2023-06-09T00:57:41.954+0100][gc,heap       ] GC(13) Old regions: 13->13
[2023-06-09T00:57:41.954+0100][gc,heap       ] GC(13) Humongous regions: 129->129
[2023-06-09T00:57:41.954+0100][gc,metaspace  ] GC(13) Metaspace: 36380K(37836K)->36380K(37836K) NonClass: 31808K(32588K)->31808K(32588K) Class: 4572K(5248K)->4572K(5248K)
[2023-06-09T00:57:41.954+0100][gc            ] GC(13) Pause Young (Normal) (G1 Evacuation Pause) 191M->142M(1024M) 87.744ms
[2023-06-09T00:57:41.954+0100][gc,cpu        ] GC(13) User=0.05s Sys=0.00s Real=0.09s
[2023-06-09T01:04:11.728+0100][gc,start      ] GC(14) Pause Young (Normal) (G1 Evacuation Pause)
[2023-06-09T01:04:11.764+0100][gc,task       ] GC(14) Using 4 workers of 4 for evacuation
[2023-06-09T01:04:11.908+0100][gc,mmu        ] GC(14) MMU target violated: 21.0ms (20.0ms/21.0ms)
[2023-06-09T01:04:11.908+0100][gc,phases     ] GC(14)   Pre Evacuate Collection Set: 1.1ms
[2023-06-09T01:04:11.908+0100][gc,phases     ] GC(14)   Evacuate Collection Set: 107.5ms
[2023-06-09T01:04:11.908+0100][gc,phases     ] GC(14)   Post Evacuate Collection Set: 1.6ms
[2023-06-09T01:04:11.908+0100][gc,phases     ] GC(14)   Other: 76.8ms
[2023-06-09T01:04:11.908+0100][gc,heap       ] GC(14) Eden regions: 48->0(48)
[2023-06-09T01:04:11.908+0100][gc,heap       ] GC(14) Survivor regions: 3->3(7)
[2023-06-09T01:04:11.909+0100][gc,heap       ] GC(14) Old regions: 13->13
[2023-06-09T01:04:11.909+0100][gc,heap       ] GC(14) Humongous regions: 129->129
[2023-06-09T01:04:11.909+0100][gc,metaspace  ] GC(14) Metaspace: 36397K(37836K)->36397K(37836K) NonClass: 31824K(32588K)->31824K(32588K) Class: 4572K(5248K)->4572K(5248K)
[2023-06-09T01:04:11.942+0100][gc            ] GC(14) Pause Young (Normal) (G1 Evacuation Pause) 190M->142M(1024M) 203.072ms
[2023-06-09T01:04:11.942+0100][gc,cpu        ] GC(14) User=0.05s Sys=0.01s Real=0.22s
[2023-06-09T01:10:38.536+0100][gc,start      ] GC(15) Pause Young (Normal) (G1 Evacuation Pause)
[2023-06-09T01:10:38.536+0100][gc,task       ] GC(15) Using 4 workers of 4 for evacuation
[2023-06-09T01:10:38.645+0100][gc,mmu        ] GC(15) MMU target violated: 21.0ms (20.0ms/21.0ms)
[2023-06-09T01:10:38.645+0100][gc,phases     ] GC(15)   Pre Evacuate Collection Set: 0.1ms
[2023-06-09T01:10:38.645+0100][gc,phases     ] GC(15)   Evacuate Collection Set: 108.6ms
[2023-06-09T01:10:38.645+0100][gc,phases     ] GC(15)   Post Evacuate Collection Set: 0.8ms
[2023-06-09T01:10:38.645+0100][gc,phases     ] GC(15)   Other: 0.4ms
[2023-06-09T01:10:38.645+0100][gc,heap       ] GC(15) Eden regions: 48->0(48)
[2023-06-09T01:10:38.645+0100][gc,heap       ] GC(15) Survivor regions: 3->3(7)
[2023-06-09T01:10:38.645+0100][gc,heap       ] GC(15) Old regions: 13->13
[2023-06-09T01:10:38.645+0100][gc,heap       ] GC(15) Humongous regions: 129->129
[2023-06-09T01:10:38.645+0100][gc,metaspace  ] GC(15) Metaspace: 36462K(38016K)->36462K(38016K) NonClass: 31884K(32768K)->31884K(32768K) Class: 4578K(5248K)->4578K(5248K)
[2023-06-09T01:10:38.645+0100][gc            ] GC(15) Pause Young (Normal) (G1 Evacuation Pause) 190M->142M(1024M) 109.847ms
[2023-06-09T01:10:38.646+0100][gc,cpu        ] GC(15) User=0.13s Sys=0.00s Real=0.11s
[2023-06-09T01:11:28.879+0100][gc,heap,exit  ] Heap
[2023-06-09T01:11:28.879+0100][gc,heap,exit  ]  garbage-first heap   total 1048576K, used 157923K [0x00000000c0000000, 0x0000000100000000)
[2023-06-09T01:11:28.879+0100][gc,heap,exit  ]   region size 1024K, 17 young (17408K), 3 survivors (3072K)
[2023-06-09T01:11:28.879+0100][gc,heap,exit  ]  Metaspace       used 37188K, capacity 38734K, committed 38912K, reserved 1083392K
[2023-06-09T01:11:28.879+0100][gc,heap,exit  ]   class space    used 4762K, capacity 5520K, committed 5632K, reserved 1048576K
