[2023-06-08T12:41:55.788+0100][gc,heap] Heap region size: 1M
[2023-06-08T12:41:55.805+0100][gc     ] Using G1
[2023-06-08T12:41:55.805+0100][gc,heap,coops] Heap address: 0x00000000c0000000, size: 1024 MB, Compressed Oops mode: 32-bit
[2023-06-08T12:41:55.805+0100][gc,cds       ] Mark closed archive regions in map: [0x00000000fff00000, 0x00000000fff6aff8]
[2023-06-08T12:41:55.805+0100][gc,cds       ] Mark open archive regions in map: [0x00000000ffe00000, 0x00000000ffe46ff8]
[2023-06-08T12:41:57.611+0100][gc,start     ] GC(0) Pause Young (Normal) (G1 Evacuation Pause)
[2023-06-08T12:41:57.611+0100][gc,task      ] GC(0) Using 4 workers of 4 for evacuation
[2023-06-08T12:41:57.625+0100][gc,phases    ] GC(0)   Pre Evacuate Collection Set: 0.1ms
[2023-06-08T12:41:57.625+0100][gc,phases    ] GC(0)   Evacuate Collection Set: 12.9ms
[2023-06-08T12:41:57.625+0100][gc,phases    ] GC(0)   Post Evacuate Collection Set: 0.9ms
[2023-06-08T12:41:57.625+0100][gc,phases    ] GC(0)   Other: 0.8ms
[2023-06-08T12:41:57.625+0100][gc,heap      ] GC(0) Eden regions: 51->0(44)
[2023-06-08T12:41:57.625+0100][gc,heap      ] GC(0) Survivor regions: 0->7(7)
[2023-06-08T12:41:57.625+0100][gc,heap      ] GC(0) Old regions: 2->2
[2023-06-08T12:41:57.625+0100][gc,heap      ] GC(0) Humongous regions: 0->0
[2023-06-08T12:41:57.625+0100][gc,metaspace ] GC(0) Metaspace: 14439K(15104K)->14439K(15104K) NonClass: 12430K(12800K)->12430K(12800K) Class: 2009K(2304K)->2009K(2304K)
[2023-06-08T12:41:57.625+0100][gc           ] GC(0) Pause Young (Normal) (G1 Evacuation Pause) 51M->7M(1024M) 14.821ms
[2023-06-08T12:41:57.625+0100][gc,cpu       ] GC(0) User=0.03s Sys=0.01s Real=0.02s
[2023-06-08T12:42:16.638+0100][gc,heap,exit ] Heap
[2023-06-08T12:42:16.638+0100][gc,heap,exit ]  garbage-first heap   total 1048576K, used 12429K [0x00000000c0000000, 0x0000000100000000)
[2023-06-08T12:42:16.638+0100][gc,heap,exit ]   region size 1024K, 13 young (13312K), 7 survivors (7168K)
[2023-06-08T12:42:16.638+0100][gc,heap,exit ]  Metaspace       used 15330K, capacity 15849K, committed 16000K, reserved 1062912K
[2023-06-08T12:42:16.638+0100][gc,heap,exit ]   class space    used 2122K, capacity 2332K, committed 2432K, reserved 1048576K
