[2023-06-10T00:37:12.599+0100][gc,heap] Heap region size: 1M
[2023-06-10T00:37:12.614+0100][gc     ] Using G1
[2023-06-10T00:37:12.614+0100][gc,heap,coops] Heap address: 0x00000000c0000000, size: 1024 MB, Compressed Oops mode: 32-bit
[2023-06-10T00:37:12.615+0100][gc,cds       ] Mark closed archive regions in map: [0x00000000fff00000, 0x00000000fff6aff8]
[2023-06-10T00:37:12.615+0100][gc,cds       ] Mark open archive regions in map: [0x00000000ffe00000, 0x00000000ffe46ff8]
[2023-06-10T00:37:14.836+0100][gc,start     ] GC(0) Pause Young (Normal) (G1 Evacuation Pause)
[2023-06-10T00:37:14.837+0100][gc,task      ] GC(0) Using 4 workers of 4 for evacuation
[2023-06-10T00:37:14.855+0100][gc,phases    ] GC(0)   Pre Evacuate Collection Set: 0.1ms
[2023-06-10T00:37:14.855+0100][gc,phases    ] GC(0)   Evacuate Collection Set: 17.3ms
[2023-06-10T00:37:14.855+0100][gc,phases    ] GC(0)   Post Evacuate Collection Set: 0.9ms
[2023-06-10T00:37:14.855+0100][gc,phases    ] GC(0)   Other: 0.7ms
[2023-06-10T00:37:14.855+0100][gc,heap      ] GC(0) Eden regions: 51->0(44)
[2023-06-10T00:37:14.855+0100][gc,heap      ] GC(0) Survivor regions: 0->7(7)
[2023-06-10T00:37:14.855+0100][gc,heap      ] GC(0) Old regions: 2->2
[2023-06-10T00:37:14.855+0100][gc,heap      ] GC(0) Humongous regions: 0->0
[2023-06-10T00:37:14.855+0100][gc,metaspace ] GC(0) Metaspace: 14423K(15104K)->14423K(15104K) NonClass: 12416K(12800K)->12416K(12800K) Class: 2007K(2304K)->2007K(2304K)
[2023-06-10T00:37:14.855+0100][gc           ] GC(0) Pause Young (Normal) (G1 Evacuation Pause) 51M->7M(1024M) 19.106ms
[2023-06-10T00:37:14.855+0100][gc,cpu       ] GC(0) User=0.05s Sys=0.00s Real=0.02s
[2023-06-10T00:37:16.216+0100][gc,start     ] GC(1) Pause Young (Concurrent Start) (Metadata GC Threshold)
[2023-06-10T00:37:16.216+0100][gc,task      ] GC(1) Using 4 workers of 4 for evacuation
[2023-06-10T00:37:16.231+0100][gc,phases    ] GC(1)   Pre Evacuate Collection Set: 0.1ms
[2023-06-10T00:37:16.231+0100][gc,phases    ] GC(1)   Evacuate Collection Set: 13.1ms
[2023-06-10T00:37:16.231+0100][gc,phases    ] GC(1)   Post Evacuate Collection Set: 0.7ms
[2023-06-10T00:37:16.231+0100][gc,phases    ] GC(1)   Other: 0.5ms
[2023-06-10T00:37:16.231+0100][gc,heap      ] GC(1) Eden regions: 27->0(49)
[2023-06-10T00:37:16.231+0100][gc,heap      ] GC(1) Survivor regions: 7->2(7)
[2023-06-10T00:37:16.231+0100][gc,heap      ] GC(1) Old regions: 2->9
[2023-06-10T00:37:16.231+0100][gc,heap      ] GC(1) Humongous regions: 0->0
[2023-06-10T00:37:16.231+0100][gc,metaspace ] GC(1) Metaspace: 20565K(21248K)->20565K(21248K) NonClass: 17807K(18176K)->17807K(18176K) Class: 2758K(3072K)->2758K(3072K)
[2023-06-10T00:37:16.231+0100][gc           ] GC(1) Pause Young (Concurrent Start) (Metadata GC Threshold) 33M->8M(1024M) 14.566ms
[2023-06-10T00:37:16.231+0100][gc,cpu       ] GC(1) User=0.03s Sys=0.02s Real=0.01s
[2023-06-10T00:37:16.231+0100][gc           ] GC(2) Concurrent Cycle
[2023-06-10T00:37:16.231+0100][gc,marking   ] GC(2) Concurrent Clear Claimed Marks
[2023-06-10T00:37:16.231+0100][gc,marking   ] GC(2) Concurrent Clear Claimed Marks 0.083ms
[2023-06-10T00:37:16.231+0100][gc,marking   ] GC(2) Concurrent Scan Root Regions
[2023-06-10T00:37:16.232+0100][gc,marking   ] GC(2) Concurrent Scan Root Regions 1.152ms
[2023-06-10T00:37:16.232+0100][gc,marking   ] GC(2) Concurrent Mark (3.651s)
[2023-06-10T00:37:16.232+0100][gc,marking   ] GC(2) Concurrent Mark From Roots
[2023-06-10T00:37:16.232+0100][gc,task      ] GC(2) Using 1 workers of 1 for marking
[2023-06-10T00:37:16.245+0100][gc,marking   ] GC(2) Concurrent Mark From Roots 12.328ms
[2023-06-10T00:37:16.245+0100][gc,marking   ] GC(2) Concurrent Preclean
[2023-06-10T00:37:16.245+0100][gc,marking   ] GC(2) Concurrent Preclean 0.158ms
[2023-06-10T00:37:16.245+0100][gc,marking   ] GC(2) Concurrent Mark (3.651s, 3.663s) 12.593ms
[2023-06-10T00:37:16.247+0100][gc,start     ] GC(2) Pause Remark
[2023-06-10T00:37:16.252+0100][gc,stringtable] GC(2) Cleaned string and symbol table, strings: 5081 processed, 0 removed, symbols: 52299 processed, 59 removed
[2023-06-10T00:37:16.252+0100][gc            ] GC(2) Pause Remark 9M->9M(1024M) 4.828ms
[2023-06-10T00:37:16.252+0100][gc,cpu        ] GC(2) User=0.01s Sys=0.00s Real=0.00s
[2023-06-10T00:37:16.252+0100][gc,marking    ] GC(2) Concurrent Rebuild Remembered Sets
[2023-06-10T00:37:16.265+0100][gc,marking    ] GC(2) Concurrent Rebuild Remembered Sets 12.240ms
[2023-06-10T00:37:16.265+0100][gc,start      ] GC(2) Pause Cleanup
[2023-06-10T00:37:16.265+0100][gc            ] GC(2) Pause Cleanup 10M->10M(1024M) 0.347ms
[2023-06-10T00:37:16.265+0100][gc,cpu        ] GC(2) User=0.00s Sys=0.00s Real=0.00s
[2023-06-10T00:37:16.265+0100][gc,marking    ] GC(2) Concurrent Cleanup for Next Mark
[2023-06-10T00:37:16.287+0100][gc,marking    ] GC(2) Concurrent Cleanup for Next Mark 21.951ms
[2023-06-10T00:37:16.288+0100][gc            ] GC(2) Concurrent Cycle 56.647ms
[2023-06-10T00:37:30.891+0100][gc,start      ] GC(3) Pause Young (Normal) (G1 Evacuation Pause)
[2023-06-10T00:37:30.892+0100][gc,task       ] GC(3) Using 4 workers of 4 for evacuation
[2023-06-10T00:37:30.896+0100][gc,phases     ] GC(3)   Pre Evacuate Collection Set: 0.1ms
[2023-06-10T00:37:30.897+0100][gc,phases     ] GC(3)   Evacuate Collection Set: 4.0ms
[2023-06-10T00:37:30.897+0100][gc,phases     ] GC(3)   Post Evacuate Collection Set: 0.7ms
[2023-06-10T00:37:30.897+0100][gc,phases     ] GC(3)   Other: 0.3ms
[2023-06-10T00:37:30.897+0100][gc,heap       ] GC(3) Eden regions: 49->0(47)
[2023-06-10T00:37:30.897+0100][gc,heap       ] GC(3) Survivor regions: 2->4(7)
[2023-06-10T00:37:30.897+0100][gc,heap       ] GC(3) Old regions: 9->9
[2023-06-10T00:37:30.897+0100][gc,heap       ] GC(3) Humongous regions: 129->129
[2023-06-10T00:37:30.897+0100][gc,metaspace  ] GC(3) Metaspace: 28474K(29568K)->28474K(29568K) NonClass: 24762K(25344K)->24762K(25344K) Class: 3711K(4224K)->3711K(4224K)
[2023-06-10T00:37:30.897+0100][gc            ] GC(3) Pause Young (Normal) (G1 Evacuation Pause) 186M->139M(1024M) 5.263ms
[2023-06-10T00:37:30.897+0100][gc,cpu        ] GC(3) User=0.01s Sys=0.00s Real=0.01s
[2023-06-10T00:37:31.855+0100][gc,start      ] GC(4) Pause Young (Concurrent Start) (Metadata GC Threshold)
[2023-06-10T00:37:31.855+0100][gc,task       ] GC(4) Using 4 workers of 4 for evacuation
[2023-06-10T00:37:31.864+0100][gc,phases     ] GC(4)   Pre Evacuate Collection Set: 0.2ms
[2023-06-10T00:37:31.864+0100][gc,phases     ] GC(4)   Evacuate Collection Set: 7.1ms
[2023-06-10T00:37:31.864+0100][gc,phases     ] GC(4)   Post Evacuate Collection Set: 0.9ms
[2023-06-10T00:37:31.864+0100][gc,phases     ] GC(4)   Other: 0.4ms
[2023-06-10T00:37:31.864+0100][gc,heap       ] GC(4) Eden regions: 38->0(44)
[2023-06-10T00:37:31.864+0100][gc,heap       ] GC(4) Survivor regions: 4->7(7)
[2023-06-10T00:37:31.864+0100][gc,heap       ] GC(4) Old regions: 9->9
[2023-06-10T00:37:31.864+0100][gc,heap       ] GC(4) Humongous regions: 129->129
[2023-06-10T00:37:31.864+0100][gc,metaspace  ] GC(4) Metaspace: 34517K(35840K)->34517K(35840K) NonClass: 30125K(30848K)->30125K(30848K) Class: 4392K(4992K)->4392K(4992K)
[2023-06-10T00:37:31.864+0100][gc            ] GC(4) Pause Young (Concurrent Start) (Metadata GC Threshold) 177M->142M(1024M) 8.830ms
[2023-06-10T00:37:31.864+0100][gc,cpu        ] GC(4) User=0.03s Sys=0.00s Real=0.00s
[2023-06-10T00:37:31.864+0100][gc            ] GC(5) Concurrent Cycle
[2023-06-10T00:37:31.864+0100][gc,marking    ] GC(5) Concurrent Clear Claimed Marks
[2023-06-10T00:37:31.864+0100][gc,marking    ] GC(5) Concurrent Clear Claimed Marks 0.204ms
[2023-06-10T00:37:31.865+0100][gc,marking    ] GC(5) Concurrent Scan Root Regions
[2023-06-10T00:37:31.871+0100][gc,marking    ] GC(5) Concurrent Scan Root Regions 6.425ms
[2023-06-10T00:37:31.871+0100][gc,marking    ] GC(5) Concurrent Mark (19.289s)
[2023-06-10T00:37:31.871+0100][gc,marking    ] GC(5) Concurrent Mark From Roots
[2023-06-10T00:37:31.871+0100][gc,task       ] GC(5) Using 1 workers of 1 for marking
[2023-06-10T00:37:31.887+0100][gc,marking    ] GC(5) Concurrent Mark From Roots 15.736ms
[2023-06-10T00:37:31.887+0100][gc,marking    ] GC(5) Concurrent Preclean
[2023-06-10T00:37:31.887+0100][gc,marking    ] GC(5) Concurrent Preclean 0.136ms
[2023-06-10T00:37:31.887+0100][gc,marking    ] GC(5) Concurrent Mark (19.289s, 19.305s) 15.988ms
[2023-06-10T00:37:31.887+0100][gc,start      ] GC(5) Pause Remark
[2023-06-10T00:37:31.893+0100][gc,stringtable] GC(5) Cleaned string and symbol table, strings: 10586 processed, 14 removed, symbols: 81367 processed, 15 removed
[2023-06-10T00:37:31.894+0100][gc            ] GC(5) Pause Remark 142M->142M(1024M) 6.601ms
[2023-06-10T00:37:31.894+0100][gc,cpu        ] GC(5) User=0.02s Sys=0.00s Real=0.01s
[2023-06-10T00:37:31.894+0100][gc,marking    ] GC(5) Concurrent Rebuild Remembered Sets
[2023-06-10T00:37:31.900+0100][gc,marking    ] GC(5) Concurrent Rebuild Remembered Sets 6.195ms
[2023-06-10T00:37:31.900+0100][gc,start      ] GC(5) Pause Cleanup
[2023-06-10T00:37:31.901+0100][gc            ] GC(5) Pause Cleanup 142M->142M(1024M) 0.350ms
[2023-06-10T00:37:31.901+0100][gc,cpu        ] GC(5) User=0.00s Sys=0.01s Real=0.00s
[2023-06-10T00:37:31.901+0100][gc,marking    ] GC(5) Concurrent Cleanup for Next Mark
[2023-06-10T00:37:31.911+0100][gc,marking    ] GC(5) Concurrent Cleanup for Next Mark 10.607ms
[2023-06-10T00:37:31.912+0100][gc            ] GC(5) Concurrent Cycle 47.325ms
[2023-06-10T00:37:34.563+0100][gc,start      ] GC(6) Pause Young (Normal) (G1 Evacuation Pause)
[2023-06-10T00:37:34.563+0100][gc,task       ] GC(6) Using 4 workers of 4 for evacuation
[2023-06-10T00:37:34.575+0100][gc,phases     ] GC(6)   Pre Evacuate Collection Set: 0.1ms
[2023-06-10T00:37:34.575+0100][gc,phases     ] GC(6)   Evacuate Collection Set: 10.5ms
[2023-06-10T00:37:34.575+0100][gc,phases     ] GC(6)   Post Evacuate Collection Set: 1.0ms
[2023-06-10T00:37:34.575+0100][gc,phases     ] GC(6)   Other: 0.3ms
[2023-06-10T00:37:34.575+0100][gc,heap       ] GC(6) Eden regions: 44->0(45)
[2023-06-10T00:37:34.575+0100][gc,heap       ] GC(6) Survivor regions: 7->6(7)
[2023-06-10T00:37:34.575+0100][gc,heap       ] GC(6) Old regions: 9->12
[2023-06-10T00:37:34.575+0100][gc,heap       ] GC(6) Humongous regions: 129->129
[2023-06-10T00:37:34.575+0100][gc,metaspace  ] GC(6) Metaspace: 41094K(43340K)->41094K(43340K) NonClass: 35703K(36864K)->35703K(36864K) Class: 5390K(6476K)->5390K(6476K)
[2023-06-10T00:37:34.575+0100][gc            ] GC(6) Pause Young (Normal) (G1 Evacuation Pause) 186M->145M(1024M) 12.032ms
[2023-06-10T00:37:34.575+0100][gc,cpu        ] GC(6) User=0.05s Sys=0.00s Real=0.02s
[2023-06-10T00:37:39.836+0100][gc,start      ] GC(7) Pause Young (Normal) (G1 Evacuation Pause)
[2023-06-10T00:37:39.836+0100][gc,task       ] GC(7) Using 4 workers of 4 for evacuation
[2023-06-10T00:37:39.845+0100][gc,phases     ] GC(7)   Pre Evacuate Collection Set: 0.1ms
[2023-06-10T00:37:39.845+0100][gc,phases     ] GC(7)   Evacuate Collection Set: 7.4ms
[2023-06-10T00:37:39.845+0100][gc,phases     ] GC(7)   Post Evacuate Collection Set: 1.1ms
[2023-06-10T00:37:39.845+0100][gc,phases     ] GC(7)   Other: 0.4ms
[2023-06-10T00:37:39.845+0100][gc,heap       ] GC(7) Eden regions: 45->0(47)
[2023-06-10T00:37:39.845+0100][gc,heap       ] GC(7) Survivor regions: 6->4(7)
[2023-06-10T00:37:39.845+0100][gc,heap       ] GC(7) Old regions: 12->15
[2023-06-10T00:37:39.845+0100][gc,heap       ] GC(7) Humongous regions: 129->129
[2023-06-10T00:37:39.845+0100][gc,metaspace  ] GC(7) Metaspace: 41373K(43596K)->41373K(43596K) NonClass: 35964K(37120K)->35964K(37120K) Class: 5409K(6476K)->5409K(6476K)
[2023-06-10T00:37:39.845+0100][gc            ] GC(7) Pause Young (Normal) (G1 Evacuation Pause) 190M->145M(1024M) 9.152ms
[2023-06-10T00:37:39.845+0100][gc,cpu        ] GC(7) User=0.03s Sys=0.01s Real=0.01s
[2023-06-10T00:37:45.559+0100][gc,start      ] GC(8) Pause Young (Normal) (G1 Evacuation Pause)
[2023-06-10T00:37:45.559+0100][gc,task       ] GC(8) Using 4 workers of 4 for evacuation
[2023-06-10T00:37:45.567+0100][gc,phases     ] GC(8)   Pre Evacuate Collection Set: 0.1ms
[2023-06-10T00:37:45.567+0100][gc,phases     ] GC(8)   Evacuate Collection Set: 7.2ms
[2023-06-10T00:37:45.567+0100][gc,phases     ] GC(8)   Post Evacuate Collection Set: 0.9ms
[2023-06-10T00:37:45.567+0100][gc,phases     ] GC(8)   Other: 0.4ms
[2023-06-10T00:37:45.567+0100][gc,heap       ] GC(8) Eden regions: 47->0(47)
[2023-06-10T00:37:45.567+0100][gc,heap       ] GC(8) Survivor regions: 4->4(7)
[2023-06-10T00:37:45.567+0100][gc,heap       ] GC(8) Old regions: 15->15
[2023-06-10T00:37:45.567+0100][gc,heap       ] GC(8) Humongous regions: 129->129
[2023-06-10T00:37:45.567+0100][gc,metaspace  ] GC(8) Metaspace: 41565K(43852K)->41565K(43852K) NonClass: 36143K(37376K)->36143K(37376K) Class: 5422K(6476K)->5422K(6476K)
[2023-06-10T00:37:45.567+0100][gc            ] GC(8) Pause Young (Normal) (G1 Evacuation Pause) 192M->145M(1024M) 8.877ms
[2023-06-10T00:37:45.567+0100][gc,cpu        ] GC(8) User=0.03s Sys=0.00s Real=0.01s
[2023-06-10T00:38:59.077+0100][gc,start      ] GC(9) Pause Young (Normal) (G1 Evacuation Pause)
[2023-06-10T00:38:59.077+0100][gc,task       ] GC(9) Using 4 workers of 4 for evacuation
[2023-06-10T00:38:59.087+0100][gc,phases     ] GC(9)   Pre Evacuate Collection Set: 0.2ms
[2023-06-10T00:38:59.087+0100][gc,phases     ] GC(9)   Evacuate Collection Set: 8.1ms
[2023-06-10T00:38:59.087+0100][gc,phases     ] GC(9)   Post Evacuate Collection Set: 1.1ms
[2023-06-10T00:38:59.087+0100][gc,phases     ] GC(9)   Other: 0.6ms
[2023-06-10T00:38:59.087+0100][gc,heap       ] GC(9) Eden regions: 47->0(47)
[2023-06-10T00:38:59.087+0100][gc,heap       ] GC(9) Survivor regions: 4->4(7)
[2023-06-10T00:38:59.087+0100][gc,heap       ] GC(9) Old regions: 15->15
[2023-06-10T00:38:59.087+0100][gc,heap       ] GC(9) Humongous regions: 135->129
[2023-06-10T00:38:59.087+0100][gc,metaspace  ] GC(9) Metaspace: 43405K(46028K)->43405K(46028K) NonClass: 37568K(38912K)->37568K(38912K) Class: 5837K(7116K)->5837K(7116K)
[2023-06-10T00:38:59.087+0100][gc            ] GC(9) Pause Young (Normal) (G1 Evacuation Pause) 198M->146M(1024M) 10.236ms
[2023-06-10T00:38:59.087+0100][gc,cpu        ] GC(9) User=0.02s Sys=0.00s Real=0.01s
[2023-06-10T00:50:13.274+0100][gc,start      ] GC(10) Pause Young (Normal) (G1 Evacuation Pause)
[2023-06-10T00:50:13.305+0100][gc,task       ] GC(10) Using 4 workers of 4 for evacuation
[2023-06-10T00:50:13.352+0100][gc,mmu        ] GC(10) MMU target violated: 21.0ms (20.0ms/21.0ms)
[2023-06-10T00:50:13.352+0100][gc,phases     ] GC(10)   Pre Evacuate Collection Set: 0.2ms
[2023-06-10T00:50:13.352+0100][gc,phases     ] GC(10)   Evacuate Collection Set: 22.8ms
[2023-06-10T00:50:13.352+0100][gc,phases     ] GC(10)   Post Evacuate Collection Set: 11.5ms
[2023-06-10T00:50:13.352+0100][gc,phases     ] GC(10)   Other: 46.9ms
[2023-06-10T00:50:13.361+0100][gc,heap       ] GC(10) Eden regions: 47->0(46)
[2023-06-10T00:50:13.361+0100][gc,heap       ] GC(10) Survivor regions: 4->5(7)
[2023-06-10T00:50:13.361+0100][gc,heap       ] GC(10) Old regions: 15->15
[2023-06-10T00:50:13.361+0100][gc,heap       ] GC(10) Humongous regions: 129->129
[2023-06-10T00:50:13.367+0100][gc,metaspace  ] GC(10) Metaspace: 44301K(47052K)->44301K(47052K) NonClass: 38431K(39936K)->38431K(39936K) Class: 5870K(7116K)->5870K(7116K)
[2023-06-10T00:50:13.367+0100][gc            ] GC(10) Pause Young (Normal) (G1 Evacuation Pause) 193M->146M(1024M) 93.022ms
[2023-06-10T00:50:13.367+0100][gc,cpu        ] GC(10) User=0.02s Sys=0.00s Real=0.09s
[2023-06-10T00:51:09.029+0100][gc,start      ] GC(11) Pause Young (Normal) (G1 Evacuation Pause)
[2023-06-10T00:51:09.029+0100][gc,task       ] GC(11) Using 4 workers of 4 for evacuation
[2023-06-10T00:51:09.074+0100][gc,mmu        ] GC(11) MMU target violated: 21.0ms (20.0ms/21.0ms)
[2023-06-10T00:51:09.074+0100][gc,phases     ] GC(11)   Pre Evacuate Collection Set: 0.1ms
[2023-06-10T00:51:09.074+0100][gc,phases     ] GC(11)   Evacuate Collection Set: 42.9ms
[2023-06-10T00:51:09.074+0100][gc,phases     ] GC(11)   Post Evacuate Collection Set: 1.4ms
[2023-06-10T00:51:09.074+0100][gc,phases     ] GC(11)   Other: 0.6ms
[2023-06-10T00:51:09.074+0100][gc,heap       ] GC(11) Eden regions: 46->0(48)
[2023-06-10T00:51:09.074+0100][gc,heap       ] GC(11) Survivor regions: 5->3(7)
[2023-06-10T00:51:09.074+0100][gc,heap       ] GC(11) Old regions: 15->17
[2023-06-10T00:51:09.074+0100][gc,heap       ] GC(11) Humongous regions: 129->129
[2023-06-10T00:51:09.074+0100][gc,metaspace  ] GC(11) Metaspace: 44394K(47308K)->44394K(47308K) NonClass: 38521K(40192K)->38521K(40192K) Class: 5873K(7116K)->5873K(7116K)
[2023-06-10T00:51:09.074+0100][gc            ] GC(11) Pause Young (Normal) (G1 Evacuation Pause) 192M->147M(1024M) 45.223ms
[2023-06-10T00:51:09.074+0100][gc,cpu        ] GC(11) User=0.05s Sys=0.00s Real=0.05s
[2023-06-10T00:52:12.913+0100][gc,start      ] GC(12) Pause Young (Normal) (G1 Evacuation Pause)
[2023-06-10T00:52:12.913+0100][gc,task       ] GC(12) Using 4 workers of 4 for evacuation
[2023-06-10T00:52:12.938+0100][gc,mmu        ] GC(12) MMU target violated: 21.0ms (20.0ms/21.0ms)
[2023-06-10T00:52:12.938+0100][gc,phases     ] GC(12)   Pre Evacuate Collection Set: 0.1ms
[2023-06-10T00:52:12.938+0100][gc,phases     ] GC(12)   Evacuate Collection Set: 23.4ms
[2023-06-10T00:52:12.938+0100][gc,phases     ] GC(12)   Post Evacuate Collection Set: 1.1ms
[2023-06-10T00:52:12.938+0100][gc,phases     ] GC(12)   Other: 0.7ms
[2023-06-10T00:52:12.938+0100][gc,heap       ] GC(12) Eden regions: 48->0(48)
[2023-06-10T00:52:12.938+0100][gc,heap       ] GC(12) Survivor regions: 3->3(7)
[2023-06-10T00:52:12.938+0100][gc,heap       ] GC(12) Old regions: 17->17
[2023-06-10T00:52:12.938+0100][gc,heap       ] GC(12) Humongous regions: 129->129
[2023-06-10T00:52:12.938+0100][gc,metaspace  ] GC(12) Metaspace: 44413K(47308K)->44413K(47308K) NonClass: 38540K(40192K)->38540K(40192K) Class: 5873K(7116K)->5873K(7116K)
[2023-06-10T00:52:12.938+0100][gc            ] GC(12) Pause Young (Normal) (G1 Evacuation Pause) 195M->147M(1024M) 25.463ms
[2023-06-10T00:52:12.938+0100][gc,cpu        ] GC(12) User=0.04s Sys=0.00s Real=0.02s
[2023-06-10T00:53:22.331+0100][gc,start      ] GC(13) Pause Young (Normal) (G1 Evacuation Pause)
[2023-06-10T00:53:22.331+0100][gc,task       ] GC(13) Using 4 workers of 4 for evacuation
[2023-06-10T00:53:22.350+0100][gc,phases     ] GC(13)   Pre Evacuate Collection Set: 0.1ms
[2023-06-10T00:53:22.350+0100][gc,phases     ] GC(13)   Evacuate Collection Set: 11.5ms
[2023-06-10T00:53:22.350+0100][gc,phases     ] GC(13)   Post Evacuate Collection Set: 6.4ms
[2023-06-10T00:53:22.350+0100][gc,phases     ] GC(13)   Other: 0.4ms
[2023-06-10T00:53:22.350+0100][gc,heap       ] GC(13) Eden regions: 48->0(48)
[2023-06-10T00:53:22.350+0100][gc,heap       ] GC(13) Survivor regions: 3->3(7)
[2023-06-10T00:53:22.350+0100][gc,heap       ] GC(13) Old regions: 17->17
[2023-06-10T00:53:22.350+0100][gc,heap       ] GC(13) Humongous regions: 129->129
[2023-06-10T00:53:22.350+0100][gc,metaspace  ] GC(13) Metaspace: 44418K(47308K)->44418K(47308K) NonClass: 38545K(40192K)->38545K(40192K) Class: 5873K(7116K)->5873K(7116K)
[2023-06-10T00:53:22.350+0100][gc            ] GC(13) Pause Young (Normal) (G1 Evacuation Pause) 195M->147M(1024M) 18.571ms
[2023-06-10T00:53:22.350+0100][gc,cpu        ] GC(13) User=0.04s Sys=0.00s Real=0.02s
[2023-06-10T01:24:58.653+0100][gc,start      ] GC(14) Pause Young (Normal) (G1 Evacuation Pause)
[2023-06-10T01:24:58.700+0100][gc,task       ] GC(14) Using 4 workers of 4 for evacuation
[2023-06-10T01:24:59.345+0100][gc,mmu        ] GC(14) MMU target violated: 21.0ms (20.0ms/21.0ms)
[2023-06-10T01:24:59.358+0100][gc,phases     ] GC(14)   Pre Evacuate Collection Set: 39.6ms
[2023-06-10T01:24:59.358+0100][gc,phases     ] GC(14)   Evacuate Collection Set: 545.6ms
[2023-06-10T01:24:59.358+0100][gc,phases     ] GC(14)   Post Evacuate Collection Set: 30.3ms
[2023-06-10T01:24:59.359+0100][gc,phases     ] GC(14)   Other: 159.6ms
[2023-06-10T01:24:59.359+0100][gc,heap       ] GC(14) Eden regions: 48->0(48)
[2023-06-10T01:24:59.359+0100][gc,heap       ] GC(14) Survivor regions: 3->3(7)
[2023-06-10T01:24:59.359+0100][gc,heap       ] GC(14) Old regions: 17->17
[2023-06-10T01:24:59.359+0100][gc,heap       ] GC(14) Humongous regions: 129->129
[2023-06-10T01:24:59.359+0100][gc,metaspace  ] GC(14) Metaspace: 44548K(47308K)->44548K(47308K) NonClass: 38675K(40192K)->38675K(40192K) Class: 5873K(7116K)->5873K(7116K)
[2023-06-10T01:24:59.359+0100][gc            ] GC(14) Pause Young (Normal) (G1 Evacuation Pause) 195M->147M(1024M) 705.760ms
[2023-06-10T01:24:59.359+0100][gc,cpu        ] GC(14) User=0.25s Sys=0.01s Real=0.70s
[2023-06-10T01:50:34.481+0100][gc,heap,exit  ] Heap
[2023-06-10T01:50:34.587+0100][gc,heap,exit  ]  garbage-first heap   total 1048576K, used 192709K [0x00000000c0000000, 0x0000000100000000)
[2023-06-10T01:50:34.587+0100][gc,heap,exit  ]   region size 1024K, 46 young (47104K), 3 survivors (3072K)
[2023-06-10T01:50:34.587+0100][gc,heap,exit  ]  Metaspace       used 45415K, capacity 48151K, committed 48460K, reserved 1089536K
[2023-06-10T01:50:34.587+0100][gc,heap,exit  ]   class space    used 6098K, capacity 7398K, committed 7500K, reserved 1048576K
