[2023-06-08T13:24:22.730+0100][gc,heap] Heap region size: 1M
[2023-06-08T13:24:22.733+0100][gc     ] Using G1
[2023-06-08T13:24:22.733+0100][gc,heap,coops] Heap address: 0x00000000f0000000, size: 256 MB, Compressed Oops mode: 32-bit
[2023-06-08T13:24:22.734+0100][gc,cds       ] Mark closed archive regions in map: [0x00000000fff00000, 0x00000000fff6aff8]
[2023-06-08T13:24:22.734+0100][gc,cds       ] Mark open archive regions in map: [0x00000000ffe00000, 0x00000000ffe46ff8]
[2023-06-08T13:24:22.947+0100][gc,start     ] GC(0) Pause Young (Normal) (G1 Evacuation Pause)
[2023-06-08T13:24:22.947+0100][gc,task      ] GC(0) Using 3 workers of 4 for evacuation
[2023-06-08T13:24:22.957+0100][gc,phases    ] GC(0)   Pre Evacuate Collection Set: 0.0ms
[2023-06-08T13:24:22.957+0100][gc,phases    ] GC(0)   Evacuate Collection Set: 9.6ms
[2023-06-08T13:24:22.957+0100][gc,phases    ] GC(0)   Post Evacuate Collection Set: 0.4ms
[2023-06-08T13:24:22.957+0100][gc,phases    ] GC(0)   Other: 0.5ms
[2023-06-08T13:24:22.957+0100][gc,heap      ] GC(0) Eden regions: 6->0(5)
[2023-06-08T13:24:22.957+0100][gc,heap      ] GC(0) Survivor regions: 0->1(1)
[2023-06-08T13:24:22.957+0100][gc,heap      ] GC(0) Old regions: 2->5
[2023-06-08T13:24:22.957+0100][gc,heap      ] GC(0) Humongous regions: 0->0
[2023-06-08T13:24:22.957+0100][gc,metaspace ] GC(0) Metaspace: 1439K(4864K)->1439K(4864K) NonClass: 1313K(4352K)->1313K(4352K) Class: 126K(512K)->126K(512K)
[2023-06-08T13:24:22.957+0100][gc           ] GC(0) Pause Young (Normal) (G1 Evacuation Pause) 6M->4M(130M) 10.675ms
[2023-06-08T13:24:22.957+0100][gc,cpu       ] GC(0) User=0.02s Sys=0.01s Real=0.01s
[2023-06-08T13:24:23.212+0100][gc,start     ] GC(1) Pause Young (Normal) (G1 Evacuation Pause)
[2023-06-08T13:24:23.212+0100][gc,task      ] GC(1) Using 3 workers of 4 for evacuation
[2023-06-08T13:24:23.220+0100][gc,phases    ] GC(1)   Pre Evacuate Collection Set: 0.0ms
[2023-06-08T13:24:23.220+0100][gc,phases    ] GC(1)   Evacuate Collection Set: 7.6ms
[2023-06-08T13:24:23.220+0100][gc,phases    ] GC(1)   Post Evacuate Collection Set: 0.4ms
[2023-06-08T13:24:23.220+0100][gc,phases    ] GC(1)   Other: 0.2ms
[2023-06-08T13:24:23.220+0100][gc,heap      ] GC(1) Eden regions: 5->0(5)
[2023-06-08T13:24:23.220+0100][gc,heap      ] GC(1) Survivor regions: 1->1(1)
[2023-06-08T13:24:23.220+0100][gc,heap      ] GC(1) Old regions: 5->6
[2023-06-08T13:24:23.220+0100][gc,heap      ] GC(1) Humongous regions: 0->0
[2023-06-08T13:24:23.220+0100][gc,metaspace ] GC(1) Metaspace: 5067K(5632K)->5067K(5632K) NonClass: 4501K(4864K)->4501K(4864K) Class: 566K(768K)->566K(768K)
[2023-06-08T13:24:23.220+0100][gc           ] GC(1) Pause Young (Normal) (G1 Evacuation Pause) 9M->5M(130M) 8.331ms
[2023-06-08T13:24:23.220+0100][gc,cpu       ] GC(1) User=0.02s Sys=0.00s Real=0.01s
[2023-06-08T13:24:23.312+0100][gc,start     ] GC(2) Pause Young (Normal) (G1 Evacuation Pause)
[2023-06-08T13:24:23.312+0100][gc,task      ] GC(2) Using 3 workers of 4 for evacuation
[2023-06-08T13:24:23.316+0100][gc,phases    ] GC(2)   Pre Evacuate Collection Set: 0.0ms
[2023-06-08T13:24:23.316+0100][gc,phases    ] GC(2)   Evacuate Collection Set: 2.8ms
[2023-06-08T13:24:23.316+0100][gc,phases    ] GC(2)   Post Evacuate Collection Set: 0.4ms
[2023-06-08T13:24:23.316+0100][gc,phases    ] GC(2)   Other: 0.2ms
[2023-06-08T13:24:23.316+0100][gc,heap      ] GC(2) Eden regions: 5->0(5)
[2023-06-08T13:24:23.316+0100][gc,heap      ] GC(2) Survivor regions: 1->1(1)
[2023-06-08T13:24:23.316+0100][gc,heap      ] GC(2) Old regions: 6->7
[2023-06-08T13:24:23.316+0100][gc,heap      ] GC(2) Humongous regions: 0->0
[2023-06-08T13:24:23.316+0100][gc,metaspace ] GC(2) Metaspace: 6336K(6784K)->6336K(6784K) NonClass: 5657K(5888K)->5657K(5888K) Class: 679K(896K)->679K(896K)
[2023-06-08T13:24:23.316+0100][gc           ] GC(2) Pause Young (Normal) (G1 Evacuation Pause) 10M->5M(130M) 3.624ms
[2023-06-08T13:24:23.316+0100][gc,cpu       ] GC(2) User=0.01s Sys=0.00s Real=0.01s
[2023-06-08T13:24:23.449+0100][gc,start     ] GC(3) Pause Young (Normal) (G1 Evacuation Pause)
[2023-06-08T13:24:23.449+0100][gc,task      ] GC(3) Using 3 workers of 4 for evacuation
[2023-06-08T13:24:23.451+0100][gc,phases    ] GC(3)   Pre Evacuate Collection Set: 0.0ms
[2023-06-08T13:24:23.451+0100][gc,phases    ] GC(3)   Evacuate Collection Set: 1.5ms
[2023-06-08T13:24:23.451+0100][gc,phases    ] GC(3)   Post Evacuate Collection Set: 0.3ms
[2023-06-08T13:24:23.451+0100][gc,phases    ] GC(3)   Other: 0.2ms
[2023-06-08T13:24:23.451+0100][gc,heap      ] GC(3) Eden regions: 5->0(5)
[2023-06-08T13:24:23.451+0100][gc,heap      ] GC(3) Survivor regions: 1->1(1)
[2023-06-08T13:24:23.451+0100][gc,heap      ] GC(3) Old regions: 7->7
[2023-06-08T13:24:23.451+0100][gc,heap      ] GC(3) Humongous regions: 0->0
[2023-06-08T13:24:23.451+0100][gc,metaspace ] GC(3) Metaspace: 7276K(7808K)->7276K(7808K) NonClass: 6517K(6912K)->6517K(6912K) Class: 759K(896K)->759K(896K)
[2023-06-08T13:24:23.451+0100][gc           ] GC(3) Pause Young (Normal) (G1 Evacuation Pause) 10M->6M(130M) 2.164ms
[2023-06-08T13:24:23.451+0100][gc,cpu       ] GC(3) User=0.00s Sys=0.00s Real=0.00s
[2023-06-08T13:24:23.710+0100][gc,start     ] GC(4) Pause Young (Normal) (G1 Evacuation Pause)
[2023-06-08T13:24:23.710+0100][gc,task      ] GC(4) Using 3 workers of 4 for evacuation
[2023-06-08T13:24:23.713+0100][gc,phases    ] GC(4)   Pre Evacuate Collection Set: 0.0ms
[2023-06-08T13:24:23.713+0100][gc,phases    ] GC(4)   Evacuate Collection Set: 2.7ms
[2023-06-08T13:24:23.713+0100][gc,phases    ] GC(4)   Post Evacuate Collection Set: 0.3ms
[2023-06-08T13:24:23.713+0100][gc,phases    ] GC(4)   Other: 0.2ms
[2023-06-08T13:24:23.713+0100][gc,heap      ] GC(4) Eden regions: 5->0(5)
[2023-06-08T13:24:23.713+0100][gc,heap      ] GC(4) Survivor regions: 1->1(1)
[2023-06-08T13:24:23.713+0100][gc,heap      ] GC(4) Old regions: 7->8
[2023-06-08T13:24:23.713+0100][gc,heap      ] GC(4) Humongous regions: 0->0
[2023-06-08T13:24:23.714+0100][gc,metaspace ] GC(4) Metaspace: 8789K(9216K)->8789K(9216K) NonClass: 7660K(7936K)->7660K(7936K) Class: 1128K(1280K)->1128K(1280K)
[2023-06-08T13:24:23.714+0100][gc           ] GC(4) Pause Young (Normal) (G1 Evacuation Pause) 11M->6M(130M) 3.378ms
[2023-06-08T13:24:23.714+0100][gc,cpu       ] GC(4) User=0.00s Sys=0.00s Real=0.01s
[2023-06-08T13:24:23.815+0100][gc,start     ] GC(5) Pause Young (Normal) (G1 Evacuation Pause)
[2023-06-08T13:24:23.815+0100][gc,task      ] GC(5) Using 3 workers of 4 for evacuation
[2023-06-08T13:24:23.817+0100][gc,phases    ] GC(5)   Pre Evacuate Collection Set: 0.0ms
[2023-06-08T13:24:23.817+0100][gc,phases    ] GC(5)   Evacuate Collection Set: 1.3ms
[2023-06-08T13:24:23.817+0100][gc,phases    ] GC(5)   Post Evacuate Collection Set: 0.3ms
[2023-06-08T13:24:23.817+0100][gc,phases    ] GC(5)   Other: 0.2ms
[2023-06-08T13:24:23.817+0100][gc,heap      ] GC(5) Eden regions: 5->0(8)
[2023-06-08T13:24:23.817+0100][gc,heap      ] GC(5) Survivor regions: 1->1(1)
[2023-06-08T13:24:23.817+0100][gc,heap      ] GC(5) Old regions: 8->8
[2023-06-08T13:24:23.817+0100][gc,heap      ] GC(5) Humongous regions: 0->0
[2023-06-08T13:24:23.817+0100][gc,metaspace ] GC(5) Metaspace: 9932K(10368K)->9932K(10368K) NonClass: 8664K(8960K)->8664K(8960K) Class: 1267K(1408K)->1267K(1408K)
[2023-06-08T13:24:23.817+0100][gc           ] GC(5) Pause Young (Normal) (G1 Evacuation Pause) 11M->6M(130M) 1.820ms
[2023-06-08T13:24:23.817+0100][gc,cpu       ] GC(5) User=0.00s Sys=0.00s Real=0.00s
[2023-06-08T13:24:23.995+0100][gc,start     ] GC(6) Pause Young (Normal) (G1 Evacuation Pause)
[2023-06-08T13:24:23.995+0100][gc,task      ] GC(6) Using 3 workers of 4 for evacuation
[2023-06-08T13:24:23.997+0100][gc,phases    ] GC(6)   Pre Evacuate Collection Set: 0.0ms
[2023-06-08T13:24:23.997+0100][gc,phases    ] GC(6)   Evacuate Collection Set: 1.5ms
[2023-06-08T13:24:23.997+0100][gc,phases    ] GC(6)   Post Evacuate Collection Set: 0.2ms
[2023-06-08T13:24:23.997+0100][gc,phases    ] GC(6)   Other: 0.2ms
[2023-06-08T13:24:23.997+0100][gc,heap      ] GC(6) Eden regions: 8->0(14)
[2023-06-08T13:24:23.997+0100][gc,heap      ] GC(6) Survivor regions: 1->1(2)
[2023-06-08T13:24:23.997+0100][gc,heap      ] GC(6) Old regions: 8->8
[2023-06-08T13:24:23.997+0100][gc,heap      ] GC(6) Humongous regions: 0->0
[2023-06-08T13:24:23.997+0100][gc,metaspace ] GC(6) Metaspace: 11853K(12544K)->11853K(12544K) NonClass: 10257K(10752K)->10257K(10752K) Class: 1596K(1792K)->1596K(1792K)
[2023-06-08T13:24:23.997+0100][gc           ] GC(6) Pause Young (Normal) (G1 Evacuation Pause) 14M->6M(130M) 2.111ms
[2023-06-08T13:24:23.997+0100][gc,cpu       ] GC(6) User=0.01s Sys=0.00s Real=0.00s
[2023-06-08T13:24:43.155+0100][gc,start     ] GC(7) Pause Young (Normal) (G1 Evacuation Pause)
[2023-06-08T13:24:43.155+0100][gc,task      ] GC(7) Using 3 workers of 4 for evacuation
[2023-06-08T13:24:43.158+0100][gc,phases    ] GC(7)   Pre Evacuate Collection Set: 0.0ms
[2023-06-08T13:24:43.158+0100][gc,phases    ] GC(7)   Evacuate Collection Set: 2.2ms
[2023-06-08T13:24:43.158+0100][gc,phases    ] GC(7)   Post Evacuate Collection Set: 0.4ms
[2023-06-08T13:24:43.158+0100][gc,phases    ] GC(7)   Other: 0.2ms
[2023-06-08T13:24:43.158+0100][gc,heap      ] GC(7) Eden regions: 14->0(75)
[2023-06-08T13:24:43.158+0100][gc,heap      ] GC(7) Survivor regions: 1->1(2)
[2023-06-08T13:24:43.158+0100][gc,heap      ] GC(7) Old regions: 8->8
[2023-06-08T13:24:43.158+0100][gc,heap      ] GC(7) Humongous regions: 0->0
[2023-06-08T13:24:43.158+0100][gc,metaspace ] GC(7) Metaspace: 15174K(15872K)->15174K(15872K) NonClass: 13080K(13568K)->13080K(13568K) Class: 2094K(2304K)->2094K(2304K)
[2023-06-08T13:24:43.158+0100][gc           ] GC(7) Pause Young (Normal) (G1 Evacuation Pause) 20M->7M(130M) 2.932ms
[2023-06-08T13:24:43.158+0100][gc,cpu       ] GC(7) User=0.00s Sys=0.00s Real=0.00s
[2023-06-08T13:24:43.185+0100][gc,heap,exit ] Heap
[2023-06-08T13:24:43.185+0100][gc,heap,exit ]  garbage-first heap   total 133120K, used 9612K [0x00000000f0000000, 0x0000000100000000)
[2023-06-08T13:24:43.185+0100][gc,heap,exit ]   region size 1024K, 4 young (4096K), 1 survivors (1024K)
[2023-06-08T13:24:43.185+0100][gc,heap,exit ]  Metaspace       used 15341K, capacity 15849K, committed 16000K, reserved 1062912K
[2023-06-08T13:24:43.185+0100][gc,heap,exit ]   class space    used 2123K, capacity 2332K, committed 2432K, reserved 1048576K
