[2023-06-08T13:27:04.249+0100][gc,heap] Heap region size: 1M
[2023-06-08T13:27:04.252+0100][gc     ] Using G1
[2023-06-08T13:27:04.252+0100][gc,heap,coops] Heap address: 0x00000000f0000000, size: 256 MB, Compressed Oops mode: 32-bit
[2023-06-08T13:27:04.253+0100][gc,cds       ] Mark closed archive regions in map: [0x00000000fff00000, 0x00000000fff6aff8]
[2023-06-08T13:27:04.253+0100][gc,cds       ] Mark open archive regions in map: [0x00000000ffe00000, 0x00000000ffe46ff8]
[2023-06-08T13:27:04.458+0100][gc,start     ] GC(0) Pause Young (Normal) (G1 Evacuation Pause)
[2023-06-08T13:27:04.459+0100][gc,task      ] GC(0) Using 3 workers of 4 for evacuation
[2023-06-08T13:27:04.470+0100][gc,phases    ] GC(0)   Pre Evacuate Collection Set: 0.0ms
[2023-06-08T13:27:04.470+0100][gc,phases    ] GC(0)   Evacuate Collection Set: 11.0ms
[2023-06-08T13:27:04.470+0100][gc,phases    ] GC(0)   Post Evacuate Collection Set: 0.4ms
[2023-06-08T13:27:04.470+0100][gc,phases    ] GC(0)   Other: 0.5ms
[2023-06-08T13:27:04.470+0100][gc,heap      ] GC(0) Eden regions: 6->0(5)
[2023-06-08T13:27:04.470+0100][gc,heap      ] GC(0) Survivor regions: 0->1(1)
[2023-06-08T13:27:04.471+0100][gc,heap      ] GC(0) Old regions: 2->5
[2023-06-08T13:27:04.471+0100][gc,heap      ] GC(0) Humongous regions: 0->0
[2023-06-08T13:27:04.471+0100][gc,metaspace ] GC(0) Metaspace: 1442K(4864K)->1442K(4864K) NonClass: 1317K(4352K)->1317K(4352K) Class: 125K(512K)->125K(512K)
[2023-06-08T13:27:04.471+0100][gc           ] GC(0) Pause Young (Normal) (G1 Evacuation Pause) 6M->4M(130M) 12.154ms
[2023-06-08T13:27:04.471+0100][gc,cpu       ] GC(0) User=0.02s Sys=0.01s Real=0.01s
[2023-06-08T13:27:04.721+0100][gc,start     ] GC(1) Pause Young (Normal) (G1 Evacuation Pause)
[2023-06-08T13:27:04.721+0100][gc,task      ] GC(1) Using 3 workers of 4 for evacuation
[2023-06-08T13:27:04.729+0100][gc,phases    ] GC(1)   Pre Evacuate Collection Set: 0.0ms
[2023-06-08T13:27:04.729+0100][gc,phases    ] GC(1)   Evacuate Collection Set: 7.8ms
[2023-06-08T13:27:04.729+0100][gc,phases    ] GC(1)   Post Evacuate Collection Set: 0.5ms
[2023-06-08T13:27:04.729+0100][gc,phases    ] GC(1)   Other: 0.2ms
[2023-06-08T13:27:04.729+0100][gc,heap      ] GC(1) Eden regions: 5->0(5)
[2023-06-08T13:27:04.729+0100][gc,heap      ] GC(1) Survivor regions: 1->1(1)
[2023-06-08T13:27:04.729+0100][gc,heap      ] GC(1) Old regions: 5->7
[2023-06-08T13:27:04.729+0100][gc,heap      ] GC(1) Humongous regions: 0->0
[2023-06-08T13:27:04.729+0100][gc,metaspace ] GC(1) Metaspace: 5059K(5632K)->5059K(5632K) NonClass: 4492K(4864K)->4492K(4864K) Class: 566K(768K)->566K(768K)
[2023-06-08T13:27:04.729+0100][gc           ] GC(1) Pause Young (Normal) (G1 Evacuation Pause) 9M->5M(130M) 8.554ms
[2023-06-08T13:27:04.729+0100][gc,cpu       ] GC(1) User=0.03s Sys=0.00s Real=0.00s
[2023-06-08T13:27:04.821+0100][gc,start     ] GC(2) Pause Young (Normal) (G1 Evacuation Pause)
[2023-06-08T13:27:04.821+0100][gc,task      ] GC(2) Using 3 workers of 4 for evacuation
[2023-06-08T13:27:04.825+0100][gc,phases    ] GC(2)   Pre Evacuate Collection Set: 0.0ms
[2023-06-08T13:27:04.825+0100][gc,phases    ] GC(2)   Evacuate Collection Set: 4.3ms
[2023-06-08T13:27:04.825+0100][gc,phases    ] GC(2)   Post Evacuate Collection Set: 0.4ms
[2023-06-08T13:27:04.825+0100][gc,phases    ] GC(2)   Other: 0.1ms
[2023-06-08T13:27:04.825+0100][gc,heap      ] GC(2) Eden regions: 5->0(5)
[2023-06-08T13:27:04.825+0100][gc,heap      ] GC(2) Survivor regions: 1->1(1)
[2023-06-08T13:27:04.825+0100][gc,heap      ] GC(2) Old regions: 7->8
[2023-06-08T13:27:04.825+0100][gc,heap      ] GC(2) Humongous regions: 0->0
[2023-06-08T13:27:04.825+0100][gc,metaspace ] GC(2) Metaspace: 6321K(6784K)->6321K(6784K) NonClass: 5642K(5888K)->5642K(5888K) Class: 679K(896K)->679K(896K)
[2023-06-08T13:27:04.825+0100][gc           ] GC(2) Pause Young (Normal) (G1 Evacuation Pause) 10M->5M(130M) 4.963ms
[2023-06-08T13:27:04.826+0100][gc,cpu       ] GC(2) User=0.01s Sys=0.00s Real=0.01s
[2023-06-08T13:27:04.961+0100][gc,start     ] GC(3) Pause Young (Normal) (G1 Evacuation Pause)
[2023-06-08T13:27:04.961+0100][gc,task      ] GC(3) Using 3 workers of 4 for evacuation
[2023-06-08T13:27:04.963+0100][gc,phases    ] GC(3)   Pre Evacuate Collection Set: 0.0ms
[2023-06-08T13:27:04.963+0100][gc,phases    ] GC(3)   Evacuate Collection Set: 1.3ms
[2023-06-08T13:27:04.963+0100][gc,phases    ] GC(3)   Post Evacuate Collection Set: 0.3ms
[2023-06-08T13:27:04.963+0100][gc,phases    ] GC(3)   Other: 0.2ms
[2023-06-08T13:27:04.963+0100][gc,heap      ] GC(3) Eden regions: 5->0(5)
[2023-06-08T13:27:04.963+0100][gc,heap      ] GC(3) Survivor regions: 1->1(1)
[2023-06-08T13:27:04.963+0100][gc,heap      ] GC(3) Old regions: 8->8
[2023-06-08T13:27:04.963+0100][gc,heap      ] GC(3) Humongous regions: 0->0
[2023-06-08T13:27:04.963+0100][gc,metaspace ] GC(3) Metaspace: 7259K(7552K)->7259K(7552K) NonClass: 6501K(6656K)->6501K(6656K) Class: 758K(896K)->758K(896K)
[2023-06-08T13:27:04.963+0100][gc           ] GC(3) Pause Young (Normal) (G1 Evacuation Pause) 10M->6M(130M) 1.994ms
[2023-06-08T13:27:04.963+0100][gc,cpu       ] GC(3) User=0.01s Sys=0.00s Real=0.00s
[2023-06-08T13:27:05.208+0100][gc,start     ] GC(4) Pause Young (Normal) (G1 Evacuation Pause)
[2023-06-08T13:27:05.208+0100][gc,task      ] GC(4) Using 3 workers of 4 for evacuation
[2023-06-08T13:27:05.210+0100][gc,phases    ] GC(4)   Pre Evacuate Collection Set: 0.0ms
[2023-06-08T13:27:05.210+0100][gc,phases    ] GC(4)   Evacuate Collection Set: 1.4ms
[2023-06-08T13:27:05.210+0100][gc,phases    ] GC(4)   Post Evacuate Collection Set: 0.3ms
[2023-06-08T13:27:05.210+0100][gc,phases    ] GC(4)   Other: 0.2ms
[2023-06-08T13:27:05.210+0100][gc,heap      ] GC(4) Eden regions: 5->0(6)
[2023-06-08T13:27:05.210+0100][gc,heap      ] GC(4) Survivor regions: 1->1(1)
[2023-06-08T13:27:05.210+0100][gc,heap      ] GC(4) Old regions: 8->8
[2023-06-08T13:27:05.210+0100][gc,heap      ] GC(4) Humongous regions: 0->0
[2023-06-08T13:27:05.210+0100][gc,metaspace ] GC(4) Metaspace: 8774K(9216K)->8774K(9216K) NonClass: 7646K(7936K)->7646K(7936K) Class: 1128K(1280K)->1128K(1280K)
[2023-06-08T13:27:05.210+0100][gc           ] GC(4) Pause Young (Normal) (G1 Evacuation Pause) 11M->6M(130M) 2.074ms
[2023-06-08T13:27:05.210+0100][gc,cpu       ] GC(4) User=0.01s Sys=0.00s Real=0.00s
[2023-06-08T13:27:05.320+0100][gc,start     ] GC(5) Pause Young (Normal) (G1 Evacuation Pause)
[2023-06-08T13:27:05.320+0100][gc,task      ] GC(5) Using 3 workers of 4 for evacuation
[2023-06-08T13:27:05.322+0100][gc,phases    ] GC(5)   Pre Evacuate Collection Set: 0.0ms
[2023-06-08T13:27:05.322+0100][gc,phases    ] GC(5)   Evacuate Collection Set: 1.4ms
[2023-06-08T13:27:05.322+0100][gc,phases    ] GC(5)   Post Evacuate Collection Set: 0.5ms
[2023-06-08T13:27:05.322+0100][gc,phases    ] GC(5)   Other: 0.1ms
[2023-06-08T13:27:05.322+0100][gc,heap      ] GC(5) Eden regions: 6->0(10)
[2023-06-08T13:27:05.322+0100][gc,heap      ] GC(5) Survivor regions: 1->1(1)
[2023-06-08T13:27:05.322+0100][gc,heap      ] GC(5) Old regions: 8->8
[2023-06-08T13:27:05.322+0100][gc,heap      ] GC(5) Humongous regions: 0->0
[2023-06-08T13:27:05.322+0100][gc,metaspace ] GC(5) Metaspace: 10090K(10752K)->10090K(10752K) NonClass: 8784K(9216K)->8784K(9216K) Class: 1306K(1536K)->1306K(1536K)
[2023-06-08T13:27:05.322+0100][gc           ] GC(5) Pause Young (Normal) (G1 Evacuation Pause) 12M->6M(130M) 2.205ms
[2023-06-08T13:27:05.322+0100][gc,cpu       ] GC(5) User=0.01s Sys=0.00s Real=0.01s
[2023-06-08T13:27:05.576+0100][gc,start     ] GC(6) Pause Young (Normal) (G1 Evacuation Pause)
[2023-06-08T13:27:05.576+0100][gc,task      ] GC(6) Using 3 workers of 4 for evacuation
[2023-06-08T13:27:05.578+0100][gc,phases    ] GC(6)   Pre Evacuate Collection Set: 0.0ms
[2023-06-08T13:27:05.578+0100][gc,phases    ] GC(6)   Evacuate Collection Set: 1.2ms
[2023-06-08T13:27:05.578+0100][gc,phases    ] GC(6)   Post Evacuate Collection Set: 0.4ms
[2023-06-08T13:27:05.578+0100][gc,phases    ] GC(6)   Other: 0.2ms
[2023-06-08T13:27:05.578+0100][gc,heap      ] GC(6) Eden regions: 10->0(16)
[2023-06-08T13:27:05.578+0100][gc,heap      ] GC(6) Survivor regions: 1->1(2)
[2023-06-08T13:27:05.578+0100][gc,heap      ] GC(6) Old regions: 8->8
[2023-06-08T13:27:05.578+0100][gc,heap      ] GC(6) Humongous regions: 0->0
[2023-06-08T13:27:05.578+0100][gc,metaspace ] GC(6) Metaspace: 12791K(13440K)->12791K(13440K) NonClass: 11091K(11520K)->11091K(11520K) Class: 1700K(1920K)->1700K(1920K)
[2023-06-08T13:27:05.578+0100][gc           ] GC(6) Pause Young (Normal) (G1 Evacuation Pause) 16M->7M(130M) 1.953ms
[2023-06-08T13:27:05.578+0100][gc,cpu       ] GC(6) User=0.01s Sys=0.00s Real=0.00s
[2023-06-08T13:27:06.919+0100][gc,start     ] GC(7) Pause Young (Normal) (G1 Evacuation Pause)
[2023-06-08T13:27:06.919+0100][gc,task      ] GC(7) Using 3 workers of 4 for evacuation
[2023-06-08T13:27:06.922+0100][gc,phases    ] GC(7)   Pre Evacuate Collection Set: 0.0ms
[2023-06-08T13:27:06.922+0100][gc,phases    ] GC(7)   Evacuate Collection Set: 2.4ms
[2023-06-08T13:27:06.922+0100][gc,phases    ] GC(7)   Post Evacuate Collection Set: 0.4ms
[2023-06-08T13:27:06.922+0100][gc,phases    ] GC(7)   Other: 0.2ms
[2023-06-08T13:27:06.922+0100][gc,heap      ] GC(7) Eden regions: 16->0(18)
[2023-06-08T13:27:06.922+0100][gc,heap      ] GC(7) Survivor regions: 1->2(3)
[2023-06-08T13:27:06.922+0100][gc,heap      ] GC(7) Old regions: 8->8
[2023-06-08T13:27:06.922+0100][gc,heap      ] GC(7) Humongous regions: 0->0
[2023-06-08T13:27:06.922+0100][gc,metaspace ] GC(7) Metaspace: 16181K(16768K)->16181K(16768K) NonClass: 13970K(14336K)->13970K(14336K) Class: 2210K(2432K)->2210K(2432K)
[2023-06-08T13:27:06.922+0100][gc           ] GC(7) Pause Young (Normal) (G1 Evacuation Pause) 23M->7M(130M) 3.160ms
[2023-06-08T13:27:06.922+0100][gc,cpu       ] GC(7) User=0.01s Sys=0.00s Real=0.01s
[2023-06-08T13:27:07.603+0100][gc,start     ] GC(8) Pause Young (Concurrent Start) (Metadata GC Threshold)
[2023-06-08T13:27:07.603+0100][gc,task      ] GC(8) Using 3 workers of 4 for evacuation
[2023-06-08T13:27:07.607+0100][gc,phases    ] GC(8)   Pre Evacuate Collection Set: 0.1ms
[2023-06-08T13:27:07.607+0100][gc,phases    ] GC(8)   Evacuate Collection Set: 3.7ms
[2023-06-08T13:27:07.607+0100][gc,phases    ] GC(8)   Post Evacuate Collection Set: 0.5ms
[2023-06-08T13:27:07.607+0100][gc,phases    ] GC(8)   Other: 0.2ms
[2023-06-08T13:27:07.607+0100][gc,heap      ] GC(8) Eden regions: 18->0(28)
[2023-06-08T13:27:07.607+0100][gc,heap      ] GC(8) Survivor regions: 2->2(3)
[2023-06-08T13:27:07.607+0100][gc,heap      ] GC(8) Old regions: 8->8
[2023-06-08T13:27:07.607+0100][gc,heap      ] GC(8) Humongous regions: 0->0
[2023-06-08T13:27:07.607+0100][gc,metaspace ] GC(8) Metaspace: 20637K(21248K)->20637K(21248K) NonClass: 17840K(18176K)->17840K(18176K) Class: 2797K(3072K)->2797K(3072K)
[2023-06-08T13:27:07.607+0100][gc           ] GC(8) Pause Young (Concurrent Start) (Metadata GC Threshold) 25M->8M(130M) 4.605ms
[2023-06-08T13:27:07.607+0100][gc,cpu       ] GC(8) User=0.01s Sys=0.01s Real=0.00s
[2023-06-08T13:27:07.607+0100][gc           ] GC(9) Concurrent Cycle
[2023-06-08T13:27:07.607+0100][gc,marking   ] GC(9) Concurrent Clear Claimed Marks
[2023-06-08T13:27:07.607+0100][gc,marking   ] GC(9) Concurrent Clear Claimed Marks 0.082ms
[2023-06-08T13:27:07.607+0100][gc,marking   ] GC(9) Concurrent Scan Root Regions
[2023-06-08T13:27:07.627+0100][gc,marking   ] GC(9) Concurrent Scan Root Regions 19.606ms
[2023-06-08T13:27:07.627+0100][gc,marking   ] GC(9) Concurrent Mark (3.382s)
[2023-06-08T13:27:07.627+0100][gc,marking   ] GC(9) Concurrent Mark From Roots
[2023-06-08T13:27:07.627+0100][gc,task      ] GC(9) Using 1 workers of 1 for marking
[2023-06-08T13:27:07.639+0100][gc,marking   ] GC(9) Concurrent Mark From Roots 12.337ms
[2023-06-08T13:27:07.640+0100][gc,marking   ] GC(9) Concurrent Preclean
[2023-06-08T13:27:07.640+0100][gc,marking   ] GC(9) Concurrent Preclean 0.131ms
[2023-06-08T13:27:07.640+0100][gc,marking   ] GC(9) Concurrent Mark (3.382s, 3.395s) 12.542ms
[2023-06-08T13:27:07.640+0100][gc,start     ] GC(9) Pause Remark
[2023-06-08T13:27:07.643+0100][gc,stringtable] GC(9) Cleaned string and symbol table, strings: 5142 processed, 9 removed, symbols: 52419 processed, 60 removed
[2023-06-08T13:27:07.644+0100][gc            ] GC(9) Pause Remark 9M->9M(130M) 3.992ms
[2023-06-08T13:27:07.644+0100][gc,cpu        ] GC(9) User=0.00s Sys=0.00s Real=0.01s
[2023-06-08T13:27:07.644+0100][gc,marking    ] GC(9) Concurrent Rebuild Remembered Sets
[2023-06-08T13:27:07.649+0100][gc,marking    ] GC(9) Concurrent Rebuild Remembered Sets 4.929ms
[2023-06-08T13:27:07.649+0100][gc,start      ] GC(9) Pause Cleanup
[2023-06-08T13:27:07.649+0100][gc            ] GC(9) Pause Cleanup 9M->9M(130M) 0.118ms
[2023-06-08T13:27:07.649+0100][gc,cpu        ] GC(9) User=0.00s Sys=0.00s Real=0.00s
[2023-06-08T13:27:07.649+0100][gc,marking    ] GC(9) Concurrent Cleanup for Next Mark
[2023-06-08T13:27:07.651+0100][gc,marking    ] GC(9) Concurrent Cleanup for Next Mark 1.508ms
[2023-06-08T13:27:07.651+0100][gc            ] GC(9) Concurrent Cycle 43.586ms
[2023-06-08T13:27:07.853+0100][gc,start      ] GC(10) Pause Young (Concurrent Start) (G1 Humongous Allocation)
[2023-06-08T13:27:07.853+0100][gc,task       ] GC(10) Using 4 workers of 4 for evacuation
[2023-06-08T13:27:07.859+0100][gc,phases     ] GC(10)   Pre Evacuate Collection Set: 0.1ms
[2023-06-08T13:27:07.859+0100][gc,phases     ] GC(10)   Evacuate Collection Set: 5.5ms
[2023-06-08T13:27:07.859+0100][gc,phases     ] GC(10)   Post Evacuate Collection Set: 0.4ms
[2023-06-08T13:27:07.859+0100][gc,phases     ] GC(10)   Other: 0.4ms
[2023-06-08T13:27:07.859+0100][gc,heap       ] GC(10) Eden regions: 8->0(20)
[2023-06-08T13:27:07.859+0100][gc,heap       ] GC(10) Survivor regions: 2->2(4)
[2023-06-08T13:27:07.859+0100][gc,heap       ] GC(10) Old regions: 8->8
[2023-06-08T13:27:07.859+0100][gc,heap       ] GC(10) Humongous regions: 0->0
[2023-06-08T13:27:07.859+0100][gc,metaspace  ] GC(10) Metaspace: 21804K(22656K)->21804K(22656K) NonClass: 18778K(19200K)->18778K(19200K) Class: 3026K(3456K)->3026K(3456K)
[2023-06-08T13:27:07.859+0100][gc            ] GC(10) Pause Young (Concurrent Start) (G1 Humongous Allocation) 16M->8M(130M) 6.617ms
[2023-06-08T13:27:07.859+0100][gc,cpu        ] GC(10) User=0.01s Sys=0.00s Real=0.01s
[2023-06-08T13:27:07.859+0100][gc            ] GC(11) Concurrent Cycle
[2023-06-08T13:27:07.859+0100][gc,marking    ] GC(11) Concurrent Clear Claimed Marks
[2023-06-08T13:27:07.859+0100][gc,marking    ] GC(11) Concurrent Clear Claimed Marks 0.032ms
[2023-06-08T13:27:07.859+0100][gc,marking    ] GC(11) Concurrent Scan Root Regions
[2023-06-08T13:27:07.862+0100][gc,marking    ] GC(11) Concurrent Scan Root Regions 2.437ms
[2023-06-08T13:27:07.862+0100][gc,marking    ] GC(11) Concurrent Mark (3.617s)
[2023-06-08T13:27:07.862+0100][gc,marking    ] GC(11) Concurrent Mark From Roots
[2023-06-08T13:27:07.862+0100][gc,task       ] GC(11) Using 1 workers of 1 for marking
[2023-06-08T13:27:07.874+0100][gc,marking    ] GC(11) Concurrent Mark From Roots 12.269ms
[2023-06-08T13:27:07.874+0100][gc,marking    ] GC(11) Concurrent Preclean
[2023-06-08T13:27:07.874+0100][gc,marking    ] GC(11) Concurrent Preclean 0.143ms
[2023-06-08T13:27:07.874+0100][gc,marking    ] GC(11) Concurrent Mark (3.617s, 3.630s) 12.512ms
[2023-06-08T13:27:08.060+0100][gc,start      ] GC(11) Pause Remark
[2023-06-08T13:27:08.063+0100][gc,stringtable] GC(11) Cleaned string and symbol table, strings: 5359 processed, 1 removed, symbols: 55205 processed, 6 removed
[2023-06-08T13:27:08.064+0100][gc            ] GC(11) Pause Remark 137M->137M(256M) 4.226ms
[2023-06-08T13:27:08.064+0100][gc,cpu        ] GC(11) User=0.01s Sys=0.00s Real=0.01s
[2023-06-08T13:27:08.064+0100][gc,marking    ] GC(11) Concurrent Rebuild Remembered Sets
[2023-06-08T13:27:08.069+0100][gc,marking    ] GC(11) Concurrent Rebuild Remembered Sets 4.838ms
[2023-06-08T13:27:08.226+0100][gc,start      ] GC(11) Pause Cleanup
[2023-06-08T13:27:08.226+0100][gc            ] GC(11) Pause Cleanup 137M->137M(256M) 0.317ms
[2023-06-08T13:27:08.226+0100][gc,cpu        ] GC(11) User=0.01s Sys=0.00s Real=0.00s
[2023-06-08T13:27:08.227+0100][gc,marking    ] GC(11) Concurrent Cleanup for Next Mark
[2023-06-08T13:27:08.234+0100][gc,marking    ] GC(11) Concurrent Cleanup for Next Mark 7.737ms
[2023-06-08T13:27:08.234+0100][gc            ] GC(11) Concurrent Cycle 375.127ms
[2023-06-08T13:27:10.325+0100][gc,start      ] GC(12) Pause Young (Normal) (G1 Evacuation Pause)
[2023-06-08T13:27:10.325+0100][gc,task       ] GC(12) Using 4 workers of 4 for evacuation
[2023-06-08T13:27:10.332+0100][gc,phases     ] GC(12)   Pre Evacuate Collection Set: 0.0ms
[2023-06-08T13:27:10.332+0100][gc,phases     ] GC(12)   Evacuate Collection Set: 6.8ms
[2023-06-08T13:27:10.332+0100][gc,phases     ] GC(12)   Post Evacuate Collection Set: 0.5ms
[2023-06-08T13:27:10.332+0100][gc,phases     ] GC(12)   Other: 0.2ms
[2023-06-08T13:27:10.332+0100][gc,heap       ] GC(12) Eden regions: 18->0(24)
[2023-06-08T13:27:10.332+0100][gc,heap       ] GC(12) Survivor regions: 2->3(3)
[2023-06-08T13:27:10.332+0100][gc,heap       ] GC(12) Old regions: 8->9
[2023-06-08T13:27:10.332+0100][gc,heap       ] GC(12) Humongous regions: 129->129
[2023-06-08T13:27:10.332+0100][gc,metaspace  ] GC(12) Metaspace: 25500K(26496K)->25500K(26496K) NonClass: 22143K(22784K)->22143K(22784K) Class: 3357K(3712K)->3357K(3712K)
[2023-06-08T13:27:10.332+0100][gc            ] GC(12) Pause Young (Normal) (G1 Evacuation Pause) 155M->138M(256M) 7.718ms
[2023-06-08T13:27:10.332+0100][gc,cpu        ] GC(12) User=0.02s Sys=0.00s Real=0.00s
[2023-06-08T13:27:10.935+0100][gc,start      ] GC(13) Pause Young (Concurrent Start) (G1 Evacuation Pause)
[2023-06-08T13:27:10.935+0100][gc,task       ] GC(13) Using 4 workers of 4 for evacuation
[2023-06-08T13:27:10.945+0100][gc,phases     ] GC(13)   Pre Evacuate Collection Set: 0.1ms
[2023-06-08T13:27:10.945+0100][gc,phases     ] GC(13)   Evacuate Collection Set: 8.8ms
[2023-06-08T13:27:10.945+0100][gc,phases     ] GC(13)   Post Evacuate Collection Set: 0.5ms
[2023-06-08T13:27:10.945+0100][gc,phases     ] GC(13)   Other: 0.2ms
[2023-06-08T13:27:10.945+0100][gc,heap       ] GC(13) Eden regions: 24->0(28)
[2023-06-08T13:27:10.945+0100][gc,heap       ] GC(13) Survivor regions: 3->4(4)
[2023-06-08T13:27:10.945+0100][gc,heap       ] GC(13) Old regions: 9->10
[2023-06-08T13:27:10.945+0100][gc,heap       ] GC(13) Humongous regions: 129->129
[2023-06-08T13:27:10.945+0100][gc,metaspace  ] GC(13) Metaspace: 29283K(30592K)->29283K(30592K) NonClass: 25536K(26368K)->25536K(26368K) Class: 3747K(4224K)->3747K(4224K)
[2023-06-08T13:27:10.945+0100][gc            ] GC(13) Pause Young (Concurrent Start) (G1 Evacuation Pause) 162M->141M(256M) 9.832ms
[2023-06-08T13:27:10.945+0100][gc,cpu        ] GC(13) User=0.02s Sys=0.00s Real=0.01s
[2023-06-08T13:27:10.945+0100][gc            ] GC(14) Concurrent Cycle
[2023-06-08T13:27:10.945+0100][gc,marking    ] GC(14) Concurrent Clear Claimed Marks
[2023-06-08T13:27:10.945+0100][gc,marking    ] GC(14) Concurrent Clear Claimed Marks 0.179ms
[2023-06-08T13:27:10.945+0100][gc,marking    ] GC(14) Concurrent Scan Root Regions
[2023-06-08T13:27:10.949+0100][gc,marking    ] GC(14) Concurrent Scan Root Regions 3.640ms
[2023-06-08T13:27:10.949+0100][gc,marking    ] GC(14) Concurrent Mark (6.704s)
[2023-06-08T13:27:10.949+0100][gc,marking    ] GC(14) Concurrent Mark From Roots
[2023-06-08T13:27:10.949+0100][gc,task       ] GC(14) Using 1 workers of 1 for marking
[2023-06-08T13:27:10.962+0100][gc,marking    ] GC(14) Concurrent Mark From Roots 13.356ms
[2023-06-08T13:27:10.962+0100][gc,marking    ] GC(14) Concurrent Preclean
[2023-06-08T13:27:10.962+0100][gc,marking    ] GC(14) Concurrent Preclean 0.090ms
[2023-06-08T13:27:10.962+0100][gc,marking    ] GC(14) Concurrent Mark (6.704s, 6.718s) 13.543ms
[2023-06-08T13:27:10.963+0100][gc,start      ] GC(14) Pause Remark
[2023-06-08T13:27:10.969+0100][gc,stringtable] GC(14) Cleaned string and symbol table, strings: 8225 processed, 3 removed, symbols: 68414 processed, 10 removed
[2023-06-08T13:27:10.969+0100][gc            ] GC(14) Pause Remark 141M->141M(256M) 6.327ms
[2023-06-08T13:27:10.969+0100][gc,cpu        ] GC(14) User=0.02s Sys=0.00s Real=0.00s
[2023-06-08T13:27:10.969+0100][gc,marking    ] GC(14) Concurrent Rebuild Remembered Sets
[2023-06-08T13:27:10.976+0100][gc,marking    ] GC(14) Concurrent Rebuild Remembered Sets 6.899ms
[2023-06-08T13:27:10.976+0100][gc,start      ] GC(14) Pause Cleanup
[2023-06-08T13:27:10.976+0100][gc            ] GC(14) Pause Cleanup 141M->141M(256M) 0.131ms
[2023-06-08T13:27:10.976+0100][gc,cpu        ] GC(14) User=0.00s Sys=0.00s Real=0.00s
[2023-06-08T13:27:10.976+0100][gc,marking    ] GC(14) Concurrent Cleanup for Next Mark
[2023-06-08T13:27:10.978+0100][gc,marking    ] GC(14) Concurrent Cleanup for Next Mark 1.569ms
[2023-06-08T13:27:10.978+0100][gc            ] GC(14) Concurrent Cycle 32.968ms
[2023-06-08T13:27:11.578+0100][gc,start      ] GC(15) Pause Young (Normal) (G1 Evacuation Pause)
[2023-06-08T13:27:11.578+0100][gc,task       ] GC(15) Using 4 workers of 4 for evacuation
[2023-06-08T13:27:11.584+0100][gc,phases     ] GC(15)   Pre Evacuate Collection Set: 0.0ms
[2023-06-08T13:27:11.584+0100][gc,phases     ] GC(15)   Evacuate Collection Set: 5.3ms
[2023-06-08T13:27:11.584+0100][gc,phases     ] GC(15)   Post Evacuate Collection Set: 0.6ms
[2023-06-08T13:27:11.584+0100][gc,phases     ] GC(15)   Other: 0.2ms
[2023-06-08T13:27:11.584+0100][gc,heap       ] GC(15) Eden regions: 8->0(20)
[2023-06-08T13:27:11.584+0100][gc,heap       ] GC(15) Survivor regions: 4->1(2)
[2023-06-08T13:27:11.584+0100][gc,heap       ] GC(15) Old regions: 10->14
[2023-06-08T13:27:11.584+0100][gc,heap       ] GC(15) Humongous regions: 129->129
[2023-06-08T13:27:11.584+0100][gc,metaspace  ] GC(15) Metaspace: 30879K(32128K)->30879K(32128K) NonClass: 26959K(27648K)->26959K(27648K) Class: 3920K(4480K)->3920K(4480K)
[2023-06-08T13:27:11.584+0100][gc            ] GC(15) Pause Young (Normal) (G1 Evacuation Pause) 149M->141M(256M) 6.219ms
[2023-06-08T13:27:11.584+0100][gc,cpu        ] GC(15) User=0.02s Sys=0.00s Real=0.01s
[2023-06-08T13:27:12.060+0100][gc,start      ] GC(16) Pause Young (Concurrent Start) (G1 Evacuation Pause)
[2023-06-08T13:27:12.060+0100][gc,task       ] GC(16) Using 4 workers of 4 for evacuation
[2023-06-08T13:27:12.064+0100][gc,phases     ] GC(16)   Pre Evacuate Collection Set: 0.1ms
[2023-06-08T13:27:12.064+0100][gc,phases     ] GC(16)   Evacuate Collection Set: 3.2ms
[2023-06-08T13:27:12.064+0100][gc,phases     ] GC(16)   Post Evacuate Collection Set: 0.5ms
[2023-06-08T13:27:12.064+0100][gc,phases     ] GC(16)   Other: 0.2ms
[2023-06-08T13:27:12.064+0100][gc,heap       ] GC(16) Eden regions: 20->0(23)
[2023-06-08T13:27:12.064+0100][gc,heap       ] GC(16) Survivor regions: 1->2(3)
[2023-06-08T13:27:12.064+0100][gc,heap       ] GC(16) Old regions: 14->14
[2023-06-08T13:27:12.064+0100][gc,heap       ] GC(16) Humongous regions: 129->129
[2023-06-08T13:27:12.064+0100][gc,metaspace  ] GC(16) Metaspace: 35029K(36608K)->35029K(36608K) NonClass: 30558K(31488K)->30558K(31488K) Class: 4471K(5120K)->4471K(5120K)
[2023-06-08T13:27:12.064+0100][gc            ] GC(16) Pause Young (Concurrent Start) (G1 Evacuation Pause) 161M->142M(256M) 4.171ms
[2023-06-08T13:27:12.064+0100][gc,cpu        ] GC(16) User=0.01s Sys=0.00s Real=0.01s
[2023-06-08T13:27:12.064+0100][gc            ] GC(17) Concurrent Cycle
[2023-06-08T13:27:12.064+0100][gc,marking    ] GC(17) Concurrent Clear Claimed Marks
[2023-06-08T13:27:12.064+0100][gc,marking    ] GC(17) Concurrent Clear Claimed Marks 0.212ms
[2023-06-08T13:27:12.064+0100][gc,marking    ] GC(17) Concurrent Scan Root Regions
[2023-06-08T13:27:12.067+0100][gc,marking    ] GC(17) Concurrent Scan Root Regions 2.644ms
[2023-06-08T13:27:12.067+0100][gc,marking    ] GC(17) Concurrent Mark (7.822s)
[2023-06-08T13:27:12.067+0100][gc,marking    ] GC(17) Concurrent Mark From Roots
[2023-06-08T13:27:12.067+0100][gc,task       ] GC(17) Using 1 workers of 1 for marking
[2023-06-08T13:27:12.091+0100][gc,marking    ] GC(17) Concurrent Mark From Roots 23.746ms
[2023-06-08T13:27:12.091+0100][gc,marking    ] GC(17) Concurrent Preclean
[2023-06-08T13:27:12.091+0100][gc,marking    ] GC(17) Concurrent Preclean 0.145ms
[2023-06-08T13:27:12.091+0100][gc,marking    ] GC(17) Concurrent Mark (7.822s, 7.846s) 23.980ms
[2023-06-08T13:27:12.091+0100][gc,start      ] GC(17) Pause Remark
[2023-06-08T13:27:12.101+0100][gc,stringtable] GC(17) Cleaned string and symbol table, strings: 10580 processed, 11 removed, symbols: 85374 processed, 7 removed
[2023-06-08T13:27:12.101+0100][gc            ] GC(17) Pause Remark 145M->145M(256M) 10.258ms
[2023-06-08T13:27:12.101+0100][gc,cpu        ] GC(17) User=0.03s Sys=0.00s Real=0.02s
[2023-06-08T13:27:12.102+0100][gc,marking    ] GC(17) Concurrent Rebuild Remembered Sets
[2023-06-08T13:27:12.115+0100][gc,marking    ] GC(17) Concurrent Rebuild Remembered Sets 13.053ms
[2023-06-08T13:27:12.115+0100][gc,start      ] GC(17) Pause Cleanup
[2023-06-08T13:27:12.115+0100][gc            ] GC(17) Pause Cleanup 146M->146M(256M) 0.164ms
[2023-06-08T13:27:12.115+0100][gc,cpu        ] GC(17) User=0.00s Sys=0.00s Real=0.00s
[2023-06-08T13:27:12.115+0100][gc,marking    ] GC(17) Concurrent Cleanup for Next Mark
[2023-06-08T13:27:12.116+0100][gc,marking    ] GC(17) Concurrent Cleanup for Next Mark 1.037ms
[2023-06-08T13:27:12.116+0100][gc            ] GC(17) Concurrent Cycle 52.284ms
[2023-06-08T13:29:43.473+0100][gc,start      ] GC(18) Pause Young (Normal) (G1 Evacuation Pause)
[2023-06-08T13:29:43.473+0100][gc,task       ] GC(18) Using 4 workers of 4 for evacuation
[2023-06-08T13:29:43.478+0100][gc,phases     ] GC(18)   Pre Evacuate Collection Set: 0.0ms
[2023-06-08T13:29:43.478+0100][gc,phases     ] GC(18)   Evacuate Collection Set: 4.5ms
[2023-06-08T13:29:43.478+0100][gc,phases     ] GC(18)   Post Evacuate Collection Set: 0.5ms
[2023-06-08T13:29:43.478+0100][gc,phases     ] GC(18)   Other: 0.2ms
[2023-06-08T13:29:43.478+0100][gc,heap       ] GC(18) Eden regions: 16->0(26)
[2023-06-08T13:29:43.478+0100][gc,heap       ] GC(18) Survivor regions: 2->2(3)
[2023-06-08T13:29:43.478+0100][gc,heap       ] GC(18) Old regions: 14->14
[2023-06-08T13:29:43.478+0100][gc,heap       ] GC(18) Humongous regions: 129->129
[2023-06-08T13:29:43.478+0100][gc,metaspace  ] GC(18) Metaspace: 37393K(39296K)->37393K(39296K) NonClass: 32508K(33536K)->32508K(33536K) Class: 4885K(5760K)->4885K(5760K)
[2023-06-08T13:29:43.478+0100][gc            ] GC(18) Pause Young (Normal) (G1 Evacuation Pause) 158M->142M(256M) 5.419ms
[2023-06-08T13:29:43.478+0100][gc,cpu        ] GC(18) User=0.01s Sys=0.01s Real=0.01s
[2023-06-08T13:29:44.140+0100][gc,heap,exit  ] Heap
[2023-06-08T13:29:44.140+0100][gc,heap,exit  ]  garbage-first heap   total 262144K, used 150435K [0x00000000f0000000, 0x0000000100000000)
[2023-06-08T13:29:44.140+0100][gc,heap,exit  ]   region size 1024K, 7 young (7168K), 2 survivors (2048K)
[2023-06-08T13:29:44.140+0100][gc,heap,exit  ]  Metaspace       used 37654K, capacity 39350K, committed 39552K, reserved 1083392K
[2023-06-08T13:29:44.140+0100][gc,heap,exit  ]   class space    used 4960K, capacity 5760K, committed 5760K, reserved 1048576K
