[2023-06-09T01:18:42.405+0100][gc,heap] Heap region size: 1M
[2023-06-09T01:18:42.421+0100][gc     ] Using G1
[2023-06-09T01:18:42.421+0100][gc,heap,coops] Heap address: 0x00000000c0000000, size: 1024 MB, Compressed Oops mode: 32-bit
[2023-06-09T01:18:42.422+0100][gc,cds       ] Mark closed archive regions in map: [0x00000000fff00000, 0x00000000fff6aff8]
[2023-06-09T01:18:42.422+0100][gc,cds       ] Mark open archive regions in map: [0x00000000ffe00000, 0x00000000ffe46ff8]
[2023-06-09T01:18:48.038+0100][gc,start     ] GC(0) Pause Young (Normal) (G1 Evacuation Pause)
[2023-06-09T01:18:48.039+0100][gc,task      ] GC(0) Using 4 workers of 4 for evacuation
[2023-06-09T01:18:48.053+0100][gc,phases    ] GC(0)   Pre Evacuate Collection Set: 0.1ms
[2023-06-09T01:18:48.053+0100][gc,phases    ] GC(0)   Evacuate Collection Set: 13.6ms
[2023-06-09T01:18:48.053+0100][gc,phases    ] GC(0)   Post Evacuate Collection Set: 0.8ms
[2023-06-09T01:18:48.053+0100][gc,phases    ] GC(0)   Other: 0.9ms
[2023-06-09T01:18:48.053+0100][gc,heap      ] GC(0) Eden regions: 51->0(44)
[2023-06-09T01:18:48.053+0100][gc,heap      ] GC(0) Survivor regions: 0->7(7)
[2023-06-09T01:18:48.053+0100][gc,heap      ] GC(0) Old regions: 2->2
[2023-06-09T01:18:48.053+0100][gc,heap      ] GC(0) Humongous regions: 0->0
[2023-06-09T01:18:48.053+0100][gc,metaspace ] GC(0) Metaspace: 14439K(15104K)->14439K(15104K) NonClass: 12429K(12800K)->12429K(12800K) Class: 2009K(2304K)->2009K(2304K)
[2023-06-09T01:18:48.053+0100][gc           ] GC(0) Pause Young (Normal) (G1 Evacuation Pause) 51M->7M(1024M) 15.508ms
[2023-06-09T01:18:48.053+0100][gc,cpu       ] GC(0) User=0.04s Sys=0.01s Real=0.01s
[2023-06-09T01:18:51.281+0100][gc,start     ] GC(1) Pause Young (Concurrent Start) (Metadata GC Threshold)
[2023-06-09T01:18:51.281+0100][gc,task      ] GC(1) Using 4 workers of 4 for evacuation
[2023-06-09T01:18:51.296+0100][gc,phases    ] GC(1)   Pre Evacuate Collection Set: 0.1ms
[2023-06-09T01:18:51.296+0100][gc,phases    ] GC(1)   Evacuate Collection Set: 13.3ms
[2023-06-09T01:18:51.296+0100][gc,phases    ] GC(1)   Post Evacuate Collection Set: 0.8ms
[2023-06-09T01:18:51.296+0100][gc,phases    ] GC(1)   Other: 0.4ms
[2023-06-09T01:18:51.296+0100][gc,heap      ] GC(1) Eden regions: 26->0(49)
[2023-06-09T01:18:51.296+0100][gc,heap      ] GC(1) Survivor regions: 7->2(7)
[2023-06-09T01:18:51.296+0100][gc,heap      ] GC(1) Old regions: 2->9
[2023-06-09T01:18:51.296+0100][gc,heap      ] GC(1) Humongous regions: 0->0
[2023-06-09T01:18:51.296+0100][gc,metaspace ] GC(1) Metaspace: 20582K(21248K)->20582K(21248K) NonClass: 17824K(18176K)->17824K(18176K) Class: 2758K(3072K)->2758K(3072K)
[2023-06-09T01:18:51.296+0100][gc           ] GC(1) Pause Young (Concurrent Start) (Metadata GC Threshold) 32M->8M(1024M) 14.738ms
[2023-06-09T01:18:51.296+0100][gc,cpu       ] GC(1) User=0.04s Sys=0.01s Real=0.02s
[2023-06-09T01:18:51.296+0100][gc           ] GC(2) Concurrent Cycle
[2023-06-09T01:18:51.296+0100][gc,marking   ] GC(2) Concurrent Clear Claimed Marks
[2023-06-09T01:18:51.296+0100][gc,marking   ] GC(2) Concurrent Clear Claimed Marks 0.090ms
[2023-06-09T01:18:51.296+0100][gc,marking   ] GC(2) Concurrent Scan Root Regions
[2023-06-09T01:18:51.297+0100][gc,marking   ] GC(2) Concurrent Scan Root Regions 1.331ms
[2023-06-09T01:18:51.297+0100][gc,marking   ] GC(2) Concurrent Mark (8.949s)
[2023-06-09T01:18:51.297+0100][gc,marking   ] GC(2) Concurrent Mark From Roots
[2023-06-09T01:18:51.297+0100][gc,task      ] GC(2) Using 1 workers of 1 for marking
[2023-06-09T01:18:51.309+0100][gc,marking   ] GC(2) Concurrent Mark From Roots 12.153ms
[2023-06-09T01:18:51.310+0100][gc,marking   ] GC(2) Concurrent Preclean
[2023-06-09T01:18:51.310+0100][gc,marking   ] GC(2) Concurrent Preclean 0.120ms
[2023-06-09T01:18:51.310+0100][gc,marking   ] GC(2) Concurrent Mark (8.949s, 8.961s) 12.354ms
[2023-06-09T01:18:51.320+0100][gc,start     ] GC(2) Pause Remark
[2023-06-09T01:18:51.323+0100][gc,stringtable] GC(2) Cleaned string and symbol table, strings: 5076 processed, 0 removed, symbols: 52228 processed, 59 removed
[2023-06-09T01:18:51.324+0100][gc            ] GC(2) Pause Remark 8M->8M(1024M) 3.706ms
[2023-06-09T01:18:51.324+0100][gc,cpu        ] GC(2) User=0.01s Sys=0.00s Real=0.01s
[2023-06-09T01:18:51.324+0100][gc,marking    ] GC(2) Concurrent Rebuild Remembered Sets
[2023-06-09T01:18:51.332+0100][gc,marking    ] GC(2) Concurrent Rebuild Remembered Sets 8.030ms
[2023-06-09T01:18:51.334+0100][gc,start      ] GC(2) Pause Cleanup
[2023-06-09T01:18:51.335+0100][gc            ] GC(2) Pause Cleanup 10M->10M(1024M) 0.405ms
[2023-06-09T01:18:51.335+0100][gc,cpu        ] GC(2) User=0.00s Sys=0.00s Real=0.00s
[2023-06-09T01:18:51.335+0100][gc,marking    ] GC(2) Concurrent Cleanup for Next Mark
[2023-06-09T01:18:51.370+0100][gc,marking    ] GC(2) Concurrent Cleanup for Next Mark 34.564ms
[2023-06-09T01:18:51.370+0100][gc            ] GC(2) Concurrent Cycle 73.785ms
[2023-06-09T01:18:54.371+0100][gc,start      ] GC(3) Pause Young (Normal) (G1 Evacuation Pause)
[2023-06-09T01:18:54.371+0100][gc,task       ] GC(3) Using 4 workers of 4 for evacuation
[2023-06-09T01:18:54.383+0100][gc,phases     ] GC(3)   Pre Evacuate Collection Set: 0.1ms
[2023-06-09T01:18:54.383+0100][gc,phases     ] GC(3)   Evacuate Collection Set: 11.1ms
[2023-06-09T01:18:54.383+0100][gc,phases     ] GC(3)   Post Evacuate Collection Set: 0.9ms
[2023-06-09T01:18:54.383+0100][gc,phases     ] GC(3)   Other: 0.3ms
[2023-06-09T01:18:54.383+0100][gc,heap       ] GC(3) Eden regions: 49->0(46)
[2023-06-09T01:18:54.383+0100][gc,heap       ] GC(3) Survivor regions: 2->5(7)
[2023-06-09T01:18:54.383+0100][gc,heap       ] GC(3) Old regions: 9->9
[2023-06-09T01:18:54.383+0100][gc,heap       ] GC(3) Humongous regions: 129->129
[2023-06-09T01:18:54.383+0100][gc,metaspace  ] GC(3) Metaspace: 28822K(30080K)->28822K(30080K) NonClass: 25117K(25856K)->25117K(25856K) Class: 3704K(4224K)->3704K(4224K)
[2023-06-09T01:18:54.383+0100][gc            ] GC(3) Pause Young (Normal) (G1 Evacuation Pause) 186M->140M(1024M) 12.558ms
[2023-06-09T01:18:54.383+0100][gc,cpu        ] GC(3) User=0.03s Sys=0.00s Real=0.02s
[2023-06-09T01:18:56.278+0100][gc,start      ] GC(4) Pause Young (Concurrent Start) (Metadata GC Threshold)
[2023-06-09T01:18:56.279+0100][gc,task       ] GC(4) Using 4 workers of 4 for evacuation
[2023-06-09T01:18:56.293+0100][gc,phases     ] GC(4)   Pre Evacuate Collection Set: 0.2ms
[2023-06-09T01:18:56.293+0100][gc,phases     ] GC(4)   Evacuate Collection Set: 13.5ms
[2023-06-09T01:18:56.293+0100][gc,phases     ] GC(4)   Post Evacuate Collection Set: 0.8ms
[2023-06-09T01:18:56.293+0100][gc,phases     ] GC(4)   Other: 0.5ms
[2023-06-09T01:18:56.293+0100][gc,heap       ] GC(4) Eden regions: 31->0(45)
[2023-06-09T01:18:56.293+0100][gc,heap       ] GC(4) Survivor regions: 5->6(7)
[2023-06-09T01:18:56.293+0100][gc,heap       ] GC(4) Old regions: 9->10
[2023-06-09T01:18:56.294+0100][gc,heap       ] GC(4) Humongous regions: 129->129
[2023-06-09T01:18:56.294+0100][gc,metaspace  ] GC(4) Metaspace: 34518K(35840K)->34518K(35840K) NonClass: 30153K(30848K)->30153K(30848K) Class: 4365K(4992K)->4365K(4992K)
[2023-06-09T01:18:56.294+0100][gc            ] GC(4) Pause Young (Concurrent Start) (Metadata GC Threshold) 170M->142M(1024M) 15.098ms
[2023-06-09T01:18:56.294+0100][gc,cpu        ] GC(4) User=0.05s Sys=0.00s Real=0.01s
[2023-06-09T01:18:56.294+0100][gc            ] GC(5) Concurrent Cycle
[2023-06-09T01:18:56.294+0100][gc,marking    ] GC(5) Concurrent Clear Claimed Marks
[2023-06-09T01:18:56.294+0100][gc,marking    ] GC(5) Concurrent Clear Claimed Marks 0.223ms
[2023-06-09T01:18:56.294+0100][gc,marking    ] GC(5) Concurrent Scan Root Regions
[2023-06-09T01:18:56.301+0100][gc,marking    ] GC(5) Concurrent Scan Root Regions 6.615ms
[2023-06-09T01:18:56.301+0100][gc,marking    ] GC(5) Concurrent Mark (13.952s)
[2023-06-09T01:18:56.301+0100][gc,marking    ] GC(5) Concurrent Mark From Roots
[2023-06-09T01:18:56.301+0100][gc,task       ] GC(5) Using 1 workers of 1 for marking
[2023-06-09T01:18:56.378+0100][gc,marking    ] GC(5) Concurrent Mark From Roots 77.865ms
[2023-06-09T01:18:56.379+0100][gc,marking    ] GC(5) Concurrent Preclean
[2023-06-09T01:18:56.379+0100][gc,marking    ] GC(5) Concurrent Preclean 0.156ms
[2023-06-09T01:18:56.379+0100][gc,marking    ] GC(5) Concurrent Mark (13.952s, 14.030s) 78.106ms
[2023-06-09T01:18:56.379+0100][gc,start      ] GC(5) Pause Remark
[2023-06-09T01:18:56.390+0100][gc,stringtable] GC(5) Cleaned string and symbol table, strings: 10370 processed, 14 removed, symbols: 84504 processed, 16 removed
[2023-06-09T01:18:56.391+0100][gc            ] GC(5) Pause Remark 144M->144M(1024M) 11.705ms
[2023-06-09T01:18:56.391+0100][gc,cpu        ] GC(5) User=0.03s Sys=0.00s Real=0.01s
[2023-06-09T01:18:56.391+0100][gc,marking    ] GC(5) Concurrent Rebuild Remembered Sets
[2023-06-09T01:18:56.399+0100][gc,marking    ] GC(5) Concurrent Rebuild Remembered Sets 8.009ms
[2023-06-09T01:18:56.403+0100][gc,start      ] GC(5) Pause Cleanup
[2023-06-09T01:18:56.404+0100][gc            ] GC(5) Pause Cleanup 144M->144M(1024M) 1.123ms
[2023-06-09T01:18:56.404+0100][gc,cpu        ] GC(5) User=0.00s Sys=0.00s Real=0.00s
[2023-06-09T01:18:56.405+0100][gc,marking    ] GC(5) Concurrent Cleanup for Next Mark
[2023-06-09T01:18:56.420+0100][gc,marking    ] GC(5) Concurrent Cleanup for Next Mark 14.660ms
[2023-06-09T01:18:56.420+0100][gc            ] GC(5) Concurrent Cycle 126.110ms
[2023-06-09T01:23:28.739+0100][gc,start      ] GC(6) Pause Young (Normal) (G1 Evacuation Pause)
[2023-06-09T01:23:28.739+0100][gc,task       ] GC(6) Using 4 workers of 4 for evacuation
[2023-06-09T01:23:28.746+0100][gc,phases     ] GC(6)   Pre Evacuate Collection Set: 0.1ms
[2023-06-09T01:23:28.746+0100][gc,phases     ] GC(6)   Evacuate Collection Set: 6.0ms
[2023-06-09T01:23:28.746+0100][gc,phases     ] GC(6)   Post Evacuate Collection Set: 0.8ms
[2023-06-09T01:23:28.746+0100][gc,phases     ] GC(6)   Other: 0.3ms
[2023-06-09T01:23:28.746+0100][gc,heap       ] GC(6) Eden regions: 45->0(48)
[2023-06-09T01:23:28.747+0100][gc,heap       ] GC(6) Survivor regions: 6->3(7)
[2023-06-09T01:23:28.747+0100][gc,heap       ] GC(6) Old regions: 10->13
[2023-06-09T01:23:28.747+0100][gc,heap       ] GC(6) Humongous regions: 129->129
[2023-06-09T01:23:28.747+0100][gc,metaspace  ] GC(6) Metaspace: 36163K(37708K)->36163K(37708K) NonClass: 31593K(32384K)->31593K(32384K) Class: 4570K(5324K)->4570K(5324K)
[2023-06-09T01:23:28.747+0100][gc            ] GC(6) Pause Young (Normal) (G1 Evacuation Pause) 187M->142M(1024M) 7.366ms
[2023-06-09T01:23:28.747+0100][gc,cpu        ] GC(6) User=0.03s Sys=0.00s Real=0.01s
[2023-06-09T01:25:34.195+0100][gc,heap,exit  ] Heap
[2023-06-09T01:25:34.212+0100][gc,heap,exit  ]  garbage-first heap   total 1048576K, used 173924K [0x00000000c0000000, 0x0000000100000000)
[2023-06-09T01:25:34.212+0100][gc,heap,exit  ]   region size 1024K, 32 young (32768K), 3 survivors (3072K)
[2023-06-09T01:25:34.212+0100][gc,heap,exit  ]  Metaspace       used 36853K, capacity 38416K, committed 38604K, reserved 1083392K
[2023-06-09T01:25:34.212+0100][gc,heap,exit  ]   class space    used 4741K, capacity 5465K, committed 5580K, reserved 1048576K
