[2023-06-08T12:32:39.939+0100][gc,heap] Heap region size: 1M
[2023-06-08T12:32:39.956+0100][gc     ] Using G1
[2023-06-08T12:32:39.956+0100][gc,heap,coops] Heap address: 0x00000000c0000000, size: 1024 MB, Compressed Oops mode: 32-bit
[2023-06-08T12:32:39.956+0100][gc,cds       ] Mark closed archive regions in map: [0x00000000fff00000, 0x00000000fff6aff8]
[2023-06-08T12:32:39.956+0100][gc,cds       ] Mark open archive regions in map: [0x00000000ffe00000, 0x00000000ffe46ff8]
[2023-06-08T12:32:41.729+0100][gc,heap,exit ] Heap
[2023-06-08T12:32:41.729+0100][gc,heap,exit ]  garbage-first heap   total 1048576K, used 45768K [0x00000000c0000000, 0x0000000100000000)
[2023-06-08T12:32:41.729+0100][gc,heap,exit ]   region size 1024K, 45 young (46080K), 0 survivors (0K)
[2023-06-08T12:32:41.729+0100][gc,heap,exit ]  Metaspace       used 13109K, capacity 13525K, committed 13824K, reserved 1060864K
[2023-06-08T12:32:41.729+0100][gc,heap,exit ]   class space    used 1775K, capacity 1926K, committed 2048K, reserved 1048576K
