[2023-06-09T01:26:05.944+0100][gc,heap] Heap region size: 1M
[2023-06-09T01:26:05.952+0100][gc     ] Using G1
[2023-06-09T01:26:05.952+0100][gc,heap,coops] Heap address: 0x00000000e0000000, size: 512 MB, Compressed Oops mode: 32-bit
[2023-06-09T01:26:05.953+0100][gc,cds       ] Mark closed archive regions in map: [0x00000000fff00000, 0x00000000fff6aff8]
[2023-06-09T01:26:05.953+0100][gc,cds       ] Mark open archive regions in map: [0x00000000ffe00000, 0x00000000ffe46ff8]
[2023-06-09T01:26:07.099+0100][gc,start     ] GC(0) Pause Young (Normal) (G1 Evacuation Pause)
[2023-06-09T01:26:07.100+0100][gc,task      ] GC(0) Using 4 workers of 4 for evacuation
[2023-06-09T01:26:07.118+0100][gc,phases    ] GC(0)   Pre Evacuate Collection Set: 0.1ms
[2023-06-09T01:26:07.119+0100][gc,phases    ] GC(0)   Evacuate Collection Set: 17.7ms
[2023-06-09T01:26:07.119+0100][gc,phases    ] GC(0)   Post Evacuate Collection Set: 0.6ms
[2023-06-09T01:26:07.119+0100][gc,phases    ] GC(0)   Other: 0.9ms
[2023-06-09T01:26:07.119+0100][gc,heap      ] GC(0) Eden regions: 25->0(21)
[2023-06-09T01:26:07.119+0100][gc,heap      ] GC(0) Survivor regions: 0->4(4)
[2023-06-09T01:26:07.119+0100][gc,heap      ] GC(0) Old regions: 2->5
[2023-06-09T01:26:07.119+0100][gc,heap      ] GC(0) Humongous regions: 0->0
[2023-06-09T01:26:07.119+0100][gc,metaspace ] GC(0) Metaspace: 7367K(7936K)->7367K(7936K) NonClass: 6541K(6912K)->6541K(6912K) Class: 825K(1024K)->825K(1024K)
[2023-06-09T01:26:07.119+0100][gc           ] GC(0) Pause Young (Normal) (G1 Evacuation Pause) 25M->7M(512M) 19.449ms
[2023-06-09T01:26:07.119+0100][gc,cpu       ] GC(0) User=0.04s Sys=0.01s Real=0.02s
[2023-06-09T02:31:34.133+0100][gc,heap,exit ] Heap
[2023-06-09T02:31:34.168+0100][gc,heap,exit ]  garbage-first heap   total 524288K, used 21914K [0x00000000e0000000, 0x0000000100000000)
[2023-06-09T02:31:34.168+0100][gc,heap,exit ]   region size 1024K, 19 young (19456K), 4 survivors (4096K)
[2023-06-09T02:31:34.168+0100][gc,heap,exit ]  Metaspace       used 9191K, capacity 9623K, committed 9984K, reserved 1058816K
[2023-06-09T02:31:34.168+0100][gc,heap,exit ]   class space    used 983K, capacity 1153K, committed 1280K, reserved 1048576K
