[2023-06-10T00:36:41.966+0100][gc,heap] Heap region size: 1M
[2023-06-10T00:36:41.975+0100][gc     ] Using G1
[2023-06-10T00:36:41.975+0100][gc,heap,coops] Heap address: 0x00000000e0000000, size: 512 MB, Compressed Oops mode: 32-bit
[2023-06-10T00:36:41.976+0100][gc,cds       ] Mark closed archive regions in map: [0x00000000fff00000, 0x00000000fff6aff8]
[2023-06-10T00:36:41.976+0100][gc,cds       ] Mark open archive regions in map: [0x00000000ffe00000, 0x00000000ffe46ff8]
[2023-06-10T00:36:44.684+0100][gc,start     ] GC(0) Pause Young (Normal) (G1 Evacuation Pause)
[2023-06-10T00:36:44.685+0100][gc,task      ] GC(0) Using 4 workers of 4 for evacuation
[2023-06-10T00:36:44.758+0100][gc,mmu       ] GC(0) MMU target violated: 21.0ms (20.0ms/21.0ms)
[2023-06-10T00:36:44.758+0100][gc,phases    ] GC(0)   Pre Evacuate Collection Set: 0.0ms
[2023-06-10T00:36:44.758+0100][gc,phases    ] GC(0)   Evacuate Collection Set: 24.8ms
[2023-06-10T00:36:44.758+0100][gc,phases    ] GC(0)   Post Evacuate Collection Set: 4.6ms
[2023-06-10T00:36:44.758+0100][gc,phases    ] GC(0)   Other: 44.5ms
[2023-06-10T00:36:44.758+0100][gc,heap      ] GC(0) Eden regions: 25->0(21)
[2023-06-10T00:36:44.758+0100][gc,heap      ] GC(0) Survivor regions: 0->4(4)
[2023-06-10T00:36:44.758+0100][gc,heap      ] GC(0) Old regions: 2->5
[2023-06-10T00:36:44.758+0100][gc,heap      ] GC(0) Humongous regions: 0->0
[2023-06-10T00:36:44.758+0100][gc,metaspace ] GC(0) Metaspace: 7507K(8192K)->7507K(8192K) NonClass: 6669K(7168K)->6669K(7168K) Class: 837K(1024K)->837K(1024K)
[2023-06-10T00:36:44.758+0100][gc           ] GC(0) Pause Young (Normal) (G1 Evacuation Pause) 25M->7M(512M) 74.096ms
[2023-06-10T00:36:44.758+0100][gc,cpu       ] GC(0) User=0.06s Sys=0.01s Real=0.08s
[2023-06-10T01:50:11.969+0100][gc,heap,exit ] Heap
[2023-06-10T01:50:12.026+0100][gc,heap,exit ]  garbage-first heap   total 524288K, used 27134K [0x00000000e0000000, 0x0000000100000000)
[2023-06-10T01:50:12.026+0100][gc,heap,exit ]   region size 1024K, 24 young (24576K), 4 survivors (4096K)
[2023-06-10T01:50:12.075+0100][gc,heap,exit ]  Metaspace       used 9320K, capacity 9691K, committed 9984K, reserved 1058816K
[2023-06-10T01:50:12.075+0100][gc,heap,exit ]   class space    used 984K, capacity 1153K, committed 1280K, reserved 1048576K
