[2023-06-08T12:33:29.753+0100][gc,heap] Heap region size: 1M
[2023-06-08T12:33:29.762+0100][gc     ] Using G1
[2023-06-08T12:33:29.762+0100][gc,heap,coops] Heap address: 0x00000000e0000000, size: 512 MB, Compressed Oops mode: 32-bit
[2023-06-08T12:33:29.762+0100][gc,cds       ] Mark closed archive regions in map: [0x00000000fff00000, 0x00000000fff6aff8]
[2023-06-08T12:33:29.762+0100][gc,cds       ] Mark open archive regions in map: [0x00000000ffe00000, 0x00000000ffe46ff8]
[2023-06-08T12:33:30.705+0100][gc,start     ] GC(0) Pause Young (Normal) (G1 Evacuation Pause)
[2023-06-08T12:33:30.705+0100][gc,task      ] GC(0) Using 4 workers of 4 for evacuation
[2023-06-08T12:33:30.735+0100][gc,mmu       ] GC(0) MMU target violated: 21.0ms (20.0ms/21.0ms)
[2023-06-08T12:33:30.735+0100][gc,phases    ] GC(0)   Pre Evacuate Collection Set: 0.0ms
[2023-06-08T12:33:30.735+0100][gc,phases    ] GC(0)   Evacuate Collection Set: 14.3ms
[2023-06-08T12:33:30.735+0100][gc,phases    ] GC(0)   Post Evacuate Collection Set: 15.4ms
[2023-06-08T12:33:30.735+0100][gc,phases    ] GC(0)   Other: 0.7ms
[2023-06-08T12:33:30.735+0100][gc,heap      ] GC(0) Eden regions: 25->0(21)
[2023-06-08T12:33:30.735+0100][gc,heap      ] GC(0) Survivor regions: 0->4(4)
[2023-06-08T12:33:30.736+0100][gc,heap      ] GC(0) Old regions: 2->5
[2023-06-08T12:33:30.736+0100][gc,heap      ] GC(0) Humongous regions: 0->0
[2023-06-08T12:33:30.736+0100][gc,metaspace ] GC(0) Metaspace: 7407K(7936K)->7407K(7936K) NonClass: 6577K(6912K)->6577K(6912K) Class: 830K(1024K)->830K(1024K)
[2023-06-08T12:33:30.736+0100][gc           ] GC(0) Pause Young (Normal) (G1 Evacuation Pause) 25M->7M(512M) 30.548ms
[2023-06-08T12:33:30.736+0100][gc,cpu       ] GC(0) User=0.04s Sys=0.01s Real=0.03s
[2023-06-08T12:36:31.905+0100][gc,heap,exit ] Heap
[2023-06-08T12:36:31.905+0100][gc,heap,exit ]  garbage-first heap   total 524288K, used 12775K [0x00000000e0000000, 0x0000000100000000)
[2023-06-08T12:36:31.905+0100][gc,heap,exit ]   region size 1024K, 10 young (10240K), 4 survivors (4096K)
[2023-06-08T12:36:31.905+0100][gc,heap,exit ]  Metaspace       used 8047K, capacity 8438K, committed 8832K, reserved 1056768K
[2023-06-08T12:36:31.905+0100][gc,heap,exit ]   class space    used 903K, capacity 1054K, committed 1152K, reserved 1048576K
