[2023-06-08T13:37:30.600+0100][gc,heap] Heap region size: 1M
[2023-06-08T13:37:30.609+0100][gc     ] Using G1
[2023-06-08T13:37:30.609+0100][gc,heap,coops] Heap address: 0x00000000e0000000, size: 512 MB, Compressed Oops mode: 32-bit
[2023-06-08T13:37:30.609+0100][gc,cds       ] Mark closed archive regions in map: [0x00000000fff00000, 0x00000000fff6aff8]
[2023-06-08T13:37:30.609+0100][gc,cds       ] Mark open archive regions in map: [0x00000000ffe00000, 0x00000000ffe46ff8]
[2023-06-08T13:37:35.545+0100][gc,start     ] GC(0) Pause Young (Normal) (G1 Evacuation Pause)
[2023-06-08T13:37:35.545+0100][gc,task      ] GC(0) Using 4 workers of 4 for evacuation
[2023-06-08T13:37:35.559+0100][gc,phases    ] GC(0)   Pre Evacuate Collection Set: 0.0ms
[2023-06-08T13:37:35.560+0100][gc,phases    ] GC(0)   Evacuate Collection Set: 13.2ms
[2023-06-08T13:37:35.560+0100][gc,phases    ] GC(0)   Post Evacuate Collection Set: 0.7ms
[2023-06-08T13:37:35.560+0100][gc,phases    ] GC(0)   Other: 0.7ms
[2023-06-08T13:37:35.560+0100][gc,heap      ] GC(0) Eden regions: 25->0(21)
[2023-06-08T13:37:35.560+0100][gc,heap      ] GC(0) Survivor regions: 0->4(4)
[2023-06-08T13:37:35.560+0100][gc,heap      ] GC(0) Old regions: 2->5
[2023-06-08T13:37:35.560+0100][gc,heap      ] GC(0) Humongous regions: 0->0
[2023-06-08T13:37:35.560+0100][gc,metaspace ] GC(0) Metaspace: 7528K(8192K)->7528K(8192K) NonClass: 6688K(7168K)->6688K(7168K) Class: 839K(1024K)->839K(1024K)
[2023-06-08T13:37:35.560+0100][gc           ] GC(0) Pause Young (Normal) (G1 Evacuation Pause) 25M->7M(512M) 14.840ms
[2023-06-08T13:37:35.560+0100][gc,cpu       ] GC(0) User=0.04s Sys=0.01s Real=0.01s
[2023-06-08T18:52:07.089+0100][gc,start     ] GC(1) Pause Young (Normal) (G1 Evacuation Pause)
[2023-06-08T18:52:07.185+0100][gc,task      ] GC(1) Using 4 workers of 4 for evacuation
[2023-06-08T18:52:30.310+0100][gc,mmu       ] GC(1) MMU target violated: 21.0ms (20.0ms/21.0ms)
[2023-06-08T18:52:30.310+0100][gc,phases    ] GC(1)   Pre Evacuate Collection Set: 3463.0ms
[2023-06-08T18:52:30.310+0100][gc,phases    ] GC(1)   Evacuate Collection Set: 18998.1ms
[2023-06-08T18:52:30.310+0100][gc,phases    ] GC(1)   Post Evacuate Collection Set: 284.5ms
[2023-06-08T18:52:30.310+0100][gc,phases    ] GC(1)   Other: 624.1ms
[2023-06-08T18:52:30.310+0100][gc,heap      ] GC(1) Eden regions: 21->0(24)
[2023-06-08T18:52:30.310+0100][gc,heap      ] GC(1) Survivor regions: 4->1(4)
[2023-06-08T18:52:30.310+0100][gc,heap      ] GC(1) Old regions: 5->10
[2023-06-08T18:52:30.310+0100][gc,heap      ] GC(1) Humongous regions: 0->0
[2023-06-08T18:52:30.310+0100][gc,metaspace ] GC(1) Metaspace: 9294K(9984K)->9294K(9984K) NonClass: 8310K(8704K)->8310K(8704K) Class: 984K(1280K)->984K(1280K)
[2023-06-08T18:52:30.333+0100][gc           ] GC(1) Pause Young (Normal) (G1 Evacuation Pause) 28M->8M(512M) 23221.489ms
[2023-06-08T18:52:30.333+0100][gc,cpu       ] GC(1) User=3.22s Sys=0.11s Real=23.25s
