[2023-06-09T00:01:23.649+0100][gc,heap] Heap region size: 1M
[2023-06-09T00:01:23.658+0100][gc     ] Using G1
[2023-06-09T00:01:23.658+0100][gc,heap,coops] Heap address: 0x00000000e0000000, size: 512 MB, Compressed Oops mode: 32-bit
[2023-06-09T00:01:23.658+0100][gc,cds       ] Mark closed archive regions in map: [0x00000000fff00000, 0x00000000fff6aff8]
[2023-06-09T00:01:23.658+0100][gc,cds       ] Mark open archive regions in map: [0x00000000ffe00000, 0x00000000ffe46ff8]
[2023-06-09T00:01:26.285+0100][gc,start     ] GC(0) Pause Young (Normal) (G1 Evacuation Pause)
[2023-06-09T00:01:26.285+0100][gc,task      ] GC(0) Using 4 workers of 4 for evacuation
[2023-06-09T00:01:26.312+0100][gc,mmu       ] GC(0) MMU target violated: 21.0ms (20.0ms/21.0ms)
[2023-06-09T00:01:26.312+0100][gc,phases    ] GC(0)   Pre Evacuate Collection Set: 0.0ms
[2023-06-09T00:01:26.312+0100][gc,phases    ] GC(0)   Evacuate Collection Set: 26.1ms
[2023-06-09T00:01:26.312+0100][gc,phases    ] GC(0)   Post Evacuate Collection Set: 0.8ms
[2023-06-09T00:01:26.312+0100][gc,phases    ] GC(0)   Other: 0.8ms
[2023-06-09T00:01:26.312+0100][gc,heap      ] GC(0) Eden regions: 25->0(21)
[2023-06-09T00:01:26.312+0100][gc,heap      ] GC(0) Survivor regions: 0->4(4)
[2023-06-09T00:01:26.312+0100][gc,heap      ] GC(0) Old regions: 2->5
[2023-06-09T00:01:26.312+0100][gc,heap      ] GC(0) Humongous regions: 0->0
[2023-06-09T00:01:26.312+0100][gc,metaspace ] GC(0) Metaspace: 7443K(7936K)->7443K(7936K) NonClass: 6611K(6912K)->6611K(6912K) Class: 831K(1024K)->831K(1024K)
[2023-06-09T00:01:26.312+0100][gc           ] GC(0) Pause Young (Normal) (G1 Evacuation Pause) 25M->7M(512M) 27.866ms
[2023-06-09T00:01:26.312+0100][gc,cpu       ] GC(0) User=0.05s Sys=0.01s Real=0.02s
[2023-06-09T01:21:35.749+0100][gc,heap,exit ] Heap
[2023-06-09T01:21:35.795+0100][gc,heap,exit ]  garbage-first heap   total 524288K, used 21100K [0x00000000e0000000, 0x0000000100000000)
[2023-06-09T01:21:35.795+0100][gc,heap,exit ]   region size 1024K, 18 young (18432K), 4 survivors (4096K)
[2023-06-09T01:21:35.795+0100][gc,heap,exit ]  Metaspace       used 9266K, capacity 9683K, committed 9984K, reserved 1058816K
[2023-06-09T01:21:35.795+0100][gc,heap,exit ]   class space    used 983K, capacity 1153K, committed 1280K, reserved 1048576K
