[2023-06-09T18:43:58.040+0100][gc,heap] Heap region size: 1M
[2023-06-09T18:43:58.049+0100][gc     ] Using G1
[2023-06-09T18:43:58.049+0100][gc,heap,coops] Heap address: 0x00000000e0000000, size: 512 MB, Compressed Oops mode: 32-bit
[2023-06-09T18:43:58.050+0100][gc,cds       ] Mark closed archive regions in map: [0x00000000fff00000, 0x00000000fff6aff8]
[2023-06-09T18:43:58.050+0100][gc,cds       ] Mark open archive regions in map: [0x00000000ffe00000, 0x00000000ffe46ff8]
[2023-06-09T18:44:02.308+0100][gc,start     ] GC(0) Pause Young (Normal) (G1 Evacuation Pause)
[2023-06-09T18:44:02.308+0100][gc,task      ] GC(0) Using 4 workers of 4 for evacuation
[2023-06-09T18:44:02.336+0100][gc,mmu       ] GC(0) MMU target violated: 21.0ms (20.0ms/21.0ms)
[2023-06-09T18:44:02.336+0100][gc,phases    ] GC(0)   Pre Evacuate Collection Set: 0.1ms
[2023-06-09T18:44:02.336+0100][gc,phases    ] GC(0)   Evacuate Collection Set: 26.9ms
[2023-06-09T18:44:02.336+0100][gc,phases    ] GC(0)   Post Evacuate Collection Set: 0.7ms
[2023-06-09T18:44:02.336+0100][gc,phases    ] GC(0)   Other: 1.1ms
[2023-06-09T18:44:02.336+0100][gc,heap      ] GC(0) Eden regions: 25->0(21)
[2023-06-09T18:44:02.336+0100][gc,heap      ] GC(0) Survivor regions: 0->4(4)
[2023-06-09T18:44:02.336+0100][gc,heap      ] GC(0) Old regions: 2->5
[2023-06-09T18:44:02.336+0100][gc,heap      ] GC(0) Humongous regions: 0->0
[2023-06-09T18:44:02.336+0100][gc,metaspace ] GC(0) Metaspace: 7517K(7936K)->7517K(7936K) NonClass: 6679K(6912K)->6679K(6912K) Class: 837K(1024K)->837K(1024K)
[2023-06-09T18:44:02.336+0100][gc           ] GC(0) Pause Young (Normal) (G1 Evacuation Pause) 25M->7M(512M) 28.850ms
[2023-06-09T18:44:02.336+0100][gc,cpu       ] GC(0) User=0.07s Sys=0.00s Real=0.02s
[2023-06-09T22:05:10.188+0100][gc,start     ] GC(1) Pause Young (Normal) (G1 Evacuation Pause)
[2023-06-09T22:05:10.328+0100][gc,task      ] GC(1) Using 4 workers of 4 for evacuation
[2023-06-09T22:05:16.206+0100][gc,mmu       ] GC(1) MMU target violated: 21.0ms (20.0ms/21.0ms)
[2023-06-09T22:05:16.372+0100][gc,phases    ] GC(1)   Pre Evacuate Collection Set: 233.7ms
[2023-06-09T22:05:16.372+0100][gc,phases    ] GC(1)   Evacuate Collection Set: 5197.9ms
[2023-06-09T22:05:16.372+0100][gc,phases    ] GC(1)   Post Evacuate Collection Set: 329.8ms
[2023-06-09T22:05:16.405+0100][gc,phases    ] GC(1)   Other: 549.2ms
[2023-06-09T22:05:16.440+0100][gc,heap      ] GC(1) Eden regions: 21->0(24)
[2023-06-09T22:05:16.440+0100][gc,heap      ] GC(1) Survivor regions: 4->1(4)
[2023-06-09T22:05:16.440+0100][gc,heap      ] GC(1) Old regions: 5->9
[2023-06-09T22:05:16.440+0100][gc,heap      ] GC(1) Humongous regions: 0->0
[2023-06-09T22:05:16.479+0100][gc,metaspace ] GC(1) Metaspace: 9331K(9984K)->9331K(9984K) NonClass: 8347K(8704K)->8347K(8704K) Class: 983K(1280K)->983K(1280K)
[2023-06-09T22:05:16.479+0100][gc           ] GC(1) Pause Young (Normal) (G1 Evacuation Pause) 28M->8M(512M) 6325.234ms
[2023-06-09T22:05:16.479+0100][gc,cpu       ] GC(1) User=1.63s Sys=0.00s Real=6.33s
[2023-06-10T00:36:35.973+0100][gc,heap,exit ] Heap
[2023-06-10T00:36:36.009+0100][gc,heap,exit ]  garbage-first heap   total 524288K, used 15607K [0x00000000e0000000, 0x0000000100000000)
[2023-06-10T00:36:36.009+0100][gc,heap,exit ]   region size 1024K, 9 young (9216K), 1 survivors (1024K)
[2023-06-10T00:36:36.009+0100][gc,heap,exit ]  Metaspace       used 9366K, capacity 9760K, committed 9984K, reserved 1058816K
[2023-06-10T00:36:36.009+0100][gc,heap,exit ]   class space    used 984K, capacity 1153K, committed 1280K, reserved 1048576K
