[2023-06-08T13:26:43.538+0100][gc,heap] Heap region size: 1M
[2023-06-08T13:26:43.546+0100][gc     ] Using G1
[2023-06-08T13:26:43.546+0100][gc,heap,coops] Heap address: 0x00000000e0000000, size: 512 MB, Compressed Oops mode: 32-bit
[2023-06-08T13:26:43.546+0100][gc,cds       ] Mark closed archive regions in map: [0x00000000fff00000, 0x00000000fff6aff8]
[2023-06-08T13:26:43.546+0100][gc,cds       ] Mark open archive regions in map: [0x00000000ffe00000, 0x00000000ffe46ff8]
[2023-06-08T13:26:44.374+0100][gc,start     ] GC(0) Pause Young (Normal) (G1 Evacuation Pause)
[2023-06-08T13:26:44.374+0100][gc,task      ] GC(0) Using 4 workers of 4 for evacuation
[2023-06-08T13:26:44.389+0100][gc,phases    ] GC(0)   Pre Evacuate Collection Set: 0.0ms
[2023-06-08T13:26:44.389+0100][gc,phases    ] GC(0)   Evacuate Collection Set: 14.2ms
[2023-06-08T13:26:44.389+0100][gc,phases    ] GC(0)   Post Evacuate Collection Set: 0.6ms
[2023-06-08T13:26:44.389+0100][gc,phases    ] GC(0)   Other: 0.7ms
[2023-06-08T13:26:44.389+0100][gc,heap      ] GC(0) Eden regions: 25->0(21)
[2023-06-08T13:26:44.389+0100][gc,heap      ] GC(0) Survivor regions: 0->4(4)
[2023-06-08T13:26:44.389+0100][gc,heap      ] GC(0) Old regions: 2->5
[2023-06-08T13:26:44.389+0100][gc,heap      ] GC(0) Humongous regions: 0->0
[2023-06-08T13:26:44.389+0100][gc,metaspace ] GC(0) Metaspace: 7391K(7936K)->7391K(7936K) NonClass: 6563K(6912K)->6563K(6912K) Class: 828K(1024K)->828K(1024K)
[2023-06-08T13:26:44.389+0100][gc           ] GC(0) Pause Young (Normal) (G1 Evacuation Pause) 25M->7M(512M) 15.628ms
[2023-06-08T13:26:44.389+0100][gc,cpu       ] GC(0) User=0.04s Sys=0.01s Real=0.01s
[2023-06-08T13:29:49.421+0100][gc,heap,exit ] Heap
[2023-06-08T13:29:49.430+0100][gc,heap,exit ]  garbage-first heap   total 524288K, used 17888K [0x00000000e0000000, 0x0000000100000000)
[2023-06-08T13:29:49.430+0100][gc,heap,exit ]   region size 1024K, 15 young (15360K), 4 survivors (4096K)
[2023-06-08T13:29:49.430+0100][gc,heap,exit ]  Metaspace       used 8858K, capacity 9296K, committed 9472K, reserved 1056768K
[2023-06-08T13:29:49.431+0100][gc,heap,exit ]   class space    used 982K, capacity 1153K, committed 1280K, reserved 1048576K
