[2023-06-09T02:31:40.237+0100][gc,heap] Heap region size: 1M
[2023-06-09T02:31:40.245+0100][gc     ] Using G1
[2023-06-09T02:31:40.245+0100][gc,heap,coops] Heap address: 0x00000000e0000000, size: 512 MB, Compressed Oops mode: 32-bit
[2023-06-09T02:31:40.246+0100][gc,cds       ] Mark closed archive regions in map: [0x00000000fff00000, 0x00000000fff6aff8]
[2023-06-09T02:31:40.246+0100][gc,cds       ] Mark open archive regions in map: [0x00000000ffe00000, 0x00000000ffe46ff8]
[2023-06-09T02:31:41.412+0100][gc,start     ] GC(0) Pause Young (Normal) (G1 Evacuation Pause)
[2023-06-09T02:31:41.412+0100][gc,task      ] GC(0) Using 4 workers of 4 for evacuation
[2023-06-09T02:31:41.426+0100][gc,phases    ] GC(0)   Pre Evacuate Collection Set: 0.0ms
[2023-06-09T02:31:41.426+0100][gc,phases    ] GC(0)   Evacuate Collection Set: 13.0ms
[2023-06-09T02:31:41.426+0100][gc,phases    ] GC(0)   Post Evacuate Collection Set: 0.6ms
[2023-06-09T02:31:41.426+0100][gc,phases    ] GC(0)   Other: 0.7ms
[2023-06-09T02:31:41.426+0100][gc,heap      ] GC(0) Eden regions: 25->0(21)
[2023-06-09T02:31:41.426+0100][gc,heap      ] GC(0) Survivor regions: 0->4(4)
[2023-06-09T02:31:41.426+0100][gc,heap      ] GC(0) Old regions: 2->5
[2023-06-09T02:31:41.426+0100][gc,heap      ] GC(0) Humongous regions: 0->0
[2023-06-09T02:31:41.426+0100][gc,metaspace ] GC(0) Metaspace: 7430K(7936K)->7430K(7936K) NonClass: 6598K(6912K)->6598K(6912K) Class: 831K(1024K)->831K(1024K)
[2023-06-09T02:31:41.426+0100][gc           ] GC(0) Pause Young (Normal) (G1 Evacuation Pause) 25M->7M(512M) 14.407ms
[2023-06-09T02:31:41.426+0100][gc,cpu       ] GC(0) User=0.03s Sys=0.01s Real=0.02s
[2023-06-09T03:19:17.506+0100][gc,start     ] GC(1) Pause Young (Normal) (G1 Evacuation Pause)
[2023-06-09T03:19:17.562+0100][gc,task      ] GC(1) Using 4 workers of 4 for evacuation
[2023-06-09T03:19:18.318+0100][gc,mmu       ] GC(1) MMU target violated: 21.0ms (20.0ms/21.0ms)
[2023-06-09T03:19:18.342+0100][gc,phases    ] GC(1)   Pre Evacuate Collection Set: 78.5ms
[2023-06-09T03:19:18.342+0100][gc,phases    ] GC(1)   Evacuate Collection Set: 660.2ms
[2023-06-09T03:19:18.342+0100][gc,phases    ] GC(1)   Post Evacuate Collection Set: 17.0ms
[2023-06-09T03:19:18.342+0100][gc,phases    ] GC(1)   Other: 89.4ms
[2023-06-09T03:19:18.354+0100][gc,heap      ] GC(1) Eden regions: 21->0(24)
[2023-06-09T03:19:18.354+0100][gc,heap      ] GC(1) Survivor regions: 4->1(4)
[2023-06-09T03:19:18.354+0100][gc,heap      ] GC(1) Old regions: 5->9
[2023-06-09T03:19:18.354+0100][gc,heap      ] GC(1) Humongous regions: 0->0
[2023-06-09T03:19:18.354+0100][gc,metaspace ] GC(1) Metaspace: 9431K(10240K)->9431K(10240K) NonClass: 8441K(8960K)->8441K(8960K) Class: 990K(1280K)->990K(1280K)
[2023-06-09T03:19:18.365+0100][gc           ] GC(1) Pause Young (Normal) (G1 Evacuation Pause) 28M->8M(512M) 848.444ms
[2023-06-09T03:19:18.365+0100][gc,cpu       ] GC(1) User=0.18s Sys=0.02s Real=0.86s
